loaded config with command: set -threads 1 -savesettings false -hr false -numplays 15 -ima 0 -minp 100 -autosave false -fgrequired false
seed: 1790813729
loaded config with command: set -lex CSW24 -leaves CSW24 -wmp true -pat CSW24_hsp -s1 equity -s2 equity -r1 all -r2 all -numplays 1 -threads 1
seed: 1790813730
loaded config with command: cgp 11KORO/9M1I3/9A1L3/9C1T3/H3BLURtERS3/OPINION2D5/U5H8/F2QUOAD7/2VIG1N8/6D8/4LISENTE4/15/15/15/15 DEEFJOW/AEEPRSY 202/198 0
seed: 1790813731
loaded config with command: cgp 15/15/15/15/15/15/15/5uROLITH3/15/15/15/15/15/15/15 EIJNOOR/ACGGNUW 0/76 0
seed: 1790813732
loaded config with command: cgp 15/15/15/15/15/14M/6JUN1WOWEE/7POKEY2L/8BIDED1T/12I1I/12F1T/14H/15/15/15 AAEIORT/ILNNNRS 96/94 0
seed: 1790813733
loaded config with command: cgp 15/15/12G2/12A2/12R2/12R2/12E2/KIBLA1QI4T2/2R1HUI5E2/2A3SEAFOoD2/FLIGHT9/2D12/2E12/2R12/COSY11 IIPSTWW/CDENPXY 182/193 0
seed: 1790813734
loaded config with command: cgp 15/15/15/15/15/3e11/3N11/3VENOM7/3ILEX8/3R1POBOY5/3O11/3N11/3S11/15/15 DEIKLUU/AEEFNSS 75/120 0
seed: 1790813735
loaded config with command: cgp 15/5Z9/5O5A3/3VINEW3I3/5U5G3/5L5R3/3AYAH4E3/3BUROO3T3/6SUJEES3/8AD5/15/15/15/15/15 IINNOXY/CEEINTT 153/103 0
seed: 1790813736
loaded config with command: cgp 15/15/15/15/15/15/15/4TEFF7/15/15/15/15/15/15/15 ADIPQUU/AACJVYZ 0/20 0
seed: 1790813737
loaded config with command: cgp 15/15/15/7FANART2/1RANCIDER6/N3A10/O3N2V7/B2VAUTE7/B1J1L1UR7/YGO1I1IT7/1IWIS1NE7/1L1FE1AX7/1E13/1T13/15 CEITTWZ/AEGNOPR 240/144 0
seed: 1790813738
loaded config with command: cgp 15/15/15/15/15/4G2C7/4R2L7/3FAUNAL6/4V2N7/3AY2G7/3D3OUTRAISE/3Y3R7/3T3S7/1BRAVI9/XI3DENT6 DEHOPRT/AEKMPSZ 129/133 0
seed: 1790813739
loaded config with command: cgp 15/15/15/15/15/15/15/3VODUN7/4RIP8/15/15/15/15/15/15 AAEEINQ/AACINPZ 26/20 0
seed: 1790813740
loaded config with command: cgp 10NETTY/7R1DONEE1/2UPHOVE3D3/7Q3O3/2G3MUGGUR3/1JA4I3S3/1EWE3R3ET2/ST1COBLE3EH2/I2U3S4I2/L2R8AB1/I2I8ZA1/C2E8iD1/O11N2/N8FLYER1/6KIVA5 DEFILPW/AAAIMNO 289/405 0
seed: 1790813741
loaded config with command: cgp 15/15/15/15/15/15/4ABYED6/1LAWNIER7/VAX12/1HE12/2L12/2I12/2K12/2E12/15 ADDIJRS/EINNRRT 74/151 0
seed: 1790813742
loaded config with command: cgp 15/15/15/15/15/15/15/3HANGUP6/3O11/3L11/3L11/3O11/1HAAF10/15/15 ENOORST/EGIMNR? 16/61 0
seed: 1790813743
loaded config with command: cgp 15/15/15/15/15/5JARUL5/4BAYE7/3GIGUE7/3ING9/15/15/15/15/15/15 ACDEINS/ADINOTU 84/56 0
seed: 1790813744
loaded config with command: cgp 15/15/15/15/15/5QAT7/4V1WAZ6/3PAYED7/4U10/4C10/3CH10/3U11/3R11/3R11/FOGY11 AADEII?/DEEIJNR 111/94 0
seed: 1790813745
loaded config with command: cgp 15/15/15/15/15/5W9/5U9/3DIsTUNE5/5H9/5U9/15/15/15/15/15 AADMORV/AEEMORS 68/20 0
seed: 1790813746
loaded config with command: cgp 2F12/2E4CAZ5/1EM5GAYER2/1DIP6EH3/1ETA6V4/1MET3JOBES3/1AR1LOGOI1NIQAB/1T1LOUIE3L3/1AVOW6k3/3REHUNG2I3/ROKES6E3/E10R3/FY13/IO13/XU13 AAINPST/ADINOTU 357/348 0
seed: 1790813747
loaded config with command: cgp 7A7/7NA6/7OW6/7ME6/6PIE6/5DOE7/5OU8/3ADYTA7/5LI8/5YE8/6R8/15/15/15/15 GHIORVV/AEGIRST 65/76 0
seed: 1790813748
loaded config with command: cgp VIGORO1CARINaTE/3E3H7/3D3E1N5/3E1DOWSINGS2/3MUID2N5/3A5J5/2ST3B1A5/KAPA2QATS5/2I2FIN7/1ZE1FENT7/1AL1U10/2E1BRUX7/2R12/15/15 ALLORTW/ELOOOR? 341/323 0
seed: 1790813749
loaded config with command: cgp 7U7/7N7/7D7/7E7/4E2l7/4N2E7/4D2T7/3WEDGE7/4R10/3COFF8/4N1EVANGeL2/15/15/15/15 AEINRTT/EEEHILO 52/180 0
seed: 1790813750
loaded config with command: cgp 12J2/12U2/11AB2/11PE2/4MOLDWARPS2/6AIA2A3/7KIBEI3/7AFALD3/1DENTELS7/15/15/15/15/15/15 DMNNRXY/AGINOO? 204/138 0
seed: 1790813751
loaded config with command: cgp 15/15/15/15/15/15/15/7TRANQ3/15/15/15/15/15/15/15 ABCEEKY/DINOSSU 0/48 0
seed: 1790813752
loaded config with command: cgp 15/15/15/10W4/4UNCHOkED3/3WRY4F4/10TAJ2/6SERIEMA2/10DIBS1/13K1/13A1/12QI1/12IT1/13H1/7TAXEMES1 BINOORV/EILNRTZ 241/252 0
seed: 1790813753
loaded config with command: cgp 14D/13PI/2C3WEX4ID/2O1T2MILLAGE1/2T1W8ZA/1VIMEN7OE/2JOE9Q/2AURORAL5u/8INFERNO/1F4TOPEE3R/1LINTIER1DUAD1I/1U12N/1T13/1Y13/15 BCGOOY?/ABEGRST 284/367 0
seed: 1790813754
loaded config with command: cgp 7D3HAEM/6wOODBiND1/7A7/7B7/7L7/6RE7/5QI8/3WAULED6/5AE8/5Y1RIF3V1/3PISKY1EGO1I1/2TIT2ERMINES1/CRIT9T1/13OX/14U ACEIRSU/AEEHNOT 293/230 0
seed: 1790813755
loaded config with command: cgp 15/15/15/15/15/5R9/2JUDO9/3HAZED7/5I9/5T9/15/15/15/15/15 CEGLUX?/INRSTUW 27/74 0
seed: 1790813756
loaded config with command: cgp 15/15/15/15/10P4/10W4/9ON4/7OAKED3/7p1ED4/1Z5AAH5/1I5QI6/1T5U7/1IMpAIRER6/7S7/VOGUIEST7 BFIIPRX/AACIJNT 166/228 0
seed: 1790813757
loaded config with command: cgp 15/15/15/15/15/15/15/3RAZEE7/15/15/15/15/15/15/15 EINNRWY/AEGOOST 0/30 0
seed: 1790813758
loaded config with command: cgp 6HA7/5WoX7/5ORE7/3OVER8/3BASIJ2N4/3ON1DOUCE4/3ET1L3R4/5RYU1PI4/5E3AT4/3FACIA1HE2G1/2QADI4S2I1/1VIE1T7T1/5E7T1/EBONISES5I1/MAP4TONGMEN1 EFKLRU?/ILNOUWZ 348/401 0
seed: 1790813759
loaded config with command: cgp 7GENIPAPO/13R1/9LIQUOR/13L1/13i1/13N1/12FED/7CREEKY1E/11O2F/10RONZ1/4BrUSHIER3/VOLTA2I3I3/7X7/7E7/7R7 CEINOTV/GMMNOUY 386/218 0
seed: 1790813760
loaded config with command: cgp 6DE7/6OX7/6OP7/6BI7/7R7/7i7/7N7/7GLUED3/15/15/15/15/15/15/15 EGINRUV/AEGHMSU 104/47 0
seed: 1790813761
loaded config with command: cgp 7P7/7E7/7D7/7AFLAJ3/7N7/7T7/7R7/5WHY7/5OU8/5XI2Z5/1B4ATILT4/1U7O5/1FLAGGIEST5/1O7Y5/3HENRIES5 CEGIOVW/AADNOQT 197/278 0
seed: 1790813762
loaded config with command: cgp 15/15/15/15/15/15/15/3CRUNODE5/15/15/15/15/15/15/15 AEGILRS/ADEIJLT 0/76 0
seed: 1790813763
loaded config with command: cgp 15/1C13/1A13/1PIGBOAT7/1R2OUTIE6/PA1N11/ET1E11/OESTRINS7/N2IO10/3ZO10/3EM10/3NY10/3S11/15/15 DEEINUU/AFHILT? 120/200 0
seed: 1790813764
loaded config with command: cgp 15/15/15/15/4K10/4I10/4V10/3FAERIE6/15/15/15/15/15/15/15 AIOUWWZ/ABCJLPS 26/22 0
seed: 1790813765
loaded config with command: cgp 11VEGO/11I3/10AA3/10FE3/10F4/10l4/1IMITATE2U4/7EVOE4/10N4/10T4/15/15/15/15/15 DHIINOP/EEIKOY? 141/72 0
seed: 1790813766
loaded config with command: cgp 15/15/15/4V10/4I10/4F10/4D10/1UNEATEN7/15/15/15/15/15/15/15 AIJLNOU/EKOQRV? 66/24 0
seed: 1790813767
loaded config with command: cgp 15/15/12D2/12E2/12MI1/5RE3F1In1/5EA1F1A1CH1/T3JELLO1U2OO/R4NE1R1S2OK/A1COVED1B1T2PA/N4R2SLINTER/QUOHOG4A2dA/4WIG3N4/1DEX1ZOBU6/2TIGERY7 ADINTWY/AELMSSV 303/382 0
seed: 1790813768
loaded config with command: cgp 15/15/15/15/15/15/15/7OVOID3/15/15/15/15/15/15/15 BDEINRT/EEILNSW 0/22 0
seed: 1790813769
loaded config with command: cgp 15/15/15/15/4C10/4O10/4N10/4JILT7/4E10/3BEWORRY5/5I9/GAVIAL9/5I9/15/15 EGORSUW/DFNOQUU 54/73 0
seed: 1790813770
loaded config with command: cgp 15/15/15/15/15/15/15/4HIOI7/15/15/15/15/15/15/15 DEGIKMN/AEINSST 0/14 0
seed: 1790813771
loaded config with command: cgp 14C/11L2R/11I1PA/10JA1UG/9GUN1S1/8MATEYS1/8EWE1OIL/6QINS2WEE/8TI1AIRN/9E1DE1G/3A7I3/3R7P3/1bARTEND2BORM1/3O1HAO3U3/3Z2EXODOS3 ADFNTTV/BEIIRV? 308/328 0
seed: 1790813772
loaded config with command: cgp 15/15/15/15/15/15/15/3VERDIN6/15/15/15/15/15/15/15 AADEISY/DELNRRR 0/28 0
seed: 1790813773
loaded config with command: cgp 15/15/3T11/3R11/3A11/1ZAG11/2BOWBENT6/3POILU7/2YAP10/3N11/3SNOOD7/7W7/6QADI5/7R7/7F7 EEEIST?/CEGIIMR 128/130 0
seed: 1790813774
loaded config with command: cgp 15/15/15/10ZEL2/10OWE2/10OWN2/3E2MIHIS1S2/3XRAYS7/3T11/3E1OUBIT5/1SYNERGID6/2UT11/2C12/2C12/2AMADOU7 BEGLOR?/AGIIITV 213/165 0
seed: 1790813775
loaded config with command: cgp 15/15/15/15/15/15/15/6QIN6/6U8/6OY7/3WANTAgES4/H5UG7/E5M8/LIATRIS8/E14 EEIIOPR/ENRSTWX 143/130 0
seed: 1790813776
loaded config with command: cgp 15/15/15/15/15/15/7MIDIRON1/3POORI4MAT/15/15/15/15/15/15/15 EGIOTW?/ACDERTX 66/41 0
seed: 1790813777
loaded config with command: cgp 7F7/7A7/7T1JEON2/3GLUcINUM4/7GENOA3/7A7/7t7/3MAUGER6/15/15/15/15/15/15/15 DEEIRRT/AEKNPVZ 110/131 0
seed: 1790813778
loaded config with command: cgp 15/9VATIC1/8DARAF2/7F1U5/7LULU4/7E1T5/5JOE1YO4/4LAWK2WATCH/3LIMN3R4/1DRAGS3MI4/9OE4/9V5/9I5/9E5/3PEONIES5 BEESXZ?/DDEEGNR 158/253 0
seed: 1790813779
loaded config with command: cgp 15/15/15/15/15/5C9/5R9/3BIOME7/5W9/5B9/5A9/5I9/5T9/15/15 DLOSTX?/DEEGLNR 24/77 0
seed: 1790813780
loaded config with command: cgp PROMO1ZITI5/SIC1UVA2G5/TAHA5n5/2ELVANITES4/9OY4/1FAYED3UN4/1AXE1OKEHS5/UP1N1FOE2R4/6BLITE4/10T4/10I4/10R4/10E4/10D4/15 ADEELMN/ABDENO? 287/311 0
seed: 1790813781
loaded config with command: cgp 5ELANETS3/3DUG3XI4/2PAPoOSE6/1FADO2Q7/1U5U7/1N3J1A7/1N3E1R7/DI2VOLK7/EE3N9/ER13/D14/Y14/15/15/15 AHLNRU?/CIIINRV 221/252 0
seed: 1790813782
loaded config with command: cgp 3B3EUTECTIC/1MUREX1P7/3E1UTE7/3I2RE7/4K1I1R6/1W2H1Z1O6/1i2O1O1R6/1D1DJINNI6/1O2A1A1E6/1WEBS1L8/1M13/1A13/1N13/15/15 AEGLNS?/AAEHLOQ 242/223 0
seed: 1790813783
loaded config with command: cgp 7AGLITTER/1EQuATOR6E/14A/11VELD/14I/10BUNJE/12I1S/7GLYPHS1T/8AUE1I2/15/15/15/15/15/15 INNORRT/AFHOOTZ 162/272 0
seed: 1790813784
loaded config with command: cgp 7d7/7U1H5/7R1Y5/7Z1A1G3/5PAISLEY3/5L3I1R3/5OXO1N1o3/3FLUID1E1S3/3I1G3S1T3/3RAH4FA3/3ED5IT3/3BO5V4/3OB5E4/3AE10/3T11 ANOOPQW/AMRTTUW 226/307 0
seed: 1790813785
loaded config with command: cgp 15/15/15/15/15/15/4W10/3JIRDS7/4V10/4E10/4D10/15/15/15/15 BCEILQX/AADISTW 42/24 0
seed: 1790813786
loaded config with command: cgp 14O/14Z/4T9E/3BA4VOG2K/3AX5POI1I/3R3NAMASTES/2PENNIA5N1/3FOOTY5UR/3I9RE/3T9ED/13TI/13ID/4AUGITES2C1/9YOWLS1/5REFLEW4 BCEEGNU/ADEIOU? 211/404 0
seed: 1790813787
loaded config with command: cgp 12L2/12EF1/12KA1/13R1/13D1/13E1/7BE4N1/5FROWY1A1ST/9O1UM1O/2PrOVINED1DA1i/3YAE3HEIGHT/3UREMIAS1OI1I/6OBI3C1N/1LEVITIES5G/LAR4X7 AAEGJST/ACLQRRW 377/285 0
seed: 1790813788
loaded config with command: cgp ENDIrONS7/2E2KO1OUTVIE1/2S1RADIX2O3/2T8D3/2R1E1G4O3/1ZO1M1I2JEU1P1/CAY1P1L1FAA2L1/I1SHAwLEY1UNBAG/N3I1I6N1/EW2R1E6T1/OH2E10/LO13/ET13/15/15 ABDIQRT/FGINRVW 268/522 0
seed: 1790813789
loaded config with command: cgp 15/15/15/15/15/3Q11/2ZO11/G1APIECE7/AT1H11/JEES11/OR13/1C13/1E13/1L13/15 AEEORTU/ABEEILM 92/90 0
seed: 1790813790
loaded config with command: cgp COMAE2d7/1DISTRAIL6/7G7/7L7/1OVERBUY7/OK3O1P7/5T1H7/4VAWS7/5N9/5I9/5C9/5A9/15/15/15 EEMNORU/ADEEELN 173/190 0
seed: 1790813791
loaded config with command: cgp 15/15/15/1GAZUMPEd6/3O11/3O3V7/3E2KI7/3AUXIN7/2DEMINER6/1QI3AW7/2VUG10/15/15/15/15 AFILNOY/ACDHNRS 143/164 0
seed: 1790813792
loaded config with command: cgp 15/15/15/15/15/15/2QAT10/3LEAFERS5/15/15/15/15/15/15/15 DEGIPRV/ACKLNOV 72/26 0
seed: 1790813793
loaded config with command: cgp 6U8/6N8/6S8/6EXUDATE2/6A8/6T8/6E8/F2VILDE7/A2A11/W2R11/NOVUM10/I2S11/N14/g14/SEJANT9 AEEHMNT/ABDGIOY 158/189 0
seed: 1790813794
loaded config with command: cgp 4KINGLE5/3WOF3SQUIZ1/10U4/9BORTY1/ELEGIT4T4/4DEMARCHES2/9L5/6JUDO1PERM/9V2X2/5VETTED1O2/9NOWN2/12I2/12C2/15/15 FHIINPR/EEINNO? 236/233 0
seed: 1790813795
loaded config with command: cgp 15/15/15/15/15/11V3/11O3/TRIFOLIA3T3/3R7R3/1D1O5KNEE2/1O1WATeRLOOS3/1D1Z7S3/1GLYPHS8/1E2EAT8/EMIC11 AGHNNRU/ACEEIIT 227/205 0
seed: 1790813796
loaded config with command: cgp 15/15/15/11P3/10JA3/10OX3/2LINN4I4/OWE2EMOVING3/U1TURFY3A4/t9B2Q1/S9LI1U1/NARRATED2EL1Y1/O10I1T1/R6STREAKED/E10C1D1 DFGIIO?/ELRSTVZ 320/223 0
seed: 1790813797
loaded config with command: cgp 15/15/15/15/15/4T10/4E10/VITEX1TOY2JAIL/4T1IRONmAN2/3QIBLA7/4S10/3HM10/3IS10/3V11/3E11 AADEGIK/AOOORW? 136/220 0
seed: 1790813798
loaded config with command: cgp 5EHED2ZINS/4PROLOGUE2C/1GOJI6T2O/3I6MAT1O/3G6A1E1C/10R1N1H/V7WAVED1E/A6PODEX2d/L5Q3L4/IF2ARUANAs4/1L4E8/FINO2YA7/1TUBAIST7/1T5O7/7K7 BEINRST/EEIIMRR 440/289 0
seed: 1790813799
loaded config with command: cgp 15/15/15/B14/R14/A3TZAR7/N5VAUT5/cLIMAXING6/H3HID8/E14/S14/15/15/15/15 FILNPTW/DDEIIII 136/122 0
seed: 1790813800
loaded config with command: cgp 7B1TARTAR/7A2D4/7N2D4/7L2OF3/7I2OR3/7E2MO3/7U3W3/5OvERLAY3/6I8/6N8/6E8/6W8/6I8/6N8/6G8 EGIIRUZ/EIILOS? 130/174 0
seed: 1790813801
loaded config with command: cgp 15/15/15/15/4VOLANtES3/7U7/7T7/6COWK1Q3/7D1I1U3/7I1V1E3/1AMAZE1A1AHS3/GRATEFUL2OO3/10O4/9DRENT1/15 CENNPSY/EEINNOX 218/232 0
seed: 1790813802
loaded config with command: cgp 7L7/7UR6/7NO6/7KO6/8MIZ4/7VITEX3/5W2E6/4IOTAS6/5W9/5F9/15/15/15/15/15 ACEGRTT/EIMPSTY 102/107 0
seed: 1790813803
loaded config with command: cgp 15/15/15/15/15/15/4VATMEN5/3AIYEE7/2VADED8/15/15/15/15/15/15 AGIISSY/ACEHIS? 31/53 0
seed: 1790813804
loaded config with command: cgp 15/15/15/15/15/2ENTENTE6/7EXIT4/3GRRRL7/15/15/15/15/15/15/15 ABEIORT/GHHILOU 21/87 0
seed: 1790813805
loaded config with command: cgp 15/15/15/15/15/15/15/7ORANGES1/15/15/15/15/15/15/15 EEJLMSZ/AAFIILN 0/70 0
seed: 1790813806
loaded config with command: cgp GROWL2D3HAAF/E2YAK1O1FOUNT1/N1REBOZO3R3/O6R2EL3/C6C2MY3/I4GUANXI4/d6S2G4/E2QUIRE2rAPHE/10A4/10T4/10E3N/10DIOTA/14E/14V/14E DINSSUV/AEJLOPS 386/300 0
seed: 1790813807
loaded config with command: cgp 15/15/15/15/15/15/15/BAG1OUZO7/ALUMInE8/1MI1LID8/QADIS10/15/15/15/15 CDEELNT/EFIORXY 99/129 0
seed: 1790813808
loaded config with command: cgp 15/6i8/3P2N8/3O1GALETTES2/3R2R2A5/1F1R1JA2F5/COZE1OB2I5/1rECUILE1A5/VEXT1NE8/1W3T9/1I13/INSPIRED7/1G4MOWINGS2/1SATED9/4MOHUR6 EEINOOV/ADLLTUY 290/408 0
seed: 1790813809
loaded config with command: cgp 15/15/15/15/6ZONATE3/1QI2JAB7/2TOGE9/3PIECEN6/7MAUsIER1/15/15/15/15/15/15 EEEINNV/DELOORU 113/127 0
seed: 1790813810
loaded config with command: cgp 15/15/15/15/15/15/15/3YOWIE7/15/15/15/15/15/15/15 AELNRRZ/AAAEISU 0/30 0
seed: 1790813811
loaded config with command: cgp 14E/13QI/11AMIN/9G1bINK/9I1OX1O/7D1FUME1r/7R2NAS1N/7OLIOS3/7L2FAP2/7L2T1ET1/10E1WE1/7JAUNT1G1/7U5U1/6ABREACTS1/7E7 CEEHRRV/EEINOPS 351/208 0
seed: 1790813812
loaded config with command: cgp 3ENDNOTE5/9V5/9O1B3/9L1a3/9UMS3/9TIS3/9EXO3/6QATs1O3/5VIAE2N3/8EWW4/10I4/9AKEE2/6MOLDIEST1/15/15 ACEEILZ/AEFNNRU 134/360 0
seed: 1790813813
loaded config with command: cgp 15/15/15/15/8P6/8I6/8T6/3VILDLY6/8R6/8O6/8I6/8D6/15/15/15 AABISST/CLNOTWX 34/66 0
seed: 1790813814
loaded config with command: cgp 7C7/7I2V4/7THAE1LEW/3DISTOMES3H/1T1INIA3P3E/1A7VOLAGE/1R4ZEE1I3L/1D1FOLIaGED3E/1Y1ANATTO4UR/1INBOX7M1/1N11B1/1G11R1/13A1/13E1/15 CEIOQTU/AFIRRRS 364/274 0
seed: 1790813815
loaded config with command: cgp 15/1SHROUDED6/8EF5/6JIVING3/4D3IN5/4E3OK5/4A1Q1U6/3WRAWLS6/4N1E8/4L1R6P1/4Y1TOETOE1R1/6Y3BEGET/9LININ1/13U1/13P1 ABEIOOR/AAAIIRV 213/224 0
seed: 1790813816
loaded config with command: cgp 15/6W3I4/6U3S4/6D3O4/6D3B4/6i3A4/6E3R4/6SINNED3/10SO3/5KUTI2O3/4NONIdEAL3/11Y3/15/15/15 ACEHOPT/EEEFMRT 133/160 0
seed: 1790813817
loaded config with command: cgp 3MAQUI7/3A11/3F11/3I11/3AW4G5/4R4U5/4O4V5/3JOBbIES5/4T10/1DOVENING6/4D2I7/7C7/7K7/6GUTCHErS1/7M7 AAELOTY/AEIOPRY 223/214 0
seed: 1790813818
loaded config with command: cgp 15/15/15/10D4/10R4/7G1ZA4/7R1UG4/F5JOWL5/A1W4U1U5/V1R2BET7/SCARIOSE7/2T4R7/2H4s7/15/15 ADEENOX/EELLNPT 149/162 0
seed: 1790813819
loaded config with command: cgp 15/15/15/15/15/15/15/7MIAOW3/15/15/15/15/15/15/15 DEGNNRU/AEHPRUY 0/28 0
seed: 1790813820
loaded config with command: cgp 11V1F1/11AWA1/11MID1/11ONE1/2U2DECILeS1R1/2TREZ5E3/2U2HOON6/4BOXY2V1GYM/3KI2ETAERIO1/1QAID5N1OBA/1U1TI5N4/WE1E3JURES3/EA8L4/EN13/P14 AILLRT?/AFHIPSS 347/331 0
seed: 1790813821
loaded config with command: cgp 15/3D11/3E11/3M11/3I11/3G11/2LOOIE8/3DITAL7/15/15/15/15/15/15/15 AAEIIOV/EGNRRST 17/40 0
seed: 1790813822
loaded config with command: cgp 15/15/15/15/15/T1t12/O1E12/YON1DAFT7/OOT2HYE7/1ZOOEA9/1ER12/2I12/2A12/15/15 ACEERRV/EIIMMPV 98/125 0
seed: 1790813823
loaded config with command: cgp 7L7/7A7/7PO6/7PA6/4SWEETLY4/7TI6/8E6/3JOUALS5F/3AIGA1TI4L/1NORKS3N4A/HUB6V4S/I2OvERGOAD3H/VEE6D4i/ERM1NY3E4N/R1EXO1DEBRIDING AEIMOUU/AEINOQZ 308/412 0
seed: 1790813824
loaded config with command: cgp 7U7/5GENII5/7g7/7EW6/7NU6/CORNLOFTS6/H6L7/E2PALAEO6/F1NE2GRUNGES2/2EA8A2/2ETA7T2/2MID7I2/2BEZ7R2/3S8I2/JETTY5MOCHI DIIKNR?/AEIOORT 365/227 0
seed: 1790813825
loaded config with command: cgp 15/15/15/5F9/5I9/5X2T6/2BOYAU1I6/3FOTHER6/5E2E6/8L6/7LI6/7IN6/7AG6/7R7/7D7 ADGPRRS/CEIRTWY 61/127 0
seed: 1790813826
loaded config with command: cgp 15/15/15/15/15/15/15/2TOETOE7/15/15/15/15/15/15/15 ILMRVZ?/GILNRSU 0/14 0
seed: 1790813827
loaded config with command: cgp 7M7/7IT4QI/5R1CHORAGI1/4FE1Oi2NONI/4AG2BLATT2/4YU2L6/1OU2L2E6/VERJUICES6/3O1S9/2AWEE1G7/2LEWD1AN6/2ID3MO6/2V4EN6/1REPARKS7/7T7 ABEHINT/ADDINT? 352/305 0
seed: 1790813828
loaded config with command: cgp 7V7/7I7/3PERENTY5/WILI3A1GER3/1FOXIE2GONAD2/10OYE2/7TULWAR2/ZOON2QI3HEAL/2REVUIST4L1/13D1/13E1/6CATBRIAR1/13M1/13E1/11JUNK ADEGPST/DEEHSU? 325/382 0
seed: 1790813829
loaded config with command: cgp 15/15/15/15/15/15/15/3GEODE7/5FIT7/15/15/15/15/15/15 EEEMNRS/AEIPTUU 18/18 0
seed: 1790813830
loaded config with command: cgp 15/2P12/2O12/2R12/2R7H4/1REPLEAD2I4/2C2WHIZ1R4/2T4DEWAXING/3V4LEG4/2GOODIES1A4/3EYEN3N4/3TENTOrIAL3/3S7A3/3A7R3/QuAKE4MODULO EFFNSVY/AIMRSTT 305/367 0
seed: 1790813831
loaded config with command: cgp 2D4G4ZEK/2E1PETIOlATE2/2C1I2R2NAP2/2O1TALAUNTS3/2R1Y2s7/2U2J1OO6/2M1BO1LO6/2SEELIER6/4FE2I6/3BOD2E6/3AG10/3V11/2QIN10/1DINAR9/15 AEEFGII/ACILSSU 317/336 0
seed: 1790813832
loaded config with command: cgp 15/7C7/ADZ2RELISHED2/VIEW3A7/I2OAF1R2U4/AM2BENISONS3/TO3RANT1V1Q2/OP3NYE2EJIDO/R6T2X4/10T4/15/15/15/15/15 AFHILNS/BELORU? 280/247 0
seed: 1790813833
loaded config with command: cgp 15/15/15/15/15/15/13H1/E3A1BUM4R1/N1ERUdITE4Y1/T2EXO7V1/O2FOREWING2N1/M3C6AIA1/BLOWY1RANDANS2/3ETAERIOS4/EVITE1FET6 GJLLOU?/AEIIKST 256/339 0
seed: 1790813834
loaded config with command: cgp 15/15/15/15/15/15/15/3ZAIRE7/15/15/15/15/15/15/15 AEEGLQ?/AADNTUU 0/48 0
seed: 1790813835
loaded config with command: cgp 7B7/4ALARUMED3/3T3A7/3R3W7/3IGUANiD5/3M5Z5/3IN4O5/3XI1VAWS5/4V10/4E10/4O10/4U10/4S10/15/15 INOOTTU/AFGNOOY 165/213 0
seed: 1790813836
loaded config with command: cgp 15/15/15/15/15/6P8/6AHI6/3CIRRaTE5/3O1OE8/3G1JO8/3U1I9/3E1SEATING3/7AIDOI3/15/15 DEILORW/AABESTZ 125/128 0
seed: 1790813837
loaded config with command: cgp 14P/14I/14M/14P/14L/4B7OKE/W3R2CUtLERY1/OGIVE1QAT1OXTER/W1N1ALIYA2C3/FAS1D5GI3/1TE1T5IT3/1TA1H5FE3/VUM1S6D3/ANE12/RED12 AHINRSS/DINOUUZ 327/304 0
seed: 1790813838
loaded config with command: cgp 7A7/7N7/7N7/3GEODETIC4/7A7/5A1l4D2/YUM2N1E4E2/2ABITURS2GRIZ/1OXO1I6A2/OWE2V2INUTILE/2SAPIENS3L2/3MORAY3BE2/5u5ER2/5S5N3/11J3 AEIKLTU/AFGILOV 354/410 0
seed: 1790813839
loaded config with command: cgp 5OLLA2C3/1V1AYU2BAUERA1/dIET7N3/AN1ON6T3/NY1KI5QUIFF/E2ET10/W3ROW8/O2JIBED7/R1G1DEX8/TIRASSE8/1DO12/1AMOREtTI6/1NA4U7/1T5M7/7P7 EEEIPRS/DHIILOV 260/349 0
seed: 1790813840
loaded config with command: cgp 15/15/15/15/15/15/15/1GAZOoKa7/15/15/15/15/15/15/15 AADHRTY/BDDEMUY 0/108 0
seed: 1790813841
loaded config with command: cgp 15/8T6/8A6/3G4M6/2WOX3B6/3WIG2E6/2IF2Q1R6/1OLEArIAS6/2ED1E9/1HA2P9/1O2DECIsIVE3/JANN1O5V3/1I3P5E3/1N3L5R3/AGUIZE1TUTOYED1 ABEFKOS/ILMNRRS 343/266 0
seed: 1790813842
loaded config with command: cgp 11W2M/9TAHINI/11I2N/10OP2D/10US2S/10t4/10C4/7AFLAJ3/10P4/10E4/10R4/15/15/15/15 DEEIOOV/DIRSTUU 116/120 0
seed: 1790813843
loaded config with command: cgp 15/15/15/15/15/15/15/3DEAFEN6/15/15/15/15/15/15/15 CDEEGIS/ABNPRTU 0/24 0
seed: 1790813844
loaded config with command: cgp 9SUBITO/9A5/9G5/9O5/9U5/9I3KA/7PANTINE1/3HOMIE1S1OUTA/2A1WOOL7/2PREZ9/2I1SOLEI6/2E4B7/2C4O7/1FEUED1N7/7Y7 AEIMNRR/EGINRRW 218/262 0
seed: 1790813845
loaded config with command: cgp 2DOOWOP1ETALON/1FIVE1BIOME4/3I4SECONDE/3d10N/3U2W7E/3CAZH7R/3T2E7G/3SIENITE3FY/6U6A1/5KA6Q1/5E7I1/5L7R1/5L9/15/15 EGORST?/BIJPRTY 219/297 0
seed: 1790813846
loaded config with command: cgp 15/15/15/15/15/15/6MAuVEST2/3DOPED1E1HAHS/2KANAE1GI2GIO/1BOG4UN1U3/1E6RURP3/1Z7LOO3/QIN6EW4/1L7S5/ASCI11 AILOORW/EMRTTVX 241/203 0
seed: 1790813847
loaded config with command: cgp 15/15/15/15/15/15/15/3HORDEIN5/15/15/15/15/15/15/15 ADEFSSX/EIINOPQ 0/80 0
seed: 1790813848
loaded config with command: cgp 13HI/1R7QUIRE1/TO9LO2/AT8FEU2/LA8AXEL1/IT3J4U2E1/PE3I1POWNS1U1/E2WoRMErY1O1C1/D2AIGA2N1R1O1/SIBILATE1N1T1M1/3FY2V3I1A1/7Z3N3/7O3G3/7N7/7E7 ABDKNRR/DGIOSSV 296/504 0
seed: 1790813849
loaded config with command: cgp 15/15/15/15/15/15/8JOLL3/3VIZSLA6/15/15/15/15/15/15/15 BCEEFNV/ADENSTW 44/36 0
seed: 1790813850
loaded config with command: cgp 15/12B2/12E2/12E2/12H2/12I2/12V2/7sNOOKED1/13I1/13Q1/13U1/13A1/13T1/10OYES1/5OVICIDE3 LLMNSSU/ACHLNNR 137/168 0
seed: 1790813851
loaded config with command: cgp 15/15/15/15/15/15/15/3CUBIT7/15/15/15/15/15/15/15 ACGILTY/AEOOOQR 0/24 0
seed: 1790813852
loaded config with command: cgp 15/15/15/4J10/4E10/4T10/4p3Z6/3WAMPEE2C3/4C3B2O3/4K3UG1V3/4S3BY1E3/9P1T3/9OLEUM1/11D3/15 AEINORS/AAHNSTT 188/90 0
seed: 1790813853
loaded config with command: cgp 15/15/I14/B14/A2P11/D2O11/AIRpROX8/T2J2ITALICS2/3O7L3/3Y7I3/3E7M3/3D5R1A3/4CRONKEST3/9Z1E3/11D3 AEGIIPT/EEGRSU? 222/265 0
seed: 1790813854
loaded config with command: cgp 15/15/15/15/4U4H5/4N3BE5/2ZOA3OW5/2APLANATS5/1AXAL3R6/4U3Y6/4R3O6/4I2LI6/4n2ID6/4G2C7/7E7 EKRSUVY/EENOPST 166/229 0
seed: 1790813855
loaded config with command: cgp 15/15/5E9/5M9/5O4U4/5J4N4/2LUlIbUB1V4/7PACEY3/6NON1S4/10T4/10E4/10D4/15/15/15 ADEGIPS/AEEFHOR 102/146 0
seed: 1790813856
loaded config with command: cgp 14T/OUZO10R/2AIYEE7E/5MACcHIE2B/9A4L/9J3FE/9I3R1/6QATS3OW/5DITA5A/1CROTON1WHEEP1N/7RAIN1U1K/9NEEDLY/12G2/5VOG1AUREI1/6OoLITES2 AENORSV/BDFINPS 325/296 0
seed: 1790813857
loaded config with command: cgp 7SORORITY/9H5/8JO5/8AD1N3/8WILY3/9N1M2G/8FA1P2U/7TILTH2M/8Q2OU1W/8U3N1E/2SENTRIES2R1e/10GLAND/2PARVO5V1S/6BARBAtED1/3FUZED4L2 AEEEGTT/EEEIIKO 528/312 0
seed: 1790813858
loaded config with command: cgp 15/15/9N5/9O1A3/9T1G3/9A1E3/2QI2KARTING2/3FORAY1I1I3/5EWE1O1S3/9N1E3/11D3/15/15/15/15 AMORTUY/GIILNOP 164/144 0
seed: 1790813859
loaded config with command: cgp 15/15/15/2LUTZ9/M3WHIP7/IF1ROOTaGE5/REKE3CULTI3/V1OXGATES6/4E10/4R10/4M10/4A10/4I10/4N10/4E10 AEIINOO/ADDELRU 173/265 0
seed: 1790813860
loaded config with command: cgp 15/15/15/15/15/15/6C8/4BALU7/6O8/6U8/6D8/6I8/6E8/6R8/15 DORSSTU/EEHILPU 12/66 0
seed: 1790813861
loaded config with command: cgp 1A1BLANK7/1V1U3IMAGIST1/1I1O8T2/1ABY1I6A2/1NE2N6G2/2N2C6G2/2JO1L6I2/3POOED4E2/3A1S6R2/3Q1E9/3U1D9/3E3W7/2ARIOSI7/7T3DEX1/7HYSTERIC EHMOPU?/AAFIVWZ 272/362 0
seed: 1790813862
loaded config with command: cgp 11GREX/11L3/10QI3/10UM3/10A4/9EVOE2/10E4/7CHIRK3/7R2YO3/7u7/4AMADOU5/GOATWEED7/7I7/7N7/SCRIVInG7 ABDDEST/AFOOTTW 218/264 0
seed: 1790813863
loaded config with command: cgp 15/15/15/15/15/15/15/5DUI7/15/15/15/15/15/15/15 AIKLPRT/AEGIIL? 0/8 0
seed: 1790813864
loaded config with command: cgp 15/15/15/15/15/15/10DOWP1/7AGRAFE1V/6QI4MEE/E4OIL6G/U3BIN1BAWL2O/CRUDY1STEREOS2/A9EDICT/I8PLESH1/N6AJI5 AELNOOX/AEEHIRU 196/268 0
seed: 1790813865
loaded config with command: cgp 11W3/11HE2/11IN2/10SOH2/10I1A2/10R1L2/10N1O2/7AVIANS2/10M4/7B1ZE4/7IGAD4/7BOX5/8V6/15/15 CCOOSTU/ADEEEGT 150/219 0
seed: 1790813866
loaded config with command: cgp 15/15/15/15/15/15/15/3MATtOID5/15/15/15/15/15/15/15 IJRSTVX/ACEHISY 0/74 0
seed: 1790813867
loaded config with command: cgp DROID2O7/3DUX1OD6/4PUTTY6/8N6/3CATChERS4/8I6/6J1N6/3BOOAIS6/3U2W8/3T11/2ZOL6A3/2AHI6I3/2P1GEOlATRY3/11E3/7KEEVE3 AAHLRSU/ABEIMNO 304/241 0
seed: 1790813868
loaded config with command: cgp CEIBA2AGUE4/4HAmBONED3/1ZOUAVE8/5O7V1/4QI7A1/4AD7U1/4D8R1/3FILMY2FOLIE/3O2YAGER2E1/3E5XI2NE/3D5PE2ST/3A1AWLWORT2H/3R10N/3I10I/3E10C NRSTTTU/ILMPST? 276/358 0
seed: 1790813869
loaded config with command: cgp 7THAIM3/8AL5/8JA5/8IRE4/9UR4/8UMU4/5T2L1V4/4TOPHE1IF3/4EAR1X1NO3/4DZO4L3/3WYE1A1BUD3/2GO1SIGNETS3/2EW3A7/2L4V7/QADI3E7 CCINOO?/ANNORTY 259/283 0
seed: 1790813870
loaded config with command: cgp 15/9C5/9O5/9S5/9I5/9N5/5DO2E5/5AVOWS5/2PEIZE8/5ER8/6U8/6SH7/6EA7/6SI7/7L7 BEIITTT/AAEEINN 129/140 0
seed: 1790813871
loaded config with command: cgp 15/15/15/15/15/15/5K9/4BEND7/4OE9/4EF9/3NU10/3OF10/2AR11/1IDIOM9/2ZA1AGeLONG3 AEGIPUY/EJPSTVX 72/176 0
seed: 1790813872
loaded config with command: cgp 15/15/15/15/15/15/15/3GLIFT7/15/15/15/15/15/15/15 ABHIINX/AAEFMNP 0/22 0
seed: 1790813873
loaded config with command: cgp 15/15/15/15/15/15/6K8/3YAGER7/6M8/6P8/6T8/15/15/15/15 ADEHIPU/DEGGNRR 26/21 0
seed: 1790813874
loaded config with command: cgp 4F2M7/4R2O1C5/4I2N1L5/4E2D1EH3V/4n1TE1AI3I/4DZOS1R3JA/4SEW1QIN2I1/5PYX1NOUNAL/7IGG3O1/15/15/15/15/15/15 AEHLLNP/CDEIORT 190/240 0
seed: 1790813875
loaded config with command: cgp 15/15/15/15/15/15/6UEY6/4JUPE7/15/15/15/15/15/15/15 AEFIINN/AAEERST 26/18 0
seed: 1790813876
loaded config with command: cgp 15/15/15/15/15/15/10GAZAL/7UNAU4/15/15/15/15/15/15/15 DILOORU/DEEERTX 8/28 0
seed: 1790813877
loaded config with command: cgp 15/15/15/15/15/15/15/6GRANUM3/15/15/15/15/15/15/15 CLLOTTY/DEFHIOU 0/24 0
seed: 1790813878
loaded config with command: cgp 14T/13QI/13UR/3B9IO/3L9L1/3I5JIG1T1/3T3ECOTONE1/3HOLON3VARA/2FE1OBEY6/1ZAS1WOW7/KEST11/YAH12/U1E5AIMFUL1/2R1PARDINE4/GRyCE2ID1EXPAT ADGMNV?/DENRSSU 369/463 0
seed: 1790813879
loaded config with command: cgp 11B3/10BO1R1/8GROTTO1/10NA1J1/10I2A1/10E2K1/6PUDUS1S2/C2GLAIR2TYNDE/L1FOOTED4A2/EVERT2SUQ2T2/a1HIE7C2/V11H1W/IF10E1A/NO7ZONDAS/GU5ENEMY2E AAEIMRW/AIILORX 453/355 0
seed: 1790813880
loaded config with command: cgp 11QUAT/9POI1T1/1A3cAUKERs1T1/1G11I1/1O1EMIGREE3R1/1U7COO1E1/1TOTALED1HYENS1/VIM4AJEE4/1E6I6/1S6V6/8E6/3LADIFY6/7L7/7I7/7X7 BFLNOTW/AEINRRS 376/296 0
seed: 1790813881
loaded config with command: cgp 9TOEBIE/12E2/12N2/12i2/3EF1HAIRIFS2/1PARADeR3LO1K/4YOWE2DAN1N/YAUPS2AVION2I/3R6TE2V/3I2GUTZER1WE/3O6DI1E1/3R7E1N1/3A5JUSTS1/3T11/3E11 BCILMOO/CDHILNU 363/295 0
seed: 1790813882
loaded config with command: cgp 6OXBOWs3/9P1T3/9I1R3/E1NAKFA2A1I3/N2HORNLET1V3/H4I3I1E3/A4J3N1N3/L3COFT1GI4/O1Q2L1O2D4/SPURGE1p2E4/2OI3W2A4/2AY3A2T4/2DA3T2E4/3L3E2S4/BUGS3R7 ACEEOUZ/DEMMNRS 389/309 0
seed: 1790813883
loaded config with command: cgp 15/1LuNATES7/2PUBERAL6/7GAUJE3/2WARMIST1O4/10UH3/10LI3/6QAT1EDS2/7YOND1T2/5GOETY2R2/11LA2/11IF2/11NE2/11ID2/11N3 BIKNRSV/CEEOTUX 279/237 0
seed: 1790813884
loaded config with command: cgp 14X/8LAC2OI/8AROHAS1/2WhIMSEY1BO1M1/10IO1I1/SPLURTED1FAN1AG/C2N5U3TE/O2D1AVOWS3EE/L2R5E4Z/D2E1QUINE5/3sHIP8/3T11/15/15/15 EGINORY/AADENOR 339/297 0
seed: 1790813885
loaded config with command: cgp 15/15/15/15/15/1ZITS10/IO1AW5J4/3XI2ILEAC3/2VAN5MED2/1B2G2C1KORI2/1R2L2U1ENG3/BANTERER1N1E3/1GOOSE1T1T5/1S5LIEU4/7Y2HOARY AMPSTW?/DEIRTV? 294/253 0
seed: 1790813886
loaded config with command: cgp 7D3W3/5JAI1B1O3/7SHACKY2/7T1NAE3/6OH1DI4/5FLEMED4/6IN1R5/6VETS5/6A8/6RITZ5/L2NIXY8/A1TUTU2V6/WREN4O6/N7L6/SLUMlORdS6 ADEGGIO/CFNQRTU 320/269 0
seed: 1790813887
loaded config with command: cgp 3COOEE2C3Q/4OK1RApHANIA/10I1I1T/4T2T2L1D2/4E2E2D1I2/4AG1N1PE1F2/4RE1S1AD1Y2/3GOONIER5/4OD1B1E5/4ME1L1V5/4s2E7/15/15/15/15 ABILMOS/AGINORT 285/238 0
seed: 1790813888
loaded config with command: cgp 15/8TELECON/2ZEmSTVO6/8PAWA2O/7REMOANER/1QI11D/2SAPAJOU2R2U/7ENDUE2R/11G2E/10YARRS/11L3/10HI3/10IT3/10OY3/10I4 BCEFHIV/EGGIMOS 322/272 0
seed: 1790813889
loaded config with command: cgp 2J9C1D/GUARDING4H1O/2I4A3QI1A/2L4R3U2B/4E1DONATIVES/4N2T3P3/U3G2T3UR2/N2FLITE4A2/W1P1O2S4V2/EMO1B7I2/TAW1E7O2/1YARDaRM4L2/FON9i2/AR13/H14 EIKOOSZ/CEEIILS 393/333 0
seed: 1790813890
loaded config with command: cgp 2I12/2N12/2D12/A1I12/M1GRAPLIN6/E1E5OXO4/NON2JAZY1U4/TUT3IO2t4/IT4LOB1D4/AR6AQUA1G1/1A8E2H1/1N6ABLY1O1/1K5CLOSERS1/3SEETHED3T1/5DEIF4S1 CEFGPRW/EMORTUV 436/374 0
seed: 1790813891
loaded config with command: cgp 3QUINOL6/3U4I6/2FIGJAMS6/3P4K6/3OR10/4AR9/4ZA5E3/3WOVENS2MINX/4RE2H1BE3/4ED2A1AR3/4D3F1AY3/6NATALITy1/2CLOTURES1N3/8D2G3/15 ACEEIOR/EHINOTW 362/316 0
seed: 1790813892
loaded config with command: cgp 7C3FE2/7E3AE1L/7D3IN1O/7EL2T2T/8I1AH2I/8P1E2JO/8A1R2An/7ARROZ1Us/8I1BAWK1/8T1I4/6GAE1C2V1/6OX2STRAD/6GO5M1/5YON5P1/5U1E7 GNNRRVY/DEEIIST 302/250 0
seed: 1790813893
loaded config with command: cgp 10QIN1S/12T1N/11UH1E/11F2C/1F8JOB1K/1A7PA1ODS/1C1Y2WYLED1DI1/1E1O1REOILED1R1/1M1U2BUTT3L1/NATTERS8/1I1H11/1L1I11/3E11/3R11/15 AAGGOSV/AENOOR? 297/253 0
seed: 1790813894
loaded config with command: cgp 15/15/15/14U/12C1n/9INWOVE/12V1A/6ATTONCE1T/3RUNTIER2DAE/7PEBA2UN/3FRIZ3XU1D1/5DOOMIER1IF/13NO/1ABORTEE5GO/NAIK3DAILIES1 GLQRSTY/EEHJLMW 381/336 0
seed: 1790813895
loaded config with command: cgp 7ANCHORET/1PLaSHET6A/14X/14I/14M/13LA/12QIN/5DUI3KIF1/3VOIP4I1TE/1G3DOATERS2R/DRIFTY5A1JO/RE9N1IS/OB11BE/WE11EL/N13Y DEMRUUV/AACEGOS 394/336 0
seed: 1790813896
loaded config with command: cgp 11RHEA/8THEEING/8R1WIN2/8A3TAJ/4BEBOP5O/6E1N5R/1VAX1SI1E4FA/2RIcINUS4UM/5L2T4T1/5k7ZE/3VAW8C/2Q1YO8C/2U2R7KO/2O2M7I1/PUDGES5DAFT DEINOOR/EEGILNO 365/302 0
seed: 1790813897
loaded config with command: cgp 1Q13/1U7FAR3/1ENTREZ1WANEY2/OP1H1LOME2HARD/V2InFAUnAE4/E2C5V5/R2K1TOUTIE4/T2YOOPS1ORBING/9N5/7LOSABLE1/15/15/15/15/15 DEMNRST/ACDEITX 299/252 0
seed: 1790813898
loaded config with command: cgp 7B7/5C1A7/1RADIOING6/3O1R1Y7/3MAA1A7/3YUM1SUQ5/4R10/3WEFTE2J4/4OO1HELICAL1/4LO4N4/4ET4G4/4DI4L4/5E1INTERN2/10D4/15 EHIPPW?/IINNUX? 270/210 0
seed: 1790813899
loaded config with command: cgp 15/9GRYPT1/8V1I1AA1/7HELVED2/8N1L4/8T1I4/4N3O1N4/3MOUNDS2R2G/4B3ED1I2A/1B2ED3ZAG2S/1A2LO3OXO2K/1F2IT4OR2E/1FAQUIR3N3T/1Y2ME2WASTAgE/5R8d CEHIOOS/AEIPTUW 404/358 0
seed: 1790813900
loaded config with command: cgp 7B7/DOCTRINE7/2I4A7/2V3RUSHIEST1/2I4x7/2E4I7/7T7/3MODGE7/4V10/2CLEW9/4R10/3FE10/3OY5POUTY/1KEBELE2FAW3/QATS2MALAXED2 AAEGINS/AEGIIO? 352/276 0
seed: 1790813901
loaded config with command: cgp 7I7/7DODGING1/6WYN6/5PELORIAN2/7I7/3U3S1COXA2/3M3T1H2HM1/3B3SPARKIER/3R5F5/3A3T1F5/3GENTOOS5/3E3E7/3S3T7/7O7/7E7 DEIINUW/AAERTU? 318/252 0
seed: 1790813902
loaded config with command: cgp 15/1AH9E2/1DI2TREZ3E2/WOK1G1ALASTOR2/I1OVARY5I2/M1I1T7E2/P3V2U7/YO1MOURN5A1/4L2H5G1/7E5E1/3AFFIAnCE2N1/Q6L5E1/U5BEGROANS1/INJEcTED5I1/N12A1 CEIOTWX/BDDIOSU 450/373 0
seed: 1790813903
loaded config with command: cgp 15/2U8G3/2HM7OF2/3I7XI1P/1JOKY7L1A/3V1W2VAG1B1L/2EE1A1FILIBEGS/2CHARRED3R1I/2O2E1M4T1E/2T2Z1I6R/2O4N7/COUNTY1E7/2R3Qi7/6UT7/6Ay7 ILNNOST/ADDEPSS 374/306 0
seed: 1790813904
loaded config with command: cgp 10LAPJE/9QIN1O1/8CUTTLE1/9IT4/9ZO4/10R4/9HA4/7SKELF3/7OYE1O3/2BEGUIlED1W1V1/1FINITO4T1A1/MEGS3mANUHIRI/MNA10V1/1I11E1/15 AACDDRW/DGIORTU 344/296 0
seed: 1790813905
loaded config with command: cgp PROFOUnD7/5GEEGAW4/2C4M7/2OD3E7/2GI3N7/Z1OR1QAT7/I1NE3I2DAH2/L2N2NATHEMO2/LOVERLY3LEX2/3S11/3SI10/4V10/4O10/4R10/4Y10 AEEIRTT/BDFKNTU 358/288 0
seed: 1790813906
loaded config with command: cgp 11W3/11I3/6SPANNERS1/3LOUIE3N3/10GI3/10AE3/10L1J2/7ODEA1A2/10GUV2/9TE1E2/3MORTICES1L2/FAVA4ID1MIRK/O7AD2N2/N7OY5/D14 CIOQRXY/EINPRST 260/181 0
seed: 1790813907
loaded config with command: cgp 7DOF1O3/9AMU3/9VET3/7C1ETIC2/7L2HEH2/2DERATING2I2/7P4V2/WAGYU2PREIFE2/2O1B2E3AD2/2M1I2R2KI3/2E1QUESO1ON3/2R1U5RE3/2A1E6A3/2L6BONGO1/2S4SLANTINg AIIJRTY/DLSWXZ? 397/357 0
seed: 1790813908
loaded config with command: cgp 15/15/15/15/15/5Z9/4BAN8/3WAGYU1RERAIL/4R1AH2U4/3MO1F3P2C1/2QIN1FA2E2O1/ROIN3M2p2V1/3T2OPENsIDE1/DRIEGH1L2I2Y1/EE1D3E2A4 AGILOOR/ILNTUWX 263/206 0
seed: 1790813909
loaded config with command: cgp 7K7/LOBING1H7/U1UM3A7/N1GID2N7/A2DE1FAVOR4/T2OP2t2E4/I3L2E2N4/C2JOWLS2D4/S3RE4Z4/3WEX3QI4/3IDE3UN4/3T5AA4/9I5/15/15 IILOPTV/ACEERST 365/302 0
seed: 1790813910
loaded config with command: cgp 14p/14O/ENLIVEN1HEDGE1R/6AXE4ST/6BISMUTHAL/13ZA/7KART3N/6CIG1OCTAD/6R8/5MA8/N3JOW8/I2FET9/QUIRTED8/A2I1Y9/B2G11 AEOPPR?/AILNOSU 360/309 0
seed: 1790813911
loaded config with command: cgp 3HUIAS3FORD/7OAF3U1/8TAPPET1/13ID/8BADE1LA/1AUTHORS1MOW1EL/6ONLINERs1/3MIKRA7/1GLID1EGGCORN2/15/15/15/15/15/15 AEEEQRS/INOOWX? 295/239 0
seed: 1790813912
loaded config with command: cgp A14/W14/FROSH10/U1POOH1S7/L2DEMEANOR4/7R1KEMB2/7T1EVOE2/3JINGO6G/2WAN2R6I/1Z1X3I6D/1A1INITIATED2D/1B1E5OTALGY/1RUSTIC8/1a13/15 EELLSV?/AACFNPQ 388/318 0
seed: 1790813913
loaded config with command: cgp 7L7/I2HAZIER6/N6W7/DEMEAN1I7/O3LUNS7/X1UFO2IT6/Y2OWO1TO1p4/L2HEFTER1A4/8REI4/9UR4/4KAIE1OI4/3GYNOECIA4/GAJO6L4/1DAD6S4/15 BCEMQRU/APRSST? 314/271 0
seed: 1790813914
loaded config with command: cgp 3JEERS7/5WANE6/6YOM6/R4FADO6/E4AH1NUTPICK/G4W2G5A/R3L3E5G/EF1QUESOs4MU/TIYIN2p5A1/1E2C2T5L1/1L2H2I5O1/1D5O5D1/1E5N5O1/1R3BLERT3R1/1S5E3VISA AADEINN/ABOPUXZ 373/324 0
seed: 1790813915
loaded config with command: cgp CROFTED8/3A11/3U4W6/3l3QI6/3T3AT6/3I1J1NA6/3N1O1AN6/1SAGIEST7/COX4SUBERIN1/1BEGEM9/4WODGE6/TOITED9/2FOREL8/15/15 EHIPPVY/IIMNOUZ 291/243 0
seed: 1790813916
loaded config with command: cgp 7D3C3/7O1VROWS1/7C3BOH1/4E2H3B3/3QUIETINgS2J/4O8ZA/4U3POTAGER/3MAIGRE5V/4E9E/8EX3MY/8SUNDAeS/13A1/13L1/13I1/9UNOWED AEFNRTY/ADEIKLR 361/315 0
seed: 1790813917
loaded config with command: cgp ODAH3BA1T1CIG/1I5UN1O1O2/1A5NE1A1O2/1G1L3KANZUS2/ANTILIFER1E1I2/NO1F3R2D1N2/OS1E1E9/DE1WURLEY6/I2A1U9/s2Y1V9/E14/D14/15/15/15 AEGHQS?/CILPRTT 305/257 0
seed: 1790813918
loaded config with command: cgp 15/15/11V3/7W3A3/4C2I3R3/4A2F1UNI3/4V1GI1WOX3/3FARLE1US4/5OE3H4/5JET1BE4/EL2SITZMaRk3/PI5AALII3/HECTORED1ME4/OU5I7/D6K7 ADOPQYY/BEGGLOU 333/278 0
seed: 1790813919
loaded config with command: cgp 13E1/13T1/13A1/11EDGY/2ANA3WOVE1E1/1DRUID1TAX3R1/5AKEE4E1/1ARGONON5S1/1D3TITBiTS3/1ZA12/2PAOLO8/1QIS11/2A12/1UNCHIC8/15 HIJMRVW/BIINOPU 290/221 0
seed: 1790813920
loaded config with command: cgp EMONG2R3Q3/1A3WHARENUIS1/1G3R1X3E1A1/BLANKY5B1L1/1E2R6E1V1/1V2OP3A1C1OD/4NE3P4W/3HALFA1T4A/6YGOE4M/9R5/4CuTINIZED2/9A2O2/12D2/12O2/15 EFIRSUU/IISTTU? 371/316 0
seed: 1790813921
loaded config with command: cgp 7S6Y/6WAVY4A/7H6R/7I6C/7B1GENTOO/6TAPIROID1/8A6/6QIN2P3/5MI1DA1EF2/8EX1LA2/8R2AN1Z/7VERTUE1L/8R5O/8sKILLET/14E EIJNTTU/AINOORS 316/260 0
seed: 1790813922
loaded config with command: cgp 1MARINATE5F/1I2OYE1HERSALL/1ZIN10U/1E12X/SNY7M2HE/U1OLIVER1JOINED/N1KATI4B2R1/B2WADDS1POGOED/E9C2I1/L9R2N1/T9a2T1/10T2OF/14R/14I/14G AACEEQU/AAOTVW? 431/372 0
seed: 1790813923
loaded config with command: cgp V14/OP3AGISTORS2/ER2UG9/1O2PO9/1E1BOG4C4/1MOR6U4/2KOB3V1N4/3MEINIE1E4/3EF3L1T4/3LI2ELYTROId/2WIT5E3E/2AA10C/2I11A/14D/14E AFIIST?/DDSTXYZ 268/226 0
seed: 1790813924
loaded config with command: cgp 15/15/8M2F3/4T3O2O3/4R3U2V3/4EQUALISER2/4M3I2A3/4b2INWIT3/4L3E2EW2/3BE3T3E2/3OD7I2/3O8R1A/3T8D1I/3I5BEDYED/3E2JAGIR3A EEGORSZ/HILNPPT 261/206 0
seed: 1790813925
loaded config with command: cgp 15/15/15/11N3/4TOGE3U3/4ADUMBRAL3/11L3/6QAT2I3/7BOEUF3/1COWPIES3YEZ1/2WEAN7O1/2LENG7N1/8SHIVOO1/5MURIATE1I1/11TIDY DDHIINV/EIKNRTX 293/231 0
seed: 1790813926
loaded config with command: cgp NERF2NOYAU4/1DEEPIE8/4R7C2/3ZE7L2/3HM1Q5A2/3Oo1U5R2/4L1A5A2/4AIDE4I2/3OR1R5N2/3I1AIRSOFTS2/3N2C8/3O2SH7/3M3A7/3E3J7/3L3I7 AEIIOTY/BENTTU? 316/267 0
seed: 1790813927
loaded config with command: cgp 11B3/11E3/3T7V3/3OD6U2L/3MI5EE2A/3BAY4G3L/3AZO2EPEIRID/3COWARD1s3I/4SIR3T3E/5E3QI4/T1OOTS4OD3/HAUF6NE3/R10W3/U10A3/M10X3 HIOPRST/EINNNOS 296/254 0
seed: 1790813928
loaded config with command: cgp 5OO7G/5YOB5DI/6FEW4UP/7GI4R1/7EL4OR/5M1TIC3YE/2JETE1T1U4L/3WENGE1BEANIE/5A1R1A4A/1V3C3N4R/1I3E2ZEK3N/1SQUUSH1OSAR2T/1T13/1O13/15 ADDINS?/AIIILL? 305/263 0
seed: 1790813929
loaded config with command: cgp 15/1C13/1E13/1D13/1R13/PA13/ET2S10/RE1DABBA7/I2OLEO3TUI2/a3V1NORWARD2/N2QI10/T2IN9J/HOG1G5VOX1E/1YEESH3FAKIES/SELF1OdONATA2T DEEIMUW/CGIINRU 416/374 0
seed: 1790813930
