loaded config with command: set -threads 1 -savesettings false -hr false -numplays 15 -ima 0 -minp 100 -autosave false -fgrequired false
seed: 1790813719
loaded config with command: set -lex CSW24 -leaves CSW24 -wmp true -pat CSW24 -s1 equity -s2 equity -r1 all -r2 all -numplays 1 -threads 1
seed: 1790813720
loaded config with command: cgp 9I5/9N5/9T5/2REMAILER5/4A4A5/4KY3D5/4EA3O5/3JUSTERS5/2FOP10/1FY12/1L13/1O1POX9/EUxENITE7/1T13/15 AACDIIO/AELLRRS 207/221 0
seed: 1790813721
loaded config with command: cgp 7AYAYA2W/5QAT1REXINE/6I7A/MIDDLER7K/O5PEREIONS1/N4JOR1DOF3/I3C1S8/T2WHATEN6/I3A1S8/V2HM10/E2UP10/3R3D7/2FLOOIE7/7G7/3BUIBUI6 CEGLOT?/ENNTTVZ 264/351 0
seed: 1790813722
loaded config with command: cgp 7J1ROOFIE/7A4O2/7V2VOID1/4METAPHORs2/4O3LEX1T2/4T2LAW2E2/4H3Y3R2/3AIOLI6G/4e9E/1QUESO8C/1E1STENNING3K/ZEES4TAURINE/UM12D/PA13/A14 CDDINWY/AGIILNR 484/349 0
seed: 1790813723
loaded config with command: cgp 15/VIG12/2UFO10/2PANICUM6/8ANOA3/7DEAFISH1/2R1EUOI7/1HAVERED7/1OX12/1W13/1D13/GI13/RELATaBLE6/IS5AMBRIEs1/D14 GKNPSTT/AEEORTY 335/278 0
seed: 1790813724
loaded config with command: cgp 7MEGAHItS/7E7/6PLUNGED2/1COSTLIER6/7N7/6JA7/6I8/6NOX6/15/15/15/15/15/15/15 IOOOQRZ/ADIIINS 84/198 0
seed: 1790813725
loaded config with command: cgp 4sIDELOCK2B/11I2A/2S4STRIDeRS/2P8G2H/2I1R5QI3/2FLAP1WAVIER2/2F1DOGEY1N4/3NIXIE4ZOL/4O2MACULAE1/4T10/4HA9/3BOW9/3ENE9/3E11/2ANTRUM7 AEJOTTU/AEGIRSU 408/312 0
seed: 1790813726
loaded config with command: cgp 15/15/15/15/15/15/15/3HOLME7/15/15/15/15/15/15/15 ACEINSS/ABBDGJR 0/28 0
seed: 1790813727
loaded config with command: cgp 15/15/15/10L4/6D3O4/6R3U4/6O3S4/6PANLIKE2/6W3E1XU1/6o3S4/6R3T4/6T8/OVARIEs8/15/15 AEIIMOQ/CEINNNR 102/249 0
seed: 1790813728
loaded config with command: cgp 7TEABREAd/1RATAFEE2R4/7SPRING2/10G4/10U4/4O2LORIC3/4U2OPENED2/4TIVY2gLADY/4F8O1/4I8C1/4N8K1/4D7QI1/12IN1/13G1/11JISM ALMOSTW/EHORSTT 324/339 0
seed: 1790813729
loaded config with command: cgp 7Q3B1OP/7IF2A1NU/8ELDRICH/8L2P1EA/7JIRD3S/7ANOA4/4VOM1EMBOW2/5EYES2YEDE/7R2KEX2/7ARROZ1F1/7D2I2A1/7I5U1/7A5L1/CoINVENT5T1/7EULOGIST AHINTT?/GINOSTU 345/394 0
seed: 1790813730
loaded config with command: cgp 7COMBIEST/BUGOUT1A7/2O4F7/2L4INFLIgHT/2D4L7/2A3AA7/2R2QI8/NONCOUNT7/2S2AE8/5YE8/LOGOED9/15/15/15/15 APRSVVW/DEEIIXZ 218/224 0
seed: 1790813731
loaded config with command: cgp 7sOLEMNER/5V1I7/2OB1R1P7/2AR1O1H1QIBLAS/2KEST1ODA4C/2YIN2NET3PA/3DUH1EX4AL/4FACT5TI/4FE6MUN/3WED5JO1G/3UR6IT2/3Z7GI2/12E2/12R2/15 ADEEIOO/EEGIRTY 348/361 0
seed: 1790813732
loaded config with command: cgp 14Z/14E/14R/8qAMUTIK/4C5A4/4U5R4/4F1ENVOYS3/4FEME3O3/3LO6L3/3a7A3/3N7T3/3G7E3/3R2VAGUISH2/3E11/3L11 ADENWXY/DHPRSTU 167/242 0
seed: 1790813733
loaded config with command: cgp 15/10F4/10I1R2/10NAE2/10GUS2/5D3FANO2/5I3ANEW2/3CISTERnS3A/3A1HE2I4E/3DYER2O4R/4ORE1UNI3I/4KID4PUJA/5TOC6L/7O1WOT2L/7GEOMETRy ABEMSTV/EILPQUY 311/345 0
seed: 1790813734
loaded config with command: cgp 7P7/TANGIBLE7/7A7/7ZE6/6TEA6/6A1V6/6N1ET5/Q2MILKO1I5/I1JUN1L2N5/SHOD2E2W5/1A4S2A5/1VIGORS1DRUXY2/1I7E5/1O1EMBLEmS5/CRUDY10 AEIOOR?/AHOORTT 238/414 0
seed: 1790813735
loaded config with command: cgp 7O7/2B4O7/2I2REFFINGS2/2JA4o2A2U/1CORRODER2L2P/2UR1WIEL2L2T/1AXAL3A2E1AI/3H2QIN2T1TE/8A2eMO1/5WUDS2DOM1/7O4U2/7ZIBETS2/7I4E2/7N4Y2/7G7 CEIIKNT/EEGNPTV 332/401 0
seed: 1790813736
loaded config with command: cgp 12Q2/12U2/12E2/10ABA2/10HEN2/9JOG3/STEEPLE2OYEZ2/A2FIAsCHI1TO2/XU7N2O2/OM2LAIRISED3/NU8FEND1/I10V3/T14/E14/SOCK11 ADLNOT?/AAELNRT 307/399 0
seed: 1790813737
loaded config with command: cgp 15/15/5C9/5H9/4ELUTING4/5O9/5R9/3KOINE3YETI/5DAMPENED2/1JOUGS9/15/15/15/15/15 CIIMORS/AEEILLU 134/145 0
seed: 1790813738
loaded config with command: cgp 15/15/15/9d5/9EH4/9LI4/2D1JIB2OE4/TAIGA1OO1U5/2P1WUXIAS5/4ANY2EM4/4N2F2I4/2PASTORS1H4/7O2I4/7W2E4/7N2D4 AELORU?/BCEEKOS 155/287 0
seed: 1790813739
loaded config with command: cgp 5DAZE1HORAL/6WARRANED1/1JAyVEES1E5/9ME4/9AX4/9KO4/1E5C1E5/1B4QINS5/1I3PIN7/1O5CAF5/IN2PYTHIUMS3/VITRO3NGAIO2/OS13/RE13/Y14 DEILLT?/AFGIOTU 481/332 0
seed: 1790813740
loaded config with command: cgp 8NURDLES/12E2/12G2/11MAND/9VAIL1O/7E2B1I1W/7N2O1T1N/7CROUPY1Y/7R2G4/7E2H4/7A2T4/7S7/7E7/15/15 DEEMRST/AEEPSTW 166/224 0
seed: 1790813741
loaded config with command: cgp 15/15/12L2/9WITING/2V1S2DOON1B2/2R1H1JAM3E2/2OURIE5L2/2THEFTS3BLUD/4W7E2/4m7R2/3QIN9/2VICEROY6/4E2DAPPINg1/9OOT3/15 ADNRRSU/AEGINOT 196/320 0
seed: 1790813742
loaded config with command: cgp 15/15/15/15/15/15/5ONER6/5OYE7/5FENAgLE3/15/15/15/15/15/15 AEIOQSX/ACIJRTU 16/89 0
seed: 1790813743
loaded config with command: cgp 15/15/3W11/3UN10/3ZE10/4R10/4D10/3BIVIA7/4E10/4SKIORERs3/4T10/15/15/15/15 AGHLNPT/AEFIRTT 71/159 0
seed: 1790813744
loaded config with command: cgp 15/9H5/9U5/5INVERTOR2/9D5/9E5/6AZONS4/5FLOB1Q4/4PEBA2U4/1JADED4E4/10G4/15/15/15/15 FHLNOTX/IIMRSST 126/167 0
seed: 1790813745
loaded config with command: cgp BAN12/AME12/NAW12/ET2V10/DI2E10/1VIOLD9/AE2OAK8/X2PUGIL7/OR2T1FIE6/NE2EH1Q7/ES2SO1U7/1IO2I1AY6/OdA4TO6/OUT4EW6/FEH4d7 CCISTTY/BDEIJNR 252/344 0
seed: 1790813746
loaded config with command: cgp BO1GUaRDEE5/ABOON4WHAMO1/EEK7I1A2/7QUOP1N2/10T1T2/9F2I2/5v2FAR1D2/5I1MACAWS2/5R2DIV4/5G1O1AE4/4CITOLES4/5N1R7/5L1A7/5Y1L7/7I7 AEILRST/EEGNNPS 300/289 0
seed: 1790813747
loaded config with command: cgp 15/15/15/15/15/6R8/6O8/5FAA7/4MIR8/4eL9/4LI9/4OI9/4D10/4I10/3ZANJA7 FGRRSTU/CENORVV 22/184 0
seed: 1790813748
loaded config with command: cgp 15/15/15/15/15/1P13/1R13/DI1MOILE7/OOZY11/UR13/AYE12/N1A12/E1U12/2X12/15 EEILSUW/BEGIINR 64/72 0
seed: 1790813749
loaded config with command: cgp 10GUTTA/8APORIA1/2OBLIQuE1AENEI/1WRY4N6/4V3E6/1BIPED2O6/4N3U6/T2GAUJES6/I3T10/DROVINGS7/D3C10/Y14/15/15/15 FFHMRSS/EELOOOT 220/233 0
seed: 1790813750
loaded config with command: cgp 2C12/1WATAP9/2R12/RUKHS10/4HAJ8/5W9/5R9/4LOLZ7/5N1EX6/5G1NUT5/15/15/15/15/15 AEENRTY/EIIOOV? 103/117 0
seed: 1790813751
loaded config with command: cgp 15/15/2T12/2A12/2B12/2O12/2OK11/3LOUIE7/3U3N7/3D3A7/3G3R7/3E3C7/7H7/7E7/7S7 FHORSUV/AAAEOPR 36/121 0
seed: 1790813752
loaded config with command: cgp 15/15/15/9D5/9I5/8OP5/5BOYF6/4JEHU7/15/15/15/15/15/15/15 AEFLNRT/ACILRTT 53/46 0
seed: 1790813753
loaded config with command: cgp 15/15/15/15/15/15/15/3VENUE7/15/15/15/15/15/15/15 ADEEOSU/EEEMNOT 0/24 0
seed: 1790813754
loaded config with command: cgp 15/15/10S1T2/3EYECUP1U1O2/3FAH2R1QIN2/8IF1DE2/7AVI1OD2/7LYTIC3/11R3/10BA3/10OS3/10ZEK2/10O1N2/12O2/12B2 INNSTX?/AGOOTTV 164/221 0
seed: 1790813755
loaded config with command: cgp 15/15/15/15/15/15/VROU2J8/E2HINAU7/R5G8/I4Z4Q4/FURORE1LAKIN3/I2REEDILY5/ET5STEDDED1/SH11ON/1Y11ME EMNOOR?/ACINTTU 133/306 0
seed: 1790813756
loaded config with command: cgp ENEWS2FEED3W/4APHYLLIEs1A/4L7C1U/4I7a1G/4V7LAH/4A3R3EM1/2JOTTY1E3PA1/2OXO1OOT1SMAZE/4R1BRAVI1NO1/8I4N1/8N6/7BEDOUIN1/7OD6/7N7/7K7 EFGIIRS/AADGRUU 301/410 0
seed: 1790813757
loaded config with command: cgp 15/15/15/15/15/15/15/3TOPHI7/15/15/15/15/15/15/15 AEEHINU/FKLLMRY 0/22 0
seed: 1790813758
loaded config with command: cgp 15/15/15/11JONG/4S7U2/4W7T2/4O7L2/3WOUBIT1AXITE/2Z1PROTEIN1N2/GRIPED6EF1/2N1D7DA1/2G4K5AH/2E4I6A/2L4T6A/CASHiERS6F ELNQRR?/AEIIMOR 236/416 0
seed: 1790813759
loaded config with command: cgp 15/15/15/15/9G5/8GI5/8AB5/3MAUVER6/8J6/5Q1PA6/4LIKENED4/7O7/7P7/7L7/7E7 BEFIRS?/AAFMTTV 74/119 0
seed: 1790813760
loaded config with command: cgp 15/5W9/5I9/5L9/4JIRD7/7E7/D6P7/I3ZOBU7/V3O2T7/I3N2I7/E1ARE2N7/DIKER2G7/1TAX11/15/15 ACERSTT/CEEHLQR 117/176 0
seed: 1790813761
loaded config with command: cgp 15/8B4E1/8O4Y1/7QUINCHE1/8G6/8H6/8E6/4MEVED6/4A10/4V10/4I10/4E10/15/15/15 DENORSZ/BDIIPS? 137/71 0
seed: 1790813762
loaded config with command: cgp 15/15/15/14I/14N/14D/14U/7THIAZOLE/11OK2/15/15/15/15/15/15 EGINORU/ILLNOR? 33/189 0
seed: 1790813763
loaded config with command: cgp CHEZ3P7/L2O3I7/U1WE3X7/B1RAG2I7/h1O1IO1EA6/A1N1MU2I6/N1G1B1I1R6/D2JALOPS6/3AL1DAH6/3C2IRE6/3E2NOD6/3N3Q2FIGO1/2STRENuITY4/7E7/LOVESEAT7 EFIKRTU/ORSTVWY 360/470 0
seed: 1790813764
loaded config with command: cgp 7WO2HEEL/6COpYCATS1/10R4/9HID3/9AME3/9ZEL3/9ADO3/5VLY1N5/6OOFS5/4GURN7/A1QUIN4MOG2/NOINT2PETER3/V3EnFIXES4/I6P1DARB2/L6I7 EIJRTUW/AEEIRTT 267/381 0
seed: 1790813765
loaded config with command: cgp 15/15/15/15/15/7SAZ5/2B3PARaNYM2/2O1QUAI3AEON/2M1U1V2INDEX1/2B1AI6TON/2A1GO9/CURRS10/O1D12/C14/KI13 EIPRSTT/AFLLOTU 227/197 0
seed: 1790813766
loaded config with command: cgp 15/15/15/15/15/15/2VAV10/3WEAMB7/4EXO8/4RENAY3OE1/7GUINEPs1/15/15/15/15 ADEIOUW/EINOPST 132/72 0
seed: 1790813767
loaded config with command: cgp 15/15/15/15/15/15/4C10/3BLERT7/1GRIOT9/4W10/4N10/1CAUSA9/15/15/15 ADEHLTZ/EESTVXY 33/45 0
seed: 1790813768
loaded config with command: cgp 15/15/12Z2/3BREVIER2I2/9EA1G2/7KOFTAS2/6EE6W/3OOIDAL5I/8OSCHEAL/14L/14I/14E/15/15/15 DNOPSUY/ADNNOQW 114/171 0
seed: 1790813769
loaded config with command: cgp 1B9Z3/1A5TaCTION1/1JET2OO2ENIAC/1R1IVORY3E2O/TI2A9A/H3R4S4L/A3V4U4E/N2WELLIES3OR/XI1A5U3N1/1N1Q9G1/1F1F9L1/1A1S4PREPREG/1m11T1/1E11S1/1D13 DEGIMOW/AEINTUY 241/369 0
seed: 1790813770
loaded config with command: cgp 15/15/15/15/15/15/15/2THRIVE7/15/15/15/15/15/15/15 ELLNNOW/AADEENT 0/32 0
seed: 1790813771
loaded config with command: cgp 15/2O5V6/2AT4O6/2FE4I6/3L4D6/3E4E6/2AT4E6/1UPHOISTS6/2TO11/2EN11/2R12/2I12/2U12/2M12/15 AACEGRS/BDGIIKN 158/179 0
seed: 1790813772
loaded config with command: cgp 15/15/15/15/15/15/6KORO5/3AERIE7/5E9/3VICTORIA4/5A9/5L9/5L9/5E9/3MODGE7 AAAEOSY/GIINQTU 63/146 0
seed: 1790813773
loaded config with command: cgp 3O11/3B11/3T11/3A11/2QIN10/1WINE10/3E1DZO7/2IDEAED7/15/15/15/15/15/15/15 FHIMMRT/AAEORTX 74/122 0
seed: 1790813774
loaded config with command: cgp 1S4EF7/1T2U1YO7/1R2V1OY7/ZEALANTS7/1AN1EE9/1MU2V9/HES1NEK5QI1/UR1GORAL2AXING/R3T1MODII4/L3EW1DOF5/4PA9/3JAI9/2BID10/2AAs10/2PO11 IILNRUW/EEGOST? 348/338 0
seed: 1790813775
loaded config with command: cgp 15/3E11/3V11/3I11/3D11/3E1Q1O7/3N1U1U7/3CLIPT7/3E1M1R7/7I7/7D7/3F3E7/3ASPERATE4/3L11/3X11 AEFOOT?/ABCDDLN 119/184 0
seed: 1790813776
loaded config with command: cgp 15/15/15/15/5FICTOR3c/9YAS2O/10INRUN/7PREDY2N/8O5O/8L1T3T/8A1O3E/8M1EQUID/8I1A4/1PROSIEST6/3BITE1E6 CEIJRW?/ABEILNN 217/177 0
seed: 1790813777
loaded config with command: cgp 15/15/15/15/8A6/8K6/8V6/7BAGsFUL1/8V1I4/8I1G4/8T1M4/10A4/10T4/10E4/10D4 ADEEGRT/INNOUUY 25/154 0
seed: 1790813778
loaded config with command: cgp 15/15/15/15/15/15/7T7/3VAUTE7/7T7/7r7/7A7/7G7/7O7/7N7/15 AEHLNPS/CDEIPRR 24/60 0
seed: 1790813779
loaded config with command: cgp 11M3/9CEORLS/11OE1H/9TAIT1E/9ID1O1b/9KO1R1E/6UNI1BAT1A/7ANIONS1N/11O3/10XU3/10UG3/11HM2/12E2/6Q1EYECUP1/3VEZIRS6 ABEFINP/DEEGLOR 294/196 0
seed: 1790813780
loaded config with command: cgp 3Q11/3U11/1A1I11/1R1R11/1O1EE10/1Y2XI9/1N2ER9/1T1SCOFF7/1E1P1N9/1DELAY9/2MEW10/J2N11/A2T7WADT/DEASiUL1POGONIA/E3OGIVE2KATI BGHLMSV/CINRSUZ 292/349 0
seed: 1790813781
loaded config with command: cgp 15/15/15/15/15/15/15/6LIGNUM3/15/15/15/15/15/15/15 EEILORX/FGHINQU 0/24 0
seed: 1790813782
loaded config with command: cgp 15/15/15/15/15/15/7DAK5/5ObELION3/5OYE7/5HE8/15/15/15/15/15 ADENNRS/ACEEISZ 86/54 0
seed: 1790813783
loaded config with command: cgp 15/15/15/15/15/15/15/2PHOBIC7/5R9/5I9/5T9/5T9/5L9/5E9/5R9 HIILTTZ/ADEEIMR 38/64 0
seed: 1790813784
loaded config with command: cgp 7J7/7A2V4/7T2O4/6ROM1L4/6A1I1K4/6CINQS4/6E1YU5/3FUDGE1I5/6O2P5/5ZED1O5/5ERE7/5L1F7/7I7/6BENDIEST1/7D7 AAHHLSU/AEILOTT 184/270 0
seed: 1790813785
loaded config with command: cgp 15/15/15/15/15/WAURED9/I4AH8/V2COLIN7/E2Y11/D2A11/2UN11/2LO11/2V12/1QAT11/15 EGIORST/EEGPPT? 62/100 0
seed: 1790813786
loaded config with command: cgp 7Q5R1/7E1F3E1/6FeVERING1/3GJU1M1T3R1/4I2A1C3E1/4T4H3DA/4N2A1E3EN/3VEXINGS3SO/3OY2I6A/3D3S7/3K3E7/2TARANTULA4/7T7/7E7/15 DDHIILW/BCIOWZ? 290/303 0
seed: 1790813787
loaded config with command: cgp 15/15/15/10C4/10U4/10R4/10F4/7LOOEY3/10W4/15/15/15/15/15/15 EILLNNW/AEEIMOS 24/28 0
seed: 1790813788
loaded config with command: cgp 1RECURVE2OFFIE/3H4TA1U3/2QI2BLOGGERs1/1GUN3AXIAL3/1YO1DIMWITS4/1VIRID2NA5/1EN5E6/1D1MATZOS6/2JUTE9/1OON11/15/15/15/15/15 BDEILRT/AEKOPRS 258/305 0
seed: 1790813789
loaded config with command: cgp 15/3Q1P9/2GU1W9/2LARN9/2AYE8G1/cONSONANT4L1/2C10A1/1DEFUNCT5D1/AIDA9I1/3TAXI2HEFTE1/1KIER1ORIOLE1R1/1O1DEG9/VOW2U9/1R3V9/SITZ11 AEEJNSY/ABMPSU? 258/375 0
seed: 1790813790
loaded config with command: cgp 15/15/15/15/10Q3G/9LI3A/9I4U/7ENMEW2M/9N4E/8BEHOVED/4CITRATE4/9I1POOD/7NUCLEIDE/15/15 AEGPS??/AEKLNTT 113/222 0
seed: 1790813791
loaded config with command: cgp 15/15/11CRY1/11H3/11I3/11N3/8WEEK3/3J3RORTY3/3I2DEX6/3f1QIS7/3FLINT7/3S3O7/7R7/7E7/STURNOID7 ABDNNPT/AEEELVZ 193/207 0
seed: 1790813792
loaded config with command: cgp 15/15/15/15/15/5J9/5U9/3BUNIAs6/3E4H6/3W4I6/3EX3M6/3PI2WAUFF3/3T4A6/8L6/15 EEKMNOS/EOSSTY? 119/102 0
seed: 1790813793
loaded config with command: cgp 15/15/15/15/15/15/15/3CLAPT7/15/15/15/15/15/15/15 OORRT??/ACDIJLX 0/24 0
seed: 1790813794
loaded config with command: cgp 15/15/15/15/10R4/6PLACITS2/5EUOI1FOH2/3MELTON1TEADE/3U6I1YON/2BRUV3PEW2Q/1FILM4ORA2U/3A5N1W2I/2JIG4G4R/1BONE4Y4E/DIESTOCk6S AENRRSZ/AEGHIL? 348/332 0
seed: 1790813795
loaded config with command: cgp 15/9KNARS1/12E2/12D1F/12D1E/11VEXT/12R1A/7THEOWS1L/8ALU4/5Q1YOM5/2AWHILE7/5N9/2ROuSANT6/15/15 AAEIPUV/DFINNU? 211/190 0
seed: 1790813796
loaded config with command: cgp 15/15/15/15/15/15/7OREXINS1/5VLY7/15/15/15/15/15/15/15 CEEIOST/IIJLMRT 18/71 0
seed: 1790813797
loaded config with command: cgp 15/15/15/15/1DICKS9/5Q3MOVED1/5U2WAP1HOI/3DRAGOON5/5S1OXY5/5H9/15/15/15/15/15 EEIJMTT/ABEERS? 122/179 0
seed: 1790813798
loaded config with command: cgp 15/15/15/15/15/15/15/6QI7/5GIF7/15/15/15/15/15/15 CEEENOS/AEETUY? 22/25 0
seed: 1790813799
loaded config with command: cgp 15/1JOR11/1OBE11/1GEL10i/3I10M/3G10P/3HM7G1O/3TIBIA3QI1U/4L1OXO2I2N/4T2ENRANgED/4ZE9/5R9/5U9/5V9/15 EEFKORV/ADEENRT 174/227 0
seed: 1790813800
loaded config with command: cgp 15/15/15/15/15/15/15/3WAIVE7/3E11/3A11/3R11/3Y11/3I11/3N11/3G11 IIKORTY/DHNNTUZ 30/84 0
seed: 1790813801
loaded config with command: cgp 3T3M7/1V1O3U7/1RAW3R7/1ONE3R6L/1TAR3E6O/2TI2FY6I/2AN2I7T/3GUESTED4E/6CAXON3R/8OBELIAS/13I1/11JAM1/8ECHoISE/10AWL2/5gEEZAHS3 BGIKOPU/DEGNPQV 307/424 0
seed: 1790813802
loaded config with command: cgp 7R7/7E5H1/6IMPLUVIA1/7O5T1/4QUITTALS1B1/7E3I1A1/4WOX4L1n1/3ZORIS3K1D1/1GOAT2HINGERS1/1Y1N7N3/AR1J4FLUENT1/ME1A7D3/IN13/DE13/O14 EFNOOUY/ACDEIRS 356/370 0
seed: 1790813803
loaded config with command: cgp 15/15/15/15/15/4F1FAIX5/2PERAI8/3DOATED6/4L2M7/4I2E7/4C1BRAWLY3/7I3A3/7T3K3/7U7/7S7 AEGGINR/ADEIINO 76/158 0
seed: 1790813804
loaded config with command: cgp 15/15/15/15/15/15/15/5BRUX6/15/15/15/15/15/15/15 DEGNORU/CJKLNST 0/26 0
seed: 1790813805
loaded config with command: cgp 15/15/4C10/4O10/4O5ZIMB1/4P4QADI2/4E1WADI5/1AMBRIES7/4E10/4D10/15/15/15/15/15 AGGJLRV/DEEUYY? 88/219 0
seed: 1790813806
loaded config with command: cgp 7V7/5s1R7/5W1O7/5I1U7/3RENEWALS4/5E9/5P9/5OIL7/4AX9/4D10/4Z10/15/15/15/15 ACEGJPT/AAEHMRY 106/136 0
seed: 1790813807
loaded config with command: cgp 15/11A3/11G3/11R3/11O2A/11L2C/9L1O1WE/7TWANG1ID/9RAY1PI/9DI2EA/10V2A1/7H2E2B1/6JURAT2L1/7REGENCE1/7T7 EFIOQTY/MNOORSZ 145/213 0
seed: 1790813808
loaded config with command: cgp 15/15/15/10V4/10A4/10W4/10T4/7OBOE4/5FIFI6/5U9/5L9/3ATHENEUMS3/5ADOWN1L3/5M5E3/5SOJU2B3 CDGIRY?/AEEENPS 128/155 0
seed: 1790813809
loaded config with command: cgp 7ES6/4P2AWA5/4I2RED5/4L2LABRID2/4ALA1TO5/4FON1IT5/5OY1E6/5TWIRING3/6h8/5JEREMIAd2/6NE1OFT3/7H7/6QI7/6UR7/6AE7 CEIOORV/BDDNOUX 238/262 0
seed: 1790813810
loaded config with command: cgp 15/15/15/15/15/15/1UVA11/1PAYINGS7/BOX12/15/15/15/15/15/15 AIMNORR/AEEINOU 41/121 0
seed: 1790813811
loaded config with command: cgp 15/15/3Q11/3U11/3E11/3N11/3C11/3HORSInG5/15/15/15/15/15/15/15 AFGMOTY/DLMNOPR 78/40 0
seed: 1790813812
loaded config with command: cgp 8V6/2V1G2HA6/2AKa2EL6/2WEM2MIAOU3/3TEF1I2E4/3OPE1P2R4/4LO1T2S4/3CADGE2TRAYF/2W1Y2R2E4/1QINS5D4/1UT7s4/1AHA11/1NEG11/1T1I11/1A1OILBIRD5 EIIOORU/ENNNNTU 294/304 0
seed: 1790813813
loaded config with command: cgp 15/15/11C3/11A3/11N3/11N3/6ZOAEAS3/5HOE7/15/15/15/15/15/15/15 AABEEQT/AEGILOS 48/41 0
seed: 1790813814
loaded config with command: cgp 15/15/15/15/15/7O7/7V7/6DEWLAP3/7R7/7T7/7H7/7I7/7N7/15/15 EFINNRR/EEEIIMO 30/65 0
seed: 1790813815
loaded config with command: cgp 15/15/15/7D7/7I7/7A7/7l7/6FLOOEY3/6AA7/6UG7/6RE7/15/15/15/15 AGPRSUY/AEEIOO? 61/52 0
seed: 1790813816
loaded config with command: cgp 15/15/15/15/13E1/13N1/6FAGOTTOS1/3HOIED4KEF/3U1TWILT3W1/3M3E5ER/1CUBIC1U5DI/Z2L10V/I2E10A/LIBRAE8G/L4AGENDAS2E DPQRSSU/AJMNORV 280/200 0
seed: 1790813817
loaded config with command: cgp 15/8R6/8U6/8M6/8O6/5B2u6/5L2R6/3GRIFTS6/5T9/5Z9/15/15/15/15/15 ACILNOR/AADDJOS 42/92 0
seed: 1790813818
loaded config with command: cgp 15/4D10/4E10/4T10/4A10/4I10/4L10/3ZELANT6/4D10/15/15/15/15/15/15 DEHLQSW/AAEEJRR 50/70 0
seed: 1790813819
loaded config with command: cgp 15/15/8V6/8ID5/8NOR4/9BE4/10J4/6TAGGEE3/10C4/10t4/10S4/15/15/15/15 CNOOSTT/EINORUX 42/76 0
seed: 1790813820
loaded config with command: cgp 3QUERY1D1R3/3UGH2BEJANT1/2HE5S1V3/2AM3C1E1E3/2KEA2R1R1N3/1FA1N1DaWT1I3/ZE2I1ITAS1N3/AG2MEVES2g3/G2DA1OFT6/3O3U7/3OP2L7/3DI10/3OX10/3OE10/4L10 EIINOST/ABCIIPT 274/395 0
seed: 1790813821
loaded config with command: cgp 15/15/15/15/6B8/6E8/4FIZ8/6OE7/5ANECDOTE2/1V4I8/1I1SQuANdER4/1M4N8/HIPPIEST7/1N13/1A13 EEEGLTU/GIJLRUY 193/224 0
seed: 1790813822
loaded config with command: cgp 6DROLL4/9OAKED1/11A3/11V3/10TA3/10W4/9YE4/7TWEEP3/9AN1V2/9HE1E2/10R1L2/10sOL2/11XU2/9ZOIST1/5NORIA1C3 DEHINUY/AAIORST 204/196 0
seed: 1790813823
loaded config with command: cgp 15/15/15/15/15/9PHT3/BOX2FAUVE5/1MIHRABS7/15/15/15/15/15/15/15 EMNRTUY/AEIOSTT 110/69 0
seed: 1790813824
loaded config with command: cgp 15/15/11O3/3G7OW2/3I4OJIME2/3L4KA1IF2/1B1G6WAT2/1R1I3ILEAC3/1UME6D4/1VAs6T4/2T1OBTUnDS4/2ZAX10/2O2NORLAND3/NETTIER8/15 FGLNPPU/ADEEEEY 220/361 0
seed: 1790813825
loaded config with command: cgp 15/15/15/15/15/7RECIT3/6FAW6/5WYN7/15/15/15/15/15/15/15 AEIITTY/GHJLNN? 31/39 0
seed: 1790813826
loaded config with command: cgp 15/15/15/15/15/15/15/6FAG6/5VALIAnT3/15/15/15/15/15/15 AIMOSST/DDHIORS 14/73 0
seed: 1790813827
loaded config with command: cgp 8W6/8A6/8F3I2/3BOVINELY1O2/8R3N2/8I3O2/8E3M2/7PREIFES1/11OR2/11U1J1/7RESOAKED/11T1N1/13N1/13E1/10AGITA AAGHXZ?/ADIIORV 242/195 0
seed: 1790813828
loaded config with command: cgp 15/15/15/15/15/15/4FAZE7/1INHALES7/15/15/15/15/15/15/15 DFINRST/EEGGKO? 78/56 0
seed: 1790813829
loaded config with command: cgp 15/7CUBITAL1/6VOM6/7N5AB/4F2E5IO/4E2P1J3AX/4U2A1O4E/4D2TRUTHERS/4I2E1ROOM2/1QuININS1N5/4G4AW4/7FILII3/2KLUTZY2G4/1LAEVO1R7/COTTAGED7 DDEPRS?/EEENNRY 400/390 0
seed: 1790813830
loaded config with command: cgp 1U13/1N13/1W13/1O13/1R2I10/AN2MY9/U3PO9/NO1FOUAT7/ED2S10/1A2T10/1L2E10/1I2R10/1QINS10/1u13/GENTRY9 ACDGLOO/AABDENR 177/185 0
seed: 1790813831
loaded config with command: cgp 15/15/12V2/11FA2/11Ag2/12U2/12E2/7GRIEFS2/10U1T2/9BO4/9LI4/9O5/9O5/9M5/15 AINOTYZ/DEIIPQU 29/141 0
seed: 1790813832
loaded config with command: cgp 7CUTTO1UP/11G1KI/11EYEN/11EA1E/12J1l/12E1A/14N/4U1FOH1FAULD/4N1ABOVE4/4LAMIA6/3QI2TROMP2C/3AD9H/3T4BANED1E/3SIX1GIGAtONS/5IWI6S ENORRVZ/EIRRSWY 276/357 0
seed: 1790813833
loaded config with command: cgp 15/15/15/15/15/15/15/3WOOPY7/15/15/15/15/15/15/15 AEEIRT?/EKLNRUY 0/34 0
seed: 1790813834
loaded config with command: cgp 15/5T9/5E9/5I9/4BI9/4ID9/4V2PAIL4/4I1PAX1OZONE/4AVOW2DAH2/15/15/15/15/15/15 AIILRT?/DEEEFGO 124/107 0
seed: 1790813835
loaded config with command: cgp 15/15/15/15/15/15/5BOTHANS3/1AREnOSE7/15/15/15/15/15/15/15 EINNQTZ/EIILLVW 64/76 0
seed: 1790813836
loaded config with command: cgp PITHOI1V1BAGUET/1TAMED1AWE3XI/2G4GOES1WOT/1FA5OPA4/1UR5L1C4/1BE2FIVE1Q4/2E5N1U4/1uNMITrES1E4/1N13/1COYSTRIL6/1O13/LI13/UN13/NE13/ED13 AHIJNRZ/AEILORS 333/392 0
seed: 1790813837
loaded config with command: cgp 15/15/15/15/4W10/4A10/4I10/4FOXY7/4U2E7/7U7/7k7/7INTERMIT/FLAG3E7/1IDOCRASE6/7T7 DEELRRT/ADIIJOR 144/170 0
seed: 1790813838
loaded config with command: cgp OWO8FUZE/WEB2O5O3/1DICTUM3QUODS/5T5D2P/5PATERERO1A/5A5I2N/5I5ER1E/3MANGAL3a1D/5T1N4I2/1VULNS1TAJ2N2/7S3KI2/7I3EL2/7E3FY2/7S7/7T7 AEGHNOR/ABCELOR 324/337 0
seed: 1790813839
loaded config with command: cgp 15/15/15/4V10/4I2vICTORIA/4D4A5/4U3BUDO3/3MANGOES5/4L4E5/9R5/9I5/9E5/9S5/15/15 ADEIJOR/AIIKMTU 85/163 0
seed: 1790813840
loaded config with command: cgp 15/15/15/4G10/4OD9/4LI9/4D10/4WIRY7/4O10/4R10/4k10/15/15/15/15 AEEPRU?/AAIMNOT 98/32 0
seed: 1790813841
loaded config with command: cgp 15/1G13/1R13/BAWK11/1I13/ANGULATE7/1A2O10/1G1JOINERs5/1E1EN10/3HI10/IO1AE6U3/XI1D5V1N3/N2I4CONCEPT/AIRSoME2W1U3/Y3DIAZOS1T3 HLMPRRV/DEEFOOT 283/344 0
seed: 1790813842
loaded config with command: cgp 15/2T12/2AG11/2JA11/3U11/3COVE8/3H1I8D/3OUTTA6E/5AY7S/4FEE7P/4I1ENWIND2I/4V3I5S/2KIEF2L5e/5O1ADENITIS/2ZONURES6 ADEPRRX/AEGINNU 214/221 0
seed: 1790813843
loaded config with command: cgp 7P7/7u7/7L7/7V7/7I7/7N7/6QUAKES3/3JURIST2C3/3O7H3/3YO6O3/3EL6O3/3DI6L3/4O10/15/15 ADIINNP/ABCGNOX 94/150 0
seed: 1790813844
loaded config with command: cgp POUTIEsT7/1URINE1O7/3T2WO7/3UG1HM7/3LA1I8/3Em1D1F6/4B1D1U6/3VIGIAS6/4T1N1A6/3WE1G1R6/3OD3I6/3V3HA6/3E2ZE7/3N2ER7/JAPS2NY7 ADEEMOR/AEIOSST 337/286 0
seed: 1790813845
loaded config with command: cgp 15/15/15/15/15/15/7OU6/3VIZOR7/4FAKE7/15/15/15/15/15/15 DEHIIMQ/AAINOU? 45/48 0
seed: 1790813846
loaded config with command: cgp 15/15/15/15/15/15/15/4VULN7/15/15/15/15/15/15/15 EEHPSX?/AAEQSUY 0/14 0
seed: 1790813847
loaded config with command: cgp 15/15/12N2/11ZO1D/7DEEYAs1O/5CHALLA1T1W/4YOUR4R1T/3POOTER3IFS/2VINT1DEPS1LA1/IXIA4SHA2B1/2V4GITE1OB1/2I4IN3Oi1/2D4GI3FE1/7US4R1/6QEEMA4 GKLMNUU/ACEEEOT 367/317 0
seed: 1790813848
loaded config with command: cgp 8S6/8W6/8O6/8T6/8T6/8I6/6JOE6/5fORSOOK3/8T1FAUNA/15/15/15/15/15/15 EEGIILR/ABDENTU 121/84 0
seed: 1790813849
loaded config with command: cgp 11B3/5C3BRAWN1/5A3E1N3/5N3M1G3/5ACQUITS3/5I3X5/5G3TOAZED/3VIRID7/5E9/2DOWSETS6/15/15/15/15/15 AEGLNOO/DIILTTU 135/218 0
seed: 1790813850
loaded config with command: cgp 15/15/15/15/4D10/4OB9/4OO9/3CLUMP7/4EN5B3/5C2QI1U3/4VEILINGS3/1TOEA1NONG1T2K/WAFTERS4A2O/9HURLER/6FIVE1D2I AADEGIR/AEIOSW? 254/216 0
seed: 1790813851
loaded config with command: cgp 14V/13BI/13ON/5W4INCUT/4FA1GOODY1L1/4EX2UP3D1/4R8E1/4NOVUM2WARB/4E2PIEROGY1/4R3GHEE3/4y5Q4/7DIlUTERS/6HA2I4/5OOF2N1JAI/5EAT2SLOID AAAEILN/AEMRSTT 296/468 0
seed: 1790813852
loaded config with command: cgp 11JOLE/13A1/12BI1/3WE7ER1/2HOYdENISH1REC/2OWO4P2ADO/2T1TIX2L2T1U/2L2FIE1I2E1R/2Y6N1AD1A/9T1R2G/9EME2E/6U2DOC3/6R3KANZU/6V2QI2OR/6AGEISM3 AADINOS/EGILST? 392/405 0
seed: 1790813853
loaded config with command: cgp 15/15/15/15/15/15/3WAI9/ALGA1CLOG6/E2NTH9/R14/O2JIG1WAKF4/DENATURE7/y2BAP9/N14/E14 DDEHNRS/EINOQUU 154/163 0
seed: 1790813854
loaded config with command: cgp 15/15/15/15/15/15/5JEON6/3VROWS6S/3I10Q/3N1FORK5U/2VIMEN7I/2EF1DOCO2RITZ/2AY4BIPED2/2L1AGA2NITER1/2ENGULPhS5 AEILLOX/AGHTTTY 195/289 0
seed: 1790813855
loaded config with command: cgp 7M7/7I7/7D1L5/7W1I5/4NIDATED4/7Y1R5/9N5/4FALX1E5/5HOIKS5/4JIG8/15/15/15/15/15 AGNNNO?/ACEEEGQ 89/162 0
seed: 1790813856
loaded config with command: cgp 15/15/15/15/15/8A6/8K6/6WOE6/8B6/8I6/8A6/15/15/15/15 AEGINNS/AEELOTT 10/26 0
seed: 1790813857
loaded config with command: cgp BY5A7/EA3ZAG7/1R3IDE7/1M3TAE7/1U2PIP3G4/1L2A1T3U4/1K2TREM2Q4/JELLO1RONNIES2/3OO2EYEN4/3UT1BReWS4/2FES10/1CAD11/1AH12/1V13/1A13 DGHINST/CILNOT? 305/297 0
seed: 1790813858
loaded config with command: cgp 15/15/15/4S10/4T10/4A10/1TITTED8/3AENEI7/4h10/4O10/4O10/4D10/15/15/15 CEEOSUV/AAMOSUY 21/98 0
seed: 1790813859
loaded config with command: cgp 15/15/15/15/15/15/13R1/6QIN2G1AB/2T2BITOU1E1NE/1FOGLE3PWN1AR/T1R1AGLU2HA2r/H1REX2FOCAL1DI/E1I3JORAM2ZE/IODISM3PORNOS/N5VIVE5 ADDKLST/AEEESTU 264/286 0
seed: 1790813860
loaded config with command: cgp 15/15/15/15/15/15/15/3BIFFY7/3I2YURTA4/3NA4OU4/2PIX4NE4/2UTE10/2N1D10/1JA12/1O13 AADRSTZ/ADELNR? 144/82 0
seed: 1790813861
loaded config with command: cgp 15/5F9/5R9/5I9/4JA9/4AR6D2/4V7E2/3MANGO4C2/3O3R3ARE1/3T3B3HEW1/3I2MI2PIET1/3V2UT1HINS2/3E2XI1OUT3/1ZE2WEEDY5/REALNESs1SUQ3 AAACOOU/ABEGILY 298/334 0
seed: 1790813862
loaded config with command: cgp TAKA1AZIONE4/1LORRY3EXALT1/11D3/11D3/11I3/11N3/6P2M1G3/6ROWIEs3/6U2C5/6N2H5/1QUIM1TA1T5/1U5W7/1ENCASHED6/1Y5T7/7O7 AEFILOS/ADEERTV 231/255 0
seed: 1790813863
loaded config with command: cgp 15/15/15/7D7/3BANDAGERS3/4T2L7/4r2T7/2CHARIOT6/4M2N7/1JUPE2I7/1E2N2C7/1B2T10/1E13/1L13/15 ADFIRSS/EFINOOY 187/177 0
seed: 1790813864
loaded config with command: cgp 11J2A/11OS1C/7r3LA1U/7E3ERST/7L4NAE/7I4EF1/7Q4YEH/7UNLIDS1O/7E6I/7S5MI/13AN/12LAG/12O2/12O2/12KAW DEIMRV?/ABCFIUW 194/211 0
seed: 1790813865
loaded config with command: cgp 15/15/15/15/15/15/10H4/5FRUG1O4/7MIBs4/4DUVET1P4/10I4/10C4/10E4/15/15 DGHLOOO/GINNRTY 36/99 0
seed: 1790813866
loaded config with command: cgp 15/15/15/15/15/15/15/3KUBIE7/6FEEB5/15/15/15/15/15/15 ALMNORW/EIMNOQR 32/25 0
seed: 1790813867
loaded config with command: cgp 7G7/5Q1R7/1HANDAXE7/JIBE1DIE7/4LI1T7/4E10/4A1U5R2/4DUFF4U2/3AM1OE4T2/3KAW1A4I2/3ANY1R4L2/3T1N1S3RE2/3e3O3IS2/1VRAIC1m1ZOO3/3S3EVERTING ACEELLS/NNOOPTU 375/393 0
seed: 1790813868
loaded config with command: cgp 15/4V10/4I10/4F10/4D10/4AH9/5E9/3HARLOT6/5I9/5S9/3DUSK8/2BEMOANER5/4UNMEW6/15/15 GIILRTT/GILPRYZ 137/145 0
seed: 1790813869
loaded config with command: cgp 15/15/15/15/15/15/15/6ZIG6/5VATU6/6GALUT4/8AMIDO2/10NEF2/15/15/15 CDDENO?/AEINPST 56/80 0
seed: 1790813870
loaded config with command: cgp 7FRACK1QI/10O1BAD/2L5G1M1UTE/2uT3MIZENS2/P1NE4R1L1B2/RICIER2L1I1A2/E1HI1YEAS1E1R2/X1ED1UNI2R1SWY/1PO12/1ON12/1T13/1T13/FEH12/ODA12/N1J12 AEGINV?/DEGITVW 358/300 0
seed: 1790813871
loaded config with command: cgp 15/15/15/15/3REGEARED4/2J1U10/2A1O10/H1VAUNTIE5P/A1E1A2OXO4I/L1L1EF2OYE3V/I1I1SI8O/D1N2C5BITT/O4ERYTHRON1m/MALIKS8E/SRI11N ADEPQSW/DEGLMUZ 390/311 0
seed: 1790813872
loaded config with command: cgp ENsUITES7/7T1POUCH1/6WAWE5/4OROPESAS1R1/1AG4L1OXIME1/1BAH3E5G1/2KO3R4QUA/3VENDS3JILT/3E9A1/3R9E1/2BENDY8/3R11/1DIsTEND7/5FOIN6/7MOZ5 ACGLRVY/AFIIIIN 448/408 0
seed: 1790813873
loaded config with command: cgp 13O1/8F4U1/4L2QIN1C1T1/3OUTRIG2L1D1/4R3j2O1R1/4C3A2O1A1/4H1V1M2T1N1/3BEGEMS1PINKS/3ID1R3OE3/3Z1ATE2S4/3JAB1L2I4/3EWE1U2EUOI1/3TAD1VAES4/4R1NIGHT4/4D2A7 ILORWXY/AAEEIN? 364/293 0
seed: 1790813874
loaded config with command: cgp 7B2NIKAU/6PENTANOLS/7L3L3/7I3I3/4AE1E1UTE3/4EW1FAVER3/4R3YADS3/VOLTA1JOE1D4/4T1OX1GI4/1CHRIStY1AN4/2E1O4UG4/2W1N10/2G12/1RHOMB9/15 AEEFMRT/DDIINRZ 383/309 0
seed: 1790813875
loaded config with command: cgp 15/15/2T3B8/1TRAILER7/2O3G3V4/2O2QUEY1O2J1/2Z3N3G2U1/4FIKY1PURINS/6E2RE2G1/6DIVERT1L1/7NOX1I1I1/7DE2N3/7AMA1N3/7BAC1E3/7A1E1R3 AELLMOP/ADHHOSS 251/208 0
seed: 1790813876
loaded config with command: cgp 15/5L8H/2REMIX7y/5M8E/4PE4K3N/4AY4U2ZO/4L1WAGER2OI/N2FIVER1CID1OD/O3N3JO1OFT1/I3GIE1AT1NOY1/CANASTER1A1EN2/E6U1G1ED2/7B1E2A2/7A1S5/7I7 AQRTTUU/EHISST? 359/302 0
seed: 1790813877
loaded config with command: cgp 1M13/1O13/1T13/WORLD10/1R13/1YA12/2L2BY4T3/2T1MOOI2GUNGE/2R4n3T3/1QIN3FUB1U3/2C1ANDESITE3/ZOEAE2R3D1J1/I1S4I5U1/T6O5V1/E4FOrEWARNER AAAHILL/DEKPSSX 372/302 0
seed: 1790813878
loaded config with command: cgp S1ONGOING6/I1U12/B1R12/Y1I12/LIE12/1M3V9/QI3IF8/IT1ZONAE7/1AMENED8/1TED1WE8/DEWAR1RAYLE4/O1L12/R1E12/A1ROGUE8/D1sPITTLe6 AKOPRTX/BCNOOSV 302/253 0
seed: 1790813879
loaded config with command: cgp 7C7/7O7/7V7/7E7/3NONANoIC4/9SOV3/10E4/7DRANK3/6ZE2U4/5JET2R4/4MODII1ID3/2W2L1N3E1T1/2R3QUAG1ITA1/1PALTRIER2FAB1/GAPO3S3YU2 BEFLSTU/AEHINRW 344/294 0
seed: 1790813880
loaded config with command: cgp 12g2/11WHY1/3G6J1O2/3R6U1U2/3OS5GEL2/3OU4CAMI2/2IMBLAZE2AE2/QIS1e2ORLON3/4N1VAG2A3/4T6T3/4R6E3/3KY1ENDORSEE1/DEFI11/1WATAPE8/FEVER1HIC6 DIINOTU/ADIINOS 403/352 0
seed: 1790813881
loaded config with command: cgp 3A1EVIL6/1HAPAX9/3I11/2HADJ9/3R1I9/3I1REFALLEN2/3A1D9/3N1SCOG2WEED/7Y2WOE2/7S1MO4/7T1OO4/6FrENZIED1/7I1OI4/7G2E4/1QUICKSET1RUTTY ALSUUV?/ABEGNRT 364/324 0
seed: 1790813882
loaded config with command: cgp 1FY2WIVED4T/1AR5N5A/1VAG4H3JEU/2PA2MYaLGIA1B/2TUT3N2OI1E/3MU3C6/4X3E6/3CEBOID6/4DA9/1UPTOWNERS5/4S2T7/7H7/7I7/7O7/7N7 EGLLOOS/AADEIIR 295/240 0
seed: 1790813883
loaded config with command: cgp 15/15/15/15/15/5V7C1/GRR1FA7LO/2IOLITE5oW/KIF1IN1B5TI/Y2MM2A5HE/NY1OP1BURQAS1E1/DO1Z3C3IOS1/ETUI3h3XU2/DERN3EEJIT3/3G3S3H3 DEINOST/AADLRUW 324/251 0
seed: 1790813884
loaded config with command: cgp W14/h1J12/E1I3ZAG1ADO2/AUNTLIER2YOW2/T1X1E1ABITUR3/EF2ID9/NE2SOV8/ST1FUGIO7/1C2R1M8/1H1PEH9/3OdE9/3T1L9/1BYTALK8/QI1E1O9/ID1RESPOND5 AEIMNNO/AACINRV 447/390 0
seed: 1790813885
loaded config with command: cgp 15/15/15/3B7M3/3U7A3/3G5V1N3/3G4OI1n3/E2YOJANAS1O3/X3HOW1FEWS3/OE3YAE1DIED2/1R5L2D1RE1/QUBIT2U2T1OU1/1CADEnZAS1H1LO1/1I5T4LI1/1CRAMPIER6 AIIINTV/AEFGNNT 376/310 0
seed: 1790813886
loaded config with command: cgp THEORY1ZIFF4/5AGONE5/8C6/7HELED3/4PERIDIA4/1QADI2NIB5/2V5N6/2OM1TWIG6/2WE1A9/3I1X9/3S1AMOEBEAn2/3T2OURALI3/2NELLY8/3R11/1UNSTRIPS6 DJKOOST/ACEORTU 382/337 0
seed: 1790813887
loaded config with command: cgp VEND1MUID2BEAN/1HEADY1nAPPIER1/4E1V8/3QUAIL7/4C1T8/4EWE8/5EL1H6/4JELLO6/4ANI1K6/4G3A6/3TI10/3OR10/1CWMS10/3O11/GRIZ11 DFORTTX/AEGINNR 309/238 0
seed: 1790813888
loaded config with command: cgp 3C3A1D5/3L1B1U1A2F2/2JYMOLD1N2E2/3P1T1A1DARZI1/3I1T1c1I5/3N3I1E5/3G2BOOS5/5AYU3PAVE/5R1SQUAILER/5R5N1H1/5I5K1M1/5A5E3/5G2WRUNG2/5E9/1OVErSOWN6 AEOOORT/EEHINTX 364/310 0
seed: 1790813889
loaded config with command: cgp 11WHOP/12E2/5F6I2/5L1BLANDS2/5EWE4TO1/5GHI1I2EX1/6AG1N2RE1/3GUQIN1U3NY/2JIN1ZEAS4A/2U1C1L1ET4K/2R1I1EMO6/2ODA1dIN6/2REE2R7/3A3V7/COIF3S7 AEORTTY/BEILTTV 360/299 0
seed: 1790813890
loaded config with command: cgp R2O3DEIcIDES/AFfRONTE5L1/M2A3L3GREW/B2CH2F5V1/L2YA8E1/A3W8N1/4KEP1J4T1/3PIROGI4H1/2LATEX1N6/1QI5N6/1U2ZOOTIER4/SEAMAID8/1U13/1E13/UDO12 AINNOSY/BERTTUV 456/381 0
seed: 1790813891
loaded config with command: cgp 7B7/5WALTZ5/7E7/3BOULDERS4/1JIRD4EH4/HA1A3GUV5/OU1N1FOEN6/AN1KRAFT7/ST3L9/1I2AX9/REM1V10/Y1ADO10/O1DO11/T1GO11/SYENITIC7 AINNPRS/AEPRTU? 311/260 0
seed: 1790813892
loaded config with command: cgp dOORSMAN7/2X12/2Y12/W1A12/h1C12/I1I12/M1DA1EYE3A3/P2ZILAS3R3/L2I7B3/EW1O7O3/1E1N7R3/1F1E2UNIFIES2/1TESTATE3T3/1E9A3/1D13 BGIOOOP/ACDHNTV 394/314 0
seed: 1790813893
loaded config with command: cgp 7GEOID3/10NOPAL/4PLASHET1AL1/5IXIA3WOK/2VEND3YE1NOO/8JOR1EFS/8U1I1E1E/7TRONCs1S/8Y1I4/9UT3W/9NE3A/9A1MIRV/8QUBIT1I/9SEZ2E/14R ADENRTU/BCDFHMO 340/295 0
seed: 1790813894
loaded config with command: cgp 7B7/5FLuMP5/5AINEE5/JUICER1G1HOMIE1/I6h2PUTTO/G5DO7/O4GUL7/T4OYE7/4AWK8/4IDE8/3NO1R8/3EL10/1FOXIE9/TAWT11/3SEVEN7 AAACLOU/ADEENQS 281/226 0
seed: 1790813895
loaded config with command: cgp 7NERVER2/9E5/9T5/9ARM3/9CHA3/3G5KON3/3L1NOOPS1D3/3ALOWE7/3D4MAC4/1J1D1VITEX1BUG1/1A1OWO2DETINUe/1P1NAG9/FEZ1QI9/1r2FE9/TYEES10 AIIILOS/AAINRRU 350/293 0
seed: 1790813896
loaded config with command: cgp 7Z7/7IF6/2T2DOGY6/2E1JAI8/2R1ID9/2T1LOS8/2I1G1E7C/1cAVIARE6R/2L1E1E7E/2S3NOOK3AW/4Q1A1FIN2N1/3VAUTE1PUNTO1/HOG1D1E6D1/ANOMIES6I1/WEB10C1 AHPRSUX/ELRTTU? 384/304 0
seed: 1790813897
loaded config with command: cgp 10COVID/12U2/12G2/11CH2/11L3/5ZE4U3/2OBLATES2E3/WINO3MIRLY3/ONY1DETOX6/R3EWE8/R1GIB1ADSUKIs2/I14/T14/E3AIA8/DETRITAL7 EFJNNOR/AAEHIMN 351/311 0
seed: 1790813898
loaded config with command: cgp 13AT/13BE/13LA/12POP/12OWO/12I1T/7FoRTUNES/6ZAX3T2/G1VEHME8/A3OUNCE6/R2QI3ADENINE/BHAI3Y3YOU1/A1InJURER6/G6V1METRIC/E2SLOKENED4 AADNORS/DGIOSTW 423/360 0
seed: 1790813899
loaded config with command: cgp T14/I6P7/G2V3R7/R2I3E7/O2N2UNBAKED2/IF1O1B1A4E2/DA1U1R1M4F2/1INSNARE4E2/1T3S1SO3C2/1H3H2U3A2/4GYM1T3T2/3QI3G3E2/8O1WADE1/1CLOW3E6/3YODLEr6 AENRTV?/AAEILUZ 333/286 0
seed: 1790813900
loaded config with command: cgp 15/15/7G7/4MoNOTINT3/7A4I2/7L4N2/6QI4V2/3HOMIE3FICE/2PAUA6T2/1ZEBRANOS1TEAK1/2AI3WOmANLY1/3T11/3U1LEGATOR3/1PHENIX8/JOES1DOWIER4 DEEGORY/CDEILRR 379/308 0
seed: 1790813901
loaded config with command: cgp 7KNIFER2/5CHOOF1NE2/3W1O5GI2/3A1P3M1I3/3GAY2PA1L3/3GUR2ED1D3/3ARE2EW1E3/4AA1OVOID3/5D2ER5/9T5/3TANTIES5/15/15/15/15 ELOTV??/BBEIMST 256/202 0
seed: 1790813902
loaded config with command: cgp 7T7/7O1C1E3/6WEArILY2/SQuEALED1E1O3/9E1N3/3DAKS2P1G3/3OBIIT1I1A3/GIRD2FAVE1T3/R10EH2/A11U2/T11M2/I11E2/N11C2/G11T2/S14 INOOOVX/ALNOPWY 293/244 0
seed: 1790813903
loaded config with command: cgp 7F7/7L7/7o7/6AS7/4ELISION4/6GINK1GAM1/6AE2OUPAS/7RETYPE1U/2BYRL2WOE3Q/1JEU1INDEW5/FANTOD1R7/I2ZO2E7/LO5I7/AX5G7/R6H7 AACDEEE/BEIIRTT 320/262 0
seed: 1790813904
loaded config with command: cgp 2J12/1WEY11/1HOA11/BINE11/AR8T4/N9R4/d5PETRALE2/I1APODAL2N1R2/E1U3HM2Q1G2/SAD9OXO/1BI1A7TIG/1COFT7I1I/1E1OU7Z1V/1E1EA7E1A/3N2SNORTED1L CDMORUU/EILSTVY 391/340 0
seed: 1790813905
loaded config with command: cgp 7UG3G2/7FACULAE1/7OU3W2/8N3D2/8T1C4/8l1A4/8E1R1ZEE/6QAT1ABEAR/5KILERG4/4VANED1E4/10eM3/10NO3/8VISOR2/11L3/10PILAF DEHINST/IIJNRTX 282/214 0
seed: 1790813906
loaded config with command: cgp 7A7/3VAHINE6/5ITERaTED2/7W3V3/10QIN2/9FILA2/3C7L3/YEAH3DOILY3/2ZEE2O7/2OMA2U1GONG2/3iNFLATUS4/3C3NOTEPADS/7I7/4SOBERING3/7R7 AEIORTT/BDEJKRX 381/331 0
seed: 1790813907
loaded config with command: cgp 11Z2S/11AA1Y/10PIX1B/10ER2A/10EE2R/10R2QI/4SWAG2I2Ut/VETCH1WIG1EVHOE/4O1LOUNS2D1/4T5T4/2D1T10/2OBE10/2FAN10/3L11/NOOKY10 ADIIMST/ADELMNN 340/298 0
seed: 1790813908
loaded config with command: cgp 14H/12ONO/12VEX/12AW1/10UG1SH/9OWO1YU/4L4OUS2M/QI1FABLE3P2I/1ThEREON3E2D/1AA1V6L2L/4I5MINNY/4KATCINAS3/1AR1i3FICE3/1ZA1T4BESEE1/DOITED9 ADGJRTU/EGINPRR 440/374 0
seed: 1790813909
loaded config with command: cgp 15/15/2PYA1C2BUDA2/2OUTROW3J3/3MEET2AHI3/6L2QIN3/6A2UN4/6NOVITY2Z/6D2FEEB1A/6S2ER1L1G/9R1FAHS/11ORE1/11UTE1/11N1LA/7OAKED2X CEEIIR?/DGIIINS 297/256 0
seed: 1790813910
loaded config with command: cgp 7E7/7N7/7T7/7I7/4SALtANDO1H1/G6I5A1/R3C2E5B1/E2MOILS2UPTAK/WAX1V8N1/1GU1AY7E1/1L2RE1VAUCH1R1/BA2IN1I3EUOI/OROpESAS7/PE2D2I7/O6T7 DEFQRTT/EFIJORW 375/300 0
seed: 1790813911
loaded config with command: cgp 3FOXIE7/3A3LUZ5/3Q11/3U5F5/3IN4OR4/2DREK3VAG3/4DOPA1EN4/5PIErOGY3/9LO4/1B3MIL1EL4/1U2JA4I4/1N1COSTEANS4/1TEHRS9/TYDE11/15 EGIINW?/BEENRST 339/292 0
seed: 1790813912
loaded config with command: cgp R2APHORIsE4/ABASIA4L4/T9U4/H9E4/10N4/10T4/5C1QATS4/4GOJI1R5/3TIRO2I5/4NEWT1Z5/5D1I1O5/3D1E1G1N5/1MIEVED1VEILED1/EA1B1M9/FAUT1SPLOG5 AEIKOSX/AFLNNOR 318/273 0
seed: 1790813913
loaded config with command: cgp 15/1M13/1U6R6/1N6ER5/1C6MED4/AH6OXO4/L7R1I4/OK2JIAOS1TUFTY/EE1LATH1E6/1ENOW10/1P2E10/WIVED10/1N13/1G13/1SEDATING6 ABIQSU?/BEILPTV 327/264 0
seed: 1790813914
loaded config with command: cgp 7E6M/4J1IXIA4I/2PROG1ADHERERS/4B2C6L/4A2T6A/4T1DA6B/4I1E7O/M2POLlENS4R/E1QIN1U2O2F2/TWIN2S2ZO1R2/I5O2IDEA2/F5RE1NEWT2/6YU2A1c2/7G4H2/7E4Y2 AEENTUV/AIKLLNT 471/411 0
seed: 1790813915
loaded config with command: cgp 2COmIqUE1THANE/7PARIETAL/12O2/7FORKING1/12I2/8V3E2/8E2AS2/6QIN2G3/8DO1I3/9B1L3/7T1AYE3/7H2UR3/4TROILUS4/7E7/7F7 AEIISWY/ABDDERX 291/250 0
seed: 1790813916
loaded config with command: cgp 3C11/3H11/1QUOTA9/3N1V9/4SO4PELTA/4EW1JAXY3B/4A3NIACINS/3FLOOIE5T/2V1IRK7E/2UDO9R/2MON9G/3WEB8E/3IdE2MUTANTs/3E1Z9/GENRE10 EFILRTU/AADIISS 382/311 0
seed: 1790813917
loaded config with command: cgp ADVECTING6/1O13/1R6P6/1A5FLU5/1D2BEBEERU4/JO1LIMA1N1N4/I7I1V4/G2QUONKS1E4/O1LIP1YAH1N4/TWIN6T4/10E4/3GRECiSED4/15/15/15 AAFILTY/AAAEEMO 345/276 0
seed: 1790813918
loaded config with command: cgp 13YO/9QEEMA1/9I2OBO/9NONTAX/10U4/10T3P/6JOE1L3I/5OARWEED2T/4MERDE1A3I/10r2FE/1VAILING2N2OR/7EYESORES/2ADDICT7/15/15 EFHIKN?/LPRTUVZ 388/315 0
seed: 1790813919
loaded config with command: cgp 11P2M/9W1L2E/ZYGA1F2JAVELIN/3WRITHES1X2s/5N2ET4T/5D3E4R/9L4U/6QINS3FA/7N5O1/7D5R1/7U5G1/1OUTDANCE4I1/7E5V1/1lASTBORN4E1/7S3CIRE BEIMOOP/AAEIKOU 426/375 0
seed: 1790813920
