loaded config with command: set -threads 1 -savesettings false -hr false -numplays 15 -ima 0 -minp 100 -autosave false -fgrequired false
seed: 1790813719
loaded config with command: set -lex CSW24 -leaves CSW24 -wmp true -pat CSW24 -s1 equity -s2 equity -r1 all -r2 all -numplays 1 -threads 1
seed: 1790813720
loaded config with command: cgp 11E3/11O3/11L3/11I3/10JA3/6GaNOINES1/3ROHE3N2EF/AWA1OILY2X2RE/2MIMED6PE/13I1/13G1/13OB/14A/14Y/14T AINPRST/DHIOQRT 176/184 0
seed: 1790813721
loaded config with command: cgp 15/15/15/15/15/15/5W9/4FIND7/5C9/5K9/4BYPATH5/15/15/15/15 BEEJMOR/AEILMNP 27/48 0
seed: 1790813722
loaded config with command: cgp 1G13/1AW2G9/1DOF1A9/2NURD9/3MOD9/4QI9/4U1XIS6/3HELIO7/2JET10/1BUNT10/2N1E3LINTIER/2INSECTAn5/2O12/1FROW10/ZAS12 AEEKLPV/AABEOTT 282/279 0
seed: 1790813723
loaded config with command: cgp 15/4P2RIFTIEST/4I5O4/4C5W4/4L5H4/4O5E4/4R3V1E4/3CANTDOGs4/4M3XU5/15/15/15/15/15/15 ADEERU?/AHINOUW 241/142 0
seed: 1790813724
loaded config with command: cgp 7Q7/7A7/7D7/3PAyLIST5/2JATO9/5KITH3S2/7HOUF1E2/3GLOVED1ABAND/12F2/12AW1/12RE1/11YEX1/8VIGOR2/NEMORAL4U3/ATE2MINUTER3 DIIIILZ/EGIRSTY 324/305 0
seed: 1790813725
loaded config with command: cgp 7M5QI/7A5UT/LEX4W4PA1/1EUOI2KIDGIER1/3HOLLY4REB/9I2I1A/9N2O1N/5SOmEWAYS1N/9E2T1E/9A4T/FACTOR3V5/1DOOB2Z1E5/2PRESCIND5/7T7/7I7 ADEERS?/GJMORTU 385/368 0
seed: 1790813726
loaded config with command: cgp 3B11/1LARKY2V6/3E1UPGIRTED2/3IT3O2DIEB/3DO3L6/4C3I6/4C1LONE5/3PAEANS6/3ATAXY7/3WERE8/6SHOJO4/15/15/15/15 EEEINRR/AEQSTV? 239/217 0
seed: 1790813727
loaded config with command: cgp 15/15/15/11L3/11U3/11R3/7N2HE3/3QUIPO2AX3/7R2V4/1BiJUGATE1e4/7H2R4/5TRENDILY2/7R2N4/ADULATES2G4/15 EEFIKNS/DNNOOVZ 201/276 0
seed: 1790813728
loaded config with command: cgp 15/15/15/15/15/10D4/5CUIF1E4/7SENVY3/10O4/10U4/10T4/10E4/10R4/15/15 AEGHNTT/DEEINOS 74/55 0
seed: 1790813729
loaded config with command: cgp 15/15/9L1FETT/3L1DUODENAL1A/3OBI3P4W/3ROM3O3CH/4O4R3OI/1UNItERS1I3OR/4E4N3KI/3YEX3E4s/3E1U9/3V11/2ZE7JAVA/2H3TETANAL2/RIOTRIES7 BDEFGMT/AAEGGNW 248/532 0
seed: 1790813730
loaded config with command: cgp 15/15/15/15/4O10/4R10/4D10/3HEAVY7/4A4O5/4L4X5/4SADIrONS3/15/15/15/15 BEETTUW/DLMORSV 102/58 0
seed: 1790813731
loaded config with command: cgp VOAR11/3IO5B4/2ZEL5U4/2AMI5N4/2I1V5J4/2R1IF3KI4/1FE1NA3YE4/1i1DEAREST5/1XI6H5/1AN6EW4/1T7DA4/MELL6U4/1D8L4/15/15 PQRTUWY/EGINORS 227/200 0
seed: 1790813732
loaded config with command: cgp 12G2/9JO1I2/9AY1L2/10ERG2/10ZEA2/5QIS3GI2/7ATOKE3/6PREFIX3/6I8/6C8/4TESTUDO4/15/15/15/15 AAFNRTW/AEMNSTV 158/189 0
seed: 1790813733
loaded config with command: cgp 7Y6O/7O1I4A/7WINGBEAT/7I1R4Y/7E1O5/5M2LA5/3PRUH1ID5/5FIEFS5/2V1ET2U6/R1O1AI2L6/E1T1T3L6/QUENa10/U1D1B10/I3L2OCEANID1/T1EVEJAR7 AEGIMSX/ANOPRS? 311/314 0
seed: 1790813734
loaded config with command: cgp 15/15/15/15/4H10/4E10/2LARCHeN6/4D2NOBLY3/3OS10/3UM10/3TA10/3IN10/3E11/15/15 BDNRRU?/EFILOTV 134/93 0
seed: 1790813735
loaded config with command: cgp 11D3/10WE3/10AE3/9HAD3/9EH4/9R5/9E2I2/7ENDOWS2/9I2O2/9T2B2/9YUGA2/10VIS2/10APe2/5IOLITEs3/15 AEFNQTX/ACIMNNS 134/244 0
seed: 1790813736
loaded config with command: cgp 15/15/15/15/13P1/5J1PUB3E1/5I1OMITTER1/3FAVER5I1/5EXEC4D1/5D7I1/13A1/13L1/15/15/15 LNORTTY/AEINSUY 106/167 0
seed: 1790813737
loaded config with command: cgp 15/15/15/15/15/15/15/3FEAZED6/8I6/8T6/8T6/8Y6/15/15/15 AEIMTXY/DDGJLOT 42/29 0
seed: 1790813738
loaded config with command: cgp 2THIEVING4W/7M5PI/7M5EF/7A5rE/3UNRENTED2G1/7T5O1/7L5L1/3AZINE5AB/4E9U/4A4HOOVER/4L3JEU3Y/3FOREPARtS3/4T6C3/11A3/11D3 BEIIOOU/ACEIRSS 351/306 0
seed: 1790813739
loaded config with command: cgp 15/13T1/13I1/13N1/13K1/5O7E1/4PRONATEd1R1/3BEANO2WIVER/3L1T2V4D1/3E1O2LO5/3SURFRODE4/3S1I2GI5/2QI1A3U5/2UN1L3M5/2AG11 ACEEISW/BEHIPY? 176/362 0
seed: 1790813740
loaded config with command: cgp 15/15/15/15/15/1F1ODA1TAJ5/1OPIUM1R7/KYE1HIOI7/2L4NUMERATE/2L2Qi8/TRAILING1AYE3/A1C4UNBOX3/W1H7BOEP1/I1SITZ9/E2FIERS7 EEENORR/AGLNSTV 271/333 0
seed: 1790813741
loaded config with command: cgp 8UNOWNED/5Q5I2I/5A1D3P2C/5N1Z2RE2R/4cAROUSER2O/5T3JO3t/9OI3A/7AXEL3L/7MI6/15/15/15/15/15/15 EIKLSTU/AELMNTT 186/213 0
seed: 1790813742
loaded config with command: cgp 15/15/10W4/10I4/10V4/9ZE3T/5F3I4O/3IGAPO1L4I/5N3L4L/5DOGWATCH1S/2BOYSY5I1O/1JADE6FORM/QUASAR6I1E/1V13/1EOlIENNE6 AEGIRRT/EEEKMSU 234/277 0
seed: 1790813743
loaded config with command: cgp 10D4/10O4/5C4R4/3E1O4M4/3JAVELINS4/3I1E9/3D1R3A5/2PO1UWU1B1ADZE/2I2P1REALTIE1/2R2S3T5/2O6T5/2j6O5/2K6I5/2I6R5/15 ACEIMOO/ABGHLVX 231/231 0
seed: 1790813744
loaded config with command: cgp 3J11/3A11/3F1Q9/3AHI9/WEASON9/O3G10/V3G1Z8/E2PEWEE6D/N3RAX7U/5H8N/4PO8N/4YO8A/4I3BOUVIER/1CERCLAGE5T/14S AADFLT?/DLNORTY 270/335 0
seed: 1790813745
loaded config with command: cgp 15/15/15/15/15/15/15/7DRACHMAE/15/15/15/15/15/15/15 BEIOSST/AAADNOU 36/48 0
seed: 1790813746
loaded config with command: cgp 3F3G6V/1GALLY1R1B3AI/3E3I1I2MUN/D2X3ZINKIER1/E1FONDUE1GU1DI1/AJAR4TOM1ACH/c7W1I1L1O/O2R3BETTY2P/N2O4R1E3E/S2Q4P5D/2TUATuAS6/3E11/15/15/15 AELNOOR/EHIINSW 310/361 0
seed: 1790813747
loaded config with command: cgp 15/15/15/6C3F4/6O3L4/6L3O4/6E3A4/3FEASE2T4/6E3E4/6E3L4/4UNDUlOSE3/15/15/15/15 DDIILWY/AEENRTT 106/135 0
seed: 1790813748
loaded config with command: cgp 9QUAILS/8PI5/8R6/8O6/5HUMBUGS3/8I2I3/4C3t2L3/3FOWTHS2VELD/4MOAI2LAW1E/4P1NERF1N2N/3DE6S2T/3ER9A/OVATE9R/1EGO10I/ATAXY9A IKNNOOU/CEGRTTZ 338/286 0
seed: 1790813749
loaded config with command: cgp 5A9/5Z9/5U9/5R9/4UN9/4N10/4E10/3CABBED6/3AS10/3MI10/2GEE10/2OOR10/2W12/2F12/15 AIOORV?/AILNSSU 118/91 0
seed: 1790813750
loaded config with command: cgp 7P7/2B3AR1J5/2E3FIDO5/2WIZ1AMU6/2E1L1REE6/1FE1O3L6/1OP1T3I6/1V1HYOIDS6/1E6T6/1A13/15/15/15/15/15 ADEINNR/CEEOUXY 174/180 0
seed: 1790813751
loaded config with command: cgp 15/12W2/10APO2/10RIFT1/10ET1UM/8T1OH1FA/4A2MOLLY1OY/4BUJOS1E2LO/4A3HI3I1/4L3IN5/4O1DREED4/4N2ERR5/4E2C1T5/7I1I2ZEA/URtICANT1ASKANT AEEGIPR/EQUVWX? 284/304 0
seed: 1790813752
loaded config with command: cgp 8W1J4/8AHI4/8ZEL4/3O5IT4/3V5NE4/3E5ID4/3R4AE5/3COUGARs2S2/3O4E3P2/3Y2OUTBOXES1/8T3A2/7HI3R2/7EN3M2/7AG3E2/7P4N2 DDEFNRT/ACLMSVW 285/216 0
seed: 1790813753
loaded config with command: cgp 7Q6I/7U6B/7O6E/4G2I1Y1YUNX/4L1UNWOVEN2/4A4K2L2/4C1FUGS2O2/CONFINER3HAWM/4E7D2/2GIRLIEST2SH1/4S8OD/8ZATI1PA/7RElETTER/13DE/14R AIJLNOR/DEIIMPV 321/429 0
seed: 1790813754
loaded config with command: cgp 7U7/3T3N7/2COWPAT2V4/3E1LEADIER3/3AGO1X2R4/4OYE1V1B4/4D1E1L5J/4WORMY5U/4I1I7T/4T1EH1FAULDS/4sTROKEN4/7M1ZEN3/7A7/FANGLING7/7ERECTION AEORSS?/BHIIPQU 295/394 0
seed: 1790813755
loaded config with command: cgp 15/15/15/15/15/6W8/3JUDY8/4TATT4M2/5KEECH1QI2/9IRID1N/4PROFANE1I1T/10BIRCH/12O2/7TOWSING1/3FAUNAE6 AAEGMSZ/DGINRV? 179/203 0
seed: 1790813756
loaded config with command: cgp 7PEQUISTE/7U6S/FLANCHING1CIVET/R1BOH2Ae5R/U2TIL1NOWL3A/IF5IDE4N/TI1JIZ2EX4G/YO1U1AVOS5E/1R1N4Y6/1D1I11/2MoT10/2ORA10/2BED10/2ED11/15 EEEKOPR/AAAEOST 373/411 0
seed: 1790813757
loaded config with command: cgp 15/15/7D7/7E7/7R2E4/7O2T4/7G2H4/7AWEE4/7T2R4/7E1ZEP3/3VOTED2AH3/10LI3/11SIJO/12DAB/15 AILOORX/GIKNNU? 136/190 0
seed: 1790813758
loaded config with command: cgp J1R12/ERE3Q8/TEs2BI1V6/1CID1I1WO6/1ODA1T1AG6/1PUG1E1I7/1YEA1sPA7/3BUILT7/1AHA1ZEA7/1NE2EA8/CAL12/E1I12/N1O12/T14/U14 DHILNWY/ILMNRST 248/208 0
seed: 1790813759
loaded config with command: cgp 11Q3/11u3/4W1TABOURER1/3FE6S3/3AE5CH3/2OUPA4L4/3LI2MERITED1/3DEUTON1N4/5MIGG1G4/9BE4/9ERS3/9A1P3/2ANTiLEFT1I3/9Y1N3/11KHAN CEIORSZ/DEEILSV 208/332 0
seed: 1790813760
loaded config with command: cgp 7LORIC3/11R3/10JOY2/10UG1V1/10T2E1/5T2Q1T2X1/5U1MINIVETS/5TWAS1N3W/5U4G3I/7ADZ4L/8AECIA1L/8DEHORTS/12BE1/15/15 EKMNRY?/EFLNPRU 271/212 0
seed: 1790813761
loaded config with command: cgp 15/1R7KILTY1/1E8N1E2/1V8N1A2/OU7PI1R2/DE3J3HE1O2/O4O1Q1O2O2/N4BHUTS2M2/A3FEME4S2/TUFTED1P7/A1AIN10/1RESILED7/6RIDGIeR2/4GUAVA6/7OWT5 EIILNO?/CENRTWZ 264/356 0
seed: 1790813762
loaded config with command: cgp 15/15/13Z1/13A1/13N1/9BIVVY1/9L3I1/7ONERY1S1/6GROW3M1/5JOT5S1/4KO9/3COT9/15/15/15 ACEELS?/AEENRUW 98/134 0
seed: 1790813763
loaded config with command: cgp ADAYS10/U3E10/B1MURKING6/R3V10/E3QI9/T3UN9/I3AL9/A3LYRES1G4/8PEL4/4J3AXE4/4O3I1E4/3CHICER6/4N3G1ZATI1/7DEVON3/4LOOED6 AEEHRSS/IMOTU?? 220/363 0
seed: 1790813764
loaded config with command: cgp 15/15/15/15/L14/I14/G14/N2BINGED6/U2E11/M2A11/ST1C11/1OCH11/1WAY11/MIZ12/1E13 AEFLRST/EGKOOS? 96/142 0
seed: 1790813765
loaded config with command: cgp 15/15/6ENGAgEE2/8L6/3CROWBOoT4/C7V6/U7I6/ROID2QIN6/A1SALUING6/T2DIMS8/I2APP9/N14/G14/15/15 AEEHNRR/FHLOOTU 198/282 0
seed: 1790813766
loaded config with command: cgp 15/15/9T5/9U5/9R5/9F5/5BOOBS5/4LIRK7/15/15/15/15/15/15/15 EHIRTY?/AENOPRY 25/41 0
seed: 1790813767
loaded config with command: cgp 15/15/15/9G5/9l5/8LI5/8IO5/3CHAGANS5/2TO4NE5/1VOLTI3S5/2XI1O9/2IN11/2NE4FARAD2/3A1WICE6/PEERIE2WoLVERS AIORTTZ/DFGJNOS 158/311 0
seed: 1790813768
loaded config with command: cgp 15/15/6TEMP5/7FAERIE2/10E4/9BYE3/10n4/7INIA4/10R4/10d4/10S4/15/15/15/15 AINOQSU/EIIRSTX 112/50 0
seed: 1790813769
loaded config with command: cgp 15/15/15/7F7/7O7/5F1R7/5L1M7/3BAIDARS5/5R1N7/5T1T7/15/15/15/15/15 ACEMRTW/EEGRTUX 18/92 0
seed: 1790813770
loaded config with command: cgp 15/9MINUET/11O3/11T3/5V5A3/4COTT3I3/5C5R3/4RAIA2EE3/4AB1GUVS1W2/3ED5T1R2/3XI5R1O2/2APO4JOHN2/2FOE4IN1G2/2F1D4NE4/5GYRONS4 IIKLLQR/DEEHIWZ 246/240 0
seed: 1790813771
loaded config with command: cgp 6JUD6/7REFITTED/9O5/5OUTVOTER2/3A5D5/3N5I5/3A4KET4/3BAGUIOS5/3A11/2ZEBRINES5/3n11/3A11/15/15/15 AADLRST/HIINNOY 194/265 0
seed: 1790813772
loaded config with command: cgp 7C5CH/7HI4OE/O6EN1BAIZA/D7T5l/O3Q2OUTDOERS/UNWRAP2S5O/R3I3E5M/EW2DEVAS5E/DAB12/1KO12/1FE12/2PRUNT8/15/15/15 EGGLNUX/AEILNNV 333/247 0
seed: 1790813773
loaded config with command: cgp 15/15/15/15/15/15/15/4ZERO7/15/15/15/15/15/15/15 IJLORTY/EINRTU? 0/26 0
seed: 1790813774
loaded config with command: cgp POYOU2M3FAGS/4NARROWLY2P/7I6E/2CHOWED6A/3OKE1A6R/DJIN1B1N6m/O1FENS1g6E/Z5QAT5N/E7R6/8I6/8S6/2UNITIVE6/8C6/8T6/2TOVARISH5 ADEEGLT/AEGIMOX 352/372 0
seed: 1790813775
loaded config with command: cgp 5GEMOTE4/7AUE5/2OAF1XI1N5/4RAINSUIT3/4E4R5/4T4I5/4w3JAG4/CHICON1PILAF2M/4R3V1URD1A/4K3Y1ZOOTY/10ENG1B/11D1WE/13H1/13O1/11LOWN AEEILNS/ADEIIRS 228/388 0
seed: 1790813776
loaded config with command: cgp 15/15/15/15/15/15/15/1pIGNOLI7/15/15/15/15/15/15/15 AEEINNR/CINOTY? 68/0 1
seed: 1790813777
loaded config with command: cgp 15/15/15/11JIFF/14U/9VROUWS/2QUINOL1R4E/C6ATOPY1BE/A5AWETO2E1/T4ZINC1L2S1/LAUNDER3L2I1/I2YAD4MO1G1/N9EX1H1/G9N2s1/s14 EEGHRSV/AEIKMOR 260/395 0
seed: 1790813778
loaded config with command: cgp 14K/13RE/12DEX/12OS1/12FE1/13D1/5BARP4A1/3ADOZE5SO/5HOMY3J1T/8UnQUIET/12N1A/12N1V/12I1A/15/15 AILNRRS/GGIORST 207/224 0
seed: 1790813779
loaded config with command: cgp 7A7/7N7/7T7/7L7/7i7/2X2J1A7/2R2I1T7/2AWARDER6/2YA1B9/3I1L7B1/3FEE1ENVOY1E1/3UNDID2NECK1/4D8A1/1ORZO8H1/QI1AWFUL7 EEHNNOV/EEGLORU 178/285 0
seed: 1790813780
loaded config with command: cgp 11V3/M10I3/A10V3/L10A3/T9PE3/E8ZED2C/ST4I2OR1HEH/ER4NETLIKE1E/1O4Q3L3W/1L4U3I2FY/1A4I3N2R1/1N4R3G2O1/1DJEMBE6W1/13N1/15 ACGRSUU/AAISTX? 211/423 0
seed: 1790813781
loaded config with command: cgp 14R/13HE/12ZEX/ONNED8B1/FEU10E1/L7Q4T1/A3M1POILU2a1/GU1BAGIES1TWINS/1R1OY8T1/1E1OO10/1AJAR10/2AI11/2I12/1CLOOT9/3PRANK7 AEFIRST/DEEEIR? 232/287 0
seed: 1790813782
loaded config with command: cgp 7W7/7Y7/7N7/1T4UN7/RE4N8/EW1MAGI8/N1OOBIT8/E2MAFIC7/GAVE2V1N6/U4HE1I6/E3EA2O6/4XI2B6/4OK2O6/5A2U6/3THIRLS6 ELORRS?/CEIILPS 184/218 0
seed: 1790813783
loaded config with command: cgp 15/15/15/15/15/15/1FARL6D3/1ECHOIST3J3/2HOB6I3/1ZE2WAVE2N3/REDIAE3QIN3/3DENARII1S3/15/15/15 AGLMRW?/BCEGIS? 138/277 0
seed: 1790813784
loaded config with command: cgp 15/15/15/15/15/15/15/3YEANINg5/15/15/15/15/15/15/15 AAEITTY/DHKORR? 0/76 0
seed: 1790813785
loaded config with command: cgp 15/15/15/4V10/4i1FIXED4/1OVERBY2FIB3/4TO5O3/3PUKED3U3/4OE1A3N3/3ASH1I3I3/3JA2R3N3/3I3Y3G3/7M7/7E7/7N7 ACEEIRS/AEIOOTT 197/234 0
seed: 1790813786
loaded config with command: cgp GUAC3AMBRY3/INTRePID7/3O11/3PA10/4E10/1LEUgHEN7/4R1TUT6/3VORAGOS5/4T6E3/3RAJ3B1I3/4TACTIONS3/7H1L1W3/7I1I1E3/7E1X1I3/7F2KNOWE DEEGIRY/AEILNOZ 358/303 0
seed: 1790813787
loaded config with command: cgp 15/15/15/15/15/15/15/3KORMA7/15/15/15/15/15/15/15 ADENOSY/ACDGNOR 0/32 0
seed: 1790813788
loaded config with command: cgp 3KRANZ7/3O1HEEL6/2JUN2NOO5/3R11/3AD4C5/4EX2EW5/4LI1YUM5/3TE1VAG6/3IN2PHT5/1RUDDIEs7/3BA10/3I11/3T11/3STRIVEN5/15 AAEGNRY/AFIOOS? 282/243 0
seed: 1790813789
loaded config with command: cgp 7O3W3/7ID2EF1C/7KO2NE1R/8U1ADD1E/7FA1L3O/7INGLOBED/7NE1E3O/3MAIZES1G3N/2RAITA3E3T/10R4/3VOTAReSs4/3A11/3V11/15/15 ABIIPSU/EHINQRT 313/253 0
seed: 1790813790
loaded config with command: cgp 15/15/15/15/15/15/15/7CHONK3/10O4/10V4/10A4/10E4/15/15/15 EGJNTVZ/AEORTTU 38/16 0
seed: 1790813791
loaded config with command: cgp 15/15/15/15/15/15/10H3R/7NAIAD2E/10U3T/10L3I/3pEYOTISM3N/2FIXURE2I3T/8BEEGAHS/9WROTE1/15 ACLLNOO/DEFJPRU 205/193 0
seed: 1790813792
loaded config with command: cgp 15/15/15/15/15/6V8/6I8/6FIB6/6F8/15/15/15/15/15/15 ACIMNSU/AEGHLTW 16/18 0
seed: 1790813793
loaded config with command: cgp 5QAT6O/6L7A/6C4BAUK/5PI2FEALTY/4DIDYMOS4/5PI1UH5/2LOMENT7/3BUTEO7/15/15/15/15/15/15/15 GHINOTV/EEEEFNR 188/192 0
seed: 1790813794
loaded config with command: cgp 15/13E1/13R1/11N1E1/11A1N1/9ZINCOS/5B1AXION1WO/5A1BUNNY2F/5G8T/5P3MAURIS/4Ti3E5/3sEPTLEVA4/4FE3E5/5R2ASIAGO1/7QI6 DEJOOUW/CEMTTTV 265/253 0
seed: 1790813795
loaded config with command: cgp 15/15/2W12/2I12/2L12/2I12/1BE2JOE7/1uR1QOPH7/1T1GU8UR/1A1LO8HA/1N1AI9D/1O1IT9G/1N1REUNITES1KYE/1EXEDRA2MONIES/6MACOYA2T FGIINOT/ABEEPRU 283/290 0
seed: 1790813796
loaded config with command: cgp B2TeNSORS5/OLEATE2EH5/W1C12/L1A12/2U12/2D12/2A1FRIEZED4/YITIE2DETOX2K/2E5DARIC1I/7V4AGS/4GONIdIA1MOM/7H2RUPIA/6JA4INT/6OR5G1/6LA7 FLNRTUW/EEOQSUV 258/450 0
seed: 1790813797
loaded config with command: cgp 15/15/15/15/15/11OOM1/7GALLIUMS/3HINAU6T/3A1EX7I/3VAW8c/1QUEY9H/3R10O/1TYER9I/POOLED2GAGE3/OE3AEROBiA3 AEFORRT/CEISSTV 179/339 0
seed: 1790813798
loaded config with command: cgp 2ANTElOPE1J1O1/1AREOLA2X1OWN1/9U1KAI1/5B3R1IDES/4FUnGIBLE2H/5T5R2O/5L8R/4CINQ6L/5N9/5G9/15/15/15/15/15 AEFMOVY/CEHIOUZ 277/156 0
seed: 1790813799
loaded config with command: cgp CLEEPS1N7/3N3U7/2UnMIXT7/3E3S7/3AG2O7/3DA10/3IT10/3CIVIE7/4N1FARD5/2W1G10/1JETS10/ZEL12/OHS12/OU13/N14 AEGIORU/DFMNOQW 236/211 0
seed: 1790813800
loaded config with command: cgp 15/15/11V3/11O3/11L3/9ZOA3/8JA1R3/E6POGEYS2/N5KAW3I2/EF10E2/MI2TIDIEsT1R2/YA3TATTOOER2/1N10A2/1C1RURU2BHANG1/FEME2HONIED3 CEIIPRS/ENTUUWX 345/326 0
seed: 1790813801
loaded config with command: cgp 15/15/15/4M10/4E10/4N10/4T10/3COrnUTO5/4RE9/4EL9/4DI9/5E9/5V9/5O9/5S9 AEINORV/EIJLOOS 94/143 0
seed: 1790813802
loaded config with command: cgp 15/5T9/5H9/4WALrUSES3/4ON9/4OX9/4d10/3VELDT7/4N10/4E10/4R10/15/15/15/15 AAGIIIR/AFJLNOP 96/150 0
seed: 1790813803
loaded config with command: cgp MIDSHORE7/U14/FENT5C5/FROWIE3O5/2MIG4R5/3NAY3V5/4PoZ2I1Q3/REEVOKED1D1U3/2X2EARLS1O3/2AxILLAE2T3/2L4BANDH3/JETTING4AITU/I14/A14/O14 AEORSTU/ACEGNPY 372/457 0
seed: 1790813804
loaded config with command: cgp 15/15/1AHOY10/WAID1E3RUC3/O2APNEUSes4/OF3T2OF5/DE2EE9/IT1VERLANS5/E3JA9/R2AIT3Q5/3UTE2BILLOW1/3D3Z1N2REX/2MINICABS5/3O3T7/KVAS3I7 EHILNOT/AEGGNRR 381/319 0
seed: 1790813805
loaded config with command: cgp 15/15/15/15/4H10/4I10/4J1ZIT6/1ENGAgES7/2O1C10/2C1K10/2T1S10/2U12/2I12/2D12/15 ILNOOOR/BDEINWY 68/150 0
seed: 1790813806
loaded config with command: cgp 11LAZY/10FA3/8GLAMP2/4V5IMIDO/4E4ARY2U/4T4XI3T/4OE3OE3V/3HEBENOnS2SI/2LORINER4NE/5O3Q3OD/4UnCHAIR1NU1/5I6UT1/5S6NEF/5E7DA/5DRANK4W BEEGLRW/ACIISTT 406/334 0
seed: 1790813807
loaded config with command: cgp PROBANGS7/1A2n2O7/1R2O2X4P2/1E2S7E2/IF2M7D2/NY2IF6I2/S2CAL6C2/T2I1EGG4U2/A2R1DIOL3L2/T2R2EE1KUTI2/E1BA1UNSMOTE3/1JUT5NEW3/1AYE11/1I13/15 AAHLOZ?/EEHINQW 409/329 0
seed: 1790813808
loaded config with command: cgp O13O/IDE11V/NAY9B1E/KYE9I1N/1S10D1W/1M7FAME1A/ReF3ATUA2N1R/ANA3WIG1UPTIE/V1TOUPETS3S2/1QI12/2D12/HEIR11/2C12/15/15 BEHIJNR/AELORSX 348/305 0
seed: 1790813809
loaded config with command: cgp 7G7/7O7/6HE7/6AY7/4F1l8/4I1I8/4R1O8/3HESTS7/4R1I8/1V2E1S8/1I2E10/JEWEL10/1WOX11/1E13/1D13 BEGINNP/AACILS? 210/162 0
seed: 1790813810
loaded config with command: cgp 7W7/2P4I7/2I4z7/2C4Z7/2KAF2E2C4/A1ALEYING1E4/R1X5AGRO2T/GUE3LABIUM2E/E1DOE5S3T/M3L4QI2BA/O3U5T2ON/N3V4PELTRY/E3I8N1/4A8E1/15 AIJRSST/AHNNORV 310/342 0
seed: 1790813811
loaded config with command: cgp K8VEZIRS/H4E2V2E3/A4P2L2N3/FUMULI2OD1D3/5T2GObO3/5A3XI4/5S2G1E4/3P1I1GAILY3/2CORsAIR1D4/3R4TAI4/3T4HYE4/3A5URD3/3L7E3/10NIQAB/9REFINE EEEMNOS/CENTTUW 311/359 0
seed: 1790813812
loaded config with command: cgp 15/15/15/15/15/15/15/3COOZE7/5MOFETtE3/15/15/15/15/15/15 ADERTV?/GIIINOU 38/84 0
seed: 1790813813
loaded config with command: cgp 15/15/15/15/15/15/5JADE6/5ANOW6/15/15/15/15/15/15/15 EGIINST/AACDINO 14/35 0
seed: 1790813814
loaded config with command: cgp 11J2C/10LAVVY/11R2A/11S2T/14H/13KI/9I3I1/7MENSHED1/6FIXT3G1/9I3I1/9LUZ1EM/10RETRO/14O/1StOWAGE1BOUCLE/ATOP3FEINT2D AAELNR?/ADNNOPS 313/260 0
seed: 1790813815
loaded config with command: cgp 14E/14T/10MOTHY/7VInEW2M/9I4A/6GALANTS2/4OYER1I1R3/3DUELERS1O3/9E1LI2/9r1ALB1/3TAX3I1NEE1/2GENITURE1DAG1/11S1O1/15/15 CDINPST/AAEENQU 314/224 0
seed: 1790813816
loaded config with command: cgp 15/15/15/15/15/15/15/3BHANG7/15/15/15/15/15/15/15 ADGILOW/EMNRSTW 0/28 0
seed: 1790813817
loaded config with command: cgp 15/15/15/15/10C4/9ZE4/9EN4/7URAO4/10TA3/10EL3/10SO3/11O3/15/15/15 ADDIKNV/AAEEINR 22/101 0
seed: 1790813818
loaded config with command: cgp 15/15/15/15/15/15/15/3BRUNT7/15/15/15/15/15/15/15 ABEIIIT/ACFLNOR 0/20 0
seed: 1790813819
loaded config with command: cgp 15/15/15/3Q11/3AS10/3TA10/4G10/3DEEYA7/4h2L7/4O2V7/3ZO2E7/3EDH1O7/3P1Y1L7/5M1A7/5N1R7 FGIIOOT/CDIIINV 136/156 0
seed: 1790813820
loaded config with command: cgp 11FRIG/8EUOI1N1/6TARSIERS1/3VIBED5a1/13N1/13IN/13EA/MOGGAN1THELF2I/5UVEAL3ER/8ODEA1ZA/10NIDI1/7HOPED1N1/7OXO3E1/7MOT3S1/7Y7 AACKRSU/EJLOTU? 275/324 0
seed: 1790813821
loaded config with command: cgp GELS3P7/1TATOUAY7/7X2ZOIC1/3VAC1E2EW3/4ERODIbLE3/5O9/I1L2Q9/N1I1OUMA7/D1N2E9/INEARTH8/U1N12/M1IS3F7/2eW3I7/2RIOJAS7/3G3K7 BBHNRTY/DEEEFST 332/289 0
seed: 1790813822
loaded config with command: cgp 15/15/15/3K11/3H11/3A11/3L11/OLPAE1QI7/3TAXI8/15/15/15/15/15/15 DDEGNOS/ALNRTU? 51/50 0
seed: 1790813823
loaded config with command: cgp 7W7/7O7/7R7/2ZA3D3TOTE/1GOAF2I2JEU2/3HACIENDA4/5E9/3PORTINg5/3R1I9/2MO1C9/2IF11/2KI11/2EL11/3E11/OVERSTAY7 DELNSUW/ABBELTU 351/269 0
seed: 1790813824
loaded config with command: cgp 15/15/11H3/11UP2/4B6IO2/4I7R2/4F2ROUGHT2/S2VOLTED2MEWS/T3R7N2/O3M7D2/D2PE10/G2ADZ9/I2N1E9/L2C1K9/YAJE1STAmINA3 AEELTW?/EILORTY 265/328 0
seed: 1790813825
loaded config with command: cgp 15/15/15/15/15/15/15/6JOT6/6AIA6/5HI8/15/15/15/15/15 EINOOTU/ADEIIMM 20/43 0
seed: 1790813826
loaded config with command: cgp 3QUIDS7/5D9/4JO9/CARVEL9/4EA9/5T9/5E9/F2PARDINE5/ROWIE10/AXON11/TOEA11/E14/15/15/15 ABEGGIN/BDLMOY? 145/276 0
seed: 1790813827
loaded config with command: cgp 9ASQUAT/8IF5/8OF5/8N1MEATH/4VISIONED3/8N6/8E6/3BREVES6/3A3T3A3/3W3I3I3/3D3O3R3/3Y3L3P3/7OBJURE2/1ENRAUnGE2O3/OWE4Y3X3 AAEIINP/CDDEILU 274/371 0
seed: 1790813828
loaded config with command: cgp 15/7N7/7EVICTEE1/4S2R7/4I2VOGUE3/4G2E7/2WEM2L7/3WALLET6/4T2T7/4R10/4O10/4N10/15/15/15 ADEHIRZ/AAABFI? 106/151 0
seed: 1790813829
loaded config with command: cgp 15/1L13/1A8A4/BI8U4/ET8D4/FY7XI4/O8IO4/AN3AVOWS5/MI3D9/1G3Z9/1HIREE9/1T2NDUJA6/1I4METERINg1/1E5DEF5/7I7 BCENOU?/AEPRSSU 268/217 0
seed: 1790813830
loaded config with command: cgp 6NOVATE3/11Um2/11GIB1/10MENO1/10I1ED1/10D1TE1/10W1T2/7ODEA1E2/5PTOOEY4/7POW5/15/15/15/15/15 CIORSSU/EILRTUU 85/166 0
seed: 1790813831
loaded config with command: cgp ROJI2DEARNFUL1/1HOTTIES3L3/10KI3/5R4ET3/4PA4N4/4EX3WO4/4A4A1A3/2RATTLING1P3/4E4E1p3/4R6O3/3CYMOGENES3/7E3E3/7N3DUI1/7O7/7A7 ABCEOVV/DIILMOY 272/395 0
seed: 1790813832
loaded config with command: cgp 15/15/15/15/15/15/10OOF2/7UNAIMED1/15/15/15/15/15/15/15 BELOTUW/AEOORTV 76/25 0
seed: 1790813833
loaded config with command: cgp 15/15/15/10AGUTI/10V4/9AA2V1/7ZAGS1FIX/6JOR1THAGI/6OO5O1/5NETLIKE1U1/1DORMY3FINERS/10PEA1C/10EWT1L/4DUNDERS3I/ROUTINE7M AEHLOT?/ADEIIS? 280/373 0
seed: 1790813834
loaded config with command: cgp 15/15/4V7F2/4AB6O2/4GU4I1R2/4AY4O1M2/4R5D1O2/2NEINEI2I1L2/4sEROTINES2/4H5A4/10T4/10E4/15/15/15 AEIIKRR/AADEEJW 137/230 0
seed: 1790813835
loaded config with command: cgp 15/15/15/15/15/15/15/3QUILL7/YETI11/EW13/15/15/15/15/15 DINPRV?/ACEEELT 19/79 0
seed: 1790813836
loaded config with command: cgp 15/15/15/15/15/15/15/3DOUTINg5/15/15/15/15/15/15/15 DEEFGRS/AIKLRTX 0/68 0
seed: 1790813837
loaded config with command: cgp 7B7/6TALON4/6ANIMATI1I/7D6N/4V2ICEBERGS/4I2T1HADE1U/4C1FOO5R/3KIVAS6E/4N9S/4AW9/4GI9/3FEME8/3I1PE8/3G2W8/15 AHIORRT/DEJOOUU 143/338 0
seed: 1790813838
loaded config with command: cgp 15/15/15/15/6S8/6E8/4NOX8/5DUALITY3/6A8/6L8/6I8/6Z8/6E8/15/15 DHJKNWY/ABEEOTT 38/157 0
seed: 1790813839
loaded config with command: cgp 9TRIFLE/12E2/12N2/12N2/8PADDY2/9X1O3/8AI1T3/6JOGS1T3/5LOBO2E3/6REND1R3/8I2E3/8C2L3/15/15/15 EHIKLOP/BGMNQST 135/147 0
seed: 1790813840
loaded config with command: cgp 11JOLT/10QI3/11NA2/6d4NU2/6R3PIA2/6A2ZE4/6FOUeR4/6TINNIE2B/6E3N1H1O/6E3E1Y1X/DESERTS3A1P1I/10LIEGE/12R1R/9COOST1/15 AAEHRVV/BCDLOTW 299/230 0
seed: 1790813841
loaded config with command: cgp 15/15/15/15/4QAT8/5F9/2JOUR9/2APTOTIC6/5N9/5T9/15/15/15/15/15 DEHIOPV/DLLRST? 111/60 0
seed: 1790813842
loaded config with command: cgp 7w7/7H7/7I7/1CLAYWARE6/7L7/7I1V5/7E1ID4/5AIRSTOP3/4DIF2EW4/9XI4/10E4/15/15/15/15 AHNNOQT/DEENNOR 131/204 0
seed: 1790813843
loaded config with command: cgp 7TENANTED/2N3BERYL1RHO/2IF8U2/2BAW5REDUX/3KO3JAY1G2/3IO2MANAtEE1/3NE1OU4D2/3GRIPT7/5FETTLER3/15/15/15/15/15/15 ACEIILS/EGMOPS? 266/323 0
seed: 1790813844
loaded config with command: cgp 15/15/15/9V5/4BACK1IT4/6O2MO4/6O3N4/4COZY2D4/5FEAT1I4/7HERN4/1HURLEYS2I4/15/15/15/15 EEGINPR/ADDEORT 122/163 0
seed: 1790813845
loaded config with command: cgp 15/15/15/15/15/15/15/3BUTEO7/5AXONE5/3RAJ9/15/15/15/15/15 AEGIITV/EEPSTTU 42/72 0
seed: 1790813846
loaded config with command: cgp 11Y3/11A3/11H3/11O3/10WO3/9BO2J1/9AW2I1/6FIGS3Za/9S2M1S/8nEGLECT/3ROTULAS2R1O/7A3AM1N/7E3KA1I/7V3EN1E/7O3D2D AEELNRV/AEEINOX 202/310 0
seed: 1790813847
loaded config with command: cgp EDGY3P7/1I5I7/1N4MELL5/FE5r7/ER4HO7/TO3JIG7/W4O1I7/AR1POISE7/1E3N9/AVOSETS8/TE7KHUD2/ON3BEAMIER3/CANFIELD7/IN13/AT13 ADEIQTX/CGNRSUZ 377/302 0
seed: 1790813848
loaded config with command: cgp 15/15/15/4R10/4H10/4Y4Q5/4T1JA1I5/3PAVAGES2N2/3O2BAT3O2/2WOWF6V2/3DE7E2/3LAZO5L2/2TELEX5I2/6OCTUORS2/12M2 DENPRT?/AAEINOS 177/280 0
seed: 1790813849
loaded config with command: cgp P6C7/OK5L7/ON2A2ARRECT2/HAEING1M7/1V2A1VOWER4/1E2S2R7/2BOAB1E7/UNAFRAID7/GAY1c10/4AW9/4sI9/5E9/5L9/5D9/UNTINS9 IINOSTY/DEHMRTU 256/244 0
seed: 1790813850
loaded config with command: cgp 8T6/5JERID5/8D6/8I6/7BEVATrON/8R6/6ZOS6/3VOLAE7/5I9/4EM9/3OWE9/2FET10/2U12/2B12/2sULPHID6 CEINQRU/AAAELSU 157/263 0
seed: 1790813851
loaded config with command: cgp 2ENNUIED6/2N4TIX5/2c12/2IT11/2NE11/1HAE11/ZOS5P6/OE1FOLIAR6/D7O6/ID1BAKE1T6/AR2MILVINE4/CURVET2U6/1G5HM6/1S5ASP5/7J1I5 DGGNTTU/ABEEORR 302/262 0
seed: 1790813852
loaded config with command: cgp 15/15/15/6PONT5/5DEBEARD3/1FORGET2X1U3/9I1L3/5GRAVS1C3/11I3/10YA3/10UN3/10AS3/10N4/15/15 CLMOVW?/AAEGLNR 143/154 0
seed: 1790813853
loaded config with command: cgp 15/15/15/15/15/15/4YOK8/3QUEYS7/2JIG10/PION11/15/15/15/15/15 ACDEIS?/GHILLRT 91/65 0
seed: 1790813854
loaded config with command: cgp 15/9PSYCH1/10W4/10E4/10E4/10P4/6TAGGIER2/3VOMIT2E4/3E6R4/3L11/3S11/3K11/3O11/1JEED10/TANNoYED7 AHINTTU/AEEIIRW 196/295 0
seed: 1790813855
loaded config with command: cgp 7T7/5B1A7/1RIBALDLY6/4JO1P7/4IN1A7/5DEE7/2WON1N8/3YARDInG5/2FEG1N8/6O8/4ZIT8/3REFECT6/1TOEA1SO7/LOWT3O7/7P7 AAINORS/GIKMNRT 189/281 0
seed: 1790813856
loaded config with command: cgp 7B7/7A3N3/7T3OW2/7H3WO2/7O3YO2/7R4T2/7S4Z2/7ELANCED1/11IS2/11V3/10BI3/10EL3/10GI3/10ES3/10TE3 AEILNNT/ADENOOR 217/174 0
seed: 1790813857
loaded config with command: cgp 15/15/15/15/15/15/15/4VOLT7/15/15/15/15/15/15/15 AILNRS?/ADENOTZ 0/14 0
seed: 1790813858
loaded config with command: cgp 15/15/15/15/15/7MEDUSAE1/6HAW6/3VIRID7/15/15/15/15/15/15/15 GIJLOR?/BCCENPZ 29/103 0
seed: 1790813859
loaded config with command: cgp 11WEMB/9ZAIDA1/3VAWNTIE1R3/10BY3/10O3A/7I1QUEUED/7N2K3O/3COLETITS3P/5U1R5ST/1HYE1X1I5A1/LOONIE1G5m1/7U5O1/2FROGLETS3V1/7DAHL2A1/11FIRE AEEIJNS/ACGINP? 462/321 0
seed: 1790813860
loaded config with command: cgp 15/15/15/3I11/3DA7D2/3ID7E2/1G1OD7V2/AI1MATTINS1ZINE/UG2X1H5A2/EA4R5N2/1F2TWIRP3C2/1L1H2L1AsYLEES/1O1A2L8/1PRUNUS8/3F11 ABEERTY/AEGIOOW 293/225 0
seed: 1790813861
loaded config with command: cgp 7E7/6ST7/3Q2CH4G2/P2I2OE2INANE/I2NU1URBANELY1/T3N1T1EX2L2/IT2V1E5I2/EA1BAJRI4C2/DI2I1S1MOcKAGE/1N2LO9/1T1MEW9/1EVADER8/1DEW11/2G12/FLOP11 ADFORSZ/AIORSTU 320/376 0
seed: 1790813862
loaded config with command: cgp 6JA2QI3/5ZOS1PIN3/E4OOS1A1D3/XERIC1KI1Y1O3/C3O2G1O1L3/IF2U2N1U5/DA2G2E1T5/EW1WAILERS5/3AN10/3g11/3M11/3O11/3I11/3R11/3ELUVIA6 ABBEEPT/DHHMRTT 284/303 0
seed: 1790813863
loaded config with command: cgp 1DECURION3V2/3R8R2/3E8O2/2FAH2V4U2/2OKA2A4W2/2R1OB1NIXIES2/2T2O1I7/2YCLEPT7/3U1U1I7/1ANTIFREEZE4/3T3D7/3O11/2BEGNAW7/7EPIGEAL1/15 AJORSY?/DMNNQST 295/296 0
seed: 1790813864
loaded config with command: cgp 15/15/15/15/10D4/5HM2ZILCH1/2BOGUE3P1OO1/3KITTEN1TAXON/7p2E4/3OUTLINER4/5R1N2A4/5A1O7/5N1S7/5Q1I7/7C7 ADFGIIV/ADEEGRU 205/209 0
seed: 1790813865
loaded config with command: cgp 15/15/15/7T7/7A7/7B7/7L7/1IsOLATE7/7F7/7U7/7L7/15/15/15/15 DFHIOPT/EINNQRT 64/64 0
seed: 1790813866
loaded config with command: cgp 7B7/7ADO5/7POX5/4A3YO5/4c3L6/4I3I6/4E3E6/3KRAFTS6/4A1L8/4G1O8/4E1U8/6R8/6I8/6e8/6R8 CEIINNV/DEORSTZ 147/175 0
seed: 1790813867
loaded config with command: cgp 6T4Z3/6OE3E3/6EX3I3/6AE3N3/7CINQS3/7R7/7A7/3HAULT7/7E7/2RIOJAS7/4WAB8/15/15/15/15 EEMOTU?/ADEMNOP 117/174 0
seed: 1790813868
loaded config with command: cgp 15/15/15/4R10/4E10/4M10/4O1TUT6/3PALAGI6/4NIX8/JOTTED9/4R10/15/15/15/15 AELNPSY/DDEEFFZ 79/74 0
seed: 1790813869
loaded config with command: cgp 13G1/13U1/11JOB1/APHONIAS3OU2/7K3ET2/7E4V2/7L4I2/7ELICHE2/7T7/7O7/7N7/15/15/15/15 ENOPRS?/ADFSWYZ 89/161 0
seed: 1790813870
loaded config with command: cgp 15/3B9c1/3R8ARF/3O8NOO/3OP7NAV/3LUV1GED2OKE/2B1L2EWE3EA/2R1T2DEFAMED1/1RIvULUS1OI4/2N1N5MIND1/2I1S3GESTE2/2EX11/2SI11/QAT12/I14 ACCEHIP/NORTUWY 337/275 0
seed: 1790813871
loaded config with command: cgp VIRANDO4JERK/5O5U3/5L2QUOTA2/2CREM5T3/4FE4ZE3/5N4OD3/4VIGIA1N4/5C1ODOUR3/10L4/9HAG3/7B1YEW3/2SImILISE1I3/L6N3N3/AWHApING3E3/X6Y7 ABEEPST/EERRSTT 356/314 0
seed: 1790813872
loaded config with command: cgp 15/2V12/2A12/2T6GOETIC/2T1BENISOn4/1JEER10/H1D1AZONIC5/A3WEXE1A5/U2ONLY2B5/SKENS4R5/E8EM4/9TO4/9TO4/9AI4/6VIGS5 DHNQRRY/AFILLOR 276/225 0
seed: 1790813873
loaded config with command: cgp 4ROTUNDA4/5E9/5d9/1FAIKING3V3/1A2OP2C1GI3/1V2BE2OYER3/5A2HOME3/3WINTLED1O3/8NEFS3/9LO4/8HEX4/7JAR5/8Z6/8E6/7BLUID3 AIMNPQT/EINSST? 286/245 0
seed: 1790813874
loaded config with command: cgp 11B2N/10PERCE/11T2X/2RUDD5E2U/2EMEU2HODDINS/3I1MOVIE5/3A11/2SCORIA7/2W4ALENGTH1/1QI12/1If7J4/2T7E4/2I3KAVAS4/1FERLY1GAWS4/5OZONE5 FLNPTTY/EILNRT? 339/288 0
seed: 1790813875
loaded config with command: cgp 2E2WAX7/1TO1UH1IWI5/1EA1LI9/ZEN1UP9/ET3p9/SH2TI9/TE2RE9/E1STARLIT6/DOM1N10/1BO1Q10/1OK1S10/2IF11/2ER11/1GROVY9/3G1AUMIL5 AEFJOR?/AAGINVY 331/258 0
seed: 1790813876
loaded config with command: cgp 15/15/15/11B3/11A3/1R9N1Q1/WON8A1U1/HEY4SCULK1I1/ONE4N5T1/AT1RAH1OAF3EL/1G2IMPoWER3O/VELDT2Z3BAJU/1N4VERDOYS1T/5AERIE4E/1GOOFIEST5D AEGLOST/DEIIINX 385/319 0
seed: 1790813877
loaded config with command: cgp 2Y4G7/2G2T1A7/2OF1R1I7/3ABYED7/3MAKE8/3ENEW8/4D10/2SPELTER6/4A10/4UH9/4SI9/ALOO1R9/Q1MIREX1JOINS2/UVA2RIGOUR4/A6OBTECTED AEHTUWZ/CIINOT? 363/309 0
seed: 1790813878
loaded config with command: cgp 15/15/12A2/3B8M2/3L6J1M2/3U3FAVELA2/3R2ZEE1TIN2/3BOOED2TE3/4YOK3OU3/1WHISH4N2P1/1I5ANEsTRA1/1V9R1W1/1I4FRONTAGES/1N9N1DI/AgGY7Q2P ADEERSS/CDEEILO 372/295 0
seed: 1790813879
loaded config with command: cgp V14/R14/O1O6B5/WYE1STERNING3/1ED6G5/1ZE6H5/2M4JOT5/KRAUT1HAYS4C/4UNAI6E/1QUAG2LEE1P2L/8LEWISIA/11R2D/11N2O/14N/15 AAEIMOV/DEENORR 308/228 0
seed: 1790813880
loaded config with command: cgp 3BRAVER6/3L11/1GLUG1Q3AUA2/3M2INSWePT2/3ED1N1N6/4O3OF5/2VOX1HIDE5/3DIGIT1U5/4E4d5/1ALASTOR1A5/7O1R5/3BONZA1Y5/JEWIE2D7/5HOICK5/MISERERE7 CEFPSTU/EEILNOT 369/317 0
seed: 1790813881
loaded config with command: cgp ABASK3T6/1O3WIVED5/CRImPED1GIF4/HI2R4NO4/OD2E4NU4/RE2L1B2AD4/I3O1A1J6/A3COTTA6/3Na1W1Y6/3UT1OP7/3ME1MO7/3E1LAX7/1QIN1ON8/HIT2G9/15 AEGLRSS/AILRSTV 349/308 0
seed: 1790813882
loaded config with command: cgp 3W3C6O/3U3E6O/1INDOCILE3B1F/3U3L2DRONY/7I1QI1U2/7S4R2/7t2P1G2/7SMEEKS2/10A4/H9V4/E3WHALERY4/JINGO10/A14/B14/SERENATA7 AEFOTTU/AEGNNPR 323/243 0
seed: 1790813883
loaded config with command: cgp 5MIEVE4G/GUINEA3XI2CH/2TOWAGE4POO/7ANOBIIDs/1REUTTER2U2ET/4AIA3AL1R1/3QI5ZOL2/7UVAE1O2/9R5/9M5/15/15/15/15/15 DFLNRW?/EEILORS 260/218 0
seed: 1790813884
loaded config with command: cgp 2IDEOGRAM5/7O7/2V4Q7/2A3FUCKUP3/2R3OE1AM4/2ID1HO2ZE4/2XU1AT2I5/3VULGO7/3E1AE8/3T1LAB7/3I1ARE7/1YONI2D7/2WESTERNS5/CITS3I7/7D7 BILLNOR/EENRSTT 360/287 0
seed: 1790813885
loaded config with command: cgp A14/I14/D14/EF3V1PERFET2/1LIBRATE2O4/BO1L1XI2WE4/ER1O4HIND3/GU1CORNUAL3L1/1I1K1I3I3O1/1T1AWA7N1/1S1GU8G1/3ED1OCHrEATE1/4U2I5R1/1ARTSMEN5O1/7Q5n1 AAMNSST/DEEOVYY 398/356 0
seed: 1790813886
loaded config with command: cgp DIMP11/3O3REVOLVE1/AURIC3R6/N2N1I2G6/T2DAW2A6/R3LI2T6/A3I1J1E6/L3BOUKS6/4I1P8/4ECO8/4dONA7/5F1WO6/5T1AY6/7TE6/7O7 AEFMSTT/EEINQRU 249/194 0
seed: 1790813887
loaded config with command: cgp 15/9P5/9E5/5LIgULOID2/4C2URAO4/2EMOJI2G5/4V4E5/3PINGERS4G/3AD9U/3Y10V/3O6ZEINS/3U3FRIANDE1/1FATLIKE7/NYM2OATER5/7SHEW4 ABDNTTT/AENOORT 330/271 0
seed: 1790813888
loaded config with command: cgp 4BEAU7/GEOTAXIS1D5/I4P2KAPHS2/R3LO2ONIE3/D3O2VIDAMES1/L3G4L3Q1/E3O4E2OU1/R2HENNERS1JOIN/4D7FE1/13R1/15/15/15/15/15 BFIRTUY/ACEIUW? 289/248 0
seed: 1790813889
loaded config with command: cgp 3GeNISTA4M/9ZA3W/8FORAY1A/1R5QI2GACH/1E4AIDOI4/1P7WOXEN1/1E3JAMBO2V2/1ARENOSE3DING/1L10D2/1E10E2/1R10N2/12T2/12S2/15/15 EHILRSV/ABCIRUU 356/298 0
seed: 1790813890
loaded config with command: cgp 15/15/2P12/2L3NO1FUB3/R1O3OXGATE3/A1N3MI1HE4/I1G3ED7/KAE3NARROW3/1Ed4T7/1C5e7/VIBRATED7/ID1I11/DI1L11/EA1E11/O2Y11 EFINRUW/AAEILST 291/224 0
seed: 1790813891
loaded config with command: cgp 7F4U2/7I4N2/7B4R2/3HOOVE3QI2/3OXY1R2JAP2/7I1MOT3/7ZEAL4/6DEWS1L3/2G6T1E3/1KOND2V1i1G3/AIA1AUDIENTs3/FARLE2C1G1I3/TAY4T3D3/ET5I3E3/R6M7 EEIIRSU/AACELOS 371/324 0
seed: 1790813892
loaded config with command: cgp 15/11c3/6FEG2A3/2DUOMI4R3/2ARIETTA1GO3/8V1EM3/8E1DE3/PUNJI1QIN1ED3/3O4U1c4/3I4EWK4/3N5AT4/3E5F5/2UROSTYLE5/9R5/6WILY5 AANOORS/AABGNPR 334/275 0
seed: 1790813893
loaded config with command: cgp PANGENE2EDITOR/1U2FOLIUM5/1G13/1I13/1T2R10/DE1CUB9/R3b1VOG6/O1S1BOUK7/WET1LAM8/1HI1IF9/2NAE10/2TAR10/2EL11/2DI11/3I11 AADEQTZ/AERRVX? 250/205 0
seed: 1790813894
loaded config with command: cgp W13D/HM9B2U/AA6COQUETS/UNLATCH4R1AT/PE4EVEJAR1OY/1G2VOM2AXILS1/FE5ZO2N3/I4ELIDING3/N3PRONATE4/D4KUE7/15/15/15/15/15 BDEIRT?/FGIRSTW 356/284 0
seed: 1790813895
loaded config with command: cgp ACAI2TONITEs2/1ARTSMAN4H2/1R2A3D3O2/1E1BIG1QI2PUTZ/1F1ANE2G3G2/AR1WEY2R3H2/TE1D4E3S2/EE1YAIRDS6/L7S6/i14/E14/R14/15/15/15 EIIMNVX/AILLNOO 340/290 0
seed: 1790813896
loaded config with command: cgp 11Y3/11O3/5FREEGANS2/9U1I3/9L5/9P5/3WONK2E5/LURED1OUTRIG3/4DEBT7/C4FOUAT2AYE/A7BECAME1/V2ETHINyL1MIHA/E1AXOID3JAR2/REwORDS8/N14 ILOQTTW/INOPSSZ 360/317 0
seed: 1790813897
loaded config with command: cgp 3FAERY2ENJOY/2C2HEAUME1ARO/2O3Q1TINEID1/2D3U7V/1AIRPROX6E/2C3TUI3AWL/1LI3E1TAIGLED/1ALTESSe6T/1W1I4DUNNESS/1K1B11/3I11/3A11/15/15/15 BFHORVZ/EEGMNOR 356/289 0
seed: 1790813898
loaded config with command: cgp 12TEF/7TAENIATE/6MAX1O4/6ORE1C4/6LAD1t4/5J1I1CILL2/5I1R2L4/5ZEE2I4/7SH1OB3/8Y2E3/8P1OD3/7WE1UM3/7I2PA3/7K1FAT3/7I1E1E3 GGNNSTU/ADEGQUU 321/281 0
seed: 1790813899
loaded config with command: cgp 15/15/9S5/5KNAVERY3/4T4N5/4A4V5/4B1FOGY5/HA1BOOAI2T4/UnAIRED3R4/HE2E1SLIMIER2/1A2D5M4/1R8IF3/1I6WUXIA2/1N9C3/1GREENIES2O3 CEEOTTU/DNPSTZ? 329/273 0
seed: 1790813900
loaded config with command: cgp 2OVATION6/3E3BEGGaRs1/1TENIAE8/3O7BOYO/3UH3N1KAIE1/3SOLDIERY4/4R3M6/4M1QINS5/4I4AA4/4C4LI4/9TA4/9E1WHOW/6OVERFEED1/9N5/3DECLASS5 ADPRRUU/IJPTTUX 363/321 0
seed: 1790813901
loaded config with command: cgp 14F/14L/14I/4FLUTTERY2T/4YAM3E3T/7ANODISES/1R8B4/JAXIE2BHAI4/1N2LOCIE1R4/1G8D4/1I1RAMEKINs4/NOG4O7/ArO4T7/NAW4C7/O1L4H7 DDEIPRZ/EEEPQRV 350/302 0
seed: 1790813902
loaded config with command: cgp 13GO/12PEN/11HIM1/11AX1J/10QI2O/11R1HI/8B1DIVAN/7PREIF1IT/8U4R1/7UNKID1YA/8E1FEE1L/8T5B/8T4ZE/8e4ER/3VOGIEST4T ACELMSU/DEEILNT 313/268 0
seed: 1790813903
loaded config with command: cgp 15/9VIVDA1/12J2/10CHIEF/4A5O1N1O/4S5N1N1L/4T5F1I1K/C3I2OOTID2I/H3G5N3E/U3M4PERDUS/GORDITA3R4/G3A1tYLOsIN2/E6A7/R6B7/SQUIRL1A7 ALPSWXY/ABEORTZ 369/319 0
seed: 1790813904
loaded config with command: cgp 11E2K/7Q3P2I/7U2JIBED/7O2AD1U1/P3F2I2YO1O1/R3R2T3T1IT/I1qUAYSIDE1I2O/Z3B1INEXACt1U/E4ANGLO4G/RANDEMS6AH/SLAIN8FE/1LENG8OR/13O1/13T1/15 AAEEHTW/LMNORST 433/369 0
seed: 1790813905
loaded config with command: cgp 1S1H11/1U1AW10/1RAZOR6D2/1v1EL5V1E2/EE2V5I1N2/NY1QI5N1T2/TO1IN2FUCI1A2/AR2GOBI2FELLA/I4KYNE1E1i2/L9R1A2/9JA4/9IS4/9M5/9P5/15 AADEOOP/CDDGGHT 305/261 0
seed: 1790813906
loaded config with command: cgp 13FY/13LA/11ODA1/11VUM1/11AMI1/12BE1/2C7F1OR1/QUaIR2INDOWS1E/2R7D3N/1HE4oUTGUARD/1YE7E3I/1EN4ZILLAH1V/2E4I4O1E/1TRIPART4O2/BESNOW1E2EXPOS AACJNTT/EIILNST 422/366 0
seed: 1790813907
loaded config with command: cgp 15/15/15/11D3/11J2Z/8SATIATE/6ELUTING1R/G1EMpUSAS2N1BO/L1FOEN5Y1O1/O2O1R3Q2OX1/W2L1I2OUTCRY1/E2I1V3E1HA2/R4E3P1IT2/SINFoNIE3DE2/7DAWNED2 EGHLORU/AAABIKT 367/290 0
seed: 1790813908
loaded config with command: cgp 2BROMATES1G3/7A3R3/7I3E3/7A3E3/7HOIING2/7A3F3/11L3/7ROILY3/2V2ULEX1O4/1ZEK1TOBY1R4/QASIDA4I4/1GIT6C4/2C7A4/2L7T4/2E4ADVEW3 DEINOPP/DHJNNRT 318/272 0
seed: 1790813909
loaded config with command: cgp 7TRENDS2/12W2/9A2A2/7QUEUED2/3C5R5/3h5I5/2ZO2U2E5/2ER2VAVS5/2KI1NA2T5/3O1OE8/3I1L9/3DELAYING4/7OF6/5MOB7/CATENAS8 DIILMRW/EGHLNOR 309/252 0
seed: 1790813910
loaded config with command: cgp 7F7/7E7/6XI7/STOAE1UR7/PANDA2I7/aY5E7/R1Q4S7/R1ABVOLT7/E1D12/RAI1GUN8/1Z1GIGUE7/COLIN5PIVOT/1I5WAWE3O/1CANNELON5Y/5HOKE5O ADLRSTU/AEEHIM? 343/273 0
seed: 1790813911
loaded config with command: cgp 3QuAIR5BE/5D7AE/5DOOrCASES1/3F1E4TONEY/3U1N7E1/3M1D7J1/3I1U9/I2GAMBE7/O1FA2YAK6/L1ET3RIVLINS1/I1RE11/THUD11/E1L12/2A12/POSH11 ENPRUWX/AEIILVZ 385/321 0
seed: 1790813912
loaded config with command: cgp NONZERO8/3O5QUEINT/JIBB5U5/3UR4E5/4A4PA4/4G5U4/4T2MARDIER1/3FIERY2I4/3AM1O3O4/3VeXT8/3ES1I8/3L2N8/3L2I8/2GAWK1CTENE3/5iNHALES3 AEFLPST/ADEOSTW 337/290 0
seed: 1790813913
loaded config with command: cgp UEY3IBIDEM3/PROSERS4A3/7WHINNY2/11R3/10ME3/9JUD3/6FAVORs3/1C1ZEXES1GI4/1I2LITH2C4/1NOTT5A4/1Q8t4/10E4/15/15/15 AAFIORT/ABEGLNS 299/259 0
seed: 1790813914
loaded config with command: cgp 13XU/10NIDI1/7PYRANOSE/12L2/12I2/5TRoUGHING1/2D8NA2/2E2AMTRACKS1A/2T8B2V/2A8L2I/2I4F2WOMBS/2N4E1QAT2O/2E1OILERIES3/2ENUF1Z7/7E7 AEEEJOR/DGHOPW? 409/359 0
seed: 1790813915
loaded config with command: cgp 15/1UVA1E9/1sOMEGATE6/2WANGLER6/5P4V4/5L4O4/5A1MADDERS1/3WANNER1D4/3E1T3OI4/3F5BE4/TEXTUaRY1IS4/3I5A5/3N11/1YOGIC9/15 FIOPRSU/BEHITTZ 300/230 0
seed: 1790813916
loaded config with command: cgp 10CHARY/13I1/2VALINES4N1/7DIOPTASE/10I2I1/10N2B1/6D3T2L1/5ARISTAE1EW/6U3d3A/6M2ZO3Q/1JAUP1l2EE3F/3MODIFIES4/2TUX1KO7/5YEH7/5U1N7 ABGLLOT/EORRRTV 477/411 0
seed: 1790813917
loaded config with command: cgp 15/15/14F/FACADE8I/2R11K/1WIGLeTS1JILEBI/2M4AZO4E/OUPH3BORTY2R/2L3GEO6/1HENNY2NOVATED/1ES12/MA1Q3AREOLES1/UPDATING7/RE1T11/AR13 EIIVWX?/ACDEIIN 429/353 0
seed: 1790813918
loaded config with command: cgp 15/1J13/1A13/HIVER3GROG3/1L5TAED4/SO2C3UG5/AR2A3ZO5/N3TUFTY2Q3/D3A2O3I3/Y3L2R3N3/I2SO2DECIsIVE/S2I3I6B/HEALEE1O6B/3E3N1WURLIE/MPOX3S6T AEMPRT?/ADKNNOT 359/288 0
seed: 1790813919
loaded config with command: cgp 15/15/15/5GALIlEE3/4BUY8/4H10/4I4T5/PAWAS2ANANKE2/1SEXTING1M1IFS1/2R1I4B3P1/2G1EW1VOUCH1R1/2E2E3R3U1/2L2I7I1/2T2ZOARIA2T1/NOSY1E2ENDMOsT ACINORR/ADDFJLQ 357/296 0
seed: 1790813920
