loaded config with command: set -threads 1 -savesettings false -hr false -numplays 15 -ima 0 -minp 100 -autosave false -fgrequired false
seed: 1790813729
loaded config with command: set -lex CSW24 -leaves CSW24 -wmp true -pat CSW24_hsp -s1 equity -s2 equity -r1 all -r2 all -numplays 1 -threads 1
seed: 1790813730
loaded config with command: cgp 3JILEBI3I2/3U4TYNING1/3D6O1D2/3OS5V1E2/4T5A1V2/2CROW4E1o2/4R7U2/4MOLD2OUTGO/4I10/3ZEK6B2/3ERE1W4A2/3N1T1HEXADS2/4lACINIA1H2/7F4O2/7T7 AENRRUY/AELLMPS 249/413 0
seed: 1790813731
loaded config with command: cgp 11L3/9GLOBIN/11V3/11I3/10MERCS/8ZEES2I/5QANAT1T2G/3KOINE6N/2FA10I/2AW10O/M1AA2GLOOmED1R/U2U4BEANIES/CRESTED8/O14/RETAILER7 AHHIPTV/DEOPWYY 408/302 0
seed: 1790813732
loaded config with command: cgp 5EVENT1SMUG/1REFED3AAHED1/3U6TATOU/3D7D3/3G7U3/3I7F3/3E11/3REALIST5/15/15/15/15/15/15/15 EEILOOR/CEKLOSV 145/111 0
seed: 1790813733
loaded config with command: cgp 7T3W1OB/7R2GIMPY/4T1ZA1C1V3/3WE1ON1OPE3/3ID2S1AH4/3NY2I1LI4/3C3R1I5/3HEAVERS5/9EFF3/9DEE3/10ET3/10RE3/10ID3/10n4/7KURGAN2 AAMOOTU/EJLOTTU 248/369 0
seed: 1790813734
loaded config with command: cgp 15/15/15/15/15/3TEC9/4Q10/3BUILT7/4A10/4L10/4I10/4n10/2LOGION7/15/15 AEHRRSX/ELRSTTZ 36/95 0
seed: 1790813735
loaded config with command: cgp 12PIX/10L1YOU/6VENdAGES1/10I4/10R4/10I4/6JIAOs2D1/3Q1BOO2E2A1/3ITA7U1/4EA7N1/4N8T1/HIVED8E1/4R8R1/4O2AGYRIAS1/TALLNESS7 ADEGKMT/FNOOPRW 366/347 0
seed: 1790813736
loaded config with command: cgp 15/13B1/13O1/13O1/13T1/13E1/6QIN4E1/7OUTACTS1/15/15/15/15/15/15/15 AIKMORV/DDENNRR 28/103 0
seed: 1790813737
loaded config with command: cgp 15/15/8KEEVE2/11I3/11R3/11G3/10NA2F/7ULYIE1DE/7N2N2AL/7L2J1OMS/7O2AWL1I/7A3AE1C/7D3WO2/7e7/7R7 AEEHIIN/ABEMNOX 146/158 0
seed: 1790813738
loaded config with command: cgp 13D1/8C4I1/8R4D1/1CLOVEN1U4d1/1O2I3S2L1I1/MY2V3H2A1E1/A3E3E2IFS1/Z2PRENTS2TO2/A1QI7IN2/R2PERGOLA1ED2/DUNAM2KAGUs3/3LOIR8/15/15/15 EFIJTTW/AAESTUW 286/295 0
seed: 1790813739
loaded config with command: cgp 7J7/6TE7/6UT7/6R8/4VIDENDA4/6I2E5/2GIB1O2m5/2OLEINE1U5/2WEE1S2R5/2KAB4E5/4E4L5/WINZE4Y5/15/15/15 DGNSSTU/AEMOPTT 162/180 0
seed: 1790813740
loaded config with command: cgp 15/15/15/15/15/15/15/3WETTIE6/3H3P7/3O3O7/2ZORI1m7/2IF3O7/2L2APE7/2A2YEA7/6AS7 CIORSTY/DEEEHRU 134/108 0
seed: 1790813741
loaded config with command: cgp 15/15/3A11/3L2TENUE4/3FRAENUMs4/1COoEY9/3R2V8/3JIBED7/3A2G8/3S11/15/15/15/15/15 EEGNTVW/AINOORW 148/149 0
seed: 1790813742
loaded config with command: cgp 15/15/15/15/4B10/4O10/4O1A8/4R1QI7/4I1U8/4SHA8/4HO9/5L9/5MY8/6U8/15 AEGNPTV/AIORRV? 129/72 0
seed: 1790813743
loaded config with command: cgp 15/15/15/15/10R4/10E4/5NAEVES4/3QUAYD2I4/10N4/10E4/10D4/15/15/15/15 AENOTYZ/CEJLLMU 24/147 0
seed: 1790813744
loaded config with command: cgp 15/1V13/1E13/1N1C11/1OWER10/1MARE10/2ZOO3I5T/3T2QIN5U/2HyGEISTS4R/3POWS1IO4N/1D1EX4L4I/YEAS5E4P/AD6GRYFONs/JA7E1AIA1/EL5BUTUT3 EFILMRT/ADHKLNV 336/449 0
seed: 1790813745
loaded config with command: cgp 15/15/15/15/15/15/15/2AZIONE7/2WO11/15/15/15/15/15/15 CHLQRRT/DEGGIRW 50/29 0
seed: 1790813746
loaded config with command: cgp 15/9H5/9O5/9T5/5V3TA4/4QI2NYE4/5B2O1O4/3BARDES1L4/5I2E1I4/4PO2G1a4/4AN1AA1N4/4US1FY6/4N2O7/4C2U7/WRITHE1L7 ADEPRSW/AFILUU? 192/229 0
seed: 1790813747
loaded config with command: cgp 7R5T1/7O5A1/2T4G5L1/2I1L1OUTRANGE1/2PRICKY5AB/1XI1N8EE/1I2H9V/3QAIDS6U/2W1Y1E7E/2R3A8/2AERADIOS5/TOWT2N1SHiNNED/2L3A8/6M8/3BICEP7 EFGNOVZ/EIJOORS 283/355 0
seed: 1790813748
loaded config with command: cgp 15/15/15/15/15/15/4DUPATtA4/3MIRIN7/6UEY6/15/15/15/15/15/15 ADGIITY/ABDELOU 77/40 0
seed: 1790813749
loaded config with command: cgp 6DIMETRIC1/5Q4U4/5A4P4/5D3DE4/4TI3EL4/4A4WO4/4K4A5/3XENON1N5/4O4I5/1AASVOGELS5/4E10/3ER10/3Y11/1HERPETIC6/3Y11 AAGHMRU/BETTU?? 206/368 0
seed: 1790813750
loaded config with command: cgp 15/15/15/4F10/4U9R/4J9U/1KNAIDEL1L2P1E/HOAX3AGIO1O1L/AIVER4N2ZEL/V4QAT1U3ME/E6AERIFIES/R1NOOB3O3T1/I1UnHIDDEN3I1/N3OD3S3C1/G14 ENORSTW/AAACGIW 364/378 0
seed: 1790813751
loaded config with command: cgp 11V3/11AMU1/11NON1/11EWT1/12DI1/1JAP8INT/2GuEREZA3E1H/IXORA1TEApOYS1I/OU5ALEF2BO/13AN/13AI/10CUBIC/13N1/13G1/15 AMOORTY/DEEEKPS 205/341 0
seed: 1790813752
loaded config with command: cgp 15/15/15/15/15/I4C3ZHO3/CAY1FA1QUEENY2/T1OVErHIT6/E1W1IF2URIDINE/R1L1JAM8/I1I1OXO8/D1N1A1O8/S1G12/2STEWPAN6/7BELOVE2 GKNPTU?/AAILNRR 337/323 0
seed: 1790813753
loaded config with command: cgp 5ANTIaTOM1B/12ITA/12HOY/3D7FATE/3R6ME1A1/2CINQ3JOR1LO/3V5OU3W/HAZER2AWEEL2I/3SELFIES1O2E/11G3/11O3/11U3/11T3/15/15 BEIINPY/AEIKLNV 272/245 0
seed: 1790813754
loaded config with command: cgp 15/15/15/15/15/15/15/5VLY7/5I9/5N9/3EVECTION4/5R9/5I9/5E9/5SUPERBAD2 AGRTUUY/ADDEIOO 110/167 0
seed: 1790813755
loaded config with command: cgp 15/15/15/4J10/4E10/4T10/4W1FOE6/3PAVANE6/4Y10/15/15/15/15/15/15 AAEGIRX/GHILSYZ 25/66 0
seed: 1790813756
loaded config with command: cgp 15/4Y10/2V1O10/2I1U10/2V1N10/1KO1G10/1O2E10/1AdORERS7/4S10/15/15/15/15/15/15 EEFGPRU/DEIIITU 90/91 0
seed: 1790813757
loaded config with command: cgp 15/15/15/15/15/2LINK9/5AUNE6/3WITGAT6/15/15/15/15/15/15/15 FIJNOW?/AAFOSTX 17/63 0
seed: 1790813758
loaded config with command: cgp 3J3FEE5/VITAMINE7/3R11/3LA10/4I10/4S10/4L10/3WEEPER6/4w10/4A10/3FY10/3A11/3I11/3T11/3H11 AEEGSSU/EINOOS? 152/161 0
seed: 1790813759
loaded config with command: cgp 15/15/15/15/15/15/15/7GRACKlES/7O6A/7L6D/7D6L/7T6Y/6LoRIMERS1/7N1FAW3/7E7 DEEHIUV/EFILORZ 161/197 0
seed: 1790813760
loaded config with command: cgp 15/15/15/3B11/3R11/3O11/3O11/3KEELInG5/15/15/15/15/15/15/15 AAIPSUY/EEENRRV 82/22 0
seed: 1790813761
loaded config with command: cgp 7COMBI1OF/2DRoUTHY1E2NU/9QUEANS/4B4IRE1EE/4A5R2D1/4R4JEEL2/4M1AGIOS1A2/4kIWI4VAV/3PI1LEISURED1/3ON2NOH2DZO/3T11/3T11/3I11/3E11/3S11 AFGIKNR/AELOTXY 391/346 0
seed: 1790813762
loaded config with command: cgp 15/10AEGYO/12Y2/12R2/12O2/12l2/8ZED1I2/7BEREFT2/4RUBIN1J1E2/5HIN2E4/10C4/10T4/8QIS4/8IF5/5VIMS6 AOOPRTX/ADEEIOR 174/210 0
seed: 1790813763
loaded config with command: cgp 6TAXON4/TAVERNA2MUNDIC/H11A2/E11L1Z/R7PYA1L1U/O4Q2HAYFORk/I4AWEE3P1E/D4T1DWARFS1S/10OI3/9OBO3/10ER1L1/10DIVA1/11NOT1/12GI1/15 BEIIRSU/GGIJKLT 318/288 0
seed: 1790813764
loaded config with command: cgp 7O7/7VELIGER1/7E7/7R7/7R7/7I7/3O2OPE6/3WAIFED6/2HI11/2OE11/2T12/2TE11/2YA11/3U11/3X11 AAFGJNZ/CEMORSY 104/114 0
seed: 1790813765
loaded config with command: cgp 7Q6V/7O6A/7pOINDING/5FEH6U/4PEL7E/4AZO8/4W1G8/3JEWIE7/4R1U8/6M8/6SO7/7V7/7A7/7L7/7S7 DFHMRTU/BCEIOPU 227/206 0
seed: 1790813766
loaded config with command: cgp 7JOL1N1EH/9A1ABYE/9R1TUN1/9O1TREW/8QI1OI1E/8ED2A1X/8E1C1L1E/7IMPOTS1S/8A1V4/9ZEP3/9ATE3/9I1A3/9D5/9Y5/15 AHOOUV?/DEFGITU 280/208 0
seed: 1790813767
loaded config with command: cgp 15/15/15/15/15/15/2B12/2AERUGO7/2R12/2O12/2N12/2E12/2T12/15/15 IMNNOOW/ACDEILO 14/83 0
seed: 1790813768
loaded config with command: cgp 11DOTE/10QANAT/10U4/10I4/10EH3/10TE3/11R2O/5DJIN2B2L/5OO1YUGA2E/1H3XI2PAGRIS/1E4N3BE2T/1A5CORYS2R/1V5W5KA/1E2ATOMIZE2I1/FROWIE1S5F1 DINRTV?/ACELNNU 312/355 0
seed: 1790813769
loaded config with command: cgp 15/9C5/8QAT4/9D5/9I5/6JOBE5/5LUDO6/RHEUM1GAK6/3NOPAL7/15/15/15/15/15/15 BORRTV?/AIIINOT 93/108 0
seed: 1790813770
loaded config with command: cgp 15/15/15/15/7A7/7D7/7J7/3VIRTU7/3O3R7/3L3O7/3C3R7/3A3S7/3N11/3O11/15 AAGIIPZ/IIRTUW? 24/91 0
seed: 1790813771
loaded config with command: cgp 15/15/15/15/15/15/8SWELLER/3FORGAT6/3AN10/3BI10/3LO10/3IN10/3AY10/3U11/15 EILRTZ?/DINNQW? 63/89 0
seed: 1790813772
loaded config with command: cgp 7MA6/1QUACKERY6/7I4Z2/7d3TE2/7A2PIE2/7N2OX3/7G2O4/6TAWERY3/10I4/9AS4/9GHI3/9U1W3/9T1I3/9I5/7JUS5 BCDEENO/AEHNORT 197/201 0
seed: 1790813773
loaded config with command: cgp 15/15/15/15/15/15/15/7UPTAKE2/6V1ROTAL2/5JIAO2F3/6N1BANTZ2/6T4A3/2cRIMSON2N3/9PISCO1/7ALIF2XU AEEHIM?/DEIOORS 183/172 0
seed: 1790813774
loaded config with command: cgp 13PO/1V3BAHU4EX/1A4YA3A1N1/QUIRK1UN3N1FE/1N2I2DOMATiUM/1T2L2O3I1LO/fY2L2V3W2T/E2JEERED2E2E/C1W1D2R3A2R/H1I8R3/T1G12/E1E12/R1O12/SENITIS8/15 ADINSTZ/ACEGILO 309/403 0
seed: 1790813775
loaded config with command: cgp 15/15/15/15/15/15/6Q8/3VEGAN7/6T5P2/3HUMS5I2/2JAR7G2/3ENDOZoA1AM2/6YIRR1PE2/7L1YRENT1/CINEREAL3X3 ANOOTU?/EEFIIKU 216/282 0
seed: 1790813776
loaded config with command: cgp 3C3H7/1JNANA1O2DOUCE/3V1ADMIRERS2/3ER2I2BEET1/3LA2E7/4ZIGS7/4o10/3PRIVET6/TOXOID9/AHI1N10/4G10/15/15/15/15 EFGOORU/AELNTUW 263/207 0
seed: 1790813777
loaded config with command: cgp 3TIMBO7/6O8/3G2C8/2LUV1CIRQUE3/3ROKE2IGAD2/1FERMI9/1AWA3NILL4/JA1HAIRY7/5N9/1PWN1T9/3AFREET6/1U1YEaSTING4/1V3N1AX6/1E3T9/DArZIS9 AEEOOSS/DDEEHNT 310/325 0
seed: 1790813778
loaded config with command: cgp 15/15/15/15/15/7Z7/7W7/3NOUNAL1ODOUR/7NIVEOUS1/7z7/7I7/7G7/7E7/7R7/4EYES7 AAGILMM/AEISST? 140/136 0
seed: 1790813779
loaded config with command: cgp 15/FEH6Q5/LOU5BALLET1/ONE6S5/r3HENOTIC4/U8D5/LAY6a5/A1OVERDOGS5/E5IWI6/2UNROVE1ZAP3/5REDIAE4/15/15/15/15 ADEIJMP/GIKMNTT 299/252 0
seed: 1790813780
loaded config with command: cgp 15/15/15/10T4/10W4/3VIE3QI4/5GOD1AG4/4YEBO1T5/4URENAS5/15/15/15/15/15/15 IIILLV?/ADDEORR 77/66 0
seed: 1790813781
loaded config with command: cgp 15/7N7/7E7/7C7/7R7/5C1O7/5L1S7/HO1JEUNE7/U1EOAN1S7/MZEE1G9/A14/N14/E14/R14/15 DEGOPRT/ABDEFLT 140/152 0
seed: 1790813782
loaded config with command: cgp 4UNCOWL5/1CERTY1R7/7D7/7I7/7N2P4/7E1QI4/6FEZ1N4/5GASEITY3/3ROUX3A4/10I4/10l4/7LUVS4/15/15/15 BGIPRST/AAIJMRS 186/219 0
seed: 1790813783
loaded config with command: cgp 15/15/15/15/15/15/15/3JAXIE7/5IF8/15/15/15/15/15/15 AADTWY?/CEEINRV 54/27 0
seed: 1790813784
loaded config with command: cgp 15/15/15/10Z4/3ADVISORY4/10G4/10O4/7INWIT3/10D4/15/15/15/15/15/15 AEEHRSU/ABEEINY 40/98 0
seed: 1790813785
loaded config with command: cgp 15/15/15/15/15/15/15/2RHEUMIc6/15/15/15/15/15/15/15 AFIMNNO/CDGGNRW 0/80 0
seed: 1790813786
loaded config with command: cgp 15/15/15/11D3/10TRANQ/11I2A/9B1N2D/6SHLOcKS1I/9V5/9V5/9E5/9R5/15/15/15 AEOSTTT/AEFORST 62/136 0
seed: 1790813787
loaded config with command: cgp 7T4C2/5B1WAX2R1L/4JO1I4E1I/3PEH1GILDSMAN/3AR2l4O1E/4Q2O4S1M/4U2O4I1A/3ZESTS4N1T/2AYRIE7E/3G2THINNED2/3OK3FOY4/2PIA4GERT2/2AD11/2V12/DEEV11 AELNOUU/ACENRR? 489/299 0
seed: 1790813788
loaded config with command: cgp 15/15/15/15/15/6V1M6/6I1U6/5JEED6/4GOWFS6/15/15/15/15/15/15 AILMNOT/AEELNRU 31/72 0
seed: 1790813789
loaded config with command: cgp 15/15/15/15/15/15/5JANE6/5OWE7/4LYNE7/15/15/15/15/15/15 EFGHNPS/BIOOTWZ 30/43 0
seed: 1790813790
loaded config with command: cgp 11PILI/1G5MAQUI3/1RIBSTON7/1R4FACADE3/1R6R1I4/EL6U1T4/V7M1T1OXO/O5JAB1I1WUD/K7YITIE2/E14/15/15/15/15/15 ELNNOSS/EEENNOW 224/149 0
seed: 1790813791
loaded config with command: cgp 3CAPING6/4R10/4E3HAINT2/3YOURSELF4/4L10/4A1S8/4T1W8/3CEBID7/3R2Z8/3E11/3N11/3E11/3L11/15/15 DEELORT/AAGNQRT 152/148 0
seed: 1790813792
loaded config with command: cgp 15/15/15/15/15/15/4FOUND6/3KEMPY7/3AT10/3WE10/2PAS10/2OU11/2U12/1GLADDING6/2T12 ACDINRW/EEGILOS 148/84 0
seed: 1790813793
loaded config with command: cgp 3B1HINnIED3/1AQUAE9/3N11/3I1K9/3ABA9/4OW9/4N1FAGS5/P2FIVER7/I3A1ZOS6/L3T3L6/U3O3A6/MEEDS2IN6/6JUG6/6ORE6/7ER6 EEINORT/CCILOPX 223/301 0
seed: 1790813794
loaded config with command: cgp 15/15/15/15/8O1A4/5LOQUAT4/8T1H4/5FRAG1E4/8A1I4/8I1S4/8N1E4/8S1D4/15/15/15 AEEIJO?/ABEIOPT 35/159 0
seed: 1790813795
loaded config with command: cgp 15/2D6P5/2O6E5/2V6N5/2I6I5/1REMEDIATE5/2S12/2TOORIE3FLAN/4HOSELIKE3/5T5G3/4CAW3QAT2/5V5R3/5A5Y3/5T9/3BLEARY6 ADIINSZ/BEEGRS? 259/221 0
seed: 1790813796
loaded config with command: cgp 15/15/11B3/11L3/11A3/11R3/7YEUkIER1/1R3ZEE3N3/1AVITAL4G3/1G1DEG9/1g13/1I13/1E13/1S13/15 DERRSTU/AEMNOPS 121/130 0
seed: 1790813797
loaded config with command: cgp R14/E14/N10J3/V9FAR2/O9UME2/IF6POZ1W2/1U4GLIDERS2/1C1VOLAE2E4/1K2DOGMA6/1SYNAPsE7/15/15/15/15/15 ILNTTW?/ADEHOTY 212/198 0
seed: 1790813798
loaded config with command: cgp 3HAILED6/5D3K5/5E3I1WE2/5A3S1OW2/5t3TEXT2/5UG3N4/4AMI3R4/4U1MINION3/4S1P1ANOA3/4T5T4/4E5EF3/4R5DO3/4E6C3/11A3/7JAVEL3 BCEIQUV/AEHOSTU 225/222 0
seed: 1790813799
loaded config with command: cgp 7FORBORNE/2V3PE7/2E3AT7/2R3PI7/1AMASSED7/1XI2J9/2N2O9/3LIEGE7/7q5O1/6BUMF3V1/7I1ATOKAL/7N5TI/6QIN4ET/7T5DA/7Y6I DELNORW/AEEHIRS 289/264 0
seed: 1790813800
loaded config with command: cgp 10S4/10A4/10V4/10O4/10R4/10I4/10N4/7ALIGHT2/12O2/12P2/11DI2/11HA2/11AR2/11KY2/15 DEINRRX/EEORTUY 76/100 0
seed: 1790813801
loaded config with command: cgp 7MAZED3/11I3/11N3/11G3/11E3/11R3/7VOLTS3/3FUGLE7/4HOOTY6/6WOOD5/8BACKET1/15/15/15/15 AEEINQT/AEEHPRT 139/130 0
seed: 1790813802
loaded config with command: cgp 15/15/15/15/15/4B10/4E10/4GOWK7/4I10/4FA9/4TI9/15/15/15/15 ADGRSTU/EGIJLNS 24/37 0
seed: 1790813803
loaded config with command: cgp 14M/13AI/12FET/12ART/10L1WO1/10I2B1/10V2E1/7UPLIFTS1/7GU1N4/3SOJU1LOGO3/4SATIABLE3/3DEKED2y4/15/15/15 ACEIOUV/CEMNOW? 171/321 0
seed: 1790813804
loaded config with command: cgp 2ACERBER5T/6I3P3E/1FOID1t3HAO1E/2UNOWED2ITA1M/6WaXCLOTHS/3ULZIE2ONE2/6N3MIR2/3BOYGS2EA3/3AIA4L4/9QAT3/15/15/15/15/15 DFNNRST/AIIORTU 257/309 0
seed: 1790813805
loaded config with command: cgp 4VIDE3JIAO/6ORTOLANS1/2FIRRY4D3/9Y1EM2/8BANDA2/9G2W2/4D1KEPI2T2/W2CIVIE3CH2/A3N6RE2/R3G6ORF1/E3B6U1I1/ZOAEA6P1T1/4T8T1/3ISOGONS3E1/15 EEHMQU?/ELNOTU? 361/316 0
seed: 1790813806
loaded config with command: cgp 7B7/5V1E7/1QUINONE7/3FEG1F7/5U9/eULOGIAE7/4NEMATICS3/3ZORIL3O3/2JOW1DEBT1C3/11IT2/11AW2/11TI2/11ER2/12L2/15 DEEKMNY/AEEGNPS 218/279 0
seed: 1790813807
loaded config with command: cgp 11J3/11E3/11ES2/3Q4S2RE2/3U4O3D2/3O4N3I2/3AM3A3L1O/3DIGLOT3I1C/2F1L3I3ANE/1WRATH2N4YA/2O1ZEA1E5N/2W2UR4EA1I/2Y2GU5VAC/5HM2UNLIT1/6SPIROID2 EFKNOPS/ABEGIRV 284/329 0
seed: 1790813808
loaded config with command: cgp 15/15/15/15/15/15/2V12/1SEGMENT7/2N4h7/2D4I7/1PA4N7/1UG4C7/1TE4L7/1Z5A7/7D7 ABCEOTU/AEGLLPR 113/126 0
seed: 1790813809
loaded config with command: cgp RONZ11/1HEIL10/3N11/3EN10/4A10/4S10/I3t10/N2PADRI7/C3L2OF6/O1GRIG1dE6/M1OUK2YU6/MARTS2R7/O6IF6/DEVOTE1TAJ5/E6EW6 AEINTTY/AELLNST 291/273 0
seed: 1790813810
loaded config with command: cgp 15/15/15/HAUF4DIDOS2/3AT1READOUT2/1UNWIFELY4KI/5R7OW/1REPLANT6I/5B1ABHeNRYS/15/15/15/15/15/15 AEGINRT/AEGJOPR 258/212 0
seed: 1790813811
loaded config with command: cgp 7R4F1N/7o4O1A/2R4B3QI1R/2A4O2TID1C/1IT4T2IN1OO/1XI4I2T2I1/ENFEVERS2T2L1/1AI4MAHEWUS1/1YE5LAD1PE1/2S6L2WE1/9V2EDS/5MAGDALEN1H/7U4T1O/7C6G/7K6I AEEGJOR/NOOPUY? 380/367 0
seed: 1790813812
loaded config with command: cgp S2ZENDO7/c2E11/ALBA11/R2L11/I3V10/LAROID9/Y3V10/3MOILS7/5N9/5U9/3TORCHiNG4/5BO8/5AX8/JET2NE8/1FAKIEST7 AACENTT/DEIMPRY 216/330 0
seed: 1790813813
loaded config with command: cgp 15/4C10/2BAH10/1YOWE10/VEXER10/1ZE1V10/2D1I10/3FLORID6/2WASPY8/1J1C2OB7/1I1ELATIONS4/1GNU3F7/2UP3T7/2R3SEDATING1/NORIA2R7 AEINOU?/DEEILRU 276/317 0
seed: 1790813814
loaded config with command: cgp 3K11/3I11/3V11/3AG10/4U10/4Y10/4I10/2tENONER6/4G10/15/15/15/15/15/15 AAAEEIO/CFHHIMT 22/102 0
seed: 1790813815
loaded config with command: cgp 15/15/15/2DEPUTIEs5/4R10/4E10/3IMAM8/3FIAUNT6/4E10/4R10/3EE10/2BUS10/2IO11/2BI11/JEE12 IILNNOY/EGHLTVY 128/180 0
seed: 1790813816
loaded config with command: cgp 15/15/15/10G4/9AR4/9BA4/10N4/7INTURN2/9UM4/9X5/15/15/15/15/15 EEEFIRW/AIINOPT 36/48 0
seed: 1790813817
loaded config with command: cgp 15/9K3E1/C8E1JOLE/OIDIA1NUMINA1ER/N3ROOTAGE2MO/C8H3IT/E3W3ST4I/I2FAUNAE5S/T1H1R3V5E/Y1I1B10/2V1L10/2EXeRGUAL5/2D1R10/4S10/15 FINORST/BDIOPUY 199/382 0
seed: 1790813818
loaded config with command: cgp 15/15/15/15/15/15/15/3HAFTED6/2TAWA9/15/15/15/15/15/15 AIILORV/BEGJTTU 34/23 0
seed: 1790813819
loaded config with command: cgp 11MIDI/5BELOW3O1/8PEEVED1/3ERInITE1R1GO/10TO1EX/9JOW1DA/6UMIAQ3L/7ENNUI2I/3GRAPH1NE3C/15/15/15/15/15/15 ABHNOSU/DENRSTU 176/274 0
seed: 1790813820
loaded config with command: cgp 15/13T1/13R1/8COCTION/9HOI1I1/6FANON2L1/5SOV5U1/6RANPIKES1/7LYE2X2/5MNEME2HE1/1GRUFE6AN1/10TALAQ/11WET1/10BADE1/7JIVeY3 BDEIOTU/AEGISTZ 229/349 0
seed: 1790813821
loaded config with command: cgp 15/3H11/2JOW10/2OMA10/2LIB3C6/3N4O6/2DIV1VLY6/3ZOAEAE6/2TEWIT1R6/1QIs11/1U13/YAD12/AKA5AURIC2/DEL2FEER6/1RIBlESS7 AENRTUU/AEINOSX 218/409 0
seed: 1790813822
loaded config with command: cgp 15/15/15/15/4O10/4O10/4T10/4HUNG7/1O2E10/1X2C10/1I2A10/1DIALYSER6/1A13/1N13/1T13 EFHNOTW/DINRUVZ 92/164 0
seed: 1790813823
loaded config with command: cgp 15/15/15/15/15/15/15/3DODMAN6/3AWAIT7/15/15/15/15/15/15 AEINNTT/ADGIOUY 24/27 0
seed: 1790813824
loaded config with command: cgp 11V2I/9F1IF1R/9LOBI1O/9OPED1K/9WE1DOO/8EN2lO1/6ZEA3ENS/6EARWIGS1U/5GAUD5R/13TE/13ET/13NY/13I1/13A1/10APISM BEIQRST/EEGHILM 215/262 0
seed: 1790813825
loaded config with command: cgp 4C2HIRER3/2GLADIATE1A3/4l1FEAT1T3/L2ZE6I3/I2EF6O3/BURRITOS3N3/I2OE1HUI2S3/D3DAMN7/OU13/1N13/1E13/1V13/WE13/AN13/S14 AJLLPVW/AENOOTY 259/270 0
seed: 1790813826
loaded config with command: cgp 15/15/15/15/6HOOSGOW2/9Q5/9U5/7IXIA4/9B5/15/15/15/15/15/15 EEESSST/EFKLMPY 36/50 0
seed: 1790813827
loaded config with command: cgp 11C2E/9CLOVEN/11T2d/11TA1Z/11AW1O/3RAJ5EA1N/4GAUP6e/6HOX1FITTS/7DUDE4/10N4/3VASTIEST4/15/15/15/15 FKNNRSY/IIILOPR 154/280 0
seed: 1790813828
loaded config with command: cgp 15/15/15/15/15/15/8KEY4/3DELtOID5/15/15/15/15/15/15/15 EEFGIRS/DPPSWXZ 29/70 1
seed: 1790813829
loaded config with command: cgp 15/15/10VUG2/2D8RONZ/1GILD9a/2A1OO2FEIRIEr/2C1PROLAN4F/GREVE1BOX2QINS/1ET8U3/1MY7BI3/1AL7UN3/1R8NA3/AKA12/YEW12/ET13 ADEIPST/AHNSTTT 231/413 0
seed: 1790813830
loaded config with command: cgp 11RIPT/13O1/13DI/6GU3V1iO/6ET2WEET1/6ER2HIDE1/6DI1TANHS1/7COOMY3/7U1R5/7L1QIN3/7i1U5/9ENUF2/8GRYPE2/5JOMOS2EL1/5AKIN2ANOA ADEIRTV/AEENSTX 300/327 0
seed: 1790813831
loaded config with command: cgp 7YO2KY2/GOAF3UNQUIET1/ORGANUMS4ZA1/3T9T1/3I9T1/1W1D1J1BEGuILED/1I1I1OHIA4DA/1V1CAMES6D/1E3OWE7/1R3N9/1NURRS9/15/15/15/15 BEFIPTX/AELNNOS 266/291 0
seed: 1790813832
loaded config with command: cgp 15/15/4Q10/3KAE9/2BITE9/1HUT11/1AYE3TWP5/1N1RONDEAU4U/6ADIT4N/1GUIMPE7L/2HOY9A/4CIVIE5W/8MITOSES/4ACEROsE4/15 AFFGILL/DGNNSTZ 246/278 0
seed: 1790813833
loaded config with command: cgp U14/V14/E1I12/AaL12/1DI12/1ZAG11/T1DO11/O2BOWIE7/O2U11/KO1R2V8/1PERONEUS6/1T1A2R8/QIN3Y8/1M5ACONITE1/BASTARDs7 AAGNRWY/EEEJLOT 195/355 0
seed: 1790813834
loaded config with command: cgp DISJUNED7/I2U11/S2C11/T2OB10/a3E10/I2REGNANT5/N3P10/S2KEVEL2EXING/4D1FIRTH4/15/15/15/15/15/15 OQRTUWZ/AAEILNU 166/329 0
seed: 1790813835
loaded config with command: cgp 7AG6/7PI6/7AM6/7RE2U3/7EL2R3/7j3B3/7O1C1E3/7SILEX3/8FIT4/5Q3V5/4AUGITIC4/5E3A5/5R9/1TUNNY9/SOMY11 IIKNOPW/AALNRST 191/181 0
seed: 1790813836
loaded config with command: cgp 7B7/7O7/7S7/7QANAT3/7U2U4/7E2D4/10I4/7TITTY3/10I4/10V4/10E4/4PREFERs4/15/15/15 EOPRRVW/AACDGIN 149/149 0
seed: 1790813837
loaded config with command: cgp 7J3COIF/7E3U2I/6HUG1OBO1S/6U1R1WEX1T/6E1AMI1O1N/5V2BYES1KO/5I2E2L1ET/3WIVERN2E1PE/5OY1S1AD3/6R3ID3/6AD2AE3/7R3R3/7ECtASIA1/7N7/7TAInTURE AFLNNPT/AGLLNTZ 412/360 0
seed: 1790813838
loaded config with command: cgp 15/15/15/15/10A4/10N4/7R2A4/5BAE2B4/5O1I2O4/5O1N2L2H1/4ANESTrI2I1/1JIVY2TE1C2N1/1O5AX4D1/1E5T5E1/TYPP2SEIGNEUR1 ADDEEOR/ADHUUZ? 204/289 0
seed: 1790813839
loaded config with command: cgp 3CAGOUL6/1FLAW10/3R11/3G11/3OF10/4A10/4N1Q7T/4JIAO6R/4E1T7e/4T9N/4SHEEN1HODAD/5ETAERIO2I/14N/14G/15 AAERSSU/AILNOOR 140/256 0
seed: 1790813840
loaded config with command: cgp 4Q10/4U10/1INJECT5V2/4T7E1P/4Z7G1A/2DRAWN4MOBE/2I1L1OLEATES1D/2D4OMLAH2O/2I4GOB2W2/2E6ANTA1R/11AI1O/11IF1O/11LUNK/11O2E/11R2D EGINRS?/AIPSVY? 144/247 0
seed: 1790813841
loaded config with command: cgp WISTERIA7/OFT4P7/7O7/VANT3R7/1Q5E7/SUBAGENT7/PA5I7/R2KLOOCH6/U3AUE8/N14/G14/15/15/15/15 ADIILNS/DHIJNTY 178/220 0
seed: 1790813842
loaded config with command: cgp 15/15/6G8/6U8/3PAVIOURs4/2QIN1D8/6E8/4JOWL7/6A8/6Y8/15/15/15/15/15 ACEINOY/AFIILNO 126/88 0
seed: 1790813843
loaded config with command: cgp 15/15/15/10H4/10I4/10R4/10I4/4FAVAS1N4/8TOG4/8AW5/8IN5/2AGATOID6/ROTULaE1L6/3REX2Y6/15 EIKMNOU/AIILSWY 209/95 0
seed: 1790813844
loaded config with command: cgp 15/15/15/15/10O4/10N4/6FAY1D4/7RETAX3/10T4/3SIGnIEUR4/10AR3/11H3/11U3/9KEMPS1/11B3 CEEESST/DIIIOVY 114/128 0
seed: 1790813845
loaded config with command: cgp 15/15/15/15/15/15/15/4MIRV7/15/15/15/15/15/15/15 EILNOUU/CEEHIRR 0/18 0
seed: 1790813846
loaded config with command: cgp 15/15/10c4/10U4/10T4/7ROOTInG1/6FAW1H4/3CAMAN2R2E1/3O2DARIOLES1/3U6A2P1/3L6T2A1/3E7QADI/3E9A1/3SNOOTED3S1/15 ADELORX/EIILNNT 235/267 0
seed: 1790813847
loaded config with command: cgp AEGYO5BARRA/XI2FEATURES3/EN5H7/BAGWIG1E7/I6R7/R5ME1J5/d5UM1U5/S2COLLIES5/3H2IN7/3EF1E8/3WO10/3YUP1D7/5OKE7/5ZOA7/6IN7 ACEITV?/AANNORT 252/420 0
seed: 1790813848
loaded config with command: cgp 15/15/15/15/15/15/15/6JOY6/15/15/15/15/15/15/15 BDGLOST/AINPRRT 0/26 0
seed: 1790813849
loaded config with command: cgp 3JICAmA6/8IF5/8MI5/9T5/9T5/5F3E5/5A3R5/5TWINS5/15/15/15/15/15/15/15 EEIRSTZ/DILOVWY 41/156 0
seed: 1790813850
loaded config with command: cgp 3JAMON7/3A3ATEMOYA1/3IF4ROUEN1/3LI3CACK3/4X10/4U10/4R10/1ALVEOlE1RUTTED/4SPINNET4/9FERLY1/4GORgETS4/15/15/15/15 DELOUWZ/AGINORS 231/377 0
seed: 1790813851
loaded config with command: cgp 15/15/15/HYLE11/3FON9/4RIF8/5DOOB6/4WEXE7/15/15/15/15/15/15/15 AAKOQS?/DEGRRUZ 47/93 0
seed: 1790813852
loaded config with command: cgp 7J3M3/7I1COOZE1/7V3AI2/7I2SIG2/7E1OU4/5Q1rOBE4/5U2POD4/4WEFTE1IF3/4HA1OP1NO3/4IN1WE1GU3/4M2E3A3/7L3T3/7L7/7E7/7D7 AIKLRVY/CDINRRS 189/321 0
seed: 1790813853
loaded config with command: cgp 15/15/15/15/15/15/15/15/15/15/15/15/15/15/15 AEENRTW/DEEISTW 0/0 1
seed: 1790813854
loaded config with command: cgp FEED3OOLAKANS/1WHOoPIE2T3A/10TA2X/3R6UN3/3E5ONO3/3L5NEW3/3A4MOD4/1G1BURNIES5/1UME4V6/1GEL4E6/1AAS11/2L12/2I12/2E12/15 DIIJRTY/GHOPQT? 295/251 0
seed: 1790813855
loaded config with command: cgp s4SWELTRY3/TERAPH9/O2V11/WO1I11/AB1AG9O/bO1TA2UEY4R/L2IS2PROVINED/E2CHIMO6I/4F9N/4U8BA/4L2E3C1OR/7X3I1N1/7IGUANID1/7N3Q1S1/7E7 DEEENSZ/AAEILOT 511/291 0
seed: 1790813856
loaded config with command: cgp 15/15/15/3B11/3O11/3U11/3N11/3COLTERS5/3E11/15/15/15/15/15/15 AEIMSU?/DEHILOT 74/20 0
seed: 1790813857
loaded config with command: cgp 6BANDAGER1/10G4/10O4/10U4/10T4/9QI4/9I5/5DJINN5/5O9/5L9/5C1TACT4/5E2LEHUA1F/2POUTY1EROSIVE/5TUTEE4O/4WIPE6D AAGLNS?/AEHIKMR 194/317 0
seed: 1790813858
loaded config with command: cgp 15/15/15/15/15/15/15/3KNOWN7/15/15/15/15/15/15/15 ADPSUU?/AALOOOS 0/34 0
seed: 1790813859
loaded config with command: cgp 15/15/15/4Y10/4A10/4R10/4M2BOUT4/3JEANED1R4/2VOLTE3I4/4KEF3G4/4E5O4/5WOMANNEd2/6DAY1A4/1ASTONES2L4/15 CCDEIRT/ABENNPQ 155/287 0
seed: 1790813860
loaded config with command: cgp 15/15/15/15/15/15/8APHOnIA/5GREW6/15/15/15/15/15/15/15 EEIIMTU/AAELNQV 16/68 0
seed: 1790813861
loaded config with command: cgp 15/15/15/15/15/15/15/6WOX6/7FUmETTE1/15/15/15/15/15/15 DEIORSU/AADEEIR 26/76 0
seed: 1790813862
loaded config with command: cgp R6B7/OI5E7/UN1U3E7/GI1N1GARGETY3/HALFWIT8/I2O1FEU7/ED1R11/1I1MANNERS5/1V7O5/1O7L5/1R5QUAD4/1C7N5/HEX3COEDITEd1/A1I6S5/J1SWIPEY7 DEILLOS/KMOPTTV 305/349 0
seed: 1790813863
loaded config with command: cgp 14R/14E/7CRaTEFUL/11N2A/11T2T/5CRANE1O2O/4GOUK1U1M2R/3DIOTA1P1B2S/9AYS3/9DE4/10V4/7JEWEL3/15/15/15 ABFLMN?/EEGHNOP 262/199 0
seed: 1790813864
loaded config with command: cgp 7KO6/7OD6/7BY6/3F3AL6/2FARCINS6/1ZEL3G7/1I1ARIL8/ET1J2OU7/AIT1REX8/R1I12/c1N12/O1C12/N1T12/S14/15 ADEHOSU/EGIRTVW 236/170 0
seed: 1790813865
loaded config with command: cgp 15/15/15/15/15/15/15/7ENEMY3/15/15/15/15/15/15/15 CEENOSX/BDDGPRU 0/28 0
seed: 1790813866
loaded config with command: cgp 11D3/10WELP1/11GOE1/11URE1/10AMIR1/6R3N1OYS/6E1V1T1T1N/6STRAIKS1O/6H1O1F3o/5JO1UTA3P/6EF1AT3E/6DO1G4R/7R1G5/7C1Y5/7E7 BEEINXZ/ABINQT? 277/257 0
seed: 1790813867
loaded config with command: cgp WILGA2Q3UNAU/3N3I1DOMIC1/2FAH2NYE1EDH1/2ITA3USE4/2V1O1GO1EW4/2EA1TIL1R5/3R1OPE1T5/3BEsPATE5/3O1AY2D5/3U11/3R11/2ZE11/2Id11/2G12/NISI11 EMNORRT/AJNRSTX 333/263 0
seed: 1790813868
loaded config with command: cgp 15/15/15/15/15/1QI2Z9/2FADY5E3/3GIGUE2UPBYE/2V2A5I3/1CANELLa3n3/1HI7JA3/1INTERMIX1IO3/FAE3MOURNS3/OOR12/O14 AADDENR/CEEILST 288/275 0
seed: 1790813869
loaded config with command: cgp 7G1D5/7H1I5/7A1V5/7Z1A5/4DARIOLeS3/5K3E5/1OXO1ET2N5/1SUBVERt1T5/3O2U8/3E2E8/6B8/FARNESOL7/6R8/6N8/15 EIIQSWY/EGIIMRU 220/308 0
seed: 1790813870
loaded config with command: cgp 15/15/15/15/15/15/15/BOOZINGS7/15/15/15/15/15/15/15 AEORRUV/AAFGILV 50/60 0
seed: 1790813871
loaded config with command: cgp 7V7/7I5V1/7R4NA1/2AGENETIC1NERK/1CAUF2U4OR1/3R8NO1/2ISATINE4A1/3H3ULTIMAs1/10FOE2/5WiLDEST3/7A3HULL/2DODGEM7/6ABORTION1/7I7/7E7 BEEEGPT/DEIORSY 407/191 0
seed: 1790813872
loaded config with command: cgp 15/2R9F2/2E4MINABLE1/DRANGwAY4E2/O1V9A2/G1OP8B2/I1WO8A2/ED1COUDE4n2/1I1H1TOFU3E2/1S1O1AE8/1CHITS9/1O1R3P7/1U1SNOWIER5/1N5K7/UTILE2I7 ADENTVX/AIJMQRT 257/368 0
seed: 1790813873
loaded config with command: cgp 7S7/7O7/2R1ADYNAMIAS2/2AB3O4W2/2KOHL1R4A2/1GUR2CINQ2G2/HI1T3T7/E2ZESTY7/M14/P14/E14/N14/15/15/15 EENTUX?/AADDLSV 229/205 0
seed: 1790813874
loaded config with command: cgp 15/15/15/15/15/15/15/2REREdOS6/15/15/15/15/15/15/15 ALTTVYY/ENNPRSW 0/64 0
seed: 1790813875
loaded config with command: cgp 15/15/15/15/15/15/15/4HAWK7/15/15/15/15/15/15/15 ABOORSV/DLMSSXY 0/28 0
seed: 1790813876
loaded config with command: cgp 15/15/15/14J/14E/9TENIAE/8KENO2R/7CODEX1OS/13O1/13F1/15/15/15/15/15 AAFIRRY/AHINQST 106/83 0
seed: 1790813877
loaded config with command: cgp 15/15/15/15/15/15/15/5TWIG6/5A9/5X9/5O9/5N9/15/15/15 CFIOUU?/EFLNORT 16/28 0
seed: 1790813878
loaded config with command: cgp 15/15/2F12/2O6V1E3/2R6O1M3/2DA4OW1B3/2OR4V2R3/3C3NELLY3/3T4R2O3/3I4T2I3/3IdEALISED3/3D4R2STAW/3S3ZE6/7H7/7O7 AEFHIJO/AAEPTTX 283/222 0
seed: 1790813879
loaded config with command: cgp 2D4V1BRACED/1DI2HOOEY4I/1AG4T6A/1TINKLIER5N/1UT1N2R6O/AM1HOP2P5I/U2AWEE1O5a/EN1WEETED5S/1E6G6/1R5BY6/1I4ME7/1N4OF7/FE4ZO7/AS5U7/V6L7 ACLOQSU/GJLRRT? 386/273 0
seed: 1790813880
loaded config with command: cgp 6BAWTY4/9WOOFED/8BA4E/8LI4O/4ADENINE3D/8M1X3A/6E1P1p3T/3VINCAS1I3E/6O3R4/6T3E4/6O3R4/6U3SKEGG/2FLUORIC6/6S8/15 AAEJLOT/HIRRTZ? 248/169 0
seed: 1790813881
loaded config with command: cgp 7W3P3/7A3U3/7V3L3/3APOGEE2V3/4R2Y2BENJ1/4e3TZAR3/4T3HOE4/3DRONGO1LURID/4e3F6/2GOAF2T6/1BIOTECHS6/7I7/1XI4REMANIE1/1INSNARED6/7E7 ADEISSU/AAEKTTY 320/274 0
seed: 1790813882
loaded config with command: cgp 13O1/13c1/FOX10T1/1BISNAGA3U1O1/4UROBILIN1F1/11M1I1/11END1/4COZY3WE2/6AERO1EW2/9YADS2/4STANKED4/7A1ROJI2/7P7/6LEVELING1/7D7 ENOQRTV/AAEHITT 383/323 0
seed: 1790813883
loaded config with command: cgp 15/1L13/1I4ZEE1U4/1V2DREARING3/1I8s4/1D8W4/1E4FUNGO1A2/1S1CIGAR1ORYXES/1TOUTON1JOE1E2/3M4OP2L2/3U3MI3I2/3L3EN3K2/3I3V4E2/7E7/7D7 AOPRTY?/AAFHOQS 318/255 0
seed: 1790813884
loaded config with command: cgp 7I6P/7N6R/7t6E/3V3U6B/3U3r6O/3T3N6U/S2T2ME6N/T2YOWED1GOBIID/A5N3VAN2/M5F2FE4/P3ZOOTIER4/E3AULA1ECHE2/D5K3LAX2/ESTRINS3AH3/R9DA3 AEILRST/EIIOOWY 438/367 0
seed: 1790813885
loaded config with command: cgp 12AGO/12BAD/12ARE/13PA/13I1/1DOORMEN5K1/7EUCAINES/3BOWNE6Y/5I8N/5Z3J4T/1Q2RAVAGErS2H/WAIVER1X1R1U3/AT3D1I1R1N3/IS5L1Y1U3/T6S3P3 CDEGIIU/FHIOOOT 353/302 0
seed: 1790813886
loaded config with command: cgp 15/9VOICER/12L1A/3Q7BEnJ/3OW5REFI1/1H1PRECISION1L1/YU1HO5UN1G1/AID1K2MILTY1A1/TAE1E1ZA5U1/E1N2BOD5S1/2T2R1W7/2U2R1O7/2R4M7/1DELAINES6/2S4N7 GIOOPT?/AAAEITT 417/349 0
seed: 1790813887
loaded config with command: cgp SQUAT1MHO6/1U3ZOMBI5/JANGLE9/1D13/1R2I1TALBOTS2/CARANGID3I3/1T2F6E3/Y1SNaRLER2R3/G3U6C3/OK2N5HE3/1N2A5IT3/DIODE5ES3/EVOE11/FE13/Y14 AAIINV?/AEEIOPR 397/330 0
seed: 1790813888
loaded config with command: cgp 7W6F/2CINQ1H5JO/2L4A5ER/DRONIEST3F1UG/2V8L2E/1RILEY1BEGROANS/2SALUTES2N3/H5EE1O1G3/E1ADDAX2U5/MIDI2TREZ5/2B6O5/VROUW10/2T12/15/15 CEIIMOT/AEKNPT? 356/283 0
seed: 1790813889
loaded config with command: cgp 15/15/15/15/14U/14N/11U2S/7AVION2E/10FEHME/2DITZ1BOK1S2L/4OOGENIES2E/5LINEN1AW1D/11YA2/10REWAX/4CoMPAREd1HI EIRRTTU/ADEEGLQ 349/282 0
seed: 1790813890
loaded config with command: cgp O14/A14/K14/E14/DA10I2/1N2OF6Z2/1I2WOF5V2/LO1COPAL1N1BE2/IN1O2VIDE1Es2/DI1N1YEN1W1ET2/1CAT5TIPI2/2UR7EA2/2TA2UNGEARS2/1QORMA2UH5/3YOGISM6 EEGRRST/ALRTUX? 388/333 0
seed: 1790813891
loaded config with command: cgp 3FOEHN7/3U4AW5/2AT4JOL4/1GNu3QI1O4/1OOR2DIV1C4/1WAI2R1AE5/1F1T2O2V5/P1GYRENE1I5/L5G2D5/U5O2E5/M2BASEMENT4/PAYEE1SI1T5/I6Z1S5/E6E7/R6N7 ABCDDII/AHILORR 386/329 0
seed: 1790813892
loaded config with command: cgp 13D1/9J3I1/8BO3V1/7MuLSH1OW/7ARTI2TI/5FOLLY4R/8E4AE/6QIS4UR/O7KI3N1/UNSILENT1N3T1/T6O1F3E1/BY5U1E3R1/EA3EXPIRANTS1/AH1VOW1E1n5/M6E1O5 ACEEIOR/AACEGGZ 404/341 0
seed: 1790813893
loaded config with command: cgp 7F7/7R7/E1POSTROLL5/UVAE2EW7/G3RAINILY4/E5N8/N5D8/I2JERID1O5/A2A2C1LO5/s2N2T1OH5/2BA4R6/2UT4I6/2BA4C1YUG2/3SUQ2ADAGIO1/4HIKES3FOX AEEEIST/DEEMMOV 389/343 0
seed: 1790813894
loaded config with command: cgp 7W7/AD5H7/EA4PI7/RIPARiAN7/ON4T8/BE3ZEN7/I1V1FON8/C1EXULTS7/2G1M1E8/4EME3H1U2/4DA4I1R2/5L4V1U2/4DISLIKENS2/1JOL1C9/TABOOEd8 AGGIOOQ/AADIRST 351/303 0
seed: 1790813895
loaded config with command: cgp 7N3L2D/7O2JAMBE/7T3O2R/7A1B1G2P/7R1AHA3/7I1HOI3/7Z2R4/6DEMARKS2/10E4/6GYRING1F1/7O2T2U1/7D5N1/7L5N1/7E5E1/7REFUTALS DSTVWY?/EEEIIOQ 306/230 0
seed: 1790813896
loaded config with command: cgp 5QUIRE1IO2/8OMASAL1/8OU1OK2/11bY2/11A3/6R3ET3/6E3AH3/6COWLs4/4V1O2UT4/4OBA2ZE4/4EAT3R4/5GEM2N4/6DE7/7O7/7UPRATING BDIINXY/EGIPRSS 319/268 0
seed: 1790813897
loaded config with command: cgp YEOW11/AX1I3TRANQ3/3FA2OO2U3/3EE2YO2I3/4C2Ef2N3/3TIP1REZ1N3/4UR2RE1AD2/4MEVES2TI2/5D6S2/4AR6O2/4KI6W2/3BEL6N2/3EEl6S2/3A1S9/3M11 AAEGILO/DDGNOOT 325/281 0
seed: 1790813898
loaded config with command: cgp JUROR2QUIFF3/3W7E3/2AI4VALID2/2YER6N3/4E6T3/4L2HAPTENES/4E1BIDI1D2T/3MAGOT6E/2CURIO7A/4N9L/4S9E/14D/15/15/15 GIKLTXY/EENOPRT 263/210 0
seed: 1790813899
loaded config with command: cgp 15/13C1/2S10h1/2PTYXISES3O1/2I10R1/2N10D1/2U10A1/2LUNULA5ET/2A2HONG5E/1JET3T1QI2YA/4HElILIFT1ES/2WAIF1PO4TA/1GOWD1ZOO5B/5BOR6L/5I1NARCEINE EEGKORR/AADEEIV 454/414 0
seed: 1790813900
loaded config with command: cgp DEV1P6T3/1WAREZ2T2I3/TEX1R3HOARILY/3JOG1QI2A3/3ONE1UN2m3/1VIBEY1OE2I3/4A2I3S3/3BLUNT3U3/3O11/3O11/3K11/3L11/3o11/3R11/3E11 ADGINSW/AEEGPST 332/252 0
seed: 1790813901
loaded config with command: cgp 7Q7/6BI1S1WUZ1/3T2I1JULEP2/3OF1G2N1NOOB/3TA1H2T3AR/4R1E2A1W1KO/4C1A1IN1EL1M/3VENDORS1XI1I/4R1S1E3P1D/8n3ERE/8I1D1MA1/7ACqUAINT/8A1N1AD1/8L1G1SO1/10Y4 EEILORU/EEFHIOT 395/343 0
seed: 1790813902
loaded config with command: cgp FLOWS6V3/4N4PREIF1/4I6L3/4R4OIDIUM/4T5M3Y/4E5P3T/4DOX2BOET1H/5NICEISH2O/10T3I/5TWERKED1Z1/7G2R2O1/BEAChING2SATAY/6ULU4E1/7E5A1/7R7 DEIJNQV/AEGLNNU 372/299 0
seed: 1790813903
loaded config with command: cgp F2H3V7/AL1A2SI7/QUOD2IN7/IT1EA1TO7/RE1DI1U8/1T2ABA8/1I1O1UT8/1u1VIDEO7/1M1E1ID8/3R11/BIGHT4NOWN2/3A4JEFE3/2UNREASON5/3G4GEMINY1/15 AACOPSX/CKPRRS? 342/299 0
seed: 1790813904
loaded config with command: cgp 2sPRYER7/2T1E10/2A1G10/1MI1I1T8/1ER1NOH8/1WE1AKA8/2D3L8/3VIOLD7/3I2I8/3E2N3T4/2AWA1E3R4/2BEN2MANEB3/2ADO1PUG1Z4/2C1AJI8/QUID2ELF6 ACENORS/GLSTTV? 312/269 0
seed: 1790813905
loaded config with command: cgp 7h2THETE/7O3A1R1/7G3U1I1/3LUXING2NAB1/7O4LA1/7S4ED1/7E1F2FEH/7DRONY2A/2P6R4J/2E1OVA2ZAG1QI/2KIWI3EW2u1/2INOSITE1D2I1/2N5MULCTS1/6TEEMS2T1/15 AABLOOR/CDEERVY 398/351 0
seed: 1790813906
loaded config with command: cgp 14D/13BI/13EA/13EN/4S8RE/4T8M1/4R1POOJA1ZAG/3FUMIER1AXITE/4mO6N1W/3KOI6G1G/3NUR3NAVY1A/3USE8W/3B4CARTELs/15/15 AIINOUY/DEEHIST 286/228 0
seed: 1790813907
loaded config with command: cgp 15/8OCTUOR1/11N3/11R3/10TI3/8AVOS3/5JOLE1WEB2/5AUA1FANo1H/3LIRK1HAG1X1E/8AYE2BA/8N1ST1ID/8G2R1MY/8I1LA1I1/8N1IN1N1/8g1EQUIP DDEFORT/EGPSTUW 341/277 0
seed: 1790813908
loaded config with command: cgp 3RAXING3WEB/5IN1OVAtELY/2JOR1E4I3/3BEARED2G3/4MURLAINS3/5FA1YOU4/6N8/3DENTEL2QI1A/8OSMIOUS/5ZILCH4S/14A/14r/14T/14E/7PAROTOID DEEFNTW/ACGIRTT 449/382 0
seed: 1790813909
loaded config with command: cgp S14/E2QI10/AMNIOTE1P6/X5EJECTA3/8c6/8T6/5G2I6/4HYMNS6/5O2E6/5Z3BA4/3DEADLIEr4/2TIT5CURF1/1VIG11/3SNOWIER5/15 EINNPRV/AGLOORW 310/264 0
seed: 1790813910
loaded config with command: cgp 7MO6/7AB6/5B1DO6/4PI1EE1MET1V/4LO1I2AWA1E/4UG1REDYEING/4S2A6A/3WHAPS6N/4I10/3Te10/3OR10/3L3F7/2QUOINED6/3Y3T7/3L3T7 ADGIKLR/EIIORS? 298/231 0
seed: 1790813911
loaded config with command: cgp W1Y12/OPA12/REE12/MA1S11/1VOCAB9/1Y1R11/3I2BURITIS2/3PILOTED2k2/3T2WUZ3I2/12D2/12L1M/12I1A/12D1N/9QUESOS/7HAIN3E EEEGNRU/CEILNOO 311/246 0
seed: 1790813912
loaded config with command: cgp 7L7/7A7/ORF2JIVE6/ROADEO1O7/1WHET2L7/3FAB1T2G4/4PET3I4/3CEDED2G4/3L2XI1sO4/1C1I3SHAT4/1L1N3BAMS4/1O1G2NORI5/1V1I2YUPS5/1E1E1ZEN1E5/ANURIA1D1N5 AIMNORY/EIRSTTU 387/320 0
seed: 1790813913
loaded config with command: cgp 7T6Q/7R3N1KI/7I1BLOWN1/7T3T1I1/7I2AE1V1/7ADZED1E1/6UTU2LADy/6HEH2Yu1O/12G1R/9V2I1L/9OE1T1I/W1FANUM2GAPE1N/ODEA2OOF1LIS1G/R7APEX3/T4BROMOS4 EEJRSSY/ACEEINR 354/311 0
seed: 1790813914
loaded config with command: cgp 2W4N5MO/1FA4EXPELlED/1EW4U7/1HAY1M1REACTION/3P1O1O7/1VRILS1S7/3G1S1I7/3HELLS7/1JET1A9/1OU2N9/2T2D9/FRAB3V7/1ExERTION6/2I4I7/QUAKY2D7 BEIIORZ/AACDERT 410/368 0
seed: 1790813915
loaded config with command: cgp 3ERGATIVE4/7AVIAN3/7CYANUREt/5R1T6U/4JO1I6K/4EW1O6T/4ZE1N6O/3HANGS6O/2Q1I10/2U1L10/1MOWS10/2DO11/2SO11/3E11/2GRAPEY7 BEEEIRU/ACDEFFT 315/270 0
seed: 1790813916
loaded config with command: cgp 14V/5G7FE/5O5I1AL/5R5C1KA/5I5E1E1/5N5BOYO/5G2Q1GOO1r/MIEVEs1LINUX2D/4N5T3I/4S3WUZ3N/4N2B2E3A/4A2U2R3L/4RECTUMS4/4E2Y7/4D2L7 ADEEEFT/DHIJNRT 336/296 0
seed: 1790813917
loaded config with command: cgp 15/9J2C2/9AG1L2/3G4HIREE2/3AR5O1V2/1Q1IO4KORE2/RUINOUS3V1R2/OB1ET1ATWEEL3/MI1DA1ME2D4/AT2G1ER7/4E2P7/WAACS2I7/7N7/7o7/7L7 AFNPUYY/ADEEOST 287/237 0
seed: 1790813918
loaded config with command: cgp 3DENARIUS4/7A5U1/6QIN1G1OW1/5OIL2L1CUP/4B2r2O1H1U/1F2E2OVERHEAR/1L2V1ZA2I3I/JoCKEYED2OBO1N/1T2R1N3LAP1E/1S2I5EFT2/1A2N6TE2/1M2G6AR2/1S13/15/15 ADDGIIN/AEIOTTT 422/376 0
seed: 1790813919
loaded config with command: cgp 14F/14L/14A/14V/13bI/3KNOP6ON/2QI1BOUGET2W1/THIN3RUNIC1L1/R10H1I1/E9ER1N1/A9YODE1/CORVINaS2OMA2/L9TEG2/E10L3/D6JAMES3 EEGISTW/ADERTUU 342/269 0
seed: 1790813920
loaded config with command: cgp 7B7/7R7/7A7/7Z6P/2TITULAR5R/1XU10LI/EUGLENA3I2OE/6DIVING1OF/10H1OI1/9MARLE1/9OBOE2/9OIKS2/10TET2/3UNITAGES1r2/1fORESAW3HAND ACCIMNO/ADJNRVY 438/368 0
seed: 1790813921
loaded config with command: cgp 3H3T7/3O2NO7/3I2AWE6/3E2VIN6/3DA2EN6/4N3UM5/4T3YAM1T2/3VIRTUE1O1O2/4A3D1U1R2/3QI4KLONG1/2FAROLITOS1A2/3J8D2/3A8I2/3q5WILCO1/15 EEEHPSZ/ADEGITY 297/255 0
seed: 1790813922
loaded config with command: cgp 14W/14A/14Q/14f/6HAIRBELLS/7P7/6AEON5/3YUGARIE5/7I7/1VET3O1HUE3/3AGENdUMS4/V1OXO2I6J/I1KERF1COOEE2U/CLAD5FALTER/E4ADBOT4A EMNPTYZ/GIINNRS 416/336 0
seed: 1790813923
loaded config with command: cgp 7Q7/7U6c/7AUBRETIA/7T1R4V/4JO1EMU3GO/3RAYA1OH2TAR/6ZEP3EST/3PAGODA3FEE/2LININ1NE2FOR/7MIX3U1/7IS4ST/7E6W/7V6I/1DEICIDE6L/7D6L BGHNRST/AAEIKNO 414/370 0
seed: 1790813924
loaded config with command: cgp 15/15/10YU3/10IN3/L9KA3/O9EM3/N4C5O3/G4OVUM2R3/S3ZA1N3T3/H3eX1TAJ1I3/I3D2U3S3/PALLA1ARBORETA1/7F1BEDIDE/1RUINATES6/7D7 AEEGHI?/EENOPQR 350/295 0
seed: 1790813925
loaded config with command: cgp 7E5V1/7A4DOO/7R3JOG1/7l2KIR2/7Y2ALB2/7W1GIT1OF/7O2N3L/WILT1UFO1RIMU1A/3REHYDRATe1AB/3A5XENONS/3N6SUED1/3N11/2QI11/3E5PUREE1/3SENECIOS4 AEHIILV/DEIMTTZ 439/382 0
seed: 1790813926
loaded config with command: cgp 3M7B2J/3I2A2Q1E2U/3R1FAIRIEST1K/3Z2S3WE1RE/3AL1V3WE1O1/4AXONIC1N1U1/4V1G1NAY2B1/3AIYEE1PUDDLE/4N1L6E1/4G1STaPLERS1/7A7/7M7/7I7/7N7/7G7 EFIIRRT/EHNOOO? 345/292 0
seed: 1790813927
loaded config with command: cgp 6TA7/1NOVENARy6/6JA7/G6A7/U2ENSERFeD4/T2U3A1FAIL2/T2P4T6/AH1HOMIER6/1AZO4I6/1GEN4O6/1R1I4X6/LO1C3QI6/AD5ID6/RE1BOPO1E6/I1DENIERS6 BESTTVY/EGKLUWY 447/368 0
seed: 1790813928
loaded config with command: cgp 3S4TEENING/2SCOURGED5/3I11/3R2JUBE5/1L1RAVAGERs4/1O1h5KID3/1B1IF10/ET2LINN7/TA2U10/HI2MO9/EL1VEX9/R1CAD10/I1OW11/S1P12/TIYIN10 AAAEHLO/EESTUWZ 390/320 0
seed: 1790813929
loaded config with command: cgp 3GRAVID6/3L11/3Ah7B2/3DA3AENEI2/4L3ZEINS2/3NITINOLS1OF1/2VOM7MUG/3DOWIE5GI/4T5H2UP/4EF3KENTE1/4SO4J4/5U1C2A4/2HOArIER1B4/7P7/7E7 DIOOQTW/AENRRST 349/293 0
seed: 1790813930
