loaded config with command: set -threads 1 -savesettings false -hr false -numplays 15 -ima 0 -minp 100 -autosave false -fgrequired false
seed: 1790813719
loaded config with command: set -lex CSW24 -leaves CSW24 -wmp true -pat CSW24 -s1 equity -s2 equity -r1 all -r2 all -numplays 1 -threads 1
seed: 1790813720
loaded config with command: cgp 15/15/2U12/ZINGY10/2S12/2h12/2A12/2DHOOTIE6/1WO12/1AW12/1U13/1R13/1I13/1N13/1G13 DEHIMPT/AEFNTTT 168/132 0
seed: 1790813721
loaded config with command: cgp 15/3N11/3IO10/3XU10/3ER10/4I10/4E10/3DRILL7/15/15/15/15/15/15/15 AAINVY?/CEFLTVW 12/60 0
seed: 1790813722
loaded config with command: cgp 15/15/15/11T2B/10ZA2I/7ROYALETs/2J3QI3U2T/UNAFRAID3K2A/1OXO10T/2YU9HE/13O1/13L1/13I1/7CRANNIES/13R1 ADEIMPT/ABGHINV 279/266 0
seed: 1790813723
loaded config with command: cgp 7TOOTSIES/1INDARTED5A/3ER9L/3FE4R1H2V/3AA4AGO2E/3M5JAW3/3iD2OX1ID3/3NONCOUNTY3/3GUE4I4/4AB4N4/2W1N5G4/2HOI10/2AYe10/2PERK9/3Z1I9 ELMQRTU/AEIORSV 377/393 0
seed: 1790813724
loaded config with command: cgp 15/4H10/4A10/4V10/4o10/4C10/4K1HUB6/3BEWIG7/4R10/1GAWSIER7/15/15/15/15/15 EFIILOP/DGNNNU? 116/114 0
seed: 1790813725
loaded config with command: cgp 6F1BAIJIUS/5VOTED1E3/6H3bA3/6N3UN3/10R4/9DI4/9AE4/2F1KYND1UR4/2L3YOWLS4/1TAbORET1T5/2M12/2M12/15/15/15 AEGILNW/GHINNQX 196/179 0
seed: 1790813726
loaded config with command: cgp 11K3/11A1V1/11U1I1/F10R1C1/E8JAI1EW/U5GAPE3DI/EH3OUBIT4N/DA1WHINY1T4C/1F1A3ELONgAtE/1T1I4ON4Y/MO1VAGUER6/OR1E1OPEN6/BOODLE9/IS13/E14 DILRRST/EGIMSSZ 269/331 0
seed: 1790813727
loaded config with command: cgp 15/9B5/9R5/3COGNIZE5/9V5/9E5/5A3T5/3WARTIME5/2VETO3DA4/5W4U4/4JA4R4/1YAQONA3E4/OUD1EA4O4/10L4/7FILEtING ELPSTUY/ADDOOP? 258/283 0
seed: 1790813728
loaded config with command: cgp 11N3/1DELIME4I3/6HARLOTRY1/11R3/6COONTIE2/9AAL3/6WIPE1E3/6OO3S3/15/15/15/15/15/15/15 BDIKOTU/DENRRUY 190/120 0
seed: 1790813729
loaded config with command: cgp 15/15/3Q11/3UP10/3AR10/1METIF9/WOF1Z5J4/E2YECCH2A4/B3R1O3U4/LA4L3N4/OD1ANTEVeRT4/GI4A3I4/1T4D3E4/6E3S4/6R8 ADENOR?/ADGKLMP 209/229 0
seed: 1790813730
loaded config with command: cgp 13R1/13O1/13T1/7CONTINuO/9E3N1/8EX3D1/8ST3E1/2AZIONES4R1/2EE4O6/3ERG2N6/8I6/8T6/8E6/15/15 ADIJLUY/AEFHMUV 154/250 0
seed: 1790813731
loaded config with command: cgp 7C7/7R7/7I2JET2/7PAROLEES/7p7/1B3B1L7/1I3EVE7/1D3GRR7/1E4O8/1N1GAVOT7/1T4M8/1SOUK1EH7/2SPANDEX6/7M7/7S7 AAEINOR/AEFHOQU 219/254 0
seed: 1790813732
loaded config with command: cgp 15/7DAYBOYS1/10L4/10U4/9OD4/8EH5/8UM5/4FIVERS5/4R3O6/4E10/4E10/2J1D10/2A1M10/2V1E10/GNAWN10 INPQTX?/EHIINOT 133/163 0
seed: 1790813733
loaded config with command: cgp 15/15/15/15/15/5A9/5G1PWN5/3THUJA1OCTOPI/5I6V2/5Z6E2/4DECAGON1R2/3YOD6F2/12A2/12T2/15 AFGLNUV/BEILNRS 94/140 0
seed: 1790813734
loaded config with command: cgp 6BLAZONED1/9EXODIC/11N3/11D3/4NOCTURIA3/11I3/6PUJA1R3/7RALLY3/4DWANG6/8GLENT2/15/15/15/15/15 EGINOST/AAIMSST 230/232 0
seed: 1790813735
loaded config with command: cgp 15/15/15/15/15/15/15/WEB2FLY7/1MIDDY9/CETE11/15/15/15/15/15 AFLNORW/EHLMRSZ 50/44 0
seed: 1790813736
loaded config with command: cgp 7MO6/7OF6/6JOT6/3HYMEN1u5/6UR1N5/7I1V5/7S1E5/3T2DEVI5/3U5L5/3RIZARDS5/3E11/2GEOFACTS5/2INDEW8/5GEE7/15 AIKLPUY/EILOST? 267/207 0
seed: 1790813737
loaded config with command: cgp 15/15/15/15/15/15/15/3OKAPI7/4A10/4N10/4G10/4H10/4A10/15/15 AEIINOW/BDEIORW 24/28 0
seed: 1790813738
loaded config with command: cgp 11A3/9C1U3/9OKA3/9OH4/9kA4/7E1IN4/7P1E5/6VIGS5/7B7/7L7/7E7/7MIAOUED1/7S7/15/15 IIORRSW/EEFNOPS 118/105 0
seed: 1790813739
loaded config with command: cgp JA5T3Y3/AG3A1R1FAUVE1/WO3T1E1A1K3/1O1UNROVEN1I3/1DOHYO1E1ODE3/5P1T2ER3/5I4W4/3FINAL2L4/5E4e4/1CARLS4S4/10S4/15/15/15/15 BCINTZ?/GIRSTUU 153/330 0
seed: 1790813740
loaded config with command: cgp 15/15/15/15/8G1S4/8R1H4/5TOZE1A4/6KEX1MIDGE/5BAN2B4/2QUAY1SILLIER1/10Y4/15/15/15/15 AEINTT?/ADEINOR 144/176 0
seed: 1790813741
loaded config with command: cgp 15/15/15/15/15/15/15/JA1Z1AVO7/1AULOI9/3O11/3T11/3E11/15/15/15 AAEOSTT/CCDEILR 41/56 0
seed: 1790813742
loaded config with command: cgp 15/10D4/10E4/7KRANZ3/10I4/10A4/6OAF1L4/3DIURNALS4/1OWE1METHO5/1BENNE3V5/9E5/9D5/15/15/15 DIOQRTT/GINOSVY 210/120 0
seed: 1790813743
loaded config with command: cgp 15/7J7/2DAGOBA7/3F3R7/3O3O7/1VOCULES7/3A3I7/3LIART7/7E7/15/15/15/15/15/15 EEMNORR/EEGINTU 57/100 0
seed: 1790813744
loaded config with command: cgp A6W3FLOR/DECENTRED2O3/A1HM3BA1BI3/W7N1EL3/4T3TEG4/3SUQ2OXO4/4N3N6/2NIELLOS6/4A10/4G10/4E10/VUGHS10/15/15/15 AAIIMRR/EIOPPRT 283/262 0
seed: 1790813745
loaded config with command: cgp 15/3C11/2JO11/2AE11/3Q11/3U5AMITY1/3AGISTOR5/2BLOTTO1FODDER/2E1NAY8/2A12/2M12/2I12/2E12/1GREAVE8/15 ILNRUZ?/ACPRRTU 214/158 0
seed: 1790813746
loaded config with command: cgp J14/AN13/WOX3FUGU5/1HITCHY8/TO2A10/EW2R10/A3P10/R2BESTiNG5/O3DO9/O4L9/M3FE9/2VAUNTY7/4BO9/5I2TEAZLeD/3INDUCERS4 AEEGIPV/AEEIIQR 305/371 0
seed: 1790813747
loaded config with command: cgp P6P7/R6U7/E1Q4L7/DHURNA1W7/I1E1AIGA7/CAN4R7/TEAM1OF8/1N1INBYE7/1E1G11/1I1HM2L7/3TOC1O7/4JO1W7/2DROOGS7/5K1I7/7T7 ADFISXY/ELNORZ? 171/203 0
seed: 1790813748
loaded config with command: cgp 15/15/15/15/15/15/15/4JERK7/4O10/4Y10/4P10/3TA10/3ED10/3C11/3H11 FNNOORT/DEEIINQ 38/63 0
seed: 1790813749
loaded config with command: cgp 15/8UVAE3/2O8U3/H1U8G3/A1T7YE3/U1LABoRER1I4/LEASOWE3R4/M1I2OSTIARY3/2D8O3/11N3/11N3/1CAZ7I3/2MEROPiA2E3/5KINDERS3/3FLAGS7 DEIILNT/DEEIJTW 305/333 0
seed: 1790813750
loaded config with command: cgp 7NaRIcORN/9I5/2QI5B5/2IN3VALOR3/RUNS4NE5/3H4ET5/3E2JOWS5/P2AIDOI7/L2T11/A2H11/C1FEU10/KAED11/SAG12/15/15 BEIIOTV/ADELORW 315/291 0
seed: 1790813751
loaded config with command: cgp 15/15/15/15/15/9Q5/9U5/7FROUZY2/9T5/9E5/4SILVERN4/15/15/15/15 AEEGNTY/CIOPRS? 36/167 0
seed: 1790813752
loaded config with command: cgp 4V10/1RATIONED2U3/4NEURAXONS2/4T6DO2/4A5FEG2/4G2T2LI3/4E2A2OF3/4S2COWRY3/7T1U5/7I1Z5/4H2S7/4E2M7/2BIJOUS7/4A10/4B10 AALOQRV/AINOPRT 215/318 0
seed: 1790813753
loaded config with command: cgp 15/8P6/8E6/8L6/8O6/8R6/8I6/5OBIA6/4UEY8/15/15/15/15/15/15 AAEFHLW/DDEEOR? 23/77 0
seed: 1790813754
loaded config with command: cgp 15/15/15/15/15/9PINCH1/7P1Y5/6VIGA5/7R7/7L7/15/15/15/15/15 CEEORTU/BHLNSTW 20/42 0
seed: 1790813755
loaded config with command: cgp 15/15/15/15/15/15/15/6BENCHY3/15/15/15/15/15/15/15 ADDGILN/AAEEILP 0/40 0
seed: 1790813756
loaded config with command: cgp 15/15/15/15/10B4/10E4/7KIWI4/4MOOI2G4/1RENEWED2N4/10E4/10S4/15/15/15/15 ADFOTUY/AINSTTV 98/52 0
seed: 1790813757
loaded config with command: cgp 15/1T13/1R13/KUGEL2WOTCHA2/1f1RATOO7/1F13/1l13/ZEA1BOLL7/I1R1U10/N1T1N10/E3D10/BENNY10/1HYE11/3FOX9/15 AEIMRRS/AAEGINS 163/215 0
seed: 1790813758
loaded config with command: cgp QI1C11/1OXLIPs8/3A2C8/3UR1A8/3TE1U8/4T1P8/JOW1A1I8/1REGRIND7/4G1G8/4eM9/4TO9/5U9/1OILILY8/5T9/15 AEEEFIO/AELNSTU 176/227 0
seed: 1790813759
loaded config with command: cgp 15/15/15/15/15/9A5/6QI1G5/7FLUEY3/9I5/1J5NAZIR3/1A1TIMBERED4/PROO1NOWED5/O1RELAX8/CH13/KO13 ELRSTTU/EEILMNS 186/286 0
seed: 1790813760
loaded config with command: cgp 15/15/15/15/15/15/15/3HONOR7/6MAYVIN3/7D7/4WUXIA6/7A7/7b7/7L7/7E7 DIOPTU?/AELNORT 52/107 0
seed: 1790813761
loaded config with command: cgp 15/15/15/15/15/15/4K10/3TELLENS5/4T10/4OF9/4LO9/5G9/15/15/15 AADEILS/BCDDEET 18/96 0
seed: 1790813762
loaded config with command: cgp 15/15/15/15/15/4E10/4N3Z6/3FARCIE6/4M3POW4/1QADI10/2BANLIEUE5/4E10/4S10/15/15 DIINNOO/ACHOSS? 116/143 0
seed: 1790813763
loaded config with command: cgp 13QI/12PIR/12A1E/5OUTpAINT1D/12T2/5E6IFS/5SJOE3EAT/5P1UMIACS1E/5A5H2L/3V1N5O2L/3OWO4KA2A/3GAL4EN2R/4I5NAG2/10T1O2/5ZOMBIE1V2 BCEEILN/EFGNORU 331/333 0
seed: 1790813764
loaded config with command: cgp 15/15/15/15/15/15/15/7LOFTY3/6VAX6/15/15/15/15/15/15 GINORW?/EFHIINR 30/44 0
seed: 1790813765
loaded config with command: cgp 4AbOULIC1COY/10ADIEU/2INFILTRATED2/11F3/11U3/11s3/11I3/6NOTION3/11G3/15/15/15/15/15/15 AEHRRSZ/EEPRVWY 213/141 0
seed: 1790813766
loaded config with command: cgp 15/13P1/13I1/13E1/13R1/7AAH3I1/7BLOATED1/4JURY7/15/15/15/15/15/15/15 EIILORY/EFOOSUU 50/106 0
seed: 1790813767
loaded config with command: cgp 15/15/15/15/15/15/15/3DWELT7/15/15/15/15/15/15/15 ADEINOP/ELPRSST 0/22 0
seed: 1790813768
loaded config with command: cgp 15/15/15/15/15/15/4C10/3LOTTO7/4O10/3OE10/3PE10/3T11/1FRIZ10/3N1WAESOmE3/VIRGAE1FOB5 ABDEHIL/DEGLMRY 89/154 0
seed: 1790813769
loaded config with command: cgp 15/15/15/15/14D/13BI/6WEMB3EM/7ROOTY1NE/7AERIEST1/12PO1/7AVENGE2/7J4L2/7I4T2/9KARZY1/7OXO5 ACDLNQ?/AEELNRS 177/155 0
seed: 1790813770
loaded config with command: cgp 7I7/7N7/7F7/7U7/2ABOVES7/2WEX2E7/7R7/1ApPAIRS7/15/15/15/15/15/15/15 AABDHKT/EINNOST 94/117 0
seed: 1790813771
loaded config with command: cgp 15/15/15/15/15/15/15/6RELEND3/15/15/15/15/15/15/15 ACIPRUW/BEMNTTZ 0/18 0
seed: 1790813772
loaded config with command: cgp S14/PA13/AN13/YE13/SLEAZE9/1E3FERN6/1D4MOAI5/7WHOA4/15/15/15/15/15/15/15 CEIIOOQ/GLNTTU? 108/89 0
seed: 1790813773
loaded config with command: cgp 15/15/10B4/10H4/10A4/1T7QI4/1W1VAGUE1A5/NA1A3DITCH3/ES1L6O1J2/MO1E3NEBULAE1/OM1RIDGeTOP1G2/RE1I6O1E2/A1WAZ5N1R2/LIONISE8/1FESTIER7 DIKRRT?/EINOPUY 348/349 0
seed: 1790813774
loaded config with command: cgp 7J6b/7US3R1I/7GI3E1H/7AMOVES1O/8L3I1U/8I3L1R/4EWK1N3E1L/3WHEATS2ADRY/5TYE7/15/15/15/15/15/15 AACLNPT/CDGIIOR 171/271 0
seed: 1790813775
loaded config with command: cgp 7C7/7O7/2G4T7/2R4TRANQ3/2E4A7/2EL1ZAS7/2KO1UP8/3BELEE7/3T1UR1V6/3A2I1IF5/3IF1E1NA5/3LO1NAYS5/4X1TI1HURL2/4IS1G7/1BONEHEAD6 DIIORW?/DEJOORS 248/245 0
seed: 1790813776
loaded config with command: cgp 15/15/15/15/15/15/15/6TARROW3/15/15/15/15/15/15/15 DEINORT/EGHLSUV 0/26 0
seed: 1790813777
loaded config with command: cgp 7P7/7O7/7C4T2/5STONERAW2/12I1S/9V2R1U/8DUR1L1N/7BEGAZE1K/8V1NOR1I/5WOF1ODA1FE/4QI3OYE1IS/3LiNECUT1A1T1/8TINEAL1/2EMbALMED3Y1/4AGIO7 ABIIRST/DEEHOPX 288/427 0
seed: 1790813778
loaded config with command: cgp OW13/XI13/1KA12/MIRV11/2G12/1ME12/1ON3QAT6/FIT4TODDY3/U1ANOA3EAU3/J1L2Z1GOB5/I3COCINERA3/7E3NERF/2SLURPIeR1AWEE/PHT4N4EVE/OO5G6N BHILSTT/AAILRSU 279/487 0
seed: 1790813779
loaded config with command: cgp 15/15/15/4T10/4H10/4U10/4J10/3VALSE7/15/15/15/15/15/15/15 ENNSTW?/BIINOOU 24/30 0
seed: 1790813780
loaded config with command: cgp 15/12R2/10V1EA1/10I1MU1/6V3S1OB1/5JAM2C1TA1/4W1U1WHITED1/3GAUCIE1D1REB/2K1T1HOY5E/2E1E9L/2I1R9O/2TRIPLANE4N/2L1N7S2/2O1G2FLANEUR1/2A1SODAINE1Q2 ADEFIRS/OOOPTX? 347/333 0
seed: 1790813781
loaded config with command: cgp D6MAUSIEST/O6E1HID3/O6R7/BILKED1CIGGY3/4WAVY7/1JANE10/2ZA3MACHETE1/2OBLiGOR2FONT/14R/14I/14b/14U/14T/14E/14R AEILPQU/EFNNSTW 250/390 0
seed: 1790813782
loaded config with command: cgp 7C7/7H7/7I7/7R7/7P7/5GLIFT5/4WO1N7/3WHANG7/4IT9/2J1NY9/2UTE10/1TROD10/2EM11/OX1O11/BUAZE10 FGIKLQV/EEIIINR 183/178 0
seed: 1790813783
loaded config with command: cgp 7Q7/7U7/5F1E7/GADARENE7/5I1R2C4/5J4I4/5O4T4/5ARAlIAS3/10B4/10LA3/10EE3/11G3/11Y3/11O3/15 AEEHPTX/CFMNOVW 162/118 0
seed: 1790813784
loaded config with command: cgp 7S7/7C7/7I7/4T2M7/4HO1E7/4EX1T7/4M1FAY6/3WIRER7/4N2s7/4G10/15/15/15/15/15 AJNNOUV/FHIIINS 123/105 0
seed: 1790813785
loaded config with command: cgp 3Q11/3u11/3B11/3I11/3TI10/4S10/4O10/4BAWL7/4A10/4R10/4I10/4C10/15/15/15 AAIKOSX/ADEOOOP 98/70 0
seed: 1790813786
loaded config with command: cgp 15/15/15/15/12G2/7CHATEAU1/2JAYGEE4Z2/3WOOLER3E2/12T2/12T2/12E2/12d2/15/15/15 EILNOSU/AEIISTY 97/122 0
seed: 1790813787
loaded config with command: cgp 15/15/8R6/8I6/7DOWT4/8T6/P1F3Z1I6/R1U1JIAOs6/E1S1A1G1E6/cHI1N10/AAL1N10/VEILY10/A1E3VAC6/L1R4HUE5/2SKIWEAR6 DDEILNS/EMNNRTT 338/223 0
seed: 1790813788
loaded config with command: cgp 7V7/7UG6/1SpORTSMEN5/5R2N6/5I2NE5/5G2EX5/5L2LO5/4LYNES6/15/15/15/15/15/15/15 CEGMNPT/CEEPQRZ 137/113 0
seed: 1790813789
loaded config with command: cgp 15/15/15/4H10/4U10/3LIVED7/4T1FOX2D3/I3A2DITZY3/N3i6B3/CORONIAL3B3/O3S2A3UM2/R6O3KI2/P6G4A2/S6A4O2/E6I3QUIN ACEEENS/AELRRT? 361/229 0
seed: 1790813790
loaded config with command: cgp 15/2C12/2O12/2E12/2L12/2O12/2M12/2SKLATES6/15/15/15/15/15/15/15 ADEENVX/DEHOPRT 82/28 0
seed: 1790813791
loaded config with command: cgp 15/15/15/15/15/15/6WILI5/3TAUON1OOMIAC/15/15/15/15/15/15/15 AGNOSSU/ADDENNZ 23/53 0
seed: 1790813792
loaded config with command: cgp 2COZING7/1OR1AT9/1RE12/1FAX11/1ETuI10/2I1D10/1CODEINES1V4/2N1A2TULIP3/4L3Q1E4/2OBI5W4/2DIS5Y4/2EME10/2AB11/1J1O11/FAGS11 AGIMOT?/AEENORT 294/283 0
seed: 1790813793
loaded config with command: cgp 3T3FAYENCEs/1AAH1BRUX5T/1WHINE1T3L2R/3R3ZO2A2O/3D4O2V2a/5PIEROGEN1M/4QI2I2DO1E/3BULLAE3T1D/4AE6A2/3FY7T2/2KOS7I2/2OP8N2/2J9G2/2I12/15 ADEGISU/AEIORST 448/252 0
seed: 1790813794
loaded config with command: cgp 15/15/15/15/15/15/5I9/3GENTiLE5/5F9/5L9/5A9/5T9/5E9/5D9/15 BDEIMOS/BCINUWZ 68/68 0
seed: 1790813795
loaded config with command: cgp 15/8F6/8R6/3HOURLIES4/8G6/8O6/8T6/5WYNS6/15/15/15/15/15/15/15 AACEITU/AIILNOY 73/92 0
seed: 1790813796
loaded config with command: cgp 6COWP5/5ZA2HAP3/3TRANQuILISE1/3R11/3OM10/3GOV9/4TA9/3JIGOT1ARCHLY/4V1BORT1E1O1/4E5TI1B1/4S5AL1E1/10XI1FA/10M2IT/1FLUEY4E2NU/5UNREINED1A AEKORSU/EEEGINS 307/400 0
seed: 1790813797
loaded config with command: cgp C13P/I8COUTER/L13E/A2F7QUIM/N2R10O/T2E1B8V/R2A1L2FIVE2e/OX1KAINGA2DYED/1UEY1T1OWIE4/4DZHO7/4U1IRONERS2/2ALGA9/2DASHERS6/15/15 AEIINOT/ABEINO? 284/431 0
seed: 1790813798
loaded config with command: cgp 15/15/15/15/15/15/3IOTA8/3DIaRIsE5/15/15/15/15/15/15/15 AEEIIJR/AILORSV 66/14 0
seed: 1790813799
loaded config with command: cgp 15/9Q5/8BUFFET1/9I5/J8N5/I4KY2I5/L3NEOTENy1COO/T4TWIT1AMOUR/EqUINES4OX2/D10GYMS/14A/14V/13ZA/13AG/13PE AAAEHVW/GIILNSS 281/274 0
seed: 1790813800
loaded config with command: cgp 15/15/15/15/15/1THUNK9/1O1TEABAG6/1R2DIYA7/1U13/1L13/1i13/1N13/15/15/15 ACHIOPV/IINSTV? 60/105 0
seed: 1790813801
loaded config with command: cgp 15/15/15/15/4O10/4V10/4E10/3AROHA7/4S10/4E2LUBE4/3JAIlERESS3/3A3V7/2OPE2I7/1COENACt7/7E7 IKMNQRW/AGGNNOU 172/168 0
seed: 1790813802
loaded config with command: cgp 15/15/15/15/15/3JUBE8/2VOGIER7/2E2OWER6/1AN5A6/1HE4QIN5/2n1AUF1L6/1LA3OHM6/1AT3REE6/1ZE3DEN6/1O4OD7 AGILLNS/AIPTTU? 167/249 0
seed: 1790813803
loaded config with command: cgp 15/15/15/15/15/5Q9/4FA9/3JOTTY7/3UN1OOBIT4/3V9C1/3eNdOCARP2A1/3S4GEEZ1V1/8OORALI1/13E1/11KERO AADEIMS/DEILNPS 184/201 0
seed: 1790813804
loaded config with command: cgp 7E7/2R4C7/2E1r2H7/2FEEBLEST5/R1L1NO1D7/AZO1OX9/VAW1T3V3G2/IN1PINTaIL2O2/NY2F3R3D2/4Y3T3O2/8U3W2/7COMBINED/7OU3S1R/7IS5U/7R6M AEGINRT/AAADIJT 297/374 0
seed: 1790813805
loaded config with command: cgp 15/15/15/15/15/15/4H10/4YODE7/4A10/4L10/3QI10/2LAT10/2IDE10/2VIS10/2E12 ADGISUW/EEEIIOR 64/109 0
seed: 1790813806
loaded config with command: cgp 15/15/15/15/15/15/15/3WODGE7/5E9/5V9/5O9/5I9/5C9/OLEATE9/KITHES9 BDEIOTX/AADMORU 79/105 0
seed: 1790813807
loaded config with command: cgp 7B5OE/6TATH3XU/7I6p/7Z3U2L/7E3N2O/3G1HYSON1I1Bi/3AMIA1PARTIED/3WODGE3Y2S/3KO10/1QAID10/VINES10/E2R11/R14/VELCRO9/E14 AANOPRU/ADIJLRT 361/289 0
seed: 1790813808
loaded config with command: cgp 7F6R/7A4PIE/7T4HOI/2BASHAW3TO1S/4O2A2QIN1s/4N4MIM2U/4L4I1B2E/3KIDDIED1O3/4e4G5/1ZA1S4EA2C1/TOASTIER2V2A1/8PROF1N1/7VIEWY1G1/10R2U1/10YEXED GJLLNRT/CEELNOR 310/380 0
seed: 1790813809
loaded config with command: cgp 15/15/15/15/15/15/15/5IDENTIC3/15/15/15/15/15/15/15 EENOPS?/IKLLPUV 0/76 0
seed: 1790813810
loaded config with command: cgp 12N2/12O2/12T2/12E2/12C2/9F2A2/6HYRACES2/3XENIA1PO1E2/5AERO1QI3/9PUN3/9LiD3/9UTE3/10OW3/10S4/15 EILLOV?/AIJLMNN 174/218 0
seed: 1790813811
loaded config with command: cgp 15/13U1/13N1/13V1/13E1/5C2v4XI/5U1NEONATES/5TWAL2DIDO/5U2A6/5P2R6/8IN2D2/8ZABTIEH/7YER2V1I/7E1C4L/7R6L EFILPST/AEIORSY 221/211 0
seed: 1790813812
loaded config with command: cgp G6E7/R6T7/A6O1C5/M6I1I5/PAV1EReLONG4/1ZETA2E1Q5/1OXO11/U2PEELED6/N1B2AIDA6/KYANISE8/I1W12/D1T12/1AY12/1J13/1I13 EFGIRSV/ABEHIRS 285/243 0
seed: 1790813813
loaded config with command: cgp JOG3OTARIES2/1PUNCTUAL6/5R9/3TAILZIES4/5U4Q4/5M4U4/2O2V4A4/2M1DIYA2REGIE/2O2r4E4/EXPIRY4D4/N1L12/F1AN11/A1TE11/N1EW5BOGIE1/T2BROtHIER4 CEFHKLV/AEINOSW 326/476 0
seed: 1790813814
loaded config with command: cgp 7GRUFF1ZA/9HEARE1/11R3/10HOG2/10O1L2/10T1O2/7V2T1M2/5TROTTeD3/7W2D4/15/15/15/15/15/15 DEEORSS/ACEENPS 167/107 0
seed: 1790813815
loaded config with command: cgp 15/15/15/15/15/15/15/4OMBU7/15/15/15/15/15/15/15 AEGNTTZ/EEIJORT 0/16 0
seed: 1790813816
loaded config with command: cgp 4T1GAUCIEST1/I3EW5v3/M3LA5A3/BRUXED5N3/O3PI5G3/W3O4FOE3/E1QORMA2R1L3/R3T1HAJI1YUCA/S8T5/9ZOO3/10UN3/10KO3/15/15/15 BDELNRY/AIRSTV? 334/301 0
seed: 1790813817
loaded config with command: cgp 15/15/15/4C10/4O10/P3G3V6/A3N3I6/Y2VOGIER6/E3v3E6/EF2I3M6/1I2T3I6/JEONS2PA6/EL5O7/OD5U7/N6T7 AAEERUW/BCDEELU 149/233 0
seed: 1790813818
loaded config with command: cgp 15/15/15/15/15/15/6M8/5JEU7/6L8/6D8/15/15/15/15/15 ILMNOV?/DEEILOR 20/11 0
seed: 1790813819
loaded config with command: cgp 15/15/15/15/15/15/5BAC7/3QUINATE2MAK/7NONFUEL1/6TYND5/15/15/15/15/15 ADGLST?/EIILPSX 159/98 1
seed: 1790813820
loaded config with command: cgp 7R7/5Q1U7/2ANTICKED5/1LI4H7/CAL6FUG3/AYE1BARNEYS4/P1DOO10/E2BINMAN6/5AMIA6/4OSmaTES4/ADIEU10/WINN11/A14/T14/O14 EEELRRT/EFIIPRT 243/308 0
seed: 1790813821
loaded config with command: cgp 15/15/15/15/15/15/8W6/7TILTH3/8ZA5/9X5/15/15/15/15/15 DEINRSY/EEINNPW 29/61 0
seed: 1790813822
loaded config with command: cgp 15/15/15/15/15/15/4W10/3FORBID6/2WOVE9/1ZEBEC9/1O2N10/CRImSON8/1R13/1O13/15 AJLMNQS/EEKLNOU 160/86 0
seed: 1790813823
loaded config with command: cgp 7D1T5/7U1E5/7R1E2F2/7Z1N2L2/4INDICTS1O2/4FY3I2C2/9E1OK2/7BORAX3/11A3/7PINDLINg/11A3/11T3/11E3/8PHESED1/7QI3WOO AEILMVY/AEEJNU? 288/263 0
seed: 1790813824
loaded config with command: cgp 15/5D9/5A2L6/5R2E6/5R2N6/5A2T6/5I2I6/3MENTOS6/2FUNS2C6/15/15/15/15/15/15 EFGOOTV/CEORSUV 92/82 0
seed: 1790813825
loaded config with command: cgp 15/15/15/15/15/15/5G9/3FELON7/4WAP8/5M9/4OP9/4DI9/4An9/5G9/15 BENNORZ/AAEGRUU 47/93 0
seed: 1790813826
loaded config with command: cgp 11o2P/11U2O/8EPITAXY/11W2O/11E2U/11I3/11G3/7GOETH3/15/15/15/15/15/15/15 EEIOOQT/AENSTTZ 66/111 0
seed: 1790813827
loaded config with command: cgp 15/15/15/15/15/15/4C10/3VAPID5N1/1I1OH2ABA3I1/BO1YOK1NOO3X1/IT1EWE1SHRILLY1/NA1U1T1E1T5/M2R3U1A5/AVAS3S1E5/N6E7 ACELTUZ/EIIQR?? 182/223 0
seed: 1790813828
loaded config with command: cgp 15/5ZO8/5LI8/5O9/5T9/1JIMMY9/4O10/3KNIFE7/4A10/2STREWAGE5/4C1ENODAL3/3BHAI8/1GLEYED8/QUAT11/IT1HOOPER6 DINPTVX/AAILUU? 247/267 0
seed: 1790813829
loaded config with command: cgp 15/15/15/9W5/9E5/9X5/8HE5/3FUNDIE6/3I4L6/3G4D6/3G11/3Y11/15/15/15 ABDGLMN/AEEIJNT 49/61 0
seed: 1790813830
loaded config with command: cgp GAPY11/2O4D7/2U1G2E7/2FAH2M7/3LA2O7/3ET2T7/1LUX3I7/1ANImATO7/3N3N7/15/15/15/15/15/15 CDEILNV/BDEEQRY 94/181 0
seed: 1790813831
loaded config with command: cgp 15/15/15/15/15/15/15/1GOMERIL7/3I11/3A11/3O11/3U11/15/15/15 AKLORZ?/EFIINOV 76/14 0
seed: 1790813832
loaded config with command: cgp 15/15/15/15/15/15/5QAT7/2LATINO7/15/15/15/15/15/15/15 CJORSTU/AABIMNP 14/29 0
seed: 1790813833
loaded config with command: cgp 15/15/15/V2F11/O2U11/R2N11/R2N11/EL1YOGIN7/DA2WUD8/1ZEAL10/1U13/1R13/DI13/ET13/WE13 AEEMOTV/DFGIKO? 102/183 0
seed: 1790813834
loaded config with command: cgp PREROCK8/4M10/4N4L5/4I4OB4/4V4UR4/4O4IO4/4r1ADZED4/3HETTIE6/6SEXY5/15/15/15/15/15/15 BGILLRW/CEFGSSU 143/175 0
seed: 1790813835
loaded config with command: cgp 12G2/9V2ON1/2B1Q1FOUL2BI1/2AZURY2E2IN1/2C1I4If2T1/2K1T5E1SH1/2I7N1T2/2EXTATIC1AYONT/10G1M2/10L1OM1/10E1DA1/12ELF/12AWA/12LAV/14E IJNOPP?/AGINRRS 378/250 0
seed: 1790813836
loaded config with command: cgp 15/15/15/3OP4C5/3UR4AB4/DENGUES2WO4/E2IN1ITA1T1XU1/N2YE1FIZ1TWIGS/O2A4OIL3K/T8FE3R/E9R3U/10S3M/14P/9EVOVAE/14d AEIIORY/AADELLS 276/300 0
seed: 1790813837
loaded config with command: cgp EF2ANTICISED2/MANTRA2O1PREM1/OR6WOO1W2/J6VEGO1AL1/ID6RIF1XI1/1R7V3C1/1a3PLANE3K1/1B2EUOI3OOSY/1B3TYTE6/1L13/1E13/1DEGGED8/15/15/15 EILQRTU/EHNSSZ? 267/315 0
seed: 1790813838
loaded config with command: cgp 15/15/15/5W5C3/3V1O5L2K/3A1WO2Q1U1GI/3R2IF1A1N1UR/3IMPLORING1Mm/2JA2Er1D3BE/2ET2RE4GOS/2TI3HEREBY1S/3O3E4L2/2UNISONAL2D2/7THIEVED1/3AEONS4N2 ACEITTU/AFIORYZ 276/413 0
seed: 1790813839
loaded config with command: cgp 15/15/2ZO8N2/2ANOUGH4I2/3OF2ATLASES1/9AIOLI1/2VOW3KI2L2/3HOODIER2IF1/8AE3I1/9D3B1/13r1/12JA1/2GLANCES3UT1/8EYE1BE1/7UREMIAS1 CDEOTTU/AEPRTY? 382/266 0
seed: 1790813840
loaded config with command: cgp 7DIALYsER/2G10V1/2I6WIFIE1/JULEP8R1/O1G1R5W2N1/T1A1E5E2E1/T1I1S1MOONIEST1/E2VALUE2R4/D3G5D4/3BE5E4/3ES5R4/3C11/3K11/15/15 AFINQTU/AABIOOP 253/407 0
seed: 1790813841
loaded config with command: cgp 15/15/15/15/A3P3YOU4/U2RiPENESS4/LAYIN10/O1AZOTED6G/I1RACINO6U/4L9A/4E2MODII2N/2VESTlIKE1FALX/7L6I/7CREMATES/7H7 DEOOORV/FGHITTT 306/353 0
seed: 1790813842
loaded config with command: cgp 15/15/15/4P10/4H10/4O10/4T1AGYRIAS2/3DOGGO7/4FOO8/4I10/4T10/15/15/15/15 CEEHMNU/EFIKLQV 84/94 0
seed: 1790813843
loaded config with command: cgp 15/15/15/15/15/5Q9/2YETI9/1BEHINDS7/15/15/15/15/15/15/15 AEENNTT/ABEITVW 32/111 0
seed: 1790813844
loaded config with command: cgp 7C7/5W1A7/5A1LEAPED2/4QI1I7/4UN1F7/4I2A7/4P2T7/3LOGIE7/15/15/15/15/15/15/15 AEIMOVW/EFGHNNR 124/62 0
seed: 1790813845
loaded config with command: cgp 14Y/13TO/13IN/13LI/13T1/13H1/7DECoCTS1/4GYRI7/5E9/4EX9/4V5WOO2/1REBEL1HOLED3/2SINOPIE6/4TUAN7/7SINGULT1 AEFIKMN/AADNRUZ 296/199 0
seed: 1790813846
loaded config with command: cgp 15/15/4AH9/4LI4s4/4GO4A4/4AID3X4/6E1EUOI3/3WIENIE1N4/6T3I4/6U3E4/6R3s4/6AHA6/6LAV6/7EE6/7N7 BCDIORU/AEJORST 204/107 0
seed: 1790813847
loaded config with command: cgp 15/15/15/7ZONES3/9O5/9Y5/9A5/7ETUI4/15/15/15/15/15/15/15 AEOORRS/DEEEOUU 16/56 0
seed: 1790813848
loaded config with command: cgp 15/15/15/15/15/15/7DAFTLY2/ZAX4AWEE1OWO/1LUSKiNG2C4/3HIDE3T4/2QAT5US2S/2IDE5MAN1P/GONER6LO1O/10GAMBO/11DA1F EINOOSU/AEPRTY? 254/260 0
seed: 1790813849
loaded config with command: cgp TREK11/2L12/2OF11/2GU11/1TED11/1Y1G5Q5/1M1E1LUZ1U5/OP1DAINE1I1JAIL/YA2B2PERVO3/EN2A4T1C3/1I2C6UH2/4T6NA2/4O6DO2/4R10/WOODSIA8 AIMNNS?/EEEGHIT 290/266 0
seed: 1790813850
loaded config with command: cgp 15/15/5AREOLAE3/2TEsTEES2MUCK/12N2/9Q2T2/9I2I2/6JABS1FLEW/5NONI3I2/4TABID3N2/3WITE3ZAG2/2COX1DUMPEE3/15/15/15 EGHINOS/AAGLORR 298/269 0
seed: 1790813851
loaded config with command: cgp 15/15/15/9L5/9E5/9V5/8FY5/6JOR6/8E6/5PIMENT4/8T6/8IF5/7ZEA5/7ARD5/7X7 EIOOPRS/AAGNRTT 126/111 0
seed: 1790813852
loaded config with command: cgp 7W7/7I7/7N7/7G3V3/7ES2I3/8IT1v3/8ER1I3/7PRIAPI2/8ON1A3/8ZE1R3/8E2Y3/8M6/15/15/15 EELNOOT/EEIORTT 151/91 0
seed: 1790813853
loaded config with command: cgp 15/15/15/15/15/5ZO1G6/4PIU1A6/3WANTED6/2VEX3J6/3BEE2EF5/4SEGO1U5/7A1R5/7KI6/7ED6/6AREADING1 CENRSU?/HLNOOTY 181/190 0
seed: 1790813854
loaded config with command: cgp 14Q/13LI/13A1/13V1/13ET/13MI/1VROU2PITA1ZEN/YE1KHEDA1AWRONG/ER3TAXON2IT1/ET2RHY5S2/DI8JUMBO/1C12F/1E12L/1S12A/7SEaRCING DFLORSU/ABEIIN? 310/357 0
seed: 1790813855
loaded config with command: cgp 15/15/15/15/15/15/5QI8/6FEWS1P3/7HOOTER2/9V1S3/11T3/11L3/11i3/9ZONURE/11G3 BEHINOR/ILMTUX? 122/110 0
seed: 1790813856
loaded config with command: cgp 3PARErGON3S/7E1KYBOSH/2POSTIChE4O/7E6D/4HESITANT3/I4FIVE6/N6A7/J2ZORIL7/UNGORED8/R2NAW9/E2A11/R2L11/15/15/15 AEIOTUW/AELLMOT 405/314 0
seed: 1790813857
loaded config with command: cgp 15/15/15/2OAF10/4L10/3GUQINS6/4M3a6/3VICTOR6/4N3T6/4G3O6/6MURIATeD1/8I6/8I6/15/15 ADGKPSW/ABEILST 135/113 0
seed: 1790813858
loaded config with command: cgp 11YAGI/12U2/11AD2/11BI1P/11SO1A/8JURE2D/6CHA2I2M/7ABOIL1NA/3CRUFT3EWE1/11REM1/12AN1/12S2/12O2/12N2/15 DIKLSST/DELNOQT 104/218 0
seed: 1790813859
loaded config with command: cgp 2C12/2L12/1QI12/HATPEG9/ED2N10/XI2T10/E3I3F6/R2KROONI6/4E3G6/4T10/4y10/15/15/15/15 CEELORV/AADELMS 157/113 0
seed: 1790813860
loaded config with command: cgp 15/15/15/4Q10/4O3GOOP3/4R3IDIOCY1/4M1HAO6/3TAUON7/6WEY6/15/15/15/15/15/15 AEINRRT/AEILRST 67/87 0
seed: 1790813861
loaded config with command: cgp 15/15/15/15/15/15/15/6YU7/15/15/15/15/15/15/15 DEILNQT/AEGHINS 0/10 0
seed: 1790813862
loaded config with command: cgp 15/15/15/15/15/15/3BURLAP6/7NOBLY1DI/6WEXE1UWU1/9DIM1HI/15/15/15/15/15 FILNNNU/AAEEIST 75/119 0
seed: 1790813863
loaded config with command: cgp 7I7/1PILOTiNG6/7V7/3B3AKING3/3IODYRITE4/3R8E2/3T8R2/3HAMZA2EJECT/6ORFS2C2/5WAB1Q2t2/3HYE3U2I2/UNDO2DIGITALS1/2EXILE2R2E2/9M5/6WUDS5 AEEFNPR/AAENOTV 409/351 0
seed: 1790813864
loaded config with command: cgp 15/15/15/15/15/15/15/3VOLTE7/15/15/15/15/15/15/15 CDEEILW/CEEIQTZ 0/24 0
seed: 1790813865
loaded config with command: cgp 1rAUNGES7/5O9/5O9/5R9/5I9/4EE9/4A10/1INOSITE7/4E10/15/15/15/15/15/15 AABEILV/EEGMNRU 79/85 0
seed: 1790813866
loaded config with command: cgp 7U7/7N7/7H7/3Q3I1N1W3/2BURLAP1OBA3/3I5HEX3/1ENCORED2ZE3/GEEK2TINGED3/2DYE5L4/4AMATOLS4/2VITAMER6/7N7/7N7/7O7/7S7 APRSTU?/ACFOOOU 274/314 0
seed: 1790813867
loaded config with command: cgp 15/15/15/15/15/15/4Q10/3MUGGA7/4A10/4S10/4S10/15/15/15/15 HIIRXYZ/DNNPSU? 24/28 0
seed: 1790813868
loaded config with command: cgp 15/15/15/15/15/15/5FUN7/3QuERY2ZOWIE/4P1DECREER2/4B7EF1/4O6DAL1/4W6OKA1/11HIT1/12N2/5TUSSLING2 AAEEOTV/ADJOTUX 225/222 0
seed: 1790813869
loaded config with command: cgp 15/15/15/15/15/15/15/7ANOA4/15/15/15/15/15/15/15 BFISSTT/ADINORR 0/8 0
seed: 1790813870
loaded config with command: cgp 15/8T6/7DOVING2/8N6/8G6/8U6/8E6/4GOJIs2MOWA/6U4A1I1/6R2ZEX1E1/4CHEATED2L1/7U1PHO1D1/1QUOD2R5E1/2TRIVIAL4R1/PYAT3E1INCISE AAFKSTW/AALNSTY 321/246 0
seed: 1790813871
loaded config with command: cgp 15/1U13/1N13/1L13/1A8D4/1S8E4/1T8BI3/HE4REFLUX2V/A1K3O3GIF1O/V1I2QUILT1AE1C/O1R1C1L5I1A/cORRADED2MANEB/2I1G1A5T2/6U5E2/dISPENSE2JIRGA HNOOPTW/DENNRTY 403/345 0
seed: 1790813872
loaded config with command: cgp 3HAO1B7/1JEMBE1R1G5/5SPICATEd2/G1QI3T1D1LONG/A1INVENTED4R/LINK5e3WE/L6Z1R3AA/O5FAYS3IT/P4VAX5TE/EH12S/DI12T/1R13/1E13/1E13/15 CIILOOU/ADEIORY 392/333 0
seed: 1790813873
loaded config with command: cgp 15/5N9/2SQUINY7/5N9/4ST9/C3OH5G3/AR2L2OUTLEADS/We2FUCI2OM2P/1GODET4BI2I/1R2G5AN2V/1A2E5TAP2/1T1V5BETA2/ZOOEAE3R1EN2/OR1HEX3R2D2/L2M7FADE EEIJSY?/EIKLORW 385/334 0
seed: 1790813874
loaded config with command: cgp 7FONTAL2/7ABY1VIAE/2HUED4MINX1/5A2TROD3/4DRUTHER4/5R1OOF5/5A9/3AMIGO7/5N1I7/1J2WE1L7/1E1QIS1S7/CAPIZ2T7/1TIN3o7/1S2OVONIC5/7E7 BDELRTU/EEEPRUW 343/302 0
seed: 1790813875
loaded config with command: cgp B13G/U13O/R1N4R6W/PAY4A3TROD/1L5DEEPIE2/1BE4U1MIND2/ZEN4L3GOX1/ER1COUTA7/AT1H3T7/1SKIFF1E7/3AI10/3OE10/1QIS11/15/15 CLMOORS/AEINNST 285/236 0
seed: 1790813876
loaded config with command: cgp 7J7/7A1G1D3/7E1L1U3/7G1OMA2D/7E1BADS1U/1PEONY1RAIA1T1V/1IXIA1I1Un2ERE/REO1WOVENS2RET/6Y1E3IS1/12LI1/12EL1/13I1/13N1/9TIMPS1/15 DHLOORR/AEFIQZ? 314/243 0
seed: 1790813877
loaded config with command: cgp 10N2KO/7CATENOID/10O4/7cURTALAX/10Y2I1/10P2R1/10E2D1/4ZETA2S1URE/4EEEW4HOA/3BANALITY2M1/2QIS5UNCES/3B2LOVAGE2H/14I/14V/14E DOORSUW/AGIILNR 390/328 0
seed: 1790813878
loaded config with command: cgp IOTA1NEUROID3/1ROGUY3R5/8JA5/4R3IT5/4E2MAE5/4L1WOOD5/4O1AB7/4A1QI7/4D1FEU6/4E3R6/4DEVIATES3/7ME2I3/7PI2R3/7L3I3/7Y3H3 CHOSWXZ/ABCESTT 280/235 0
seed: 1790813879
loaded config with command: cgp 7SEETHING/7TAW1O2U/11OM1L/11DEVS/10FIRE1/4DZO2BOART1/6POLIO1I2/5CEE3JeTE/11AR2/11I1P1/11L1R1/11SHE1/12EM1/BROcAGE3NIXY1/6ASQUAT3 CDELNNW/DFGIKOU 407/361 0
seed: 1790813880
loaded config with command: cgp 11ZEIN/7N4R2/7AB3A2/7HEXYLS2/8DUO1I2/8R3OB1/5ME1E2GNU1/4FIVEs1MO1C1/5SO1T1An1H1/1J1O1WE3LA1U1/1A1U1R4ID3/QI1R1O4KI3/A2A1T5C3/DROLLEST7/I2I2TAENIA3 GNNPRWY/DEEEFGO 436/362 0
seed: 1790813881
loaded config with command: cgp 7G7/7A7/5GAW7/5OUP7/4JOB8/4O1R8/1N4I8/1UNHoPED7/URAEI1T8/1R3ZAG7/5O1E3F3/5L1A3O3/6OLIVINE2/1MaNNERED2L3/QI5D2TYTHE AAEFISU/EIRRTVY 322/265 0
seed: 1790813882
loaded config with command: cgp 7B2ADIEU/7E3R3/6RELIQUES1/7F3G3/4C5US3/4O5E4/4m1BAWDY4/3KAVAL2SWAGE/4N7HIM/3JAR5CAPO/3AGO5R3/3PET5U3/5O5VIER/5L5E2I/5INTERNS2Z ADLNOXY/EIIMNO? 373/320 0
seed: 1790813883
loaded config with command: cgp IF13/NA5IODIZER1/D1BIOGENY1OOH2/ERROR2FE6/W1UNCURL6G/SAV2PEaL5L/7T6I/6JUN2POEM/7SURVIEWS/15/15/15/15/15/15 ADIIKNT/AINOSTT 253/189 0
seed: 1790813884
loaded config with command: cgp 7G3F3/5EVANGELY2/7M3E3/1DIATRIBE2GU2/10T1N2/10H1R2/10E1I2/3JEERS2O1D2/2RONT1TOMCODS1/10O1L2/10N1E2/7ZOISTS2/1VuLPINE7/7B7/7U7 AAINRWY/AEFIKUX 345/302 0
seed: 1790813885
loaded config with command: cgp 15/15/15/12O2/10G1O2/9AR1M2/1NAOI4NE1I2/2RUDDLE1TI1A2/5AALIIs1C2/1WHEEP3BETs2/3N5UNI3/3R5G1B3/3A7I3/1WYND6A3/YOUK6VEZIR LRSTTUV/EEEFLOX 269/191 0
seed: 1790813886
loaded config with command: cgp BRAP3Z7/1A5E7/1DEMOTING2I3/1U2C2I1FED3/1L2T2T1AME3/1A2U2H1KYE3/TEF1O4ID4/W1I1RAIA1E5/P1ROSINERS5/2E12/2p1WOOaBLE4/QUOTED9/2T12/2S12/15 ACHILVY/ILNNNRS 395/320 0
seed: 1790813887
loaded config with command: cgp 7D7/7U2MOOI1/6LLANEROS1/7I7/4T1BAHADUR2/1POTAGES7/CIBORIA8/1GEMS1RAGULY3/4IO9/4OX9/4I10/JOWED10/E14/E14/D14 EEINRW?/CEITVZ? 330/270 0
seed: 1790813888
loaded config with command: cgp 11L3/3AIOLI1ZOIST1/7FRAPE3/11g3/11E3/11M3/4F2BAXTERS1/3VAIRE3N1TE/2W1N8ET/1WAID7PAH/H1C1S7UN1/Y1OB8KI1/D1NO8ENG/RUDERY7GO/O1AT1ALbUGOS2V CEJLRTU/EIIMNOQ 377/328 0
seed: 1790813889
loaded config with command: cgp 3PARVO3F3/1JEER1A1T2LI2/6N1H1GUN2/4V1I1I1NED2/4E1T1BOO1I2/1FAUX1I1EWW1C2/4I1E1T3A2/1ENOLASES1QAnAT/1AYU1D9/5Z9/15/15/15/15/15 CDEGORR/EKMRST? 330/269 0
seed: 1790813890
loaded config with command: cgp 11LOAF/9CROWN1/6V4N3/6I4GU2/6V2FAIR2/1HOB1TALLATS3/2BOZO1YAE1H3/3KANTED6/2REG10/4SWIG7/7A7/6EM7/6XI7/7E7/7R7 AEETUY?/DELNRSU 263/189 0
seed: 1790813891
loaded config with command: cgp 15/12T2/12O2/11QUA1/12G2/12h2/6V5I2/AMAZe1ION2PE2/4P1V1IO1I3/4OBA1FY1L1H1/4XI2TE1E1A1/3KY3I2U1W1/3I1CODENAMES1/3N4R4E1/3D9D1 CIJORTT/AELNSUU 316/265 0
seed: 1790813892
loaded config with command: cgp 15/15/15/3W7P3/3R7U3/3i4JAGG3/3T2COON5/3H1C1DWAUM3/3EQUID3EH2/3N1Z5TO2/10VOX2/11P3/1RAGTAIL3A3/1ONION2RELEND1/EKED1AIYEE5 IORSTTY/BFILRR? 301/232 0
seed: 1790813893
loaded config with command: cgp 15/15/2J4ENSNARE1/2IF2WHAP1R2O/2ZA4MATTING/C2V2PREMEET1E/O2UVAE4R2E/QINS1BHEL2Y2S/U4A9/IF3K9/1O3A9/GRILLS9/ID13/GO13/A14 AEEINOX/BDIOOT? 331/278 0
seed: 1790813894
loaded config with command: cgp 13P1/11T1R1/11HOY1/11EL2/8G2AE1A/U6LUZ1TOWN/M7I1RE1AN/A4ONERIER1GO/M6IO1AS3/IF3Q1G2L4/1A2DICHT1T4/BLIVE1ATE1OX3/1S2V1WEE1NU3/1E2O2ER1E4/DRIFT2N7 BCIJKPS/ADDIO?? 407/345 0
seed: 1790813895
loaded config with command: cgp DEFO3V1PIONIC/1HANdGRIP2BO1H/2GOA2A1W1ID1E/7T1A1AE1A/6COVIDS2T/5J1REF3KI/5E1EX4ON/3WEEMS6G/3OLDY8/1QIS11/BITTOR9/1N13/UT13/LA13/UR13 EEIMNRT/LSUUYZ? 402/351 0
seed: 1790813896
loaded config with command: cgp BENJ7ZANY/3A1XI5K2/3L1UN5R2/3A2V5A2/3PELORIAS1S2/6L1THO1I2/6U5A2/6TIDINGS2/6E2O5/9N5/9I5/9C5/6HUMIDOR2/9T5/4WAFERY5 ABCEGR?/GINOORT 376/322 0
seed: 1790813897
loaded config with command: cgp 1V1W3J7/1OBE3I1Q5/1MAR3B1A5/1SWOP2E1I5/2N1HYDRIDE4/4E10/2T1N10/2REGULO7/2I1I10/2G1t9R/2G1E9A/C1E11Z/O1S11E/ATTONINg6E/X6UNRAVELS AADIOTU/ADMNOPY 383/343 0
seed: 1790813898
loaded config with command: cgp 6UPTICK1OF/9SHIMMY/11LO2/7EF1ATE2/7ER1WE3/5G2O1AD3/5U2N1R4/3NARRATeD4/5L2A6/1V2BY2G6/1A2U1WOE6/1L2G1OH7/1O4XI7/1U5A7/PRESIDES7 ABIIRTZ/ADEELNS 323/280 0
seed: 1790813899
loaded config with command: cgp O12G1/U12I1/TAX2N2ZENDOs1/I1INFoRMAL3A1/E4C7R1/4REDSHORT1M1/5N7EA/3PUTID6B/5L8A/4OY8T/4B9E/2NOVITY6D/4S10/15/15 ACEFIIU/AEEEVWW 297/255 0
seed: 1790813900
loaded config with command: cgp 15/6A6V1/6V6A1/6A6W1/6t3ON1T1/5ZA3BE1EL/2M2OR4E2E/CLOWN1SOUPED2A/2CH5Y1L2N/3E5X1I1FY/3R7N1I1/3E3RENEGADO/2POSITED4G1/3U9E1/3T7UNDO AHIKQRS/EIORSTT 374/319 0
seed: 1790813901
loaded config with command: cgp 15/8MEE4/8ZAMIA2/3ANNEXE2K3/6HIE1JAG2/10ONO2/6BAW1Y1V2/5COlOURY3/6DUP1I4/ORALITy3D4/8BLET3/8IURE3/6VANGS4/15/15 CNORRSS/AEFLPRU 314/271 0
seed: 1790813902
loaded config with command: cgp 3P11/3I5PAVIN1/3NEGATRON4/3T11/3A6C4/3N1MOG2O4/2RoSiNOL1R4/2E1W2ROOTY3/2B1I5I4/2U1F5L4/2T1T5I4/2T12/2E12/2RELEASEE5/15 ADEGISU/EEEHOSZ 251/186 0
seed: 1790813903
loaded config with command: cgp 11F3/11E3/11R3/11R3/4C3V2I3/4AA2OX1T3/4BRR1MICE3/3BIGOTS1U4/4NID2AN4/3VELDT1WE4/3ET1IO1AI4/3N2NYE6/2HUE1GOT6/1TILAKS1H6/JADE3WELP4 AMOQRSU/FILNOPZ 329/272 0
seed: 1790813904
loaded config with command: cgp 11HALL/1A8F1I2/1SWItCHER1ABY1P/1S8NEE1Y/1U8ODE1L/VAU8P2O/1GROK3AVIATOR/AI1FORTED2N2I/UN4OXO6/AG5T7/7I7/7N7/7C7/7T7/7S7 EEEJNST/DEEGIII 314/259 0
seed: 1790813905
loaded config with command: cgp 7k7/7A2K2C1/2EXTERNATS2A1/3E3J2AW1R1/3N3I2RE1A1/3I7B1V1/3UR2FOREByE1/3MOGGED2I1LA/4L6E2D/4L9O/3YU9W/3UP9N/3C11/DISHOMES7/4FANTOD5 AIIIRYZ/AEGINOT 325/285 0
seed: 1790813906
loaded config with command: cgp 11BUGS/9B2R2/7F1I1TA2/2GAJO1O1O1AE2/3WIN1R1N1DI2/4V1WEETED3/4E1ALE1XI3/3CRURAL1PE3/6KI2I4/7N1ZA4/R8At4/U4HOMOGENy2/MANTLES8/L14/Y14 AIIOOOQ/CDEIPTT 357/316 0
seed: 1790813907
loaded config with command: cgp COMBATER1MUT3/2I1AI1ELYTRON1/2R8AWA1/SHIP5BIG3/A1N1V1PEDETIc2/R1GARVIE4L2/I3O7O2/N2AULOI4D2/S3WAX5D2/12I2/12N2/12G2/15/15/15 EEKNOSY/EEEFLOU 359/311 0
seed: 1790813908
loaded config with command: cgp 15/15/9Q2F2/7VAUDOO2/7I1A2R2/5EOLIENNES1/7L1R2B2/6PAVE1ZATI/7g2UEY2/7I7/3MASTOIDs4/3EGO9/JAKE11/1BORANES7/4YEAH7 ACHRTWW/CEORTUX 329/282 0
seed: 1790813909
loaded config with command: cgp PE13/IT13/LEV12/ANI12/U1BEADY8/SHEND10/2D1ABY1FAX3C/4WOOL1V1R2U/6MOROSER1R/9WUS1KI/10GI1IT/5CAZ3S1RE/6HOLO1T1T1/5JIN3E1A1/7ENcODING AAEGIQT/EEILMN? 400/344 0
seed: 1790813910
loaded config with command: cgp 3V3A7/2LI2OX1P5/2EN2WO1R2G2/T1VASELIKE1OU2/E1I4D1F1UG2/NOTAIRES1A1TAJ1/T1Y6B1b3/O5ZEDS1OCCY/R5OE2HAH2/ID3ILLIPES3/AR6NATTO2/1U13/1M13/15/15 AEEIMNU/DGINQR? 408/366 0
seed: 1790813911
loaded config with command: cgp 15/15/15/15/4B5S4/4R2V2T4/2P1O1AIYEE4/2L1WILD2DOZEN/2a1N5I1O2/1QINS5N1A2/1US3CLUDGIES1/KET4O3FA2/ANE4V3FE2/MAR4E7/I6D7 AGOTTUU/GINOTT? 287/237 0
seed: 1790813912
loaded config with command: cgp 6LITAI4/5CANONS4/6V8/2VALLEY7/6E8/6R8/6E7J/4BUDO6A/4U7QIN/4OF7ME/4YET1GREX1P1/4STEWIER2H1/5IF2ZAIRE1/5D7E1/7INPOURs1 AAGITUW/ILMOOST 321/263 0
seed: 1790813913
loaded config with command: cgp 15/15/2S1B1V8/C1H1U1O8/O1O1FEW8/D1R1OR9/E1T2R9/I1ABlATED4M1/n1G2N1SOUTANE1/AME2T7N1/1I2ORC6D1/FLIPPY7I1/1T11G1/1Y11O1/13S1 AEINOQU/EILNRSW 323/282 0
seed: 1790813914
loaded config with command: cgp 10LIVOR/1O7J2O2/1V6TAUIWI1/PO7N2L2/LI7I2e2/ED1Q5ZO1S2/D2I1CENTAURS2/G2B1AYE1R5/E2L1GAWKY5/ETHANES8/6sUPREMO2/10FOU2/7RHETOR2/15/15 ABCFMNS/ADEIINT 386/333 0
seed: 1790813915
loaded config with command: cgp 5VOCULES3/1JUVIE5T3/WAG2S5R3/E4THERMION2/E3XI5N3/T3UG5D3/EWK2I9/D2ZEALOT2YARN/6IRIDiUM2/11PIP1/5CARNIES3/7O7/6BO7/6OF7/6NY7 AHILLOO/AADEGS? 363/315 0
seed: 1790813916
loaded config with command: cgp 7T7/EMBRASURE6/FOY4AX1W4/3QAT1DOGES3/2VITALS1UME3/5N3R1n3/5T3N1O3/CONFRONT1A1P3/4EN3R1I3/4KY3D1A3/4E10/15/15/15/15 EHIILOO/ADEGLPV 310/249 0
seed: 1790813917
loaded config with command: cgp 5T1F7/1BLADY1O7/3V1L1R7/3OHO1E2B4/3WOT1l2O3K/4OE1A1JUGA1I/4L2IZAR1U1T/3VIENNA1T1R1H/4G5R1I1E/4AX1lUCENCES/4NU1E2E4/DIMPS2F7/5ALTERITY2/7I7/7E7 ADEGMQS/AEINNPW 438/385 0
seed: 1790813918
loaded config with command: cgp 6ALOO1P2A/5QI1IODATES/10EW2T/8JIVER1A/10OR2S/10L3I/10V1B1A/6SERIEMA2/10DON2/11ID2/7YOGINI2/2GREINED2ET2/11A3/9MOUCH1/6PUKEY4 EFNRTTU/ELOWZ?? 297/250 0
seed: 1790813919
loaded config with command: cgp 15/15/15/15/15/8LUNG3/6WHIG1OF2/A4CEE3LAWK/T5BRANglE2/T2SOZ1STYLO3/IT2YAJE2UP3/CARLE5TED2/1V9DID1/1A10MUD/OHO10XI AFINRSS/EENORTV 330/283 0
seed: 1790813920
