loaded config with command: set -threads 1 -savesettings false -hr false -numplays 15 -ima 0 -minp 100 -autosave false -fgrequired false
seed: 1790813729
loaded config with command: set -lex CSW24 -leaves CSW24 -wmp true -pat CSW24_hsp -s1 equity -s2 equity -r1 all -r2 all -numplays 1 -threads 1
seed: 1790813730
loaded config with command: cgp 15/15/15/15/15/15/15/6FUB6/5JATO6/1VIDIOT8/15/15/15/15/15 AEIRSVW/ACENNUX 26/53 0
seed: 1790813731
loaded config with command: cgp 15/15/15/14L/14I/14A/14N/7GOOFY1JA/10YETI1/7N5V1/7I5E1/7CANNELS1/7K7/7E7/7D7 AAILRUW/FNORTUV 143/105 0
seed: 1790813732
loaded config with command: cgp 1LACIEST7/JAR12/OYEZ11/3Y11/2UME10/A1NOX2NTH5/R1BIO1EUOI5/CLADDERS1PATTEE/A1N1OR9/NU2IF9/EL13/1U13/15/15/15 DEEKQS?/AANORTV 269/272 0
seed: 1790813733
loaded config with command: cgp BAIJIU9/AMNIOTE8/3N2LOcKFUL2/3G11/3OP10/4I10/4n1Q8/4DOUX7/2D1A1O8/2R1R1PO2V4/2AYE1SADZA4/2VOE2FEER4/2EW1AGINNERS2/3I1WIS2C4/3E3H2H4 AEGLNST/BEIOTTU 331/360 0
seed: 1790813734
loaded config with command: cgp 15/15/2CRARE8/4PELLING4/COOEE10/1FORSAID7/7OBIA4/HAWKED1WOOTZ3/U4EINA1EAU2/IF1TUB9/1E2MeLILOT4/1S5V7/1T5I7/1Y2HAVERING3/7D7 AENPRST/DEGQTUY 287/380 0
seed: 1790813735
loaded config with command: cgp 15/15/15/4E10/4N10/4V10/4I10/4RAIA7/4O2N7/4N2k7/7E7/6OR7/6XI7/6ET7/6NE7 ADEJLV?/AFKRSTZ 80/116 0
seed: 1790813736
loaded config with command: cgp 3P11/3E11/3N11/3O7F3/3C3JAVEL3/3H6LARNS/2AEOlIAN2K2E/4R2ROOPY2D/3BIT3U4G/3EEW3T3BI/3ANA3T3RE/2TUT4E3UR/2W1E4L3X1/1DIDDY3L5/2G2OUMAS5 ACFIOQR/EGIINOV 280/311 0
seed: 1790813737
loaded config with command: cgp 15/2T12/2R12/T1I12/O1C12/W1E12/ZAP12/ELS1HAUF7/1O1MITHER6/1WAIDE9/3A11/KALOOkIE7/A2U11/I14/M14 EFGILOY/EGIPQSU 113/279 0
seed: 1790813738
loaded config with command: cgp 7C2COGIE/6VOLTE4/7U2L4/7R1DELF2/6BI2B4/5WOE7/5OY8/4VAGS7/5L1T7/5D1A7/7N7/7D7/7E7/1cOMIQUE7/7S7 HIMNORU/GIIIORR 163/174 0
seed: 1790813739
loaded config with command: cgp 15/8B6/8Y6/6TARWHINE1/8N6/7JIZ5/2QUENA1E6/4WYTES6/15/15/15/15/15/15/15 DLOORSU/ADEMOT? 77/178 0
seed: 1790813740
loaded config with command: cgp LAVE1ZIPPOS1A2/1KERBED2WUNNER/FAX7I1E2/8F1VICHY/8R1A1D1O/8I1N1O1U/8J1T1T1R/7NOSEBAGS/8L6/15/15/15/15/15/15 GHINRT?/EEILMQU 268/327 0
seed: 1790813741
loaded config with command: cgp 5A1P7/5G1L7/5E1U7/5R1T7/3CYANOSED4/5T1I1HE4/5U1N3C3/4MM1GOATY3/4I6G3/4n6N3/3HI5PE3/3AB4DIT3/3ZA4EXSERT/3ER4V5/WEIDS4I5 BNQRRTU/AEELOOU 268/354 0
seed: 1790813742
loaded config with command: cgp 13OB/5QIN5HO/2RETINUE3COX/7GROOM2L/10WOF1A/7bLUEWAYS/4TOZE1GRAV2/3JAFAS7/4N2TEMPINGS/4T5I3U/4R5E3I/KEAVIE8D/4C9I/14A/14n ADEINRT/AEHPSTY 335/446 0
seed: 1790813743
loaded config with command: cgp 15/15/15/15/15/15/15/4SCRY7/4Y10/4E10/4N10/4I10/4T10/4E10/15 AEINRT?/BEGLNOS 16/79 0
seed: 1790813744
loaded config with command: cgp 15/15/9D5/9A5/9N5/6WANG5/4BOH2L5/3TORII1I5/2YEXED1RE5/4T3OR5/3MY3s6/3I4A6/3L4C6/3T4E6/3ZONDAS6 AABEOQS/AEEIOP? 181/194 0
seed: 1790813745
loaded config with command: cgp 7P7/5V1T7/1FOUER1O7/HERM1O1O7/5TAE7/6BY7/2VAC1O8/E2WHORL7/X1Z1I1I8/P1A1N1GAUJE4/A1N1K1I8/NUTTY1n8/D1E12/E14/DWINDLED7 EIOQRRT/FGIMNS? 351/221 0
seed: 1790813746
loaded config with command: cgp 15/15/15/15/15/15/6K8/5UEY7/6D8/15/15/15/15/15/15 BEHIINT/EHIMSST 12/15 0
seed: 1790813747
loaded config with command: cgp 15/15/15/15/15/15/6HUE6/5cOTEAUX3/6HAKA5/15/15/15/15/15/15 AAEIMNO/ABEEIIN 25/142 0
seed: 1790813748
loaded config with command: cgp 7TROUBLED/11A3/9N1V3/9I1I3/9OWN3/4H4BO4/4E4IF4/3GADJE1T4T/4L1ADZES3I/4E5EE2N/4E5AX2I/10GO2N/10I3E/10R3S/7CAnTALAS EFIRRTU/AIKOSTW 425/294 0
seed: 1790813749
loaded config with command: cgp 7DIALLING/7INK5/7ABAS4/3GRUMPY1T4/4E2E1UH4/1WE1D2R1FE4/1OMAsA1E1ON4/COEXTENDS1I4/4A5C4/J3R10/I3TUTELARY3/VIEWS10/I14/E14/R14 AENORTV/AIIOQU? 354/387 0
seed: 1790813750
loaded config with command: cgp 15/5SOP7/5EXO1UPTOWN/1ZOOLATERS4A/FAM2WET6V/L4ER7V/I4E8y/N2BADGE6I/C4Y8N/HM12g/1I13/1R13/1I13/1N13/15 EGHLRRR/GIINOQT 223/250 0
seed: 1790813751
loaded config with command: cgp 15/15/15/15/15/15/4GLEE7/3MOOLA7/15/15/15/15/15/15/15 CDMTUVV/EIINRTU 20/16 0
seed: 1790813752
loaded config with command: cgp 15/15/4W10/4I10/4L10/4I10/4EF9/1REBRACE7/3H1U9/3I1X9/3KY10/3HE10/3U11/VAVS11/15 ANORSSZ/DEIIOTW 137/102 0
seed: 1790813753
loaded config with command: cgp TOaDLESS7/3R11/1KNEW10/3N11/3C11/3Hm10/4O10/4VULN7/4I10/3DEX9/4O10/4L1AJI6/1BIGAMY8/15/15 AHINOPR/ACILPTT 160/186 0
seed: 1790813754
loaded config with command: cgp 12AZO/9P2DIF/9L2IT1/8QUINTES/9GO3E/10L2MI/8L1I2OF/7CERTY1US/4U3VEE4/4N3IT5/4O3TAJ4/4PRODIGAL3/4E2RE6/4N2IS6/7B7 ACGNNOW/AEEHRR? 215/265 0
seed: 1790813755
loaded config with command: cgp 15/15/15/15/15/15/15/6OO7/7P7/7E7/7R7/7A7/7N7/7D7/pORCINIS7 AAEEKVZ/EEIMTUY 86/90 0
seed: 1790813756
loaded config with command: cgp 7H7/7I7/7N7/7A7/7h7/7I7/7N7/6FAB6/8O6/1SLUDGIER6/8R6/7NOVUM3/6EEW6/4PYXIS6/6OF7 AADNSTT/ACEILWY 105/197 0
seed: 1790813757
loaded config with command: cgp 15/15/15/15/4O10/4S10/4M10/3DInGIED5/4O10/4UH9/4SI9/5V9/5E9/15/15 EFGINOS/AEIORTU 105/36 1
seed: 1790813758
loaded config with command: cgp 12HUM/10L1O2/10ORG2/10UH3/10IO3/9WED3/9R1I3/6QI1E1E3/5VIOLA5/9K5/15/15/15/15/15 DEENRW?/ADEIMSZ 60/127 0
seed: 1790813759
loaded config with command: cgp 15/15/15/15/15/5Z9/5E9/5DJINS5/5AA2O5/6PO1F5/7I1T5/7D7/7I7/2RETINUED5/7M7 AEIOOSW/CEEILST 116/110 0
seed: 1790813760
loaded config with command: cgp 15/15/10C4/9LA4/6V2EF4/5TI2I2A2/5HM2S2S1J/3WArEHOU2P1E/5EN1ORIFICE/5E3E2R1R/5P3L2A1E/2ADZED2Y2N1R/5D6T2/15/15 BGNSUUV/EILLOOO 193/294 0
seed: 1790813761
loaded config with command: cgp 7AIGHT3/7H7/7OP6/O6YUP5/B7LO5/AS4L1WE5/NO4I1AT5/GU1QuOTERS5/1DJIN1T8/1A3WE8/1N3ER8/1S3XED7/6RE7/7F7/7Y7 EIINOUV/CDISTV? 200/302 0
seed: 1790813762
loaded config with command: cgp 15/15/15/3DANGERS5/2GAB4I5/2A6R5/2R6O2P2/2D3TUNNIES2/2Y6I2A2/2L4MOZE1L2/2O4IBEX1T2/2O4S3OR2/7C3FY2/7U7/7T7 AELNOTV/CGIKNOU 181/246 0
seed: 1790813763
loaded config with command: cgp 15/15/15/15/8F6/1ZA5I6/1OE5C6/1OR1MERCH6/1NA5U6/2DANGLES6/2I12/2OW11/2SO11/3W11/15 ABDNOUY/EEIPRST 163/131 0
seed: 1790813764
loaded config with command: cgp 7Z7/4Y2E7/4I2T7/4R2AL6/4R3I6/4I2LAV5/4N3I6/4GOJIS6/8O6/8N6/4FRETSAw4/15/15/15/15 CEEHIIU/BEFGITY 141/130 0
seed: 1790813765
loaded config with command: cgp 15/15/15/7G7/4IGARAPE4/7O2L4/7T2F4/5OUtYELPS2/7O2A1I2/3JEWIE2N1M2/3I3D2D1I2/3A7AL2/2COLOURY2BA2/11ER2/11D3 GIKNNVW/AEIOSTT 183/209 0
seed: 1790813766
loaded config with command: cgp Z13Q/AAH11U/1DI11I/1I5KANAE2S/OPERETTA2BLURT/1O2HIOI7/1U13/1STYRENE7/15/15/15/15/15/15/15 DJMNORS/CDFMOS? 155/213 0
seed: 1790813767
loaded config with command: cgp 15/15/15/15/14G/14R/12O1I/3WINDBAg2U1M/8RIANTLY/5EIKED2D2/12U2/10TREZ1/12LA1/13G1/15 EHNRSSS/ABCDHOR 110/169 0
seed: 1790813768
loaded config with command: cgp WAWA1FAMILIST2/1V1G3O7/1I1U3O4A2/1D1EF2V4I2/1L2E2EE3R2/BY2L3T3S2/O3T3E2OH2/T2LIMBOS1AXE2/C3N3I1T1D2/H3GJU1ADO4/Y3s3NUN4/9DIG3/10AE3/11E3/6REPRIZE2 IKNQRS?/AENOPRR 308/453 0
seed: 1790813769
loaded config with command: cgp 15/15/15/15/15/2GAUP9/5YONI6/5AYU7/1ARRASES7/15/15/15/15/15/15 BEEFHIO/JLMQSTW 39/100 0
seed: 1790813770
loaded config with command: cgp 7W7/7A7/7F7/7E7/7R7/3K3I7/2QI2ZEE6/2AVOYER7/2TA11/15/15/15/15/15/15 ELLNSSU/ADEEINS 69/101 0
seed: 1790813771
loaded config with command: cgp 2WOODIE3AWOL/1DEY1E1REMIXER1/5P9/ChASTeST7/H3ANTIFAT4/O4D1GEM5/O3PIE8/F2VANTS7/5G9/15/15/15/15/15/15 BEEIIOR/ACGLNSV 223/270 0
seed: 1790813772
loaded config with command: cgp 15/15/15/4E10/4n10/4D10/4O10/3PWNED7/4E2A7/4R2L7/4S2E7/7S7/7M7/7A7/7N7 CDILLM?/BEJNTTU 114/94 0
seed: 1790813773
loaded config with command: cgp 11MOUP/5J2FILING1/5I1BE1OXY2/5A1HAP5/4ROTAtING3/ODEA3TOC1E3/D1FAENA1U2N3/O2HAULDS2T3/U10R3/R10I3/EL3STEELMEN2/DA9S3/1V13/1A13/15 BEKQRVY/CEIINOS 331/293 0
seed: 1790813774
loaded config with command: cgp 15/15/15/15/15/15/15/3HAGDON6/5AI8/5ZEP7/5E1O7/7R7/7K7/7E7/7D7 EIIOSST/ACEIRUW 49/90 0
seed: 1790813775
loaded config with command: cgp 14P/9G3SO/9E3WO/9N3ED/7PANCREAS/9YU2T1/10T2I1/6QAT1IF1EF/7YODEL1RE/5GRUM2u2M/11I3/11D3/11I3/11c3/15 AENNOOS/AACINRZ 230/203 0
seed: 1790813776
loaded config with command: cgp 15/15/15/15/15/5WEID6/6FRORN4/7EXEAT3/15/15/15/15/15/15/15 ADORSST/ACINQSZ 29/61 0
seed: 1790813777
loaded config with command: cgp 15/15/15/15/15/15/15/2OCULAR7/15/15/15/15/15/15/15 CEEKMSV/ADEHII? 0/22 0
seed: 1790813778
loaded config with command: cgp 15/15/15/15/15/7HUE5/5GEO7/4LURK7/4ORRA7/15/15/15/15/15/15 DENORRU/CDEINQ? 38/36 0
seed: 1790813779
loaded config with command: cgp 6GYVE1M3/9FLORAS/11BO1A/10NOO1T/10O1f1I/10T1I1R/10A1E1I/6RIFLIPS1C/10R1T2/10E4/10S4/15/15/15/15 AEIMQU?/ADEEINZ 149/237 0
seed: 1790813780
loaded config with command: cgp 15/15/15/15/15/15/15/5UNI7/15/15/15/15/15/15/15 DEOQSWY/EIJRRRS 0/6 0
seed: 1790813781
loaded config with command: cgp 15/15/15/15/15/15/15/3JOBED7/15/15/15/15/15/15/15 AEEIISS/ADOQSUU 0/46 0
seed: 1790813782
loaded config with command: cgp 6FLOWERPOT/5AI5OHO/5EX1JEWEL2/5G5FEU1/4QI9/5R9/4GI9/3VINCA7/4BE9/4L10/4I10/15/15/15/15 AAADPY?/AEIMMTU 168/210 0
seed: 1790813783
loaded config with command: cgp FA1Q1VULTURE3/OY1u4A6/OR1E4VOEMA2/ZE1R3BENDING1/L2I4R5E/ETESIAN1N5M/3T1WOPS5U/2ES2XI6L/2C4ALKANETS/2H11O/1OI11R/1UN12/1PI12/1A13/15 BDFIORT/DEGJOTW 417/308 0
seed: 1790813784
loaded config with command: cgp 2D4n7/1FRETTIER6/2E4G7/2A4L6B/2M3QI6O/2I4G6N/2L4ENSEMBLE/2Y1CIVET5Y/7SHOW4/9XU4/9ID4/9D5/9E5/3DUNLINS5/4POON7 AGOPRRT/AAEIOTU 366/218 0
seed: 1790813785
loaded config with command: cgp 15/15/15/3M11/3I11/3A11/3O11/3WAIDE7/4ENOL7/15/15/15/15/15/15 ELNNUUY/EIIIOSS 15/46 0
seed: 1790813786
loaded config with command: cgp 15/10S1L2/10P1I2/9WAQFS1/10R1TI1/10R1EX1/8V1I1D2/7BARNY3/8N1G4/8T6/15/15/15/15/15 EEJRTVW/AAADFMN 112/119 0
seed: 1790813787
loaded config with command: cgp 15/15/11S3/10ET3/10XU3/10ED3/8G1AL3/JAUK1C1PANTY3/2SAlINIZE3F1/5N1TYPAL1O1/5Q4HOER1/11DEEV/13G1/13U1/13T1 AFGIMNS/ABDIORW 147/272 0
seed: 1790813788
loaded config with command: cgp 15/15/15/11L3/10BA3/10UM2G/10JIVER/6LOTION2O/6U4A2K/6T4T3/W5A4e3/H5N4D3/OXIDASIC7/R5S8/T2QUITE7 AEEPRTV/GLMORU? 217/259 0
seed: 1790813789
loaded config with command: cgp NIXES2F3A3/4Q2IT2S3/4U2NE2T3/DARZI1RED2I3/O3R1Y1I2G3/B3TWO1OVUM3/L4AT1U2I3/A4CWMs2A3/2C1AKA8/2O1GER8/1NO1G1I8/JErBILS8/END1E10/HE13/U14 ADNNRST/FHOOPPY 329/370 0
seed: 1790813790
loaded config with command: cgp 15/15/1U13/1S13/1U2I10/1C2N10/1AXED10/1P1FAITOR6/1T2R10/4T10/4E10/4D10/15/15/15 AAHILSV/EGJPQUW 66/106 0
seed: 1790813791
loaded config with command: cgp 7p7/7O7/7S7/7T7/7N7/7A7/7T7/3AUNTIE6/15/15/15/15/15/15/15 EEEIRST/CEFGIVX 14/74 0
seed: 1790813792
loaded config with command: cgp 7FAERY3/1INEDITA1FEU3/10G1ZO1/9BELEES/9OX3H/8OW4R/5QI1OE1O2I/3CRINUMS1N2V/11G1PE/11L1OR/11E1L1/11TAE1/11sUM1/12AI1/13C1 ADJLNW?/GINOTUV 280/354 0
seed: 1790813793
loaded config with command: cgp 15/9VOICE1/10U4/7JUNTA3/4R5W4/4E4QIN3/4C4UNI3/4HOAX1A1V3/3REDDIeR1EM2/4A4E1OE2/4T5FuM2/3ZE5ISO2/2YAD5B1S2/2AR11/BEEF11 AEGIKLT/AGILOTU 283/367 0
seed: 1790813794
loaded config with command: cgp 2POOTErED5/1RADIALE1J5/9I5/3MARKMEN5/4v10/4E10/4N10/FOUET1QIS1POLER/4U1U1T1R4/3ORGANISED3/4E3V1XI3/7FY2V3/7L1TZAR2/7A1OON3/7B7 AEGILST/GHHIOTY 346/301 0
seed: 1790813795
loaded config with command: cgp W6JobSHARE/Y1V1G2O7/C1A1R2L7/HARDIEST7/1DI1D10/1ZO12/2U3Q8/2SOUTIE7/5INN7/5X1T7/7A7/7N7/7G7/7L7/7E7 IOPPUUV/AFLNORT 258/318 0
seed: 1790813796
loaded config with command: cgp 15/15/15/15/15/10HAAF1/6ATOKE4/7ADIEU3/7MARL4/15/15/15/15/15/15 AEMNNPS/ACEGILS 41/50 0
seed: 1790813797
loaded config with command: cgp 15/15/11JA2/11AE2/11D3/11E3/7WAFERED1/4OUZO3Y1I1/5GONG4A1/1GILLS7T1/3A9R1/3C9OF/1BRUV8NA/3N9ST/EULAchON6E ADISTUX/EILMRTW 132/334 0
seed: 1790813798
loaded config with command: cgp 15/15/15/15/15/15/4MAUBY6/3PONGA7/15/15/15/15/15/15/15 DEEFORW/ACHIIRT 22/31 0
seed: 1790813799
loaded config with command: cgp 15/15/15/15/15/15/15/5FIE7/15/15/15/15/15/15/15 AAADNRU/DEEGHIY 0/12 0
seed: 1790813800
loaded config with command: cgp 15/15/15/15/15/9P5/9L5/6MUNI5/9N5/9G5/15/15/15/15/15 INOQRS?/AAIJNNO 10/24 0
seed: 1790813801
loaded config with command: cgp 15/15/12D2/12I2/12A2/6ATAP2P2/4SOBERER1H2/3DOUANE3O2/8WIZEnER/12Y2/15/15/15/15/15 EEGGIIO/ABCIIL? 162/141 0
seed: 1790813802
loaded config with command: cgp 2C8P3/2U8I1T1/2B8ONO1/2A8NAG1/2G7F1RUG/2EL6R1YER/2sI6U3A/3O2CUZ1ID2N/3N4ANTIFAT/2WILtJAS1EM3/3S3W2DIDO1/3E3A3TEX1/3R3K3YET1/7E4TE1/7D5R1 EHNORSV/ABEILOQ 269/324 0
seed: 1790813803
loaded config with command: cgp 3Q11/3u11/3EF10/3NE1JOUSEI3/3AN4OR4/4C4XI4/4I5N4/4B2PFUI4/3GLARIEST4/4E5E4/6TANISTRY1/3ENcORED5/15/15/15 ADIIOTT/ADEMOVZ 276/261 0
seed: 1790813804
loaded config with command: cgp 7G7/3P3A7/2FY3D7/2URP2A7/2JOW2R7/1GI1N2ER6/1O5NO6/mEZQUITEs6/1T2N3A6/BY2G3L6/E3L3I6/V3O2KA6/E3V2A7/L3E2N7/S3D2T7 AACCIRX/IMNOOOR 242/368 0
seed: 1790813805
loaded config with command: cgp 15/8AW5/8LA5/8ID5/4J3E6/4OX2N6/5O2O6/3MEANER6/2QI1N9/5A9/15/15/15/15/15 DEIRVY?/ADELSUV 114/88 0
seed: 1790813806
loaded config with command: cgp 7AREIC3/2GALETTES5/2I4EX6/2MY11/2POO10/3UT10/4A10/3BRAWER5Q/4I9A/3ENCLOSED3T/4E3OLEFINS/11R3/11I3/11T1OI/11ZIPS ADEINOV/DKLMRTY 237/307 0
seed: 1790813807
loaded config with command: cgp 15/1BIGEYE8/5UNTILLEd2/6P8/6L8/5KA8/5EN8/3HIRER7/2ZO1OD8/2AT11/3DO10/3OW10/1BEGIRT8/4E10/MINDSET8 AACINVW/ACENPRT 293/154 0
seed: 1790813808
loaded config with command: cgp 15/15/15/15/15/15/6Q8/3PENIE7/7DEMEANE1/15/15/15/15/15/15 ADELORS/AAIOOSU 21/85 0
seed: 1790813809
loaded config with command: cgp A2Z2OU4WAX/c2I1MURICATE2/T2N4OLDEN2/I2G5I1FAH1/N1LED4QI4/OVERREDS1UR4/N1V1A4Ya4/S1O1GOOR2T4/4N1FEHME4/4EW2OUS4/4TE4T4/5L9/5P9/15/15 ABDEEKR/ABIJLPT 337/434 0
seed: 1790813810
loaded config with command: cgp 15/15/15/4S10/4P10/4IF9/4NO9/3JURIED6/3ALT9/QEEMA10/3PE10/3O11/3T11/15/15 AEEOORY/IORSVX? 108/121 0
seed: 1790813811
loaded config with command: cgp 7EuTECTIc/11U3/10ER3/4R5OB3/4E5C4/4L4FE4/4I4ON4/3VELUM1NE4/4V1HAES5/4O2R7/4S2I7/7N7/7A7/7R7/7A7 DDIINRU/EHIKOTW 176/204 0
seed: 1790813812
loaded config with command: cgp 15/15/15/15/15/15/15/3PALMED6/15/15/15/15/15/15/15 ADENOOR/CENNOOV 0/28 0
seed: 1790813813
loaded config with command: cgp 15/15/15/15/15/5V1FEZ5/5RAIA6/4WOAD7/5T9/15/15/15/15/15/15 AINSTUW/DJLORST 28/59 0
seed: 1790813814
loaded config with command: cgp 7R7/7OUK5/6MO7/6IF7/6R8/G4QI8/U4A1BENTHAl1/ID1CADIE4TE1/RELATION4HA1/OY1R3DIV2EF1/2TAP7I2/2ABA7S2/2PIX7E2/1JUn8S2/1O1E11 DEEINNS/ACGLMSY 321/329 0
seed: 1790813815
loaded config with command: cgp 15/15/15/15/15/15/15/1LABORER7/TATIE10/15/15/15/15/15/15 CIKORVY/AABEEEG 74/17 0
seed: 1790813816
loaded config with command: cgp 4ZUPPA6/8B6/8E6/4G3T6/4L3T6/4O3O6/4W3R6/3VEXILS6/4D10/15/15/15/15/15/15 AADNORW/EEINNQS 102/99 0
seed: 1790813817
loaded config with command: cgp 12R2/8V3O2/8O2QI2/3PUBE1T2IN2/4TARAIRES3/1TORAH2V6/1IWI4E6/3GIMMES6/4FOIN7/5BLEW6/4KET8/3JA10/LURED10/1HYOID9/2UNsALTEd5 CEEFNOU/AACEGST 317/267 0
seed: 1790813818
loaded config with command: cgp 15/5S9/5T9/3FLASH7/5R1ENVY4/cURATRIX7/5I9/3WINZE7/5GORY6/15/15/15/15/15/15 ACDEHOO/DEFIIRT 135/126 0
seed: 1790813819
loaded config with command: cgp 15/15/15/15/10A4/10Z4/10L4/5STEREOS3/10N4/15/15/15/15/15/15 AFGOSTW/AELNOPR 66/28 0
seed: 1790813820
loaded config with command: cgp 15/15/15/15/15/15/15/1gOBIIDS7/15/15/15/15/15/15/15 AADNOXY/EIKNNOU 0/74 0
seed: 1790813821
loaded config with command: cgp 15/15/15/15/15/15/11E3/5VROT2F3/7DOL1f3/8COPE3/9RANT2/11D3/11I3/11S3/15 EJMOQRT/EEFINOO 30/120 0
seed: 1790813822
loaded config with command: cgp 15/15/12M2/3G7PA2/3R7OW2/3A3WOX1OM2/3p4BULKERS/3HEARIE2IT1N/2LINDENS2T2I/1BAT1ZITE4OD/1AVID8AE/1NACH8FY/2G1U2NAUsEAS1/2E1T10/3VIOLET6 EJNOORR/EFILOPU 356/418 0
seed: 1790813823
loaded config with command: cgp 15/3F11/3R2V8/3AW1I8/3YO1R8/4R1I8/4R1D2A5/3QIVIUTS5/3UT1T2EL4/3A2ET1AA4/3LI2A2T4/3MM2P2I4/4P2I2N4/1AZOIC1N2O4/GEED3G2S4 AEFHJNN/AEORRSU 184/271 0
seed: 1790813824
loaded config with command: cgp 15/15/15/15/15/6M8/6OBE6/5BRUV6/6AGE6/6L8/15/15/15/15/15 CHMNTW?/ADEJNTY 36/25 0
seed: 1790813825
loaded config with command: cgp kNIGHTED7/4MADE7/2WOMB1b7/7U7/7T2Q4/4V1LANGUR3/4E2N2A4/3GRIPT1LICTOR/4I5L4/4F5E4/3FY5D4/2OU11/2OD11/2T12/2SKEEZY7 AAEIIJN/CEIORRV 180/332 0
seed: 1790813826
loaded config with command: cgp 15/5V1R7/5O1OM6/5W1YO6/4FE1AT6/4ID1LI6/4G3E6/3QuEERS6/4R3T6/4AH9/4LO9/5O9/5D9/5Y9/15 BEEOPTX/CEGGLNR 160/112 0
seed: 1790813827
loaded config with command: cgp 7ROUTEMEN/14U/14K/14E/9P3AD/1F7E3T1/1EELPOUT1N3I1/1N4MARTEXTS1/1D7A3H1/1S7C3O1/9L3OE/9E4Y/14R/14I/14R GIIJLLR/ACFGHS? 274/219 0
seed: 1790813828
loaded config with command: cgp 15/6A7S/5MI1Qi4W/4LORDINGS2I/5OW2VOILES/5KA2E4H/3A2R2R4E/3ZONDA1T4R/2TABUs2E5/3L5R5/3EF10/2VAE10/2U1T10/2G1T10/2G1SECCO6 AEILNPT/EJMNOOT 217/380 0
seed: 1790813829
loaded config with command: cgp 5MEDAKA4/5E3AWATO1/3LULZ2BERE2/5TA5S2/4JOG5T2/4IN6A2/4N7C2/3EXODE3VEAL/5FOHN3A2/2BOOFY5NY1/8PIE2I1/8UNWORTH/2CURLIeR4I1/13E1/15 DEEORT?/ADGMNPS 278/326 0
seed: 1790813830
loaded config with command: cgp 15/15/15/15/15/15/15/3OUTRO7/2GUGA1N7/1JUD3I7/QAT4o7/7N7/2DIPODIC6/7E7/7R7 AEEGMWY/CEEIOTV 111/85 0
seed: 1790813831
loaded config with command: cgp 15/15/15/9E5/9X5/9P5/5OF2O5/3BOOAI1S5/4V1VOMITER2/4E4N5/4R4G5/4P10/4A10/4i10/4D10 ADDEEIT/DEFHKLR 105/172 0
seed: 1790813832
loaded config with command: cgp MOUTHED8/3O1WADED3I1/3W4RITUAL1/3N5TOG1I1/3l9A1/3I9C1/3N11/3GEEING6/15/15/15/15/15/15/15 AAEOQTV/EHILOPR 138/99 0
seed: 1790813833
loaded config with command: cgp 7VENATIOn/5K1I7/2HA1OOR7/2EX1TYE7/2TI1CEL7/2AL1H1A7/2I4I7/1ORDEAlS7/2I12/2C12/15/15/15/15/15 EGGNNNU/AEENSSU 215/214 0
seed: 1790813834
loaded config with command: cgp 15/15/15/15/4S10/3BAP9/2RETIREE6/4I2TRIOL3/4N10/4I10/4E10/4R10/15/15/15 ADIJNQU/ADEELPS 94/92 0
seed: 1790813835
loaded config with command: cgp 7D7/7R7/7I7/7V7/4SERENATE3/7l7/6AE7/3MOnGREL5/6E8/5ZERK6/15/15/15/15/15 DEIMOPS/BLNOOTU 137/165 0
seed: 1790813836
loaded config with command: cgp 7D7/4B2R7/1AZURITES6/4O2G7/4M10/4E10/4L2QI6/2CHITLING5/3UN4U5/3D5E5/FENNIEST7/O2A11/U14/A14/T14 DEHLOR?/FINNOOS 192/241 0
seed: 1790813837
loaded config with command: cgp I6M2TOILE/N6I1FANTOM/D1B2AUREI1YAGE/a1U1V2ZED5/mONTARIA7/I1D1W10/N1H1T2EUOUAE2/E1SCEPTER2B3/11E3/11I3/11G3/11H3/15/15/15 ILORRSY/ADEINTX 209/366 0
seed: 1790813838
loaded config with command: cgp 15/15/15/8m6/8I6/8N6/8I6/6JAM6/8I6/8S6/8E6/15/15/15/15 ADQSTWY/AEFHIOU 24/61 0
seed: 1790813839
loaded config with command: cgp 15/12B2/12O2/9V2N2/9E2X2/9G2I2/9A2E2/7TENTHS2/9I5/9ZA4/9EW4/10K4/15/15/15 ILNOPSY/AEFHQ?? 65/188 0
seed: 1790813840
loaded config with command: cgp 13U1/9J2EW1/9OR1XU1/9IO1E2/9NU1D2/10M1R2/10I1A2/7BLANKS2/4V1EYING4/3WAQFS2S4/4V10/15/15/15/15 AEERRSY/ADFMNOR 176/199 0
seed: 1790813841
loaded config with command: cgp 15/15/15/15/3T11/3A5MOUSY1/3L1LOAVING3/3KOORI7/3A11/3B11/3L11/3E11/15/15/15 BEOQRRT/DDINNOW 101/117 0
seed: 1790813842
loaded config with command: cgp 15/15/15/15/15/15/15/3BALEEN6/15/15/15/15/15/15/15 AAEFGIT/CDDEIO? 0/22 0
seed: 1790813843
loaded config with command: cgp D14/I14/MANLIKE1C6/B5AJOWAN3/L7O6/E7E6/2QIN2RE6/3FUGLED6/7D7/5ZOS7/2TRYOUT7/1WEY3A7/2FATHER7/7T7/3BAbESIA5 EGGHOOV/ENRRTTU 237/343 0
seed: 1790813844
loaded config with command: cgp 7P6B/7E1H4E/7E1E1JARL/7VIRGAE1O/7E1DO2OW/5B3EXO1L1/5L3N1AHI1/5AVOWS1FADY/5N6R1U/5K6T2/6OREADES2/7U7/7P3AMU1/5Q1I1ZyGON1/2LITIGAtE5 CEIINST/CDERTUY 315/406 0
seed: 1790813845
loaded config with command: cgp FACE1KAIF6/1RORTINg2I4/2Q4AMENED2/2U4POMELO2/2I1DEBONER4/5V4T4/5I4I4/3CULLET1AH3/2LO6EA3/2EW7V3/2PHOT5E3/2TAXA5R3/2AGOG9/3E11/3SWUNG7 DIIOSS?/BJNRYYZ 330/342 0
seed: 1790813846
loaded config with command: cgp 7B7/7O7/7V7/1REMS2I7/2NAH2N7/3ROQUE7/5U6S2/3FLAWN2JETTY/3O1ROUE3I2/1PIR1T6L2/TETANOId4L2/3YO7A2/2ZEN7G2/1CERIA2KERVES1/2AS1GADI6 ADEEIN?/ABCEFHP 310/322 0
seed: 1790813847
loaded config with command: cgp 7C7/1BATELEUR6/7L7/7P7/3VINTAGED4/4S10/4O2HOAXER2/4L2APHID3/4AIYEE6/D3T10/E3E10/FLOGS10/U14/Z14/E14 BIKQRRW/INNORSU 220/227 0
seed: 1790813848
loaded config with command: cgp 15/15/15/15/10T4/10H4/8ACIDITY/QI4ZEX1E4/1SANNIES2V4/10E4/10D4/15/15/15/15 DEEFIOP/AADGGJN 108/169 0
seed: 1790813849
loaded config with command: cgp 2ANTHERID5/2B12/1MULTIWAY2OWO1/2N4TURNKEy1/2AHA10/3IF4F5/3LO4E5/3DONDERS5/4TUI2T5/9I3XU/2CAZ4VILLI1/3GARROTES4/1AGAPE9/5ENDIVES3/15 ACEIOP?/BEGJMOY 363/375 0
seed: 1790813850
loaded config with command: cgp 7E7/7U7/7R7/7O7/7N7/7O7/7T7/3CUTIE7/3A11/3N11/3O11/3P11/3I11/3E11/3D11 EGIOPRU/DELRSTY 77/100 0
seed: 1790813851
loaded config with command: cgp 8A6/8U6/8D6/8I6/8e6/8N4V1/5ZO1T3LO1/D1OXHIDES2POLT/WANION1v4IT1/E6E4REM/E1THEOCRATIC2I/B2E2AY3LANG/Y2R2KO1PEAG1A/3B1VENTING2W/7E6D AAFLORS/IIMQSUU 263/451 0
seed: 1790813852
loaded config with command: cgp 15/15/15/15/15/15/7BAYOU3/6TIX2GRRL/15/15/15/15/15/15/15 AEINRSV/EILPTTY 25/46 0
seed: 1790813853
loaded config with command: cgp 15/15/15/15/15/3OOHED7/2ZOBU9/2APOgEES6/15/15/15/15/15/15/15 AFGRRST/CDEIJKU 55/112 0
seed: 1790813854
loaded config with command: cgp 3D11/3I11/3V11/3ON10/4O10/2GROT9/1BUIK2ERGOTIC1/3FILMS7/4EA9/1Q3Y9/1u1PEDRAILS4/JATO1E9/1SIX1ED8/1H3ZO8/6WETTER3 ABDELNY/ACEMRRT 261/269 0
seed: 1790813855
loaded config with command: cgp 15/15/15/14G/12P1I/9J2R1R/8IO2E1D/6BOWL2E1L/2QUEUE1I3V1E/8SHINIER/12N2/12G2/15/15/15 EFFLSTW/ACDKMNY 122/148 0
seed: 1790813856
loaded config with command: cgp 15/15/15/14J/14U/14T/14E/7AnERGIAS/3TOWKAY6/15/15/15/15/15/15 ADIORY?/EINNNRT 35/152 0
seed: 1790813857
loaded config with command: cgp 7S3C3/7E3O3/7I3R3/7Z2iF3/7O2D4/5KARITES3/6Q3O4/5DUI2LAXLY/6A3O4/10G4/10Y4/15/15/15/15 BEEHLTU/AAGGINV 196/174 0
seed: 1790813858
loaded config with command: cgp 7T7/7OB6/7LI6/7US6/8E6/8C6/8T3H2/6ADEnOMATA/LEQUEAR1D3I2/AXITE7R2/12P2/7F4I2/7E4N2/6DEADENS2/7B7 ACGMRR?/LOPRSTW 214/283 0
seed: 1790813859
loaded config with command: cgp 15/15/15/14F/8D5A/8O5E/8U5R/3HIJABS5i/8E5E/7ARMHOLEs/7D7/7V7/7E7/3LITURGIC4/7T7 BEEGNXY/ACISSTT 217/133 0
seed: 1790813860
loaded config with command: cgp 15/15/15/15/15/15/15/4JIVE7/15/15/15/15/15/15/15 ABEGGIT/ANOOOXZ 0/28 0
seed: 1790813861
loaded config with command: cgp 15/15/12F2/12U2/12C2/8AG2H2/5PASTURES2/3LLANO3MIDI/4OVA5TO1/5I1E4eX1/1P1SENILELY4/1AVOW2U7/YU5T7/EA5E7/Z6D7 BDEGGJW/ACENORT 239/276 0
seed: 1790813862
loaded config with command: cgp 7R7/7E7/3IODISE6/7C7/3A3U7/3REVOLVING3/3I3p7/3E3THANK3/11A3/11U3/11R3/11U3/15/15/15 CEIOOT?/AEGISYZ 73/170 0
seed: 1790813863
loaded config with command: cgp PREY1HAUF2HYPE/2LUCID1UT3E1/8JAI2R1/7ZIRCONs1/7O1RE2AB/5QIN1ID2LO/7D1E3TO/6VAVS4I/14N/14G/7ARMOIREs/1BANTIES7/15/15/15 EEFGINS/ADKLOOU 279/434 0
seed: 1790813864
loaded config with command: cgp HA1WAXEN7/OP1O11/YO1U11/1Z1B11/TE1IN10/AM1TE1G1F6/PST1R1I1L6/E1O1FENDY6/2L1I1K1bO5/1QUINOS1AB5/2A1G2ANI5/JUTE3ME6/U1E4O7/R6V7/A6E7 AEHIRT?/ADEIILR 283/339 0
seed: 1790813865
loaded config with command: cgp 7O7/7U7/7G7/1PLOD2H7/3RELATORS4/5Y9/5R9/1TIDIERS7/2FID10/15/15/15/15/15/15 AAEJOPR/AENOSTX 135/118 0
seed: 1790813866
loaded config with command: cgp 13C1/13A1/12AT1/12WE1/12ER1/5C6EAT/5R7NU/3GUILE6R/4HOIED5N/5SEWED2R1K/8XED1HIE/9FELONY/12MI1/12BA1/15 ENOORY?/AIJOOR? 175/186 0
seed: 1790813867
loaded config with command: cgp 7D7/5VAR7/1CONN1BAW6/M1V2YODE6/I1I1BED1T6/L1P1AXE8/I1A1T10/E1ROTULA7/UtA1L10/1U2E10/1N2R10/FIQH11/1C1MOOP8/1I3HOUT6/INWIT2SERRATI1 EEFGGGS/EEORSZ? 255/318 0
seed: 1790813868
loaded config with command: cgp 15/6J5QI1/6I5IN1/3PUTZ2W3v1/4N3NA3O1/4S3AWL2K1/4O3V1O2EL/4BURRY1F2DA/4E5T3V/4r1GAMBE1THE/4S5R1HIN/10SCALD/12NAE/12X1R/13ES AEFILPR/ADMNOOO 311/338 0
seed: 1790813869
loaded config with command: cgp 7CREASING/7R7/7O7/7S7/7T7/7I7/7N7/6WIG6/15/15/15/15/15/15/15 ADDEILN/AHIIRST 83/100 0
seed: 1790813870
loaded config with command: cgp 9O5/9U5/9T5/6O2n5/6E1TA5/6I1HM5/6L1AE5/3DUNLIN6/6A1X6/6D8/6E8/15/15/15/15 BEEFIIO/BEEEHPS 101/85 0
seed: 1790813871
loaded config with command: cgp 15/5C9/4ZE2PURDA2/3FEE3RUIN2/3AX5B4/3I1V3JO4/3R1IF2OUT3/2MY1NEOLITH3/2A1YOM2N1R3/2N1E6O3/2t1T4QIN3/2RAI6G3/1GAN4PASEO2/1ISO4ABIDED1/1E1W3SCAG4 EEHSTTV/EILLORT 339/335 0
seed: 1790813872
loaded config with command: cgp 15/15/15/15/15/2W12/2A12/2DJEMBe7/2T1NEIF7/15/15/15/15/15/15 ADEHIOT/AACIINO 27/69 0
seed: 1790813873
loaded config with command: cgp 15/7R7/7A7/7V3D3/7I2BO3/7G1TEX3/7O1RYE3/7TRILD3/7E1MI4/10C4/5HOGANS4/3AlANINE5/1UPDATE8/15/15 FILOUWZ/EEEFJRT 144/201 0
seed: 1790813874
loaded config with command: cgp 15/15/15/15/15/15/8B6/4TURFY6/8D6/7WE6/2PULKHA7/7Z7/6QIN6/7R7/7s7 BEHJLMT/AAAEIMW 49/130 0
seed: 1790813875
loaded config with command: cgp 15/8RABATO1/10R4/C8oU4/O8UH4/T8T5/T5XI1F5/U2PErIDIA5/ST7W5/1O3Q1V1N5/1N1UNIFIES5/HAIRY2D7/AL5A7/EL2ENAMELER3/MY5E7 BGGJKOO/EEIIORS 252/282 0
seed: 1790813876
loaded config with command: cgp 7BRAcIOLA/7A7/7T2T4/7TOTEMISM/4P2E2XU2E/4I2r2T3E/4N2I6K/4YAGE6E/2H1I9N/2O1N10/1TOWSIER7/2V12/2E12/2N12/15 GILNQRS/ABDNSUV 229/262 0
seed: 1790813877
loaded config with command: cgp 15/15/15/15/15/9B5/6WAIL5/3AIYEE1IS4/4FOX2PO4/10N4/10D4/10A4/10G4/10E4/15 DMNRSTT/EKOPRRW 69/122 0
seed: 1790813878
loaded config with command: cgp H6GWINE2I/A8FYTTES/N2JOWLERS2EMO/GAZAR5VEXED/U1ABACI7O/L8FRAILS/2GONCH1NAOI2e/QUID2UNEYED3/5KNOPS5/2ORBIT8/15/15/15/15/15 EEEILRT/DIRTUV? 317/354 0
seed: 1790813879
loaded config with command: cgp 15/13D1/12QI1/10WAIN1/10OF1N1/10OF1L1/11I1E1/7LATEX3/15/15/15/15/15/15/15 AGMPT??/DEIINRR 69/100 0
seed: 1790813880
loaded config with command: cgp 7O7/7N7/4L2N7/A2CURRENTS4/b1M1T2D7/O1I1Z10/I1D1E2FAY5/DOWLS2AGEE4/E1I3STEARIC2/A1V2QI2HET3/U1EEJIT8/1IDEA4W5/4mOINEAU4/1GAMBO3X5/5FOLKY5 NNPPSTU/BEHORRV 373/322 0
seed: 1790813881
loaded config with command: cgp 14N/5A7PA/4TUX5JAR/5T4BOARD/4COZ1POOD1V1/3ROSINIER1DOM/4U1G5E1U/4tHAE4N1R/4I1N4AT1K/4l1SINH1TAW1/3AS6UTE1/3G7AE2/3O11/1LINTSEED6/QI1Y11 CEEIMRY/BEFFGIL 370/303 0
seed: 1790813882
loaded config with command: cgp 12ROO/10GLAMP/8Q1L1Z2/3SPAEWIFE1O2/4A3N1G1R2/4R10/4T2FJELDS1V/3ELOGE4U1I/3REDID4CHA/4T7TOE/4S7iN1/11BOA1/11InN1/11T3/7AVINE3 IOSUUWY/EIIKNRT 308/244 0
seed: 1790813883
loaded config with command: cgp 10IMBUE/7V5N1/6PEARLINS1/WAIDE2N3FOH1/O1FOLKLORE3ID/O6U1XU2PO/R3J2S6W/A1CHIBOL6T/R3V2Y7/I3E10/4R10/15/15/15/15 AAITUY?/EEGIMNT 301/241 0
seed: 1790813884
loaded config with command: cgp JONG3C3YALE/3U3AZOTEMIA/2RADIUSED5/3V3E7/3AI1BaILLIES1/4N2T7/4G2I7/BIOWEAPONS5/2FENMAN1U5/4E4Q5/4R10/FAKEST9/1DOX11/HOW12/15 IOPRTV?/ACDEERY 439/378 0
seed: 1790813885
loaded config with command: cgp 6AD3ALTO/6DIPLOMAED/6ZO2BIGA1/WHIRL2R7/E3ANTIMAN4/A6T1YAJE2/V6E1EGO3/E2PENKS3ECRU/12H2/12I2/12p2/12O2/12T2/12L2/12E2 EIITUVW/BGIORU? 320/264 0
seed: 1790813886
loaded config with command: cgp 15/13C1/E11JA1/E8M2UM1/L8OR1DE1/p8ZE2L1/O7W1TACIT/UR5RADIX1NE/TE6F1A2EE/1P5UT1R3K/1U1QANAT2Y4/1GRIG2O7/1N4EPIBOLY2/1E5I7/1d5A7 AIIOOSS/DFGHHRT 338/294 0
seed: 1790813887
loaded config with command: cgp 7ZEBEC3/11E3/11I3/11L2J/2ADO5AE2I/1PROB3LORDiNG/N2FAVELA1C3O/AG4WOX1S3T/PAYMENT2QI4/ER2DUSTMAN4/R8TE4/YUKED10/2ONIE9/15/15 AEGISU?/FIIORST 353/294 0
seed: 1790813888
loaded config with command: cgp 14F/14I/14V/7Q5YE/4HE1IT1V2A1/4OW2R1E2JA/4M3A1n2ET/3ZOOIDS1T3T/2CALIF1H1U1B1A/1YO1O2TE1R1E1I/1AN1G2ER1E1W1N/BUNDs2ASTROIDS/1DI4C4G2/2E4U7/7P7 AEIIOUX/EKMNNRS 436/384 0
seed: 1790813889
loaded config with command: cgp 3FANEGA2QIs1/3A7U1O1/1F1U7O1U1/1A1TA4N1T1K1/1V2U4OPE1I1/1R2T4XI2N1/1I2HAZAN1E2g1/ELEVON1BEADY3/1E2R1GADDI4/1S2S5S4/6BLITHERS1/15/15/15/15 EEMORTW/DILMOPR 353/304 0
seed: 1790813890
loaded config with command: cgp 15/15/15/L14/E14/N14/T7IF5/O6AKEE1C2/RED2PULA3Y2/1XU4UTA2T1B/2P3ASSEZ1OBE/FLINDER3AGILE/2N9DAN/2G2JO6HA/2SCROME6H AEIINRS/DIOOQUY 283/243 0
seed: 1790813891
loaded config with command: cgp 14R/9B3MO/8ZEBROID/8AL3NE/8GAD2GO/9HO2Y1/6KAI1R4/3DAkOITIS4/2QI1AWA2E4/C2EH5L4/U2TE5S4/L2EW2F7/P2T3U7/ANOINTER7/E2C3RESTrUNG EILOPRV/ADEIJNS 400/343 0
seed: 1790813892
loaded config with command: cgp W4HAULMIER2/O8O5/O1T3ZIGS5/FIREBOAT1H5/Y1O6A5/2M6V5/2P5P6/2SKODIeR2YEDE/8EQUATED/8L6/8O6/8C6/8A6/8T6/8E6 BEGIIIR/EENNNSW 341/271 0
seed: 1790813893
loaded config with command: cgp E4EXEAT4R/A2C1HUE1O4e/ROQUE4T4A/D2N5A1J2C/3D1TRAINFUL1T/3I5U1M2a/3EA1GOES1B2N/3SPOOK2BIGHT/2Z1O1VAV2E3/2I1R10/2N1I10/2GLAMPS7/2E4Y7/2L4N7/7D7 EFNOTWY/EEIIILW 387/312 0
seed: 1790813894
loaded config with command: cgp 3W9AL/3O6T2JA/3R6HIDED/3R6ECHES/3IS5NOo2/3TI4G1Nu2/4M3FUB1R2/3QUANTED1AR2/4L1O2G1NA2/3BA1T2E1O3/3ER1I2OMA3/3V2F2NOS3/3Y2I2SI4/5YEZ7/5URE7 EEILOPX/ACEGKTU 384/331 0
seed: 1790813895
loaded config with command: cgp 2PLUTOED4BY/8OVERGO1/2F1W5R3G/2R1A2ANNEAlER/1QI1N5C3I/1IT1Z5T3N/2TAENIAE1I3C/AKEES2AXIOM2H/2D7N3E/13US/13V1/13U1/13L1/13A1/15 BGILORU/ADDOSWY 353/285 0
seed: 1790813896
loaded config with command: cgp 7L5Y1/7E5I1/6ARBUTEaN1/7P5D1/13I1/13EW/14H/5AVO6I/1U4A7O/1R4UH1ZONDAS/1A1NORTEnOS4/JETE2EX7/AMI4Y3FIRK/MIG3CLOQUE3/BAE4S3WADD AEGINTT/EILNNOR 398/329 0
seed: 1790813897
loaded config with command: cgp FLIP11/AINEE10/2C4BARNIeR1/1CARIAMAS6/1US1DROW7/1BE12/2DIOTA8/4FOZY7/5DOAT6/4OY2EXULT2/7SLUG4/7H7/6QI7/7R7/7R7 ADELNSW/EENOTUV 327/266 0
seed: 1790813898
loaded config with command: cgp 7K6O/7N6A/7A4C1T/7U2LORRY/4ChOREGI1U2/12I2/8M3V2/7REWOVE1S/8L5P/8T5U/7BENJ3L/8M5Y/2BAWD1PIANETTE/5ZOIST4D/4DOUX7 AEIILNS/ADEGINO 336/267 0
seed: 1790813899
loaded config with command: cgp 15/1LAXLY9/2GU1EF8/4JOE8/4AWN8/1QUIM1DEVISAL2/4B10/3VECTORS5/5HIN7/5AEON6/1WINNS9/1H1YEED1AIrLOCK/1O2FRITT5R/1M12A/1PRUINOSE5I AIOOPRT/ABDEERZ 382/314 0
seed: 1790813900
loaded config with command: cgp CLOP1USQUE5/1INERM3DINGY1/10R4/10OW3/4N5KI3/4E4TOMOZ1/4U3V2PEON/4T2COADY2A/4R3W5A/3TAXLEsS4R/4L9T/14j/14I/14E/15 EIRRSTV/BDEEEIN 288/225 0
seed: 1790813901
loaded config with command: cgp EUGH11/1N13/1IN12/1DE12/1eW12/1AB2EL8/1LI2AI5R2/2ET2QIN3E1D/2SO2U5F1U/3I2O2MARE1M/3TITRATOR1R1P/3O3V2CHEVY/3I3I4N2/7A4T2/7N2XYSTS AADEIKL/CDLOPS? 348/303 0
seed: 1790813902
loaded config with command: cgp 13AT/1C5FIZ3BI/1U5ANEROIDs/1T1FRUNK1LEP1OW/1D5E5MA/1O5R5ES/1WRAP2IN4N1/AN1BOUGET4SO/J1VAX2SH3L1G/I2CYME5O1L/6RATLING1E/12O1R/12U2/12T2/15 AEHIOQV/AEEEIY? 389/322 0
seed: 1790813903
loaded config with command: cgp 14D/13BI/13ID/13OY/13G1/2R10A1/2U4BEHINDS1/PITH1CZAR4E1/2I3AWEE3S1/GILTCUp2X5/R1A6U5/Y1N4FOLKSIeR/F1T3JAI6/O14/N14 GNNNOUW/DEEEIOR 348/302 0
seed: 1790813904
loaded config with command: cgp 15/9YA2W1/5O2ZAIDIES/4QUAVER1A1XI/1LICIT5I2N/5W5R2O/5I1FUDGY2P/3MONTANE1M2i/5GARI2E2T/11N1BE/13E1/13V1/13O1/13R1/15 DEFINSU/AJOORST 303/239 0
seed: 1790813905
loaded config with command: cgp 15/15/F14/A14/V9C1L2/EPACRID3AGE2/S5UTU1JOE2/TO1TOMPON1OOR2/1N2BASTIOn1I2/1EW1ED3HE1N2/1TI6OS1G2/1IN12/1MY12/1E13/15 ABNRRT?/DDELRVX 319/241 0
seed: 1790813906
loaded config with command: cgp 15/15/15/15/B13S/LARNIER2J3WO/I5UNHIP2AL/V2URENA1R3GI/EE7G4C/1Y7A4I/1E7SOWF1T/FADGED4MEALY/1b6CAAED2/1L9TOUT/DEEK1HATpINS3 EEIMOOP/ORSTTUZ 371/308 0
seed: 1790813907
loaded config with command: cgp 6REZ1PRUNT/BEGUINE1EMU4/I5IDLeHOOD1/JENNY2A3BOEP/OD2AGATISE3E/UH5A6R/7F6A/6QI6E/7L6O/7E6N/7SWIFTeR1/11AXEL/15/15/15 ADMNRVY/EILOOTV 326/286 0
seed: 1790813908
loaded config with command: cgp 15/15/15/15/15/15/2VANG1BAP5/3DOURA7/5BERK6/5SOMATA4/A6SYRAH3/FOXED4A5/O2RELUMiNG4/O8QUINO1/T3DOTIEST4 HILLSYZ/EEEFIJO 247/201 0
seed: 1790813909
loaded config with command: cgp 15/12QUA/12A2/11ET2/11C2D/1TRuCHMEN2BI1I/6A4OD1Z/4GINK3LO1E/4A1GIF2EL1N/4L1Y1AJIS1HE/4L2T4RED/3GOX1RENVOYS1/4PUPA4ET1/7T5S1/WEARIEST7 EIMNNOR/DEIOUW? 372/311 0
seed: 1790813910
loaded config with command: cgp 7d7/7R1FIEND1/7U1A5/2PHENIX1I5/4L2I1R5/1Q2V2E1W5/1U2A2S1A1G3/OOGENY1TWYER3/1T2I6U3/1A2T6B3/4E6B3/7M3L3/6MILLIER2/7R7/7K7 GHIOUZ?/CEEJNPR 277/229 0
seed: 1790813911
loaded config with command: cgp 15/6C8/6O8/6I1I2L3/6N1NIQAB2/6T1GO1TI2/6E1R1WE3/3BIRRIA1AXONE/6S1M1D1KOW/3LUZ4DEEM1/4PANNERS4/3TOPOI7/7N7/5AUTEUR4/7H2EVICT FLOOSY?/AAEEGLY 347/270 0
seed: 1790813912
loaded config with command: cgp WRaSTLeD7/4A10/2VARIX8/4D3ZEBU3/2ORIENTAL5/4V10/4EM9/GOER1OWO7/2GOTCH1A6/1COMAKING6/3PYET1R6/LUNS1DEFI6/6YEA6/7I7/7S7 EEIINNO/FHIISTU 392/317 0
seed: 1790813913
loaded config with command: cgp 15/15/2J9P2/1BURNSIDE3I1W/2D9N1I/2G9I1N/f1E1FLOX4T1D/AIYEE1FUBs2ORS/G8W2LA1/O4ZA2I3HA/T2OVERMANS3N/T7DETRACT/O8R4H/S8Y4E/14M CEEOPQT/EKLOOUV 378/333 0
seed: 1790813914
loaded config with command: cgp QUINOA9/u14/A9V4/K2D2JUGAL3P/EXPIATOR1MY3R/DUAN5I4O/3G5T4T/3BRAND1I3GO/3A4ZEIN1A1/3T1ARRESTERS1/3S3E5O1/7D5H1/7E5O1/7F5L1/7Y7 BCEILTW/CEFIOS? 403/323 0
seed: 1790813915
loaded config with command: cgp 15/15/15/15/15/5J9/TOO2E3T2V2/H4AGO1R1BELL/E4TISSUIER2/WAG6C1NTH1/1WIMP1RADII1I1O/3U1PARANOIC1A/2TROADE1G1NABK/1FIEF7L1E/MY1X3OUZELS1N ADDETUV/EEIQS?? 375/303 0
seed: 1790813916
loaded config with command: cgp 3JAGHIRE5/2KA5T5/2UT1PONTAGE3/2NOM10/2E1E10/1Q2DReVILLS3/1U2I10/1EUGARIE7/1M2t1TWISTER2/PE2EF9/I3DO1O7/C4O1W7/A1SNIDELY6/R6E7/O6R7 ABNSTUY/AAINVXZ 409/343 0
seed: 1790813917
loaded config with command: cgp 9WAIATA/13R1/13I1/3SMARTED1DOZE/2LOOIE1FAREBoX/1QADI3TWEE1N1/13EH/6JUT1G3O/8H1U3V/8I1N2PE/8R1G2UR/7PLAYACTS/13O1/13N1/7EIKONES1 ABEFIV?/DIINOST 370/295 0
seed: 1790813918
loaded config with command: cgp 7V2OVALs/1ANIRIdIA5Q/2UR3N3G2U/2BOH2O3R2I/3NU5BE2T/3EM4ZEX2C/4P1MELEE3H/3AYAYA1ELUATE/3N6I2OS/3D6KI1G1/2DI6EW1A1/2OR7I1T1/2WO8PE1/3N8ID1/3S8R2 FJNOSTT/ADELORT 399/344 0
seed: 1790813919
loaded config with command: cgp 3ZHOMO2QUIET/3O3ABLAtOR1/2JERKER2T4/3A7R3/3LA1TINSTONE1/4B6O3/3FOXED3T3/2NARINE3S3/4D2VUGHY3/4EW9/4DURATIVE3/5D1G7/7L7/7ELF5/7Y7 ACIMSW?/AEIIOPP 344/301 0
seed: 1790813920
loaded config with command: cgp 7H2V4/5M1E2E4/3Q1O1R2G4/3AdO1N1JA4/3TEL1I1IN4/4FY1ABB5/4I1N1I1F4/3MAZOUT1R4/1IRONED1C1O4/1DEUCES1H1I4/4E3I1S4/3G3WE1E4/T1AUTOcARPS4/WAILED1K7/P2L3E7 ADLSTUY/ANORRVX 411/333 0
seed: 1790813921
loaded config with command: cgp 15/15/15/3C11/3R6V4/1JOULE3WE4/GOWN2UNION4/I2CITRATeD4/B2H6EA3/1AIYEE3FER3/9A1E3/9V1N3/3MOTORY2I3/8OX1T3/6SQUIREAGE AEHKLLU/AFILOPT 305/255 0
seed: 1790813922
loaded config with command: cgp G6T7/OR4OH7/XU4WE7/1D1RIVLIN6/1E5N7/1R5EA6/1AL5U6/1LO1FUZEES5/2R1A4OP4/1QI1C4MEW3/2c1I5AH3/2ABA5TI3/2SEE1MULTITASk/3N6E2YO/3JIVED1KRONEN BDEGINR/DFGOOST 402/357 0
seed: 1790813923
loaded config with command: cgp 3TOTTERY1KEEL/9AGAMA1/4Q6G3/4U5IO3/4I5N4/4D5W4/4D1B3O4/3LININ2V4/4T1ZO1OE4/1JUDS1ENEW5/1A5PETTY3/VERS3OR6/1G5LI6/1E1AAH1AE6/bRAINIER7 ABFOSU?/CILNPRS 359/313 0
seed: 1790813924
loaded config with command: cgp RONZ1O1O7/3A1R1V7/OVErWIDE7/3I1N1R1BUGONG/4MANTLET3A/5S1A1YAE2S/5A1X6K/3MILIEU5E/2QI3D6T/2U11E/2OW10D/2PA11/2SI11/3F11/RESTORE8 CDHIJLY/AAINOU? 363/318 0
seed: 1790813925
loaded config with command: cgp 14C/8GYRATOR/10E3U/9UTA2Z/7S1NON2I/5J1E1EXO2E/5I1V1A1WE2/3FUNKErS2A2/5G1R1I2S2/5O1E1E2T2/7L1R2L2/CREAMILY3BI2/11IN2/11G3/6TAIHOA3 BEOPSVW/ADDDOT? 361/288 0
seed: 1790813926
loaded config with command: cgp 11V3/11O3/9F1L3/2JIMP3O1K3/4MEGARONS3/5HA2L5/4B1ZITE5/3FOREDID2T1T/4T7e1O/3UH2ENLARGEN/3NY7U1I/3A8e1C/2SUQ1AWA3X2/3SIGNORE2I2/7WEAPONED ACELRTV/ABIORST 436/371 0
seed: 1790813927
loaded config with command: cgp GREW2DEMINEr1B/3E1FOREDONE1O/1QAT1OPAH3VAW/1IMAGE8Y/2O1U5E3E/2RONZ4X3R/2T1YET1ACCRUES/3AALII2U4/4H5D4/4SKIS2I4/7I2T4/7N7/7D7/7O7/7N7 AINSTU?/GIJLPTV 404/343 0
seed: 1790813928
loaded config with command: cgp 7H1E5/7MAX5/8IO2R2/6CORNUTE2/8G3I2/8U3F2/6QIN3Y2/3AUDITS6/3V11/3I1TELIA5/3ZOOlATRY4/JULEP2BATOON2/I2D6MEE2/V14/EPAGOGES7 EELNRSW/KNORRW? 374/322 0
seed: 1790813929
loaded config with command: cgp 11PUJA/10BARON/11U3/10EA3/4TECTRIX4/10O4/5D1LOTTING1/3ZOAEA2I4/2LOWND3S4/5K3HMM3/3RESHAVES4/TYNED2F7/6ORFE5/2GLAIRIER5/7T7 AEEGNO?/CIIILNY 368/318 0
seed: 1790813930
