loaded config with command: set -threads 1 -savesettings false -hr false -numplays 15 -ima 0 -minp 100 -autosave false -fgrequired false
seed: 1790813729
loaded config with command: set -lex CSW24 -leaves CSW24 -wmp true -pat CSW24_hsp -s1 equity -s2 equity -r1 all -r2 all -numplays 1 -threads 1
seed: 1790813730
loaded config with command: cgp 3Q11/3U11/2WE6F4/2AL5DI4/2YE4TIX4/3AI3OFT4/4N3U6/4VERBS6/4O3T6/4I2MI6/4C2AE6/3ME2Z7/1DYED2H7/1AUE3b7/3K3I7 AGGNNRV/HIIOPTU 207/260 0
seed: 1790813731
loaded config with command: cgp 15/15/15/15/3I11/3WAXED7/3I2HUB6/7POUFF3/15/15/15/15/15/15/15 AAEIINU/AEIJNSV 73/48 0
seed: 1790813732
loaded config with command: cgp 15/15/15/15/15/8HEX4/5PELA6/6WIG6/15/15/15/15/15/15/15 CHIOTTU/EEILNSU 20/36 0
seed: 1790813733
loaded config with command: cgp 15/15/6ELUTIONS1/11V3/11E3/11R3/6ULAN1T3/6PAX2O2P/2Q4N3I2I/2I2G1D1WOLVER/2N1DInEROS3O/ZEDA1T8G/2A2C6MAY/1CRWTH3HEAME1/2SEI10 ABEEFKL/AAIORS? 290/318 0
seed: 1790813734
loaded config with command: cgp 15/1B13/1O13/1C13/TA13/UG13/REF12/N1LATENT7/E1A12/R1M12/S1I12/2N12/2G12/2O12/15 DEIIOSV/BDEENRY 49/170 0
seed: 1790813735
loaded config with command: cgp 15/15/15/15/15/15/15/3QUERY7/15/15/15/15/15/15/15 DEKNNNN/DOOSVZ? 0/54 0
seed: 1790813736
loaded config with command: cgp 15/15/15/15/W9M4/O6PIZING2/O4FEH2S4/L3JEDI2D4/DIQUATs3R4/1DIRK4FEH3/4SNAB1EWE3/9L1A3/4REINVOLVE2/9N1Y3/3ROTINIs5 AABEGIL/CGOORSU 238/366 0
seed: 1790813737
loaded config with command: cgp 5CLAWER4/1g7T5/1O4CATHOLE2/1P1V3D1E5/1U1A3D1R5/1R1N3U1I5/1A1TOE1c1O5/EM2BENT1NAPING/N3EL1O7/G2MAY1R7/I2EH10/N2R11/O1FE11/U1AL11/SEXY11 ADKSTVZ/ABDEFIO 326/263 0
seed: 1790813738
loaded config with command: cgp 15/1GIFT10/2M12/PUPU11/U1E12/K1R12/E1I12/D1AZIONES5B/2LOONY1H5O/3A4I5D/3R4T5G/3I4CINQ2I/3AWE2A1AINEE/2BLOC2N5R/4WHIOS6 ELMNRST/ADSTVX? 243/266 0
seed: 1790813739
loaded config with command: cgp 15/15/15/QuOD11/1GOON10/3WAIL8/5TOFU6/5AXE2AVION/7HOGGET2/11R3/11DI2/11ID2/11NY2/12L2/11BLUE AEFKRRS/AEINORT 168/132 0
seed: 1790813740
loaded config with command: cgp 12J2/11TE2/11ID2/11MI2/11I3/11D3/11L3/7COVEY3/15/15/15/15/15/15/15 AEFIORW/EFMOUU? 26/70 0
seed: 1790813741
loaded config with command: cgp 14F/10K3A/10O1D1V/10P1I1E/10HEX1S/11SIFT/6ADD2TEE1/3PALLIA2A1L1/2QAT6T1I1/3YEZ5I1N1/3E1OUTGRIn1EE/3D1O5G2M/5E8O/5A8J/4NEURONE3I EINNOVW/ABORTUU 266/281 0
seed: 1790813742
loaded config with command: cgp 15/15/5A9/5L8O/4PE8X/4AW7ZE/4R8OY/3FASTENS3RE/2KAGO6HI1/3DONNOT3ALE/4N2HEMOID1M/12J1O/12I1V/14E/14D EEILRTW/AAIPQ?? 230/197 0
seed: 1790813743
loaded config with command: cgp 15/15/15/15/15/15/8O6/3EF1QIS6/3GYRI1M6/2TOR3I6/2AID3A6/1TUT4t6/1ABY3ZE6/1PE4E7/BASK3N7 GLLLNNO/EHJMOOW 140/203 0
seed: 1790813744
loaded config with command: cgp 3T11/3AG3G6/1VINERY1R3s2/3ALA1VERDIT2/C3ET2BE2O2/O3ET2OX2N2/N4L2E3E2/G2QUIPOS3F2/OD1U1E6L2/1W1A1R6YA1/1A1I9U1/1MAR9M1/2J10I1/1NITID7L1/3ATOKOUS5 DEHNPRZ/AEFHII? 312/354 0
seed: 1790813745
loaded config with command: cgp 15/15/15/15/15/15/15/7UNDUG3/11R3/7NONDAIRY/11F3/11f3/11I3/11T3/6VaPORISH1 AACEFHL/ALMNOOU 84/169 0
seed: 1790813746
loaded config with command: cgp 15/15/15/15/15/9J5/6V2E5/3VINAL1AUXINS/6NOWN5/6GOO6/7I7/7E7/15/15/15 EELOOSS/AEEEGRR 77/92 0
seed: 1790813747
loaded config with command: cgp 13YA/11A1AR/11V1UT/10OO1DI/10EW2N/5QIN3IN1E/7AZO1NO1S/4PUGH1ORGIAS/4A7L2/4C2MuTATION/3PEL2MIX1E2/3RYU3KEFS2/2DE1R6T2/2OE1G9/BIRD1I9 AJLRSW?/BEHIOTU 292/312 0
seed: 1790813748
loaded config with command: cgp 7SEAbOARD/9J2U2/9I1BA2/10WO3/10OHM1H/7DEEV1I1I/6VOE1E1X1Z/7BLANKY1E/11N2N/3TAW1FIRRINGS/4GONEF2T3/5EAU3T3/8QUILT2/11E3/7MOLDS3 CEGIIP?/DELOPTT 369/310 0
seed: 1790813749
loaded config with command: cgp 7S3V3/7i1JOINT1/7L3R3/3HOPDOG2U3/6AXIONS3/5Q1a7/5A1N7/3FANNED6/2ZE1A9/2AY1T9/2TEE10/2IDE10/4R10/4I10/4E10 CIMOUWW/ELLORSU 194/209 0
seed: 1790813750
loaded config with command: cgp 2W8V3/1QUOD6O3/2L8R3/2L8A2C/2E8N2O/2DUSH2BELTING/A3HOAXED4I/Z2GAMBIT5E/E1AIDA9/RAINE2GUY5/T3SOPITed4/Y8WINK2/10VOIP1/9CANTER/15 AEFORTU/EIJLMNR 229/427 0
seed: 1790813751
loaded config with command: cgp 15/5G9/5I9/3VINO8/5N5C3/5ISOBATHIC1/5E5A3/3DISrATE1N2J/3E1T5T2A/1Q1A7E1FY/1INWRAP4Y1L1/1N1I1WIGEONS1E1/1T1E2GOX4M1/1A5LOP3E1/BRAIrDED1OUZOS1 EFORTUV/ADEMRRU 350/495 0
seed: 1790813752
loaded config with command: cgp 15/15/15/15/15/15/15/3GALLIER5/15/15/15/15/15/15/15 AEGJKOO/DEHINT? 0/70 0
seed: 1790813753
loaded config with command: cgp 7VIEWY1S1/10A2C1/10b2R1/10OK1I1/10OO1EF/10MA1NU/5ZAIDAS2EM/2THRENOI2U2E/8PRENTED/5JEAT2SOX1/2AVIONS3T3/7Q3R2B/7U3I2L/7A1WINDLE/7T3G2B AGHITUY/AEEGLOP 418/407 0
seed: 1790813754
loaded config with command: cgp 15/15/15/15/15/15/15/7EDIFY3/15/15/15/15/15/15/15 AILNNR?/CDEJLOZ 0/32 0
seed: 1790813755
loaded config with command: cgp 3C3FLAM4/BOYAUX2I6/3N2GROVIER2/1ADO4N6/1PEN2I1I6/1PA2ZOLS6/2EE1I1OE6/2RHOTIC7/2A1REFIT6/2T4E7/2O12/2R12/2SLEWED7/15/15 ABISTUV/AAHLQSU 271/176 0
seed: 1790813756
loaded config with command: cgp 1L12D/1E12E/1N1QUA1RAVELING/AVIANIsE6U/1O1D3COREIGN1/1Y1IWI9/4H1PYE6/1GODETIA7/2U1FORK7/2T1T10/2BOS10/2oW11/2XI11/1NEEMB9/2S1MITT7 AEJLOSU/ADFLNRS 291/381 0
seed: 1790813757
loaded config with command: cgp 15/15/15/15/15/1ZEDA10/2FANDOM7/3WEEDER6/15/15/15/15/15/15/15 AEIINQS/ABFLOTV 35/77 0
seed: 1790813758
loaded config with command: cgp 15/15/4V10/3QADI8/4R10/3bOBSTAYS4/4O10/4MILD7/15/15/15/15/15/15/15 CENTTTZ/AADGNPV 90/50 0
seed: 1790813759
loaded config with command: cgp 7J7/6COUGANS2/7E4H2/11DE2/10QIN2/10URD2/9PAT3/URIC2VENERY3/3L5YE4/2ZA5O5/2OI3LOTAH3/2UM4FIXED2/2KI5S1WEB1/3N5T2WAR/3GELATIS5 AADEEV?/AFINOPR 240/461 0
seed: 1790813760
loaded config with command: cgp 6GYRO1FIND/5ZO2PURDA1/10LA3/7E2YUG2/7C2I1O1S/6UH1WE1W1H/6PO1I2K1O/6JIBE3FA/6ES1L3EL/6TE1D3MI/7D1SIX2E/10TUBAR/15/15/15 AEMNV??/CIORRTT 210/326 0
seed: 1790813761
loaded config with command: cgp 15/15/15/15/15/15/9C5/6PEGH5/9O5/9N5/9K5/9E5/9R5/15/15 CDEOSUU/AGIJOU? 12/78 0
seed: 1790813762
loaded config with command: cgp 14H/14I/14N/14T/13PE/V12ID/O5Q6G1/R2FECIT3JOOK/ABAYA1NON4U1/GU5REALIST1/ON7XI4/1N5HEEDY3/1IO3CAWS5/MAW12/M1ENTREZ7 AEGIIO?/ADFILOR 312/232 0
seed: 1790813763
loaded config with command: cgp 15/1A13/1L13/1L13/1U13/1R3J9/1E3A9/ES2GIMP4WOO/N5YOUK2R2/L4Q3HETE2/I4U3EXON2/VOLA1A3TOC3/E2BIDENTs5/N14/SEZ12 BDDEGHR/ACFIOST 285/245 0
seed: 1790813764
loaded config with command: cgp 15/4E10/3AX10/3YA10/4M10/4I10/4N10/1LOBELeT7/3OS10/3O11/3A11/3I11/15/15/15 BEHNPQR/AGIOSTT 158/43 0
seed: 1790813765
loaded config with command: cgp 3N3G6U/1VEINIER6N/3R2FUCUSED1M/3L3I3NITE/5BOnIATOS1T/5O1G1WOW3/5U9/3JANKY7/5TA8/4DIT8/4ZEA8/3COD9/3L11/2NOAH1GLADIER1/2EPHORI7 AEFLMSY/EEIRST? 335/304 0
seed: 1790813766
loaded config with command: cgp 15/15/1N13/1U13/1GaRLICS7/1A5HAFTS3/1T4JOW6/BO5DETOX3/ER6DOP4/MY13/E14/T14/E14/15/15 AAEEFLZ/DEHILPU 133/204 0
seed: 1790813767
loaded config with command: cgp 2APRAXiAS3QI/5N6DI1/5T5GO1C/4Oi4WET1I/4UG4HAH1M/4KAB2VAN1ZO/5YO2EL2EL/6TOITED2I/6O2OR3T/6N1VESICLE/6N2D5/6EF7/6EE7/7R7/7N7 DFIIMNS/AAEILRU 295/459 0
seed: 1790813768
loaded config with command: cgp 15/15/15/3A11/3T11/3T11/3I1JAW7/3RHONE7/2VEALING1G4/1AIDOS3KI4/2B4D1NO4/QaID3Y1I5/2E3DEBT5/1PRANCER7/OO1XU2S7 ANPTTUV/EEORSU? 244/193 0
seed: 1790813769
loaded config with command: cgp 15/15/15/4ME9/3LID9/3ASH9/3TE10/3HAWMED6/3ET2N7/3RE2F1BUT3/3eN1FLEETING1/3D3O7/7W7/5BRER6/7R7 AINOUYZ/ACILNVY 207/247 0
seed: 1790813770
loaded config with command: cgp 13TO/12MIX/10SAZ2/7gLUHWEIN/9SOKE1I/14D/7GOLD1C1A/6BIB1INAPT/5REPEG2T1I/12H1O/12O1N/10JUDY1/12A2/9VALLAR/13WE EEMNSTY/AIQRRTV 298/279 0
seed: 1790813771
loaded config with command: cgp A4PET1UKE3/LIMNERS3AFLAJ/O3RETURNS3E/W13E/ER8T3P/1E3BILlION1QI/1T8YOGIN/1I5RAVEY2g/1T8D4/1L13/1E13/15/15/15/15 ADEGNOV/ACDOOSZ 248/385 0
seed: 1790813772
loaded config with command: cgp 15/15/15/5U9/5N9/5W9/4QI9/3OUTDO7/4A1AWE6/4G10/4S10/15/15/15/15 EGIMNRS/ILLOTTX 31/57 0
seed: 1790813773
loaded config with command: cgp 15/15/15/15/15/15/15/6JAW6/6ANOA5/15/15/15/15/15/15 IIRSTUW/EILNORU 26/24 0
seed: 1790813774
loaded config with command: cgp 15/15/15/15/10G4/4SWIFT1L4/8AIA3R/7AXOID2E/6ZEA1V3D/9GEDACT/10D3O/14P/15/15/15 EEIORTT/IIILRRT 75/143 0
seed: 1790813775
loaded config with command: cgp UM13/1ZA12/1EN12/1ET12/T1E12/HALLEL9/E1O1FAX3W4/O1P3UNDEAD3/R1EF6R4/Y2E6P4/3C3A2i4/3K3GYANI3/7A2G4/7V2S4/7E7 GINOOSW/AIINRS? 246/182 0
seed: 1790813776
loaded config with command: cgp 7W3A3/1J5A3W3/1I3LYRIcISE2/1G5R3O3/1O2R2A3M3/AT2U2g3E3/N1QIN2L7/D2FLUMED6/E3E10/SHOETREE7/I14/T14/E14/15/15 BEGIIKU/AENOOPT 211/243 0
seed: 1790813777
loaded config with command: cgp 15/15/15/15/15/15/15/4VERB7/15/15/15/15/15/15/15 EMNOOTY/CGLLNST 0/18 0
seed: 1790813778
loaded config with command: cgp 13V1/9J2WO1/9E1BAMS/9TOUT1P/10FOE1A/10FY2R/6EAUX1I2I/5ORATION2N/11G2G/15/15/15/15/15/15 DEHIKLS/DDEOQS? 219/130 0
seed: 1790813779
loaded config with command: cgp 15/13D1/13R1/13AD/13GO/8dININGS/5COTE2N1EA/WRYER1POX2V1DI/4OVARY2E3/4I4Z1N1J1/4L4AHI1O1/3PI4GAT1U1/3WE5F2K1/2INSURER1FUMET/4T2LEASHED1 BELNQST/AAELOT? 372/357 0
seed: 1790813780
loaded config with command: cgp 1R13/1E7M5/1p7AB4/AR7TIC3/ZO1AUA1T1ONE3/OVeRMINE1KIP3/NE5N1ET4/ID4JAWS5/C6IO3Q2/7LO3U2/4W2L4A2/4H2EIGHTY2/1SABINES4S2/4F10/VELDT10 ADENORY/EEGIOUX 331/381 0
seed: 1790813781
loaded config with command: cgp 15/15/15/15/15/15/8F1Q3U/7GROUP2N/7EA1I3C/7YUAN2YA/7S1IO2AT/3VOLTED2JURE/6ErADIATE1/1iNCLINED4R1/GOO4D7 AINORTV/EEIKLRT 261/216 0
seed: 1790813782
loaded config with command: cgp 3VOGIESt5/9EW4/9NAM3/9OXO3/9NED3/8FENi3/8UR1F3/BEECH1QIN1ZYGAL/3L4K1O4/2PISTILS1R3M/3PI5IT2A/3TE5LA2C/4V6B2O/4E5WUDDY/6NEATEN2A AAORRSU/ADGIIRR 338/322 0
seed: 1790813783
loaded config with command: cgp 7B7/7ET6/7ZA6/8V6/8E6/8R6/3T4N6/3HOMEYS6/3R1EX8/2QI1LOTI6/2IF11/3T11/15/15/15 ADEGILR/AHLOPRS 154/123 0
seed: 1790813784
loaded config with command: cgp 7B3Y3/7U2QI3/5SURPrINT2/7G3C3/2HUH2E3E3/4OSTrAKA4/2ALOWE6D1/VOG1FAME2PAGED/5BELLMAN1S1/7FAUVE1T1/10I1OR1/10O1OI1/10R1ZE1/12ER1/12D2 ADIIIIT/AEILNSX 296/376 0
seed: 1790813785
loaded config with command: cgp E6V5W1/A6O4ZOO/STAUMREL3DEFI/E1YGO2T3IN1K/4I1DA3T3/5JO2RETOX1/1R3AW4I3/RAMI1V1UNION3/1cADUACS3GI2/1Q10R2/1u10A2/EE10T2/UT10E2/OS10L2/I11Y2 DEEIPRS/CEFHLNN 381/317 0
seed: 1790813786
loaded config with command: cgp CAUF3O7/3AEROLITH4/E6I2O4/N6D2L4/V9E4/IF3WREAKS4/REGALIA3o4/OE1MONIE2MA3/N10R3/11B3/11O3/11R3/11E3/7ADJUSTS1/7GEAT4 BCDIOPT/GHILOTV 275/320 0
seed: 1790813787
loaded config with command: cgp 14J/9B3TO/9E3AW/4N4A3O1/4G2AQUILINe/4R3AX3G1/4AD2T4AA/4MEFFS5N/5N8A/4ADROITER2L/5R8L/3CHICH6Y/5T9/5E9/3VISEED6 EELRUUY/EEEIIOT 243/303 0
seed: 1790813788
loaded config with command: cgp 13L1/13I1/13N1/13D1/13a1/13N1/11AXEL/7TOADY1S1/8FRA4/15/15/15/15/15/15 ADEEILR/EFGHIMN 50/94 0
seed: 1790813789
loaded config with command: cgp 10RYPER/12L2/B11U2/Y2C6O1G2/L2H6p1G2/INTED2BENTIER1/N1EVOVAE2I1D2/E2E1ATE2M4/3R1N4I4/3e1G4S4/3L6M4/15/15/15/15 FHKORTZ/AADIITX 134/275 0
seed: 1790813790
loaded config with command: cgp 7T7/6FIDGETER1/7T7/7M3N3/6RECOPIES1/7NEW1Q3/8ZO1A3/6GUV2B3/8ET5/9AL4/9XI4/9AB4/9b5/9L5/7CAEOMA2 ADLORSY/DFIJNRU 236/228 0
seed: 1790813791
loaded config with command: cgp 15/15/15/12QIN/9NAOI1U/1JAB3GROG3T/2REARGUE3I1T/DOCS3THRIPS1E/1KO9O1D/3L8L2/3U8E2/3N7FA1C/2FAENA4OD1A/1OUTHYrE3L2W/WINE2EMBORDERS EEIIMSY/AEILNT? 421/308 0
seed: 1790813792
loaded config with command: cgp 15/15/15/15/15/4JARLs6/6HOE6/5LOUR6/8E6/8N6/7NA6/7IT6/7TE6/7I7/7D7 DEELOQZ/EEEFNRS 96/56 0
seed: 1790813793
loaded config with command: cgp 7BE6/7ELF5/7TOO5/V6HiN5/I7N6/SCUD1FLUE6/IO1AGIO1R6/ER1WINDY6J/1O4EAU5O/1N2W2PREOP1KY/1A2E5MARRI/1T2BARIsTAS1AN/1E7I3AG/1SUQ5Z3L1/15 ADEEOTT/EHILSTX 360/381 0
seed: 1790813794
loaded config with command: cgp 15/15/15/15/15/15/15/5AUE7/1TAENITE7/15/15/15/15/15/15 ABEHRTU/AIORXYY 0/72 0
seed: 1790813795
loaded config with command: cgp 1t10A2/1O7B2C2/1M6QUESO2/1B3A3R2EFS/1O3L3N2LAH/1L3T3I2OMA/1AW2E3E2U1R/J1OVERGEtS2S1P/A1N2I8I/X1KY1T8E/IDIOCY9/E1EW11/2RE11/3D11/15 AENRTTV/AGILORZ 413/303 0
seed: 1790813796
loaded config with command: cgp 7N7/7O7/7S7/7E7/7L7/7I7/7T7/3JIGGER6/2WOT10/3GAZED7/15/15/15/15/15 AIOPRTV/AENPQTU 96/98 0
seed: 1790813797
loaded config with command: cgp 15/15/15/15/15/15/5ZAS6R/3HEAME6O/2VEEP1R6T/7I1Q4A/2OXIDIC1U4R/ELHI3IDOnEITY/7T1I5/7E1F5/3PROWS7 BCEIJNV/ADEENT? 211/247 0
seed: 1790813798
loaded config with command: cgp GAUZE10/2N12/2I12/2C12/2U12/2MEGAPOD6/6INIA1F2V/6TENIAE2R/11ID1O/9F1JOLT/4AGUE1I1OXO1/4BONSELLA1AW/9T3DI/9H4S/5YONKS4T EHIRTV?/ABCENUY 331/206 0
seed: 1790813799
loaded config with command: cgp 7WANdEROO/7I7/3A3C7/3UP1RE7/3ER1I8/4E1G8/4B1H8/1ENSuITE7/4I1I8/1WOOLIE8/4T1SAIQUE3/15/15/15/15 GLMOSTU/AEEFGSY 207/199 0
seed: 1790813800
loaded config with command: cgp NOWTY1DEVO1DOAB/1BOR1QIN1KEENLY/3EMU5GOER/3FAA4DA2L/4XI4Om3/3PI1M3RITZ1/3E1LUNATES1OU/3R2TOWIE2SH/3P2SHAGS4/15/15/15/15/15/15 ACEILNT/CGIJRR? 402/241 0
seed: 1790813801
loaded config with command: cgp 15/15/15/15/15/6AREAD4/4W1HENBITS2/3LOUIE2EATEN/4U10/4L10/4D10/FITTS10/15/15/15 AADIPUY/GOOQRZ? 67/131 0
seed: 1790813802
loaded config with command: cgp 15/6RETIARII1/8a6/3V4L6/FARER3W6/3T4E6/3C4G6/3HYNDES6/15/15/15/15/15/15/15 AAINNPT/AHNOSUZ 101/118 0
seed: 1790813803
loaded config with command: cgp U6D7/M2VAW1E3B3/I3HONESTLY3/AIOLI2P2OE3/K6I2C4/7E1QI4/3R5I5/GODET1FOBS5/3T2AUE3N2/2WILJA5E2/3N8u2/3T8R2/2FEG7O2/2ADO1ULEX2N2/2V1TYRAMINES2 EHOPRS?/DEINRRT 399/311 0
seed: 1790813804
loaded config with command: cgp 15/15/15/15/15/15/15/3KEDGE7/15/15/15/15/15/15/15 LLNOOOS/EIINOPU 0/32 0
seed: 1790813805
loaded config with command: cgp 15/2JA11/2OU11/2ED11/3I11/3T11/3I11/L2VEGETE6/O1Be11/OWO12/NID12/YER12/1LA12/2G12/15 ADILNXY/AAEEEIT 99/160 0
seed: 1790813806
loaded config with command: cgp 12GUV/12R2/12I2/8G3L2/8ROILS2/5BOTOX2E2/6HES2AS2/3FEMMES2C3/11C3/11R3/10PEA2/10AWK1J/10T1A1U/10T3R/9LEFTIE IOPRTVW/AEEELNZ 165/218 0
seed: 1790813807
loaded config with command: cgp COWP11/1FOUND9/3T11/3I11/3DE10/4SH9/4LI9/3WORMiLS5/4YE1D7/4N2O7/3AE2l7/3ID2A7/3O3T7/QIBLA2E7/IO1I3R7 AEKNRST/AGMPRVX 201/278 0
seed: 1790813808
loaded config with command: cgp 15/15/15/15/15/5J3R5/2K2O2BA5/2AVENGERS5/2M2T2IS5/1GENTY2EL5/4U3FEW4/4T3eDH4/4U3R1O4/1RENEWS8/4D10 FLPRTYZ/AEEINOR 170/207 0
seed: 1790813809
loaded config with command: cgp 15/15/15/15/4H10/4E10/4ROAR7/4I1MIX6/4S2NUN5/4S10/4E10/15/15/15/15 ADIOTU?/ADENNNR 36/110 0
seed: 1790813810
loaded config with command: cgp 15/13E1/13N1/11D1T1/11E1I1/11L1C1/7UP2L1E1/7GARRYAS1/15/15/15/15/15/15/15 ADEGNNR/AFOPTTU 45/109 0
seed: 1790813811
loaded config with command: cgp 15/15/3Q11/3IF10/3BYE9/3L1X5MOKI/2JA1P4MOBO1/2E1CONF1REWASH/2U1O5D4/4V5L4/2PRENT3I4/5AIRGUNS3/3LINN3G4/3ANATTAs5/VAWS3EmITTED1 ADEEGLR/ADEIOTY 349/255 0
seed: 1790813812
loaded config with command: cgp 15/15/4T10/3JUD9/4GO9/5W1A7/5I1I7/4WEND7/6YONI5/7I7/15/15/15/15/15 CEEORT?/FIIILSZ 61/42 0
seed: 1790813813
loaded config with command: cgp J6V7/OU5I7/1N3G1R1P5/1M1Q1H1I1I5/1A1U1A1DSO5/1K1I1Z2AY5/1E1G1E2N6/ASPHALTED6/3T2O1WOF4/6I1OWL4/6T1R1I4/6O1M1CRUEL/6I8/15/15 EINORTT/DERRSTX 186/262 0
seed: 1790813814
loaded config with command: cgp 15/15/5TACHInID2/9A1FOND/9M5/9B5/UNREAVE2I5/POET2FOPS5/9T5/15/15/15/15/15/15 AADEELT/BEEGGIY 170/149 0
seed: 1790813815
loaded config with command: cgp 15/10J1W2/10I1Y2/YOGI6BAN2/1OUTWRIT2ELD2/OHM4ANGSTS2/11E3/6KEX2R3/LODGED1FIE1n3/1BIOFACT1MOE3/1OVATE2CEPS3/15/15/15/15 IPQRSUZ/AEIIRT? 297/279 0
seed: 1790813816
loaded config with command: cgp 15/15/15/6MIGHTY3/8L6/5JUDO6/5O2W6/4DOWDS6/B4K9/AVERTS9/N14/ZEIN11/a14/I14/S14 ACDELOU/AAILNOR 195/134 0
seed: 1790813817
loaded config with command: cgp 13UT/1R7F3MA/1O6VINEW1N/1UT6l1HOLK/1LI6C4E/1AB6H4D/1DI6E5/TEA3YOWS5/O4FAX7/N4ARO7/AIRwISE8/N14/TIGGERED7/7ENABLER1/7G3ODEA AEINPSY/CLOQRSU 382/239 0
seed: 1790813818
loaded config with command: cgp 3WAITRON5/9A5/9N5/JOCO4QI5/3FIDELITy4/9E5/6ZEKS5/P2VOCAL7/E4AGS7/R4F9/N1YULE9/I1AH11/NOY12/G14/15 EEGIMNW/AABDDHO 276/299 0
seed: 1790813819
loaded config with command: cgp 15/15/15/15/15/15/15/7MIRTHS2/6RYFE1OI2/10POD2/10APE2/10VOm2/11EA2/12N2/15 BEEEGIR/ADDEGIQ 125/87 0
seed: 1790813820
loaded config with command: cgp 15/15/15/15/15/5Z9/5E9/3PIROG7/5I9/5B9/5A9/15/15/15/15 DEEHJQS/BDDILLN 22/43 0
seed: 1790813821
loaded config with command: cgp 3DOWLY7/5A3C1H3/5PREVALUE2/5I3L1M3/5T3i1F3/5I3X1E3/9E1D3/3BERLINS5/3AR10/3YO10/2BAS10/2AMI10/2WOO10/4N10/4S10 CDEGJTZ/AGINQR? 220/177 0
seed: 1790813822
loaded config with command: cgp 7U7/7L1C5/4T2A1O5/2TRAINMEN5/4P2A1i5/2UVEOUS1M5/4T4A5/4I1JIGS5/3EN10/3AG10/3T11/3E11/3R11/2QI11/3E11 BEINOOR/DEEOST? 241/130 0
seed: 1790813823
loaded config with command: cgp 15/10VOWED/12I2/5JIHAdEEN2/12D2/12O2/11EW1A/6SYRINX2V/11C2A/9KEEMAS/4EPIsTYLE3/7H3D3/2ANNONA1MOST2/1AREAE1F7/7T7 DEILSTT/BIIORUU 274/254 0
seed: 1790813824
loaded config with command: cgp 15/15/12C2/9O1RITZ/9GU1N2/4C2I1IN1Q2/4O2DOVIEST1/1SODAINE1EF4/1A2T2A2I4/1L1WE2L1BE4/1I1ED2O1ERN3/1V1X3g1E1O3/KAME3U3B3/ITA4E3L3/TEA8YORP AGLPRUU/AGJNNRS 280/349 0
seed: 1790813825
loaded config with command: cgp 15/15/15/15/15/15/15/4BAFT7/2GURRY8/4O10/4D10/4K10/4I10/4N10/15 ABCEGIN/EIISTX? 28/47 0
seed: 1790813826
loaded config with command: cgp 15/15/15/14M/14A/13IT/3LANX6FA/4ZOUK6I/4O2ACYLOINS/4T10/3UH10/3L2QI7/2OUTDID7/7SPONGEd1/15 BDEHIRS/ACDOVW? 151/221 0
seed: 1790813827
loaded config with command: cgp 15/15/15/11L3/11A3/11P3/11I3/6GANOID3/11AB2/11TE2/11ER2/12O2/12B2/15/15 AAELQVY/FGHNNOR 72/55 0
seed: 1790813828
loaded config with command: cgp V6P7/I6R7/DEpUTIZED6/E5EA7/OE2Q1ES7/1E2IS1I7/1L3V1N7/1P2MAGG7/1O3R9/1U3A9/1T3J9/15/15/15/15 ABDFNR?/ACINOTU 117/263 0
seed: 1790813829
loaded config with command: cgp 15/15/15/15/15/10P4/7AURATED1/3FONDA2R4/10F4/10l4/9YE4/9ES4/9OH4/9W5/15 DIKOTUU/EGLOSVZ 106/92 0
seed: 1790813830
loaded config with command: cgp 7V7/1I5O7/1N5WE6/1HODMEN1V6/1A2OXYMORA4/1L1FLOE1K6/BE6I6/AS1DIALINg5/W1AENEI1G6/DJIN11/2RIOTERS6/15/15/15/15 AAEHOQS/ERRTUUU 152/360 0
seed: 1790813831
loaded config with command: cgp 7TO5D/7AL4ZE/7NE2VOAR/7GO1NO2P/6WE2EM2S/6AR2GI3/6XI2AT3/7NUTTY3/6KEP1I4/5QI2VOUCH1/3AMIDIC1N4/10SURLY/14A/14R/14R AEEHORS/FILNOOU 243/333 0
seed: 1790813832
loaded config with command: cgp 15/1SOREX9/2F12/2L1A10/2ARF10/2GIT10/3V11/E1BO1PHUT6/A1E1PIANIC5/REDlEGS2H5/L1O1R4E5/Y1U1U2JARVIE2/2I1K7TIZ/WINGEDLY1MONAD1/OO5ACEROSE1 ADEIINT/BLNNOQT 310/395 0
seed: 1790813833
loaded config with command: cgp 7H7/5VRAIC5/7Y7/7L7/3NUTMEALS4/3ONO2I3E2/5OXEYE2G2/3HUMIDER1GO2/3A4E2AT2/3U7LI2/2TROUBLED1Os2/3I7RE2/2JA4FETES2/1WANZE1QADIS3/3TANNIN6 BCDIKPR/IOPRTW? 472/288 0
seed: 1790813834
loaded config with command: cgp 4LATERISE3/3R4A6/3E4I6/3g4S6/3U4O6/1JOLE3N6/3I4N6/3ZARAPES5/2FE2G2EH4/2A3E2KO4/2N3R2OXY3/2f3AM1I1E3/2O3TI3V3/2L3UN3E3/2D3MO7 BCDFSUY/AGILNRT 348/278 0
seed: 1790813835
loaded config with command: cgp 11WAFT/13O1/7J5R1/7UREDIUM1/7T5I1/4T6HECH/4U2AZINE2A/4L2REDOX2L/4BROIL5F/4AY1K7/4NU1I7/7SYRINGE1/15/15/15 AIRSSTV/AEEEP?? 244/196 0
seed: 1790813836
loaded config with command: cgp 1DEF3D7/1UNI3U1K5/1ORT2SDAINES2/A1O3OE1FEW3/V1u3WE2PTUI1/A1G2QIN7/N1HA1IN8/TI1JINGO7/1CHE11/1YAE11/2R12/ZITE11/2A12/1ALLEGRO7/7YEBO4 DELMPRU/EILOORT 367/304 0
seed: 1790813837
loaded config with command: cgp 15/15/15/15/15/15/4B1AA7/3MERLINS5/2B1RIA2O5/1WOOTZ3O5/NOX1H4G5/UNPREAcH1E1C3/2L4OVERRAN1/2O4G1D1A3/CUTIE2G3WEID AEEIIMU/AEILNNT 283/187 0
seed: 1790813838
loaded config with command: cgp 7F7/7O1Q5/7E1ID4/7H2JOKEY/4TWANGLER3/10M4/6ZAG1BAC2/6EROtEMA2/4VAX4IF2/11D3/11I3/OPALINE4N3/6SWIRLED2/1ENsUITE7/7NEIGH3 BORRSSU/DEILORS 405/350 0
seed: 1790813839
loaded config with command: cgp 11PIAN/7FALSING1/2ZEA1QI2P4/1FOREBITt1OW3/1O2RONT2DI3/1X2OW4IS3/4TE4UH3/3JODEL2ME3/2GAN6R3/1HOYED9/2AG11/2TE11/1LYE11/1U13/EVITE10 AACCIKS/BLMRTU? 387/337 0
seed: 1790813840
loaded config with command: cgp 7G7/7LEACHED1/3LIMNING5/5P1T7/4JOE8/4AXE8/4F10/3WAIVE7/3O11/3OI1TREZ5/1FADO2A7/1AKIN2T7/1VEE3O7/2E4O7/CUSTARDS7 DEINQTW/AEEIRUY 280/276 0
seed: 1790813841
loaded config with command: cgp 15/7L7/7I7/7T7/7T7/7E7/7R7/2SHOOlED6/7R7/15/15/15/15/15/15 ACIIJVW/ACILLMY 78/59 0
seed: 1790813842
loaded config with command: cgp 7H7/7E7/7A7/7L1DERVS1/7E1OR4/6WE1YON3/6A3DI3/6TETTIX3/6C3BY3/6hM2L4/6MO2eF3/6AN3U3/6NA3N3/7C3G3/7T7 DEINORR/EGIPRSZ 198/184 0
seed: 1790813843
loaded config with command: cgp 15/15/10QUEY1/11P3/11W3/11A3/11R3/7ATTED3/4ROOMIES4/15/15/15/15/15/15 DGJNOPU/LNORUUV 48/96 0
seed: 1790813844
loaded config with command: cgp 7L7/5Q1O4BE1/3J1A1I2HAO2/3INT1TAXIED2/3GO1VENIN4/3SOZ1r7/4C2E7/3MHORR7/15/15/15/15/15/15/15 AALPTUY/ABEKRST 214/111 0
seed: 1790813845
loaded config with command: cgp 14H/13FE/13AR/6G6AE/6R7I/5LOUIE1LORN/6W1KAYO2T/7MALAX1SO/8TEE2T1/13Y1/11J1R1/11AWE1/11BIN1/12ZEP/14O DEINOS?/CDEQSTU 313/235 0
seed: 1790813846
loaded config with command: cgp 9W5/9O5/9L5/9L5/9I5/9E5/5JOHNs5/3V1OBO7/1ECARTES7/3N11/3M11/3A11/3N11/15/15 BEEINQT/DGHMRRT 112/125 0
seed: 1790813847
loaded config with command: cgp 15/15/15/15/15/15/15/3JNANA3HIVE/2PO1RATAFEE3/2OK4SYENITe/2DE3I7/2ID3R7/2U4I7/2M4D7/BASHTAgS7 EEOORRU/CEEQRSW 195/305 0
seed: 1790813848
loaded config with command: cgp 15/15/15/15/15/15/15/4NOTT7/15/15/15/15/15/15/15 DGNOOST/BGKNRT? 0/8 0
seed: 1790813849
loaded config with command: cgp 1D1BIGHA7/1O1LOUIE7/1O1O11/1DOW11/1AY12/THE12/U1ZA11/TA1VIRLS7/UR1IN2E7/EM1TEF1I7/D1JAPE1G7/1PELT2N7/1IO4I7/1ON3CORKTrEE1/1N5R4FAM ACINNRT/AEEGILR 308/330 0
seed: 1790813850
loaded config with command: cgp 15/5F3PINNED/3BRATCHET4/5V8Q/5I8O/5C2ROOTIER/5O1WUDU3m/3WINSOME4A/15/15/15/15/15/15/15 AEEEJOX/GHLNRRS 173/215 0
seed: 1790813851
loaded config with command: cgp 7c1FOVEAE/7L3I3/6JA3D3/6OF3E3/6IO2PO3/6NU2L4/7T2E1QI1/7INLAYING/10T3E/9CH3L/9REH2A/REDOWAs2ARY2S/6W2I1O2T/3MAXI2G1I2I/4MUZAKS1D2C AEEGNRT/DENORRT 485/339 0
seed: 1790813852
loaded config with command: cgp 7P7/7L7/7U2G1W2/7R2AHA2/7AN1POX2/7LAG1BYE1/1OK5NO1B1E1/SHOJI1COUNTY3/3E4AI5/1QIS3L1F5/3TERTIUs5/3E3E7/3D3G7/7E7/7R7 DEINTV?/ADEEIOR 225/261 0
seed: 1790813853
loaded config with command: cgp 15/15/LOOK11/2PACTUM7/4U10/4R10/4I10/3FAINT7/15/15/15/15/15/15/15 EENOSUX/EIIRYZ? 54/44 0
seed: 1790813854
loaded config with command: cgp 15/15/15/15/15/15/2R3Q8/1AE1MOUP7/1US3I8/1AT3N8/2R1TATIE6/1MIAOWED1FOEFIE/H1C4EVENLY2/ANTIGEnE1WO4/J14 BBDHISZ/ADELNRT 197/276 0
seed: 1790813855
loaded config with command: cgp 15/15/15/15/8DOPPINg/6KNEW5/7UFO5/3QAIDS7/3U11/1CRETONNE6/3R11/2FY11/1OR12/1XI12/BOTONE9 DEHIIST/AEIOORV 169/217 0
seed: 1790813856
loaded config with command: cgp 3METTLED5/9I5/9K5/9E5/9T5/9O5/9N5/3WINDORE5/15/15/15/15/15/15/15 AADSTUZ/BINTUYY 67/119 0
seed: 1790813857
loaded config with command: cgp 7W6G/7O1HANDER/7L6A/GULAR2V3F2Y/3HEDGE2MINAE/1QuINOA2BURA1S/1U4MOAI1R2T/TI3NAEBODY3/INK12/ZOA12/1I13/1D5J7/1SPURTLE7/7E7/7P7 EEIRTVW/INOOST? 404/327 0
seed: 1790813858
loaded config with command: cgp 15/15/8S6/8T6/8A6/8P6/8E6/OUTWINGED6/8I6/8I6/15/15/15/15/15 AALLNTY/CEILORV 42/92 0
seed: 1790813859
loaded config with command: cgp RICHTS1M6K/5OWrECAME1E/TAHA3I2GILLY/IrONWEED7/7A7/SUBBASIN7/7G7/YOD1FAVA7/2ZORI9/1JO1I10/1I2G10/1V13/FE13/ER13/U14 ENORRRT/ANNSTUX 227/398 0
seed: 1790813860
loaded config with command: cgp 11YU1D/10CONGO/14U/8JIAO2C/7NUTMEATS/5GROT6/4LEY8/3VOLAE5L1/4I1SAW4E1/4P3EXO2P1/3ZE3EINA1T1/3U3D3GROW/VIBRIO1I5M1/3F3N5E1/FARSIDES5s1 AADELNT/ABEIQR? 345/351 0
seed: 1790813861
loaded config with command: cgp 15/4Q10/3BA10/3ED9W/3BI9O/3U6DIAZO/3N2TALKING1S/3GLUON6E/6PETIT4/15/15/15/15/15/15 CDEEHRS/AEIJLOR 157/96 0
seed: 1790813862
loaded config with command: cgp 15/15/3UH10/3MA10/2JUN10/2A1G10/2W1D1Q8/3YONIC7/4G2A7/7R7/7R7/7I7/7O7/7L7/7E7 IIILOTY/DEMRST? 136/74 0
seed: 1790813863
loaded config with command: cgp 6BEPiTIED1/11D3/8VINIFY1/11O3/11G3/11R3/11A3/7ALBUM3/1TWICERS7/15/15/15/15/15/15 AEELOTW/AEEGORS 162/131 0
seed: 1790813864
loaded config with command: cgp 15/15/15/15/9U5/9K5/9A5/3COUSInS5/9E5/15/15/15/15/15/15 EEEIOOT/AFHIISU 72/19 0
seed: 1790813865
loaded config with command: cgp 14V/3FIB4C2QI/1HUI6R1PIA/1InTRUDED1O1U1E/7X2Z1R2/7T1FEEL2/5KEEVE2I1D/3BAIRN2LONGE/2JOW2S4E1M/2AWAY1I6P/7L6T/1MUENSTER6/15/15/15 AOORSST/AHINTY? 283/318 0
seed: 1790813866
loaded config with command: cgp 15/15/15/15/4R10/4E10/4L1V8/3FAZED7/2QAT1R8/4I1D8/4N10/4G10/15/15/15 IKNPRST/BILOPRT 57/65 0
seed: 1790813867
loaded config with command: cgp 11Z3/1FEG7E3/3AQUA4L3/3MISHITS1A3/4N4EWT3/7PAX1O3/8D2R3/3BRILLO2S3/8W6/2TENORINI5/15/15/15/15/15 CIILRTV/ESTUVY? 275/149 0
seed: 1790813868
loaded config with command: cgp 15/15/15/15/15/15/15/4PAUA7/4U10/3ONY9/3OKA9/3TI2M7/4E2E7/4STANDEE4/7U7 AABEII?/EHILNOV 119/74 0
seed: 1790813869
loaded config with command: cgp 6QAT6/4WHIRR6/8U6/8N6/8NA5/8eX5/7OLEO4/L3JIFFS1UNDID/O1AIA10/G3PAVIOUrS3/GOOLS6E3/Y10M3/5ABSENTEE2/5MATTE1I3/10HAZED ACGILNO/EIRRTTU 268/382 0
seed: 1790813870
loaded config with command: cgp 3H3A7/3O3G7/3V3AW6/3ES2VAU1D3/4U1MEINIE3/2L1P4B1C3/2E1E2PILEA3/2N1R1NOTIFY3/1BIOFUEL1N5/2T1L4D5/2i1Y10/JOOK11/2N12/GESTaNT8/15 GIORSTW/AAEEIQR 280/307 0
seed: 1790813871
loaded config with command: cgp 7BELADIES/2JOY2E7/2OMA2P7/3ME2I7/3A3T7/mORTUARY7/3E11/3ABOVE7/15/15/15/15/15/15/15 CFGILV?/AAAEEOS 99/203 0
seed: 1790813872
loaded config with command: cgp 15/15/15/4V10/4U10/4L3L6/4V3O6/3BADMAN5R/4S3G5E/1Y3WECHT4p/1CROTON1A5E/1O1YIN1HILLO2R/1N5AR5U/1D5U1ZOOEAS/2PRESIDIO1WEXE AAIIQRT/AGJKST? 232/387 0
seed: 1790813873
loaded config with command: cgp 15/15/15/15/15/15/15/JO1KOORI7/1UnAIDED7/15/15/15/15/15/15 AINPQTW/AELLOVV 76/57 0
seed: 1790813874
loaded config with command: cgp 7H7/7I7/4V1ZA7/4I1ET7/4B2U7/1AGREGES7/A4O9/I3JAFA7/T3UT9/UP2KY9/1A2E10/CEBID10/1D4VIM6/ROMNEYAS7/6NoNDRIP2 AEEILTX/AHNSTU? 293/239 0
seed: 1790813875
loaded config with command: cgp 9M5/9U5/9T5/9I5/9N5/9I5/4B4E5/3BROCaRD5/4I10/4N10/3FY10/2WO11/2AX11/2P12/WISED10 AEMRSTV/CDEINTV 151/124 0
seed: 1790813876
loaded config with command: cgp 15/11QOPH/12HUE/6AVIGATOR1/4B5V4/4I5E4/4L5N3U/2U1LOLZ2G3N/2RAY2EE1I3B/2EMO2DAWN3I/2AAS5G3N/3D10D/3O3WASTRIeS/2FUMAROLE5/7PART4 DEEEIJT/CEEFOOT 344/371 0
seed: 1790813877
loaded config with command: cgp 6EA7/6Ut7/5FOE1B5/5AIN1U5/5I1O1R5/5X1L1Q5/4P2OVA5/3FIMBLES5/4N3L6/3AG3D6/3WE3T6/3OD2V7/3K2YE7/1TWEEZER7/3N3SYRETTES ACIJNRT/EHILMOO 278/251 0
seed: 1790813878
loaded config with command: cgp 7H3PIRN/6cERESINE1/7R4I2/2CREWEL3JA2/10MU3/9WOT2Z/6SYNOD3i/6TOUKED2L/10S1AIL/4UG2BATARDS/4GUINEA1V3/11IF2/11TOE1/11AXE1/7COMPLY2 ABIINNR/EEFGIOQ 242/325 0
seed: 1790813879
loaded config with command: cgp 7T3P3/7E1V1O3/5FARDAGES2/7F1MOM3/4J4OX4/3REQUINS5/4R4e5/4KEWL1STADDA/4I2I7/4N2N5C1/4G1BEANY2A1/BROO2UNHEALTHY/2EULOGIA4IO/7E5ET/7r5RE ACENRTU/DELOSTV 388/398 0
seed: 1790813880
loaded config with command: cgp M4GAINABLE2/AIDOI2N1DOING1/T1I4C7/H1A4E6P/1FLUORENE1C3A/2O4T1FREAKS/2G4eD1U3T/TWELVE1DEOXY2I/2R5B4HE/8T4IS/7AS4O1/7Z5I1/7u7/7R7/7E7 AEMQRTW/EJOORVY 381/340 0
seed: 1790813881
loaded config with command: cgp 15/8RATAFIA/10E4/4V5L4/4I5C4/4T3OXO4/BIZ1T1OMBUS4/R3LOWE7/A3E1OE7/N3d2TAJ5/C8AI4/HUMID1IF1GOV3/I2dEEDING5/N5EA7/G4PERTAKEN2 DEILRTW/DENOSSU 400/351 0
seed: 1790813882
loaded config with command: cgp FAUNA5ZEALS/4SHOOGIES3/B6U7/REMANENT7/I2WOW1L7/C1LANT1E7/H5DAGGY4/T2VEXER7/7N7/4ROOTCAP4/9BIRDIE/15/15/15/15 DIIMQUV/EEIILOT 312/235 0
seed: 1790813883
loaded config with command: cgp 15/15/15/14Z/10A2EA/5F4B2XI/5L4u3D/H2CROTALES2AA/A3OW4i2R1/I3ON3PO2I1/N3K4EN2D1/CURNY2Y1R3E1/H5BLONDIES1/5VIEW4T1/7M7 EEEGLOT/ADEMTTU 368/305 0
seed: 1790813884
loaded config with command: cgp C1GIFTEE7/A1OORIE3M1W2/U3E5AHA2/KYLOE5ZAX2/4B5IO3/2ORaRION1E4/4S2WAIRS3/OUPHE1VOM2N3/11I3/11D3/11E3/11S3/11T3/15/15 BDDTUY?/ACEENRS 303/245 0
seed: 1790813885
loaded config with command: cgp 4MAJOR6/8A6/8D6/3C2THURLS3/3AH2OLEO4/3KOB2A6/3EMO2T6/2hYENINE6/4FE9/1Z2ED7P1/1E2l8L1/1TENTIGOS4A1/1A5ROUSING1/1S11U1/13E1 ABEGIQW/CDEORTU 364/305 0
seed: 1790813886
loaded config with command: cgp 15/15/3G11/3L1B9/3OMA4G4/3PUH4I2Q1/4L1PIRLS2U1/4COOF2AENEI/4TEX3R2U1/9HM2E1/7C1OE2DA/5AGONISE2W/1YAKOW1R6A/TOLANE1N6V/ABET3U6E DDIOSTV/INRSYZ? 339/285 0
seed: 1790813887
loaded config with command: cgp 15/15/2T8Q3/2R7HI3/1JOHN5AN3/2Pa6L4/2AR3BIMINI2/1ORATUrE2E1FAV/2IN5OR4/1YAGS4WO4/MU1UP5V4/A2EL10/Z2DA10/EX2TOWNLIER3/DI4OY7 CEIIOST/AELRSTT 398/334 0
seed: 1790813888
loaded config with command: cgp 3BAFFS7/2E2YOOP6/2N3R2R5/2JIVIER1E5/2O3S2v5/1XI3H2O5/DUN1T1E2K5/I3A1WAWE5/N3LENGER5/N1BLAH2E6/A3Q3P6/7DI6/7AE6/6CURIO4/7D7 AEIMTUV/GMNOOSU 301/238 0
seed: 1790813889
loaded config with command: cgp 15/1U13/1N4MEASING2/1CRUISIES6/1O13/1V5TAVAH3/1E4DEB2I3/PREFADED3N3/A3HOX4N3/U3ABYE3I1W1/l6Q2ME1A1/D6uR1US1I1/R6AY1J2T1/O6LO1I2E1/N6IT1KOORI EGNOPTZ/ELLOTTW 421/352 0
seed: 1790813890
loaded config with command: cgp 15/15/15/2M12/2O12/2R12/2A12/BULK2FEZ6/2E3ATOP5/2SILLY1OE3J1/7UNWED1OH/1MAINTOPs1DECRY/QI5T4I1G/U1GHARRIES2VEG/A6E4EWE EFNOSX?/IIINRTU 350/290 0
seed: 1790813891
loaded config with command: cgp 14U/14N/7N6S/7E6A/7E6V/5G1D5YO/3OURALI3COR/3KHADI2FORBY/5N1N2U1E2/5D1G2T1v2/4FE4Z1E2/1GOELS6T1W/2EXITANCE2T1I/4M4APPEAL/4SHAVEN4E AEILOOQ/DIIIRST 390/342 0
seed: 1790813892
loaded config with command: cgp 7U6W/7P6I/7GRIDELIN/1BEFFANA6N/1ALEE2N1ZE3O/5MAGNETS2W/2YITIE3HOG1E/VAUTE2LATEX2R/5QUOD6/15/15/15/15/15/15 AABISSY/DEMOTV? 288/232 0
seed: 1790813893
loaded config with command: cgp Z14/EL13/XI13/1N13/1D8T4/AY7QAT3/W3F5V4/ED1WAIRUA1E1OUP/TO2U3GORDItA/OO2V2B2N4/1B2E2O2A4/FRIGS2OUTSEE2/AI5G7/ME5E7/ES5R7 CHIIKLN/AELNRT? 319/254 0
seed: 1790813894
loaded config with command: cgp 7F7/7A7/7R7/3Q1P1C7/3IDONEItY4/5R7J1/5N2V4U1/4VOLTE1AXITE/5M2G3NE1/4ZA1COY2U2/4AG1O1OW1L2/4G2O1UH1A2/5LAMBKiNS2/7E2T4/7D7 ADEIIRT/EHIORTU 333/286 0
seed: 1790813895
loaded config with command: cgp 15/4V10/2FRONDS4P2/4L4C2I2/2GET1U2OR1R2/1FOXIER2KO1N2/2BA2B2IT1I2/PHYLUM1AWE1WE2/A2T5S1IS2/g2EVULGATED3/O2R3O3E3/D2S3A3R3/I6L7/T5CINQUE3/E6E7 AEINNYZ/AEGMNOT 385/326 0
seed: 1790813896
loaded config with command: cgp 6AI7/6UN7/6FED6/7rE6/7TE6/5U1ID6/5I1AY6/3BONNE7/2J2T9/2E2A9/2EQUID1FOWL3/2Z2tOHEROAS2/2E2E1I3MIGG/7G7/7HOMINESS AAAELPX/EINOTTW 323/250 0
seed: 1790813897
loaded config with command: cgp 2L11G/1IO11A/1WO11D/MI12J/I9NOVAE/RATCHES1DZO4/I4LUAU6/E4OPAHS5/R1FLEG3U5/1BROEY3Q5/2U12/2T12/APE12/TEX12/EW13 IMORS??/ADFILNT 304/227 0
seed: 1790813898
loaded config with command: cgp 7S7/7T7/7I7/7T7/7h7/7I6B/4Q2E6E/3VIAND5GI/3E4FEU2UG/3L3FAWNS1PE/3A3L3IT1l/3R3Y3ZOOS/REDIAE1T3YEH1/1TOUGHIES4I1/PARMA2D1COLLAB AEIORRT/EMOOORX 378/334 0
seed: 1790813899
loaded config with command: cgp V2MI5ABMHO/EQUANT1CLON2OX/G1N3TIARAEd2/1DEFTNESS2DIVO/2A11P/2S2Y1WUZ4T/2I1BEGO1ADAW1I/2LOERIE6C/2YOLK9/5SAIREsT3/9LIEU2/15/15/15/15 AEGHINR/DENPRTU 374/333 0
seed: 1790813900
loaded config with command: cgp 3K2DEWITT3/PREAXIAL4W2/3I5D1QI2/3FE4O1UT2/4U4OMA3/4C4BIG3/4A1BAN1S4/4I1EGOITY3/2H1NOTED1E1A2/1JULEP1EEVN1I2/2Z7D1R2/2O1CONVErSEs2/2O9O2/2R9F2/12T2 ELLNRRY/AGIMNRS 406/334 0
seed: 1790813901
loaded config with command: cgp TORMENtA1U5/AREAE2JAP5/TAB4ID6/3Q4I6/3AW3p1F4/3TI1PRONEURS1/4C3U1E4/3CHINOS1DOWIE/10L4/6DAMFOOLS1/10T4/15/15/15/15 AEGHLOR/BDEGIOT 318/252 0
seed: 1790813902
loaded config with command: cgp 15/5WUD1GENUA1/1TABOO1R3O3/2HOO1LI3U3/4TRIBUNES3/1Q4N4L3/1A4H4E3/KI1FICAIN2DEEV/ED3OY8/R4X9/N3YE9/I2GID9/N2ER10/G2ERF9/SITZ1A9 AIJOTW?/AAELPRT 334/280 0
seed: 1790813903
loaded config with command: cgp FUB8A3/1MARTLET3D3/2DAE6D3/2MIL6R3/1PENE6E3/1oNO5Q1S3/1U1U2FOGIES3/1N1TOYER7/1C2BAGGIER4/1E1NIP2OXY4/1T8A4/10L4/15/15/15 AINOOSV/JKNOTTV 273/230 0
seed: 1790813904
loaded config with command: cgp 7S7/7NYE5/7IAMBIC2/7F7/4PEAfOWL4/7eUOI4/2FOID1R1KEG3/1SEXTANS3L3/2HOA6U3/5ESLOYNED2/7O3I3/7B3N3/7A3G3/7T7/7E7 DDIMNOR/APQRRTT 284/221 0
seed: 1790813905
loaded config with command: cgp NUFF3M7/2L3GOADSTER1/1IOdYRITE6/2W4I7/2N4v7/5Q1A7/C3DI1T7/A2ZANTE7/BAJANS9/AX2D10/R2OY10/E1KO11/T1UH1GUNG6/1PEEWIT8/3DOBES7 AEHLMOP/EEILOUV 372/296 0
seed: 1790813906
loaded config with command: cgp 1AGAPEIC7/6N8/2TRUTHY7/6O8/3SPELUNkS4/6D8/6E8/4ZORI2R4/4O1SOFTA4/4W5T4/2BOI5B4/2AYE5AM3/2WE6GO3/2K8O3/VISON6T3 DEEIILL/AEEQTU? 270/197 0
seed: 1790813907
loaded config with command: cgp 4FUGIE6/4R2TRUEMAN1/3JA6OWE1/3AT10/3LI10/3L11/2QEEMA1V6/3BRONCO6/2TI4XU5/2E6H5/2N12/2ZE3V7/1CORDWAIN6/2N2AIGA6/EAsTLINS7 EKOPPSS/DDEHIRU 321/280 0
seed: 1790813908
loaded config with command: cgp 7J1I2AMP/1V5OIL1OWO1/BEWIG3DENIER1/1L1NO2ZEXES3/1O1GAMBIA6/1C3YATTERED2/1EURO3E6/3YOUNGS6/3ERHU8/15/15/15/15/15/15 AAEILNV/IQRTTU? 300/225 0
seed: 1790813909
loaded config with command: cgp V6G2EVOE1/OH5R1BREID1/LA2SNOUTIER3/KUNA3M3L1E1/1N1MOB4GI1R1/3IRID2ZAG1R1/6YIPES2AD/3FYCES2T2TE/4U1DOW4AW/4F3OXLIPS1/4T3OU5/15/15/15/15 AACEEOT/AJLNT?? 352/309 0
seed: 1790813910
loaded config with command: cgp 14J/9W3HI/9I3UG/9FOUTHS/6LINER2U1/5GAK1D5/2GOA1ZOL6/B2PAEON7/R4N9/EF3P9/YE3R9/1T1V1I9/BETELNUT7/1D1X1T9/3T11 IINOOSW/CILMQR? 257/211 0
seed: 1790813911
loaded config with command: cgp R5QUA6/UH1BRAINIAC4/KO5I2I4/HIVED2RE1G4/1E2I2OE1G4/1D2S2NE1I4/4C2EW1E4/3JOWED7/4LAY8/3MOZETTAs4/4R2U7/7F7/7O7/7L7/7I7 BDPRTT?/EELNNNS 338/292 0
seed: 1790813912
loaded config with command: cgp 4V7O1I/4E7M1N/2ORNAMENT2O1C/4D7P1A/4I5H1L1G/4B5O1AWE/4l2PERLITE1/3FETWA2L1EAT/3U2ATE1O2NA/3GOJI2BE3R/3I5ID3R/3E5O4I/9T4N/9I4g/9N5 DKOSSUY/ACEILSY 334/273 0
seed: 1790813913
loaded config with command: cgp 15/13C1/13OS/13MM/4P8TA/4H8EL/4R2PWN2V1L/3BEANIE2JOTA/1QUINTETTE1AG1G/4I4X1G2E/4C1vIZOReD2/VIEWS2KO2R3/2FE3A7/OY2FY1N7/OUTHEARS7 DEINORU/AABDELR 442/381 0
seed: 1790813914
loaded config with command: cgp 7L7/7I1MOORY1/7M1I5/7PAR1C3/8VIDE3/8IDEE3/3KET4T4/PAVONE1ARROZ3/5AJI2X4/T8HEW3/I3FIQH1USE3/G2B3U1I1L3/E1AL2ONFALlS2/RECONNED3S3/Y1EW3O7 AINSTU?/ADENRTU 375/304 0
seed: 1790813915
loaded config with command: cgp 4HOLK7/1NAVEW9/3O11/3C11/3A11/3B10J/3L10I/1G1YURTA6V/1O4H7E/1U3DO1PIETIEs/1R1GOURMEtS3T/QADI1PA8/1MOO1EX8/1I3DE2FLOG2/6SIZY1IURE AABDELT/AEFINRT 362/310 0
seed: 1790813916
loaded config with command: cgp 15/5WITED1TZAR/6TIGERIER1/8G2GAMA/6V1HID3D/6O1EWE2YU/3HAJI1AIL2UN/3ELOPEd1F3C/3NUR1R7/7U7/7P7/7T7/7I7/7V7/7E7 AELMNNO/AIOOSTY 325/248 0
seed: 1790813917
loaded config with command: cgp 4PILI7/2D1H10/2AGO3B6/2DOn3R6/2OWE3O6/3FY3C6/4IF2K6/UNTENANTS6/4GI9/1Z3B3J5/1O2OLEATE5/VELURE1C1T5/EA5H7/ES5A7/R6R7 AAEINRS/DEINSVX 295/227 0
seed: 1790813918
loaded config with command: cgp 7W7/7H7/E5ZIP6/XU5M7/USUCAPTS7/V3R10/I3E2M4JOW/A2GALIOT1ADORE/1QAID1DOOLE1REB/OI2IF1N5C1/4NO1G5T1/4GI1A5I1/5D1T5V1/7e5E1/7S7 BEHKNNY/EFNNRRS 346/289 0
seed: 1790813919
loaded config with command: cgp OF1J3U7/PUBIC2n7/1GIB3I4N1E/3EH2V3KIEV/4Y2OUTWON1E/4D2C4T1R/4R1QAT3H1S/3ZORIL5AI/3OMENS5nO/3NEW7EN/3AL8R1/3E9O1/13I1/13D1/15 AADOTUX/DELNSTY 396/349 0
seed: 1790813920
loaded config with command: cgp 4VARGUENO3/2A4U7/2N4I7/B1T4D7/I1L3JO7/TRIOLEIN7/T1O3M1W6/E1N1KIPPAS5/R1S3Y1ZOL4/EH7DA4/DOT6AI4/1WE6iD4/1EL6N5/1SI6E5/2C12 AORSTY?/AFIORRU 332/288 0
seed: 1790813921
loaded config with command: cgp 7W7/7O7/7W7/P2V3E7/A1COMEDdLED4/R2MOE4J4/K2I6I4/AT1CLIFT2N4/1H1A2YE7/1ODEA10/1R2GERNINg4/ON5I7/US5V7/TE5A7/AT5L7 DEEGINY/AEIORST 293/236 0
seed: 1790813922
loaded config with command: cgp 14V/13BA/13UP/13RE/10M2ID/10O2E1/1CHOG3FRIGID1/JA1WURLEY1NY3/AL8ER3/1C8AA3/1I8UTU2/1N1I6sIN2/1EVO7OK2/1SATEM5nE2/2TA8D2 AILNORT/ABEELNS 319/272 0
seed: 1790813923
loaded config with command: cgp 7N7/7o7/3V3N7/2NA1E1P7/1WAX1U1E7/DOF2L1A7/E1F2A1K7/B1EDICTS7/U1S2H9/D1T2O9/4ANODIZES3/2VIBS1O3T3/7C3O3/7H3G3/7T3YAGI EEEINRT/AEOOPRR 339/267 0
seed: 1790813924
loaded config with command: cgp A2CyANATES4/PIQUED9/A2R11/Y2F5N1J3/D2E5U1I3/3WOX3B1V3/4RIZA1I1E3/OAKED1OTALGY3/9O5/6GhOSTING1/9E5/15/15/15/15 ABIMNOR/DENTTUW 295/243 0
seed: 1790813925
loaded config with command: cgp 11VAIR/12T2/10R1T2/10OKA1J/10WAG1O/11Bi1U/12R1S/3NOYAU1BRULOT/4FEHM1A1N2I/5WISER1P2N/9P1L2G/11A3/11C3/3TOZED1QuEASY/CAVIE1DEFI1D3 DEINSTX/EELNORU 358/301 0
seed: 1790813926
loaded config with command: cgp 7M7/7I2E4/7K2A4/7V2U4/1CARBONATES4/4UH1HOX5/4B3WOF4/4AJEE1N4G/7Q6A/4SPRuCELY2D/7I2OUTGO/3LENITIES3I/7I6D/7E7/FAZEnDAS7 AEORRVY/AENORTU 398/354 0
seed: 1790813927
loaded config with command: cgp AGIO3F3Q3/3PEAGE3U3/2DERTH3ZOO2/WHEN2INbREDS2/U3INSULAE4/R7AI5/L5BOY6/I4RYU7/ES3A9/1P3J1D7/1I2FAIREsT4/1T5O7/1T5M7/1E5O7/1D5I7 AEEINNW/ACKMOOR 387/316 0
seed: 1790813928
loaded config with command: cgp 15/15/15/15/1T13/1O13/1G4QIN1DOWL1/1E5OUGIYA1Z/1TRICEPS2NEELE/1H7L4R/HE4RATAFEE1K/ER6EYELeSS/M4GIRDS2WO1/I14/N14 DEMNUX?/ABOPRTT 317/251 0
seed: 1790813929
loaded config with command: cgp 3YAMUN7/1CRENA9/5L6F2/DEVOTE5BE2/O4F4DUG2/B4I4IN3/R4cHAO1AG3/O5IDIOCY3/4PWN3T4/3JEE9/ZyMOSES8/A2WOKER7/X2L2GI7/E5UT7/S5ET7 EHIPRST/AAEORTU 343/297 0
seed: 1790813930
