loaded config with command: set -threads 1 -savesettings false -hr false -numplays 15 -ima 0 -minp 100 -autosave false -fgrequired false
seed: 1790813719
loaded config with command: set -lex CSW24 -leaves CSW24 -wmp true -pat CSW24 -s1 equity -s2 equity -r1 all -r2 all -numplays 1 -threads 1
seed: 1790813720
loaded config with command: cgp 3ELASTASE4/3WIG1W7/7Y1T5/2QI1R1E1R5/3DREARIER4/4EF3Z5/4S1OBI6/3BONKED6/4JO9/3PeH9/1CHIT10/1LUG11/1AM12/1V4GAUCIE3/PINDARI8 AEENOOT/ANNOSUX 302/252 0
seed: 1790813721
loaded config with command: cgp 15/15/4E10/4ApOLOGIA3/4T10/4E10/4R2DONJONS1/4IURE3WANY/4E8E1/4S8A1/13K1/13I1/13E1/13R1/15 BLRSTV?/CDFHLSY 152/191 0
seed: 1790813722
loaded config with command: cgp 7LEDGIEsT/7O7/2V4U1L1JUN1/2E1Q2IBADAT2/2X1INsNARER3/2EINE1G1GEL3/2D6E5/5OKAYS5/5BOWES5/2FICAINS6/2U12/2Z12/2I12/2L12/15 DEERRST/AEFOPRT 230/375 0
seed: 1790813723
loaded config with command: cgp 15/15/7O7/7X7/7G7/7A7/7T7/4VIVE7/15/15/15/15/15/15/15 ABBNOUY/EIOOQRT 20/22 0
seed: 1790813724
loaded config with command: cgp 15/12G2/12E2/12N2/12E2/12R2/4BIZ5A2/1fAJITAS3CLIP/3A1AGIO1HOE1I/3I3TUBAR2P/3L6EN2E/2GO7Y2T/2UR10T/2V11E/7ATHEISED EILNSST/LOOORX? 267/309 0
seed: 1790813725
loaded config with command: cgp 6B8/5MO8/5OY8/5OF8/5L9/4QI9/4U2YOW5/FOGIE2AREIC3/4TRIgGED4/1J2H10/1U2E10/AIDAS10/1C13/1E13/ASKOI10 ANNNTU?/AAEEEOS 225/167 0
seed: 1790813726
loaded config with command: cgp 15/5VIEWY5/8O6/7BRUVS3/4J1HUM6/3WAGONER5/4MO2R2S3/3FLONGS2E3/2FAIRY4T3/4KI5L3/3CEE4HIT2/3L6ANE2/2XI6ZeN2/2UN5NE1D2/3GOLIASED1U2 EEIIOPT/DEOORR? 304/352 0
seed: 1790813727
loaded config with command: cgp 15/15/15/15/15/15/15/7REINK3/15/15/15/15/15/15/15 ACEEELY/DNNSSUU 0/28 0
seed: 1790813728
loaded config with command: cgp 15/15/15/15/15/15/5Q9/3VOICE7/15/15/15/15/15/15/15 ALMPSUZ/AEIIKRS 28/11 0
seed: 1790813729
loaded config with command: cgp 15/15/15/15/14H/14O/5N8O/3TAEnIAE4N/2PADRONA5E/OWIE1V2LEOTARD/4KY9/4A10/4G10/3LUR9/15 EEGJNOY/EEIIILZ 153/167 0
seed: 1790813730
loaded config with command: cgp 7O2RAZOO/7U1DE4/7L1ELL3/7O1RAI3/4QuANTICs3/2WHIG1G1VET3/8FE1I3/4BARBER1N3/4A3C2G3/4N3KY5/4D2J1EUOUAE/4H2E7/2POSTERN6/1VIM1IWI7/7D7 EIRSSTX/AAOOPTY 365/274 0
seed: 1790813731
loaded config with command: cgp 3FOETID2DATO/5N2AREAWAy/1DIOECY8/5O2BEAMING/4ELUVIA5/5O9/4GU1ANAGENs1/3YIRTH3MUTT/4R10/4D10/3IS10/3B11/3R11/3I11/JUNKS10 CEEILSZ/LPQRSVX 305/276 0
seed: 1790813732
loaded config with command: cgp 1QI4f7/1IN4I7/2G4S7/VALOUR1T7/I1O4I7/T1B4C7/I1E4A7/A1SKATOLE6/T4OW8/E4GLOP6/15/15/15/15/15 AFHMNOU/EEFNOST 208/166 0
seed: 1790813733
loaded config with command: cgp R2H3FOP5/IODINATES6/N2O3HELIcES1/D2IN4O5/YA2I4U5/1Q2T4V5/1u2R1YUGA5/1A1BOWAT1R5/1V1EX10/1I1I11/1TAG11/2RE11/1CEL11/1UR12/1ZE12 AFPSTTU/CDDENOO 254/297 0
seed: 1790813734
loaded config with command: cgp 5WONKILY3/9TOING1/8Q2P3/4VENTAILE3/1PUBE3T1A4/2MIEVE3UR3/6EAU1DA3/5IWI2AX3/10T4/4D4BO4/4I4OR4/4D4U5/4D4G5/4L4H5/3MEANEST5 ILNNSZ?/EEJORST 289/277 0
seed: 1790813735
loaded config with command: cgp 2INDuLINS5/1J2A10/1AW1H10/1MO1O10/1BOBO10/2TEN10/2ZA11/3CLEFT7/3H11/3I11/3EL10/3RE10/4X10/15/15 ADEKRST/DEEINOT 165/210 0
seed: 1790813736
loaded config with command: cgp 7B7/7E7/6FAH6/J1CURTANAS5/O6P7/R4Q1o7/UG2PIAL7/MO1GENDERS5/1AVOW10/1T13/1I2BOUN7/1E1VANT8/1S1ANEARED5/1TIX11/15 DDEMOR?/AILOTUY 337/334 0
seed: 1790813737
loaded config with command: cgp 15/15/15/2V12/2I12/2L12/2A12/2YBRENT7/2E12/2T12/15/15/15/15/15 DNRRSTT/ADIMOSZ 20/76 0
seed: 1790813738
loaded config with command: cgp 15/15/15/15/7F7/7O7/4C2r7/3VOTEEN6/2Z1W2P7/1QADI2L7/VIMINA1A7/2A1G2Y7/2N4SEROSAE1/12EXO/15 AEILNRS/ADDEELU 169/183 0
seed: 1790813739
loaded config with command: cgp 11D3/11O3/6HENNIN3/7N3E3/2WOOmERAS1E3/7A7/7C7/6QI7/7N7/7G7/15/15/15/15/15 AIILNPS/AAEJLOT 76/108 0
seed: 1790813740
loaded config with command: cgp 15/15/8GIVED2/5pREUNITE2/10C4/7HOHA1DZO/7ABORTEE1/3FICIN3AWNY/11L3/5MEOU2L1F1/4DOWNRAtE1O1/3QAT5N1L1/2VIPER4T1K1/9JISMS1/7BUAT4 ADEEGIT/ALNOPUX 356/374 0
seed: 1790813741
loaded config with command: cgp 4EPIpLOIC3/7RAY5/2V4OY6/2OH3OO6/2MOD3V6/3UR3E6/3FA3R6/3FIdEISM5/4S2N7/4EW1T7/4NU1R7/3BED1A7/3A3N7/1Q1G3E7/BIGHT2T7 DILOSTU/EEIRRSU 286/355 0
seed: 1790813742
loaded config with command: cgp 15/15/15/15/15/15/15/4BAWNS6/3EINE1P6/1KURTA2O6/8R6/7PURDAH2/8L1IMIDO/8EX5/9I5 BDFISTZ/AIIRSTY 140/114 0
seed: 1790813743
loaded config with command: cgp 15/15/15/3G11/1DELATING6/3I11/3TOWY1D1W4/3ZOOEAE1A4/5OX1C1V4/8IDE4/7HAOS4/7URB5/7ME6/6LISP5/7D7 CEIKNPS/AEEFGST 211/232 0
seed: 1790813744
loaded config with command: cgp 15/15/15/15/10T4/7COOEE3/6WOO1R4/3BAAED2E4/2QI6B4/1ZIG6I4/FOSsULA3C4/1A13/1E13/1A13/JET12 GHPPSY?/IKLNORU 184/167 0
seed: 1790813745
loaded config with command: cgp 15/15/15/15/15/5J9/5AA8/3BARBING5/5LO8/6UR7/6TEN6/7MA6/7OW6/7T7/7E7 AAAELOW/EHINNOR 64/121 0
seed: 1790813746
loaded config with command: cgp 15/5W9/1VARROA8/5O3F1C3/4STOMPIER3/5Z3N1U3/9N1D3/7SHINY3/9E5/9S5/6GOATLIKE1/15/15/15/15 ABDINNT/ABEEEFL 119/195 0
seed: 1790813747
loaded config with command: cgp 15/15/15/15/4M10/4O10/4N10/3CAWED7/4D2E7/4A2c7/4L2U7/7P7/7L7/1FRESCOER6/7S7 AABKNOW/ADEIRSU 68/177 0
seed: 1790813748
loaded config with command: cgp MOOLI10/3I5V5/3EE4O5/3FY4UG4/4R4DI4/4YA2BOR4/3Q1ST1ANT4/2TURKOiS6/3O1AM1E6/2JA1N2L2C3/2ID1C2I2U3/2L2E2N2L2W/2T2S1ZE1VEG1I/7A1AUXINS/3FRAPPInG3H AEEHIOT/DEEEORT 265/416 0
seed: 1790813749
loaded config with command: cgp 15/15/15/4Q10/4U10/4AXONIC5/4K10/3BEGRImES4/10T4/10A4/10T4/10E4/10L4/10Y4/15 CEJOOPR/AFGRSVY 111/116 0
seed: 1790813750
loaded config with command: cgp 15/15/9R5/3Q5A5/3IS4VULGO1/4P4E5/4I4N5/4MOKO1E5/4MEANED5/3HE10/3OR5FOG2/W2O1ENZOnES3/I1AFARA1BUT4/CODEX10/E2D11 LNRSVY?/AEIILNR 185/318 0
seed: 1790813751
loaded config with command: cgp 15/15/15/15/6D8/5JO8/5EN8/4GANT7/5TA8/6T8/15/15/15/15/15 EKNSVWW/AEMOORT 27/34 0
seed: 1790813752
loaded config with command: cgp 15/KOP12/1HIOI3Q6/3FOREPAWS4/8T1C4/9JA4/B5A2IN4/I5DIVAN4/G1B3M2OE4/AZO2VIN2D4/1OU3T8/1ERINITE7/HAG3E8/YE4R8/E2FEESE7 ALLNNTU/ILRST?? 341/294 0
seed: 1790813753
loaded config with command: cgp 3J2ADZE5/1TRAnQ3T5/3T5C1O3/3OB4H1N3/4ADENOIDS3/4R4N1E3/4T1M2G1T3/E1EUOUAE1S1T3/DUX1N1W4E3/I1U3R4R3/F1V12/Y1IF11/I1AL11/N1LONE9/G2COWAL7 GIMOPRS/BEEESV? 264/404 0
seed: 1790813754
loaded config with command: cgp A2A3R6I/V2UP2U4L1N/ENCRYPTS3JA1F/N2AR2K3AM1O/G3OH6p1L/E3HM6R1d/D3I7E1E/3DEVON2ABYED/1IWIS1FOGIE1S2/7GOO5/15/15/15/15/15 AEILTTU/ACENNQR 264/312 0
seed: 1790813755
loaded config with command: cgp 9U5/3PLAGUING4/9I5/9D5/9E5/1PARURAS1A5/6MYCELIA2/3BONIE1D1FEHM/2QIN9A/4C9T/3BOLlIXED3U/4G2FILET2R/4E9E/4N4HOOKAS/WEIZE9T EJNORR?/AERSTVV 432/341 0
seed: 1790813756
loaded config with command: cgp 7SO5G/7AX3C1U/7FY3ART/7A1ENTREZ/5PORINA1ATE/6BIOG2PIR/10V2R1/7ETUI1NE1/10D1IDE/9HAWM1N/9UMU2T/9BED2O/14I/5VOW1SHEQEL/6KOJI4S CDEINRS/AAEILY? 330/309 0
seed: 1790813757
loaded config with command: cgp WADI3A7/1DATOLITE6/NOW4H4V2/7E3BO2/2GUERITE1ALA2/1ZIN3O2GAR2/JOB3QI3N3/7DROUKING/10RYFE1/13FA/8ALTESSE/15/15/15/15 EILPTUX/CHINNO? 239/326 0
seed: 1790813758
loaded config with command: cgp 7W4J2/7A4O2/7Z1T2I2/2DREARIER2N2/7R1EH1E2/FIGGED3HOAR2/5OPE1ABAS2/3QUEEN1L5/6LEVA5/15/15/15/15/15/15 CDEKSTT/ILLNTUX 224/225 0
seed: 1790813759
loaded config with command: cgp 15/15/15/15/15/15/FUZE11/I1EXTINE7/G14/J14/a14/M14/15/15/15 DEOSTUW/ILNOSVW 56/105 0
seed: 1790813760
loaded config with command: cgp 15/15/15/15/15/15/15/3TWILT7/15/15/15/15/15/15/15 DEEFIIL/ADMOSTW 0/18 0
seed: 1790813761
loaded config with command: cgp 15/15/15/9D5/4SLUGFEST3/1QADI3EX5/6JAZY5/3BOWAT7/7ETALONS1/15/15/15/15/15/15 ACIINPR/DEENNUV 151/141 0
seed: 1790813762
loaded config with command: cgp 7O7/1T5v4M2/1R5E3FY2/1U1COBURG2ON2/1N1HIE1B3LA2/1C5E1Q1D3/DAK4THIOUREA/1LIGGERS1N1P1AX/2DOOLE8/3NAM9/15/15/15/15/15 AEEIOSV/ADINTWY 206/333 0
seed: 1790813763
loaded config with command: cgp 15/15/O13A/V1J11C/E1O1E9K/ROTIFERS6N/L1T1F9O/A1EQUINoX5W/T1D1S2WIPeOUTS/EH2EH9/1O2DI9/1V3L9/1E3U9/1N3M9/15 ABIIOTY/EGGMRRR 269/365 0
seed: 1790813764
loaded config with command: cgp 2SALARIED5/BI2OX1D7/INIA2NY7/OW1APIOL7/GO4R8/1V7J5/BE6GU5/E1A1CUTEYS5/I1C1E3M6/N1KARATES6/E1N1I10/DZO1T10/1EW1E10/1T13/HALF11 DELORRT/EMNPSU? 246/326 0
seed: 1790813765
loaded config with command: cgp E14/X1V12/ABA12/MEU8C1V1/1S8JA1I1/1E5NOYADES1/1T3POO2FA1IS/1T2DEFY2AG1TE/1EUOI6I1EL/1R2ELL6DE/2PILI9/1QAT1STUNNER3/HIN12/ON13/15 ABDNR??/GIIOORU 300/308 0
seed: 1790813766
loaded config with command: cgp 15/15/15/15/4I10/4C8Q1/2A1TITTIE3U1/VOGUED1ANALYSED/2U1R8U1/2E1I7ZE1/2W1C7Y2/OVEN8G1T/2E9O1A/2d2PE2FORNIX/3BRANGLe4I DHLNOTW/DEEERST 216/367 0
seed: 1790813767
loaded config with command: cgp S6ZEDAS3/ANTELOPE3A3/T2I7R3/Y2D7U3/R2ETHErIONS3/3T7E3/3IT1JOIN1s3/2ACAROID6/4U10/4I10/4W10/3PI10/3E11/BRUCITES7/3H11 EFOUVVY/DEGGLNR 303/338 0
seed: 1790813768
loaded config with command: cgp OKE4WOMMIT2/RAdULATE2O4/I9C4/E9HOTTY/N8LI4/T8YER3/A8R1I3/L5FAVA1N3/11D3/7B1Q1I3/4GUDESIRE3/7F1N1R3/7O7/7U7/7L7 CEEHOOR/AGOPTXZ 287/287 0
seed: 1790813769
loaded config with command: cgp 15/15/15/15/15/15/15/6QI7/5BIOG6/2WIFE9/3FAG9/15/15/15/15 ABEMOST/DDELORX 40/59 0
seed: 1790813770
loaded config with command: cgp 14F/14A/14N/14E/8OUMA2G/6O2HOVE1A/1FOOTRULE2IWIS/GYPS2TORNADE2/6D8/6R8/6E8/6AD7/6MI7/7K7/7ArANEOUS ABCIIJ?/CDEITTX 327/221 0
seed: 1790813771
loaded config with command: cgp 14C/11W2O/11OR1N/6Q4WE1C/5VIGORS1M1A/9Y2E1U/7G1N2N1S/5FLAPDOODLE/7I4E2/7E4DA1/7T5H1/7I4XI1/7E4UG1/7S5HO/14K AEIRSTT/IMNORU? 176/295 0
seed: 1790813772
loaded config with command: cgp 14J/9FA1AWA/8BACULA1/9IO2N1/9NE2T1/9EL2HO/10O2IN/6GIDDUP1LO/4Q2N1ES2L1/4u2D1X3ST/4AB1E1T4W/4GU1C1r4I/5SHE1I4R/5YON1N4P/6AT1E5 IIMRRVY/DEORRTV 249/365 0
seed: 1790813773
loaded config with command: cgp 15/15/3W11/3U11/3ZA10/4C10/4A10/3BROWED6/4O10/3TIX9/4D10/15/15/15/15 ADINR??/IMNPTYY 26/111 0
seed: 1790813774
loaded config with command: cgp P10W3/Ah9AZO1/NE9DEW1/GI9T1OX/AR12Y/1D6NONEGOS/TO5JAY4T/AM4QAT4AI/R12d1/T5EMICATES1/UNLIVED6U1/F6V5K1/O6E5I1/6URODELES1/7B7 CEIIINR/EGHHLLO 402/338 0
seed: 1790813775
loaded config with command: cgp 15/15/15/3BE10/3Ya10/4R10/3ALIDAD6/OWIES1OE7/4H10/4IF9/4PA9/5V1J7/4TAHINI5/7L7/7T7 AGKMRSZ/AEOQTUU 152/140 0
seed: 1790813776
loaded config with command: cgp 15/10G4/8WALTY2/3TEMPLE1AI3/4HUE3IN3/10R4/10I4/5F1LOOEY3/4CIVIE1R4/5Z9/15/15/15/15/15 AINRSTU/ADEGQT? 131/115 0
seed: 1790813777
loaded config with command: cgp 15/15/9H5/8VOLAR2/9D5/W8J5/I7KA5/Z5QIN6/E2UREIDE6/SCOPED2L6/4CH2T6/15/15/15/15 AIORSUX/BGMRRTW 155/97 0
seed: 1790813778
loaded config with command: cgp 13E1/13T1/13A1/13L1/13A1/13G1/13E1/7DEDUCTs1/7OXIME3/11N3/11T3/11U3/15/15/15 BGNNOVZ/EELNRTW 104/122 0
seed: 1790813779
loaded config with command: cgp 15/15/15/15/15/15/15/3WALDO7/15/15/15/15/15/15/15 EIIMORS/ADEEENT 0/26 0
seed: 1790813780
loaded config with command: cgp 4FLANK6/DESPAIr1E6/8R6/8A6/8M6/5J2I6/5E2C6/2THRAVES6/2R1ET9/1FE1I10/1ON1N10/PUDUS10/U1I1U10/T1L1R10/Z1Y1E10 EINOOOR/ADGLMNT 335/210 0
seed: 1790813781
loaded config with command: cgp NUMPTY9/3L2R8/2JOB1E8/2EWE1T8/2E1G1A8/2Z1U1K8/4I1I8/3FLONG7/3EE1G8/3ASH3URD3/3T1AVERSIONS1/3U1T1X2TWAIN/1VArICEAL2NYM1/OO1E1H1C7/PROD3T7 EIIINQR/BDEOOR? 409/389 0
seed: 1790813782
loaded config with command: cgp 3I11/3G11/3A11/3P11/3OD10/4AR9/4NU9/3CANDENT5/4ZE9/4o10/4L10/4S10/15/15/15 EINRSTU/AILRRRT 99/139 0
seed: 1790813783
loaded config with command: cgp 15/3O11/3U11/3T11/3K11/3E11/3E11/3PONTS7/15/15/15/15/15/15/15 BCCOSSU/DEIILOT 20/26 0
seed: 1790813784
loaded config with command: cgp 13G1/12YO1/11ZOA1/3SPIV4ID2/4R3TUATH2/4E6I3/4F2JUVES3/3QORmA7/4C10/4U10/4S10/15/15/15/15 AEELMSX/AACOOT? 157/133 0
seed: 1790813785
loaded config with command: cgp 15/15/15/15/4L10/4I10/4Q1FAH6/2AMULET7/2J1O1YEASTED2/2O1R10/2W12/2A12/2N12/15/15 FILNPSW/GHINPRT 76/136 0
seed: 1790813786
loaded config with command: cgp 15/15/15/15/15/15/15/6GOV6/15/15/15/15/15/15/15 CEFGMRY/EFGKQTT 0/14 0
seed: 1790813787
loaded config with command: cgp 7M6G/1LOESSIAL5R/PIX4NICKUM1E/A6G6C/R2QIS1E6I/U4WRY6Z/R3FEU1OBOVATE/A1TWEETED3HAS/1DI3HA7/1ON12/1AD12/1TE12/1ER12/1R13/1s13 FINOOU?/EEGNOOT 251/425 0
seed: 1790813788
loaded config with command: cgp 15/10A4/10C4/10M4/10I4/10T4/10E4/3WAgTAILS4/15/15/15/15/15/15/15 DEGNRRS/AABFINR 76/82 0
seed: 1790813789
loaded config with command: cgp 15/7P7/7E7/7N7/6ME7/6Op7/6BLADY4/7ADIEUS2/6IN4A2/6WE4T2/6I1A3A2/7YU3N2/7OR3I2/7REGENCE1/7KI6 AAEFLNS/ACEHNRV 170/150 0
seed: 1790813790
loaded config with command: cgp 2S12/2P12/2A12/2R12/2T12/2AR11/2NU11/3BAZOOM6/2FILO2EA5/3DIE1NAW5/2VITAMINES4/V2C3XI1UN3/I5FEE1IO3/dELOUSE4R3/E6TWEAKING AGLNSYY/EEIQRRU 336/305 0
seed: 1790813791
loaded config with command: cgp 7U3R3/7N3E2S/6JAGGIER1H/7R3F2O/5E1M2WE2R/1Q2EF3KARAIT/BIVVY1ZOOIDS2i/L3E1OE2G2HA/O3BIO3E2AS/W3OX7P1/U3LI7T1/PUNCTATE5I1/13c1/13S1/15 ACEILMY/ADEELNN 395/369 0
seed: 1790813792
loaded config with command: cgp 15/15/15/15/15/5KEA1AIA3/7VOMS4/4GUQIN1O4/6IDYLL4/3GIBS3A4/10T4/10E4/10S4/15/15 ADEIRRW/AEILORT 83/161 0
seed: 1790813793
loaded config with command: cgp 15/15/15/15/15/15/15/4JAIL7/15/15/15/15/15/15/15 AEEGISU/ABDETT? 0/22 0
seed: 1790813794
loaded config with command: cgp 15/13G1/13E1/12NOW/12ODA/12YEW/9V2A1L/7TRINKUMs/9Z1A1U1/9Y1V1F1/10HA1T1/10AL1ID/10R3O/5QUA2P3J/5INGROsS2O BCCFIIO/AADEEEO 253/272 0
seed: 1790813795
loaded config with command: cgp 7J7/7O7/7Y2W4/4cALENDAR3/4O2D2G4/4N5G4/4V5L4/3VEENA1BEHALF/4NAOI2DAG2/4E10/4R2M1DOF3/4STEAMIER3/7W3I3/1CoUSINRY2T1Q1/7S3ZOIC BEIRTTX/AAILNST 442/256 0
seed: 1790813796
loaded config with command: cgp 15/15/15/15/15/15/15/5ODoNTIC3/15/15/15/15/15/15/15 AADLUVW/ABIMMNS 0/74 0
seed: 1790813797
loaded config with command: cgp 5s9/5P9/5E9/5A9/5R9/5M9/4ZE1MUTI4/3JANTY7/4R10/4F10/4S10/15/15/15/15 ADEIORT/CEHNOSY 60/118 0
seed: 1790813798
loaded config with command: cgp 15/15/15/15/15/6JO1U5/5FUD1N5/3PLANERS5/2YAAR3A5/1GOV5W5/6CORnEAL2/15/15/15/15 ACERXYZ/ADEIRR? 42/213 0
seed: 1790813799
loaded config with command: cgp 15/2W12/2AG11/2ZA11/3N11/3J11/3A2Q8/2RHODIC7/6V8/6I8/6U8/6T8/6SERKALI2/15/15 AAEFIPR/FIMOVWY 130/111 0
seed: 1790813800
loaded config with command: cgp 15/15/15/15/4V10/3FAWN8/4T1UTU6/3JIRRE7/4C10/15/15/15/15/15/15 AEILLN?/MOSSUUZ 50/41 0
seed: 1790813801
loaded config with command: cgp 15/15/15/15/15/15/15/3ROUTINE5/15/15/15/15/15/15/15 AEEGLLT/DKNUUVW 0/66 0
seed: 1790813802
loaded config with command: cgp 7D7/7I7/7L7/7A7/7T7/7I7/4Q2V7/3OUTIE7/4E10/4N10/4C10/4H10/15/15/15 BDEOSV?/CFGLOSU 89/52 0
seed: 1790813803
loaded config with command: cgp 3W3A7/2HE3c7/2AR3T7/2FOB1BIGGON3/2I1I2N2U4/2Z1T2I2T4/4T2D2S4/3DITTED1N4/4L5OK3/4Y5RE3/10ED3/11G3/11E3/11RIVO/15 AEMOSXY/AAEIISU 134/235 0
seed: 1790813804
loaded config with command: cgp 1C1K3C2SOOEY/1UDO2REAVOWED1/1TAT3N7/2FOB2T7/2F1u2I7/4M2A7/4P2R7/3GELEE7/4R9A/1UNLEARNT3B1I/4d2YODELERS/11EW1L/11HI1I/11UG1N/11A2G ADEOQSV/AEIMRSU 332/381 0
seed: 1790813805
loaded config with command: cgp 15/15/15/15/A14/S2G11/S2I1EWT7/O2A1FOO7/R2M2ODEA5/TRiBLET8/E2E11/D1NU11/2OX11/2R12/2KONINI7 ADSSYZ?/GINOQTY 149/220 0
seed: 1790813806
loaded config with command: cgp 14W/2V7G2EH/2I1U5L2LI/2GENE2GLADDER/3FUREUR1C2V1/4P3AJEE1A1/2Q1L1HIM4T1/1RADIOES3YBET/1AT1FIX6S1/1I2T10/1N1OE10/ZO1OD10/OU13/1T13/1SAPONINE6 AEIIRY?/AABMOST 405/404 0
seed: 1790813807
loaded config with command: cgp 14W/10F3A/2BANDITO1I3V/7INCREASE/3V5LI3R/3I5OE4/1F1R1QI2U5/1L1TEUGH1DOGLEG/1AYU1AL1DI5/1KO2YO1RE5/2U1iSOBArE4/2R4OM6/2N4H7/7E7/7A7 AEIMOTW/EINPTTX 249/367 0
seed: 1790813808
loaded config with command: cgp 6C1FOILING/5BOPO5a/5AMIR5I/3J1DANS5T/3U1GENA4WE/1Q1V1E1AY4UR/1U1I3T5DE/1AREOlAE6D/2ESPIED7/KHI12/15/15/15/15/15 EGLLTTZ/ABCLRVX 280/217 0
seed: 1790813809
loaded config with command: cgp 7B7/7LO6/2G4AX6/2A4DO5B/2D4E6W/2DI1QIS5HA/2IN2N1ELUTIOn/3VISCUS4MA/2ZE2O6A1/1VAN2N6G1/GESTE1N6E1/AE1OY1UM5R1/T1PRE1EA7/O1U4I7/R1Y4D7 AEFILW?/IKNORRT 281/366 0
seed: 1790813810
loaded config with command: cgp 7B7/7A7/7R7/7C7/7H7/7A7/7n7/3HEEZE7/15/15/15/15/15/15/15 AAEEITX/ADEILLN 42/101 0
seed: 1790813811
loaded config with command: cgp 15/15/4J10/4O10/4W10/4E8QI/1PRUDISH5IN/1U4OOMIACS1E/1T2FARRANT1I1P/1Z2E1BAWK2G1T/4M7L1E/VANDA6HOER/1dEALBATE2OIL1/3FEY1I3D3/CUITS2X7 AEGILNT/EGNNOU? 331/380 0
seed: 1790813812
loaded config with command: cgp 15/15/15/FIBRE10/4N10/1JUTE10/4R10/4VEXT7/4I10/4N10/4G10/15/15/15/15 CCMORST/ALMNUUW 55/84 0
seed: 1790813813
loaded config with command: cgp BOSK3V7/1RHIZOME7/7X7/COsECANT7/4i10/4L10/3BATEAU6/3ANODE7/4T10/4R10/3WO10/3A11/3Q11/3F11/3STRAD7 AELLORR/DEINSUY 254/184 0
seed: 1790813814
loaded config with command: cgp 3W1I9/3HOM9/3OUP9/3S1L9/3E1E4A4/4FA4N4/4ED4I4/3BEsTORMS4/2QIS5OD3/3REFI3LI3/1GOLDY4EL3/11l3/11I3/11N3/11G3 AEEIITU/ABCCGNV 252/243 0
seed: 1790813815
loaded config with command: cgp 15/15/15/15/15/15/8D6/7ROUPY2F/8D1I1R1A/8SET1I1S/9AH1V1T/9RYAL1E/11GI1N/9WIENIE/7ANODE2D AILRSTU/AEGNOQU 99/270 0
seed: 1790813816
loaded config with command: cgp 15/15/15/15/15/1GORY10/1IXIA2OUTWINDS/3FEUED5IT/13AR/13ZA/13OP/15/15/15/15 AEGKLOS/CEILORY 87/162 0
seed: 1790813817
loaded config with command: cgp 15/15/15/15/15/15/5YOU7/3FRORN7/3I11/3G11/3U11/3R3C7/3E3H7/3SKyWARD5/7V1ADJIGO DIIIINO/EILTTVZ 120/137 0
seed: 1790813818
loaded config with command: cgp 7N2C3P/1bRODDLED1R1J1O/7U2E1U1L/7K2T1V1Y/7SCOOTING/8U1N1E1a/8V1N3M/Q4AWEE1EW1IS/ALIBI3E2H1O1/M1FINGERS2I1D1/E10P1A1/E10T1TO/Z12EH/13SI/14A AAFGILY/ABEIORX 469/398 0
seed: 1790813819
loaded config with command: cgp 7P7/7S4D2/7Y4I2/7COLUGO2/7H2NICAD/9O2E2/6TOQUETS2/5KOI1t2ER1/6L2W3E1/5ZE2I3W1/2HALER2N3I1/1BADINAGES3N1/VETO2TO5D1/6EA5S1/7F7 AEGMMRR/AEIJLRT 198/438 0
seed: 1790813820
loaded config with command: cgp 6E8/6N8/6S8/6O8/6U8/6L8/6E8/3FENDER6/15/15/15/15/15/15/15 AAELMNX/ADFGHNU 28/61 0
seed: 1790813821
loaded config with command: cgp 15/15/15/15/15/8U6/4V3N6/3ZINKED6/4E3U6/4W2PE6/4L2I7/3MY2B7/1CHI3A7/1OON3L7/1BOX3S7 EEEOQR?/AAEIMNO 103/183 0
seed: 1790813822
loaded config with command: cgp L2FRIAR7/A1JA1FA8/Y1ET11/M1TEX10/ENE1U10/NE13/1L4POZ6/1SIMULAR7/DO1ATILT7/ON1TAG9/o14/B14/R14/I14/E14 AEHIKO?/CIINTUV 220/226 0
seed: 1790813823
loaded config with command: cgp 7D7/7OP6/7DA6/7OI6/8S6/5B2L6/5UNDERARM1F/5GOEY5A/5G8Z/5A1R5HE/4INVESTOR1U1/1ANODE1C2WEXE1/7TEleSIS1/7U7/7MUTATION IILPRVY/AEEILNR 272/325 0
seed: 1790813824
loaded config with command: cgp 15/7F1OUTLIE/6ILIUM3R/1BEDEW1O6I/3ODONATes3N/7T6G/5QUIZ5O/4VITE6E/5N1R6S/15/15/15/15/15/15 AEFNOPX/ACDEJNS 150/201 0
seed: 1790813825
loaded config with command: cgp 15/10S4/10I4/10M4/10U4/10L4/6CAF1A4/1A5LAITY3/1E3BISH1E4/1R2JA9/1O3SKAILED3/1BRICkIE7/1A13/1T13/1s13 DGTTUVX/EEEGIMN 210/194 0
seed: 1790813826
loaded config with command: cgp 7G7/2DIApIRIC5/2R4A2KANT1/2I4Y3B3/1FLOTA5O3/2L2LERP2U3/2E1V1MEET1G3/BuRQA1UNWISHFUL/2S1D6T3/3ZEP9/3ODE9/3I1H9/3C11/15/15 AEJOOVX/EMNNNRS 316/243 0
seed: 1790813827
loaded config with command: cgp 2P4D7/2I2KHI1WRAPT1/2N1NOOSE3I2/2CZARDAS1COGUE/2H4T2A1G2/5Q1T2V1I2/4JAGIR1a1E2/5TIREDLY3/6FEW1E4/10R4/10O3M/10SOX1Y/11MUTS/14I/14D AAEINRT/BELLOU? 360/320 0
seed: 1790813828
loaded config with command: cgp 7H2G3R/7OVERHATE/6QI2EEL1C/3WUDUS1VAR1WO/4I1At2S2OP/4N2M1XI2KY/4T2A1IN4/3JADING1GLEBE/4I9L/4T9A/4E9S/14T/14A/14N/14E AEIORRZ/BFOOOTY 284/382 0
seed: 1790813829
loaded config with command: cgp A6O7/EDICT2I7/r1THOLING6/U2A3K7/G2R11/OP1T11/SI1A2J8/1D1SCAUP7/1D4V8/1L3QI8/Fe2VIEW7/OR5H7/N6IN6/L6TOZE4/Y6EX1MBIRA EEGLMNS/AABDENU 315/312 0
seed: 1790813830
loaded config with command: cgp 15/3GLUEY7/2MAInTOP6/1QIN3WILCO3/10O4/4BLEEPERS2V/10B3A/7UNTENT1U/9AA3R/9XU3I/9O4E/8TRIAZIN/11HAO1/15/15 DEFLNSV/GHIKRST 180/263 0
seed: 1790813831
loaded config with command: cgp 15/15/15/5V9/5E9/5X9/5E9/3WADGE6M/7a6I/1Q3NGRAM4R/1U2REITBOK3V/1I5H1CYTODE/1F5S3OHED/1FLOATIER6/7T7 AAEEINS/EEIILRS 229/237 0
seed: 1790813832
loaded config with command: cgp DAIKO2INDIA3/1ENORMiTY6/3N11/3DaB9/4BA9/4UP3FORTH1/4S3ZOWIE2/3CARINAE1NAVE/4GO2G6/3HEW9/3AS10/3V11/3E11/15/15 CEEELRT/ADISSTU 270/324 0
seed: 1790813833
loaded config with command: cgp 15/15/15/15/15/5KNUB6/2COWY9/3BOULE7/15/15/15/15/15/15/15 AEEFRRR/AAHINTX 29/60 0
seed: 1790813834
loaded config with command: cgp 15/15/15/15/15/15/15/7ATUA4/10W4/10NO3/10YO3/11Z3/11E3/15/15 CEILNOR/ACDEOT? 20/41 0
seed: 1790813835
loaded config with command: cgp 15/15/15/1P13/1R13/YO13/UT13/AE1PENGO7/NAH2O9/1NY1AX9/2B1I10/2R1D10/2I1E10/1ADUSTED7/6EIK6 AGIOORU/AACEINS 148/182 0
seed: 1790813836
loaded config with command: cgp 15/15/15/15/15/1F1K11/1O1U2Q8/1V1ZORIS7/1EMU2N8/SAI12/I1L12/M1O12/O1R12/O14/N14 DGINYY?/AAEEGHU 95/86 0
seed: 1790813837
loaded config with command: cgp 6FOLIES3/11A3/11L3/5G5I3/4FA5V3/4UR5A3/4ZO2COURE2/3JET1PIONY3/3E1T1ID6/3LIERNES5/3L1D9/3I3BENzOATE/2ANTINOME5/3G3X7/4GRAYOUTS3 AAENORS/EHHIMRV 292/399 0
seed: 1790813838
loaded config with command: cgp 15/15/15/15/4U10/4N10/4C10/4HUNG7/2K1A10/2I1R10/2L1M10/ZETAS10/E1I12/T1E12/A14 AEINPSY/AIIPTVW 95/109 0
seed: 1790813839
loaded config with command: cgp 15/15/15/15/15/9WEIL2/6MOBE5/3BITOU7/15/15/15/15/15/15/15 EEINNQ?/EINORSW 23/48 0
seed: 1790813840
loaded config with command: cgp 15/15/15/FOUD11/3ARENITeS4/5X9/5P1GEoFACT1/5AVO7/5T9/15/15/15/15/15/15 AAELTWY/DIILRRT 99/120 0
seed: 1790813841
loaded config with command: cgp 15/15/15/10J4/10I4/10V4/7FAVER3/6HAG2E3/5TIX3P3/11U3/11L3/11S3/11E3/15/15 BEGIOST/DEELNRU 57/125 0
seed: 1790813842
loaded config with command: cgp 15/2GOURMET6/8EOLIAN1/3D1FREEPOsT2/3AGO1FLEG4/3DEX9/4N1WAWL5/3HOVEL7/4M1BUD6/3QIN9/E3C10/JOINS10/I14/D14/O14 AAHPTTV/AAEERSY 222/305 0
seed: 1790813843
loaded config with command: cgp 7C7/7A7/7L7/7A7/7T7/7H7/5F1E7/3VARIA7/5U9/5I5O3/5T1G1ZEX3/2PRUINOSE1O3/5V1D7/5E1E7/7T7 ADKLQR?/AELNNRT 181/165 0
seed: 1790813844
loaded config with command: cgp 7E7/7R7/7E7/7C7/4UNITRUSt3/7I7/7O7/5PWN7/15/15/15/15/15/15/15 HIOQTTX/ABDEHJL 89/94 0
seed: 1790813845
loaded config with command: cgp 11VARY/12L2/12I2/9L2E2/9E2N1V/4OF3U2A1R/4KEX2C2B1O/3ZAMIA1O2LAW/7MUtAGEN1/9I3T1/9C2BID/12AHA/12YET/13RE/13OD AEIQST?/EEGINRS 292/316 0
seed: 1790813846
loaded config with command: cgp 3U2XI1OVENED/2InSWINGS5/3R11/3O4RANKLES/1ETOURDIE6/3F6B4/3E4JEU4/3DAHLIA1T4/7N2Y4/6WO2R4/6AR2AM3/6AB2TE3/2CANTHIC1ET3/7N3I3/7G3FLOG EMOPQYZ/ADIOPTU 306/417 0
seed: 1790813847
loaded config with command: cgp 15/1L13/1I13/FE1C11/OU1O11/R2R11/DELETIVE7/O2MOOLA7/N1GI2Y8/E1AA11/2N12/2E12/2V12/15/15 HIINPR?/AIKNORT 91/76 0
seed: 1790813848
loaded config with command: cgp INTORtED7/7ELVANS2/6JA4A2/3ALTOS4L2/3GUE1h4F2/3ARF1I4E2/4G2N4R2/3CIERGE1BANTZ/15/15/15/15/15/15/15 ACEQRTV/DHIRUUW 258/173 0
seed: 1790813849
loaded config with command: cgp 14C/2L11O/2E1D9W/PENNAL1B6H/O1V1G2U6E/G1O1A2RETAINER/G1Y1B1HI6D/E2VACANT5S/5UMIAQ5/5Z1SPIF4/2YUK2T7/1RETORTS7/15/15/15 DIJLMOW/LNORTU? 266/461 0
seed: 1790813850
loaded config with command: cgp 15/15/15/15/15/15/6ALA6/3DIAbOLO5/8BIFACE1/15/15/15/15/15/15 AADELRR/EHIILSU 12/97 0
seed: 1790813851
loaded config with command: cgp 7T7/1ONIE2E7/AUE4A7/2WUZ2D7/R2VAqUERO5/OBIA11/J1FEE10/A3EUOI7/K14/15/15/15/15/15/15 LNNNSST/AEGIORT 189/85 0
seed: 1790813852
loaded config with command: cgp 15/5H9/5A9/5U9/5L4J4/5I3BUN3/5E1AZON4/3HARDToP5/5S9/15/15/15/15/15/15 AEGINSS/EILMNOW 119/139 0
seed: 1790813853
loaded config with command: cgp 15/15/15/15/14A/14D/3UVAE7O/3HOISE6R/4G1C7N/4I1AG5ME/4E1LO5OD/5FAX1AIA1I1/5IT4PULL/5BE2PIONS1/6DUVET4 CEOOSTZ/AEHRTTW 277/143 0
seed: 1790813854
loaded config with command: cgp 15/15/15/15/15/15/14C/7MURRY2A/6FOH1I3R/10O3E/10T3E/10I3N/10Z3E/9MENGED/15 DNOQRTT/AEGILPS 62/146 0
seed: 1790813855
loaded config with command: cgp 2SLITHER6/7EEK5/8NAVVY2/5FLITT1O3/10oX3/10C4/10T4/5Q1DWAUMING/5U4P4/4AE4L2J1/4NA3FY2O1/4OS3I1GOBO/4AI1ORDAINER/5E3G3D1/3MIRBANE5 AEERRTT/DEEIOUW 337/311 0
seed: 1790813856
loaded config with command: cgp 14H/1Q10W1O/1UNITaRY4I1U/1A5ANISOLES/1V8H1I1E/1E3JO3O3Y/1R4WAZ1V1I2/7BEREFT2/12E2/12R2/12A2/12T2/12E2/12S2/15 AEGORTX/BCEFIOU 255/203 0
seed: 1790813857
loaded config with command: cgp 15/15/15/7T7/7R7/7E7/7N7/7DUREFUL1/7I3I3/7N3B1F1/7G3R1I1/11OIL1/11MOE1/11A1R1/15 CDIIINW/DEQRUV? 68/155 0
seed: 1790813858
loaded config with command: cgp 15/15/15/15/15/1F13/1A13/1ARUGOLA7/15/15/15/15/15/15/15 FHILNOV/ADEGNNT 16/22 0
seed: 1790813859
loaded config with command: cgp 15/15/15/15/15/15/15/1AcEROLA7/5FIRIE5/9HAJ3/4STaTIST4/15/15/15/15 ADEENOU/AAEIIIN 98/104 0
seed: 1790813860
loaded config with command: cgp 15/15/15/15/15/15/8AIRDATE/6JOY6/5VAN7/7SUTLERY1/15/15/15/15/15 ABEIIP?/IIMNTUV 92/92 0
seed: 1790813861
loaded config with command: cgp 15/15/15/15/15/15/15/7UNmEWED1/15/15/15/15/15/15/15 EJNPSTW/AILMSTY 0/78 0
seed: 1790813862
loaded config with command: cgp 15/15/REALISES7/E14/C8EUOI2/R6HOX5/U3FADO7/I1TOEBIES6/THo12/1OW12/1ON12/1TWIRP1J7/2E4I7/1LAY1MENU6/PIRAGUAS7 DEEGIOR/AENNVYZ 206/387 0
seed: 1790813863
loaded config with command: cgp 7BLUDY3/10R4/10A4/10W4/10E4/10R4/6JONGS4/3BIDON7/5AGEE6/15/15/15/15/15/15 DEFINSX/AAIPTUZ 67/152 0
seed: 1790813864
loaded config with command: cgp 8V6/8E6/8R6/4T3I6/4ZA2F6/4EW2I6/4D3E6/3GAUPED6/4k10/4AW9/4HO9/5R9/5R9/5I1ENGOBES1/2YAUTIA7 EEFGIMT/EEJLMOS 197/208 0
seed: 1790813865
loaded config with command: cgp 15/15/15/15/15/15/5TAPETIS3/3FAIRED2TAXI/15/15/15/15/15/15/15 AELNRWY/CDDILNU 74/67 0
seed: 1790813866
loaded config with command: cgp 15/15/15/15/4L10/3GAZAR7/4I10/4DAWD7/4L10/4Y10/15/15/15/15/15 EELMRTU/AAEKOS? 20/53 0
seed: 1790813867
loaded config with command: cgp 15/15/15/15/15/15/15/5ADENOID3/15/15/15/15/15/15/15 ACILMNR/CEEENSZ 0/72 0
seed: 1790813868
loaded config with command: cgp 7COLLOGuE/7H7/7I7/7ZANDER2/10J4/5W3QI4/5H2PIN4/4FIVER6/5T2A6/1V2OY2T6/1E2W3T6/1L2L10/NUNNY10/1M13/15 ADGIOOT/ABEEGRU 185/228 0
seed: 1790813869
loaded config with command: cgp 15/15/15/15/15/15/15/3LOOIE7/15/15/15/15/15/15/15 AAEERTW/EEISTUV 0/12 0
seed: 1790813870
loaded config with command: cgp 15/13A1/13Q1/13UH/13AI/3P8ZEL/3I3V4I1L/3S1OYE1D2N1O/3I3N1E2C2/3FIXED1M2O2/2BO1UnSTAGED2/2AR5R2E2/2HM5K2s2/9E5/9TOYONS ABJLRUW/AADINRR 301/260 0
seed: 1790813871
loaded config with command: cgp 11W3/10AA3/6C3GI3/GYMP2L3IF3/O2ALIENERS4/V5R3T4/E5U3O4/R3JUCO2R4/N3O1HEX1S4/4B1I8/4E1AT7/BOARD2H7/7E7/3AIA1I7/SPLITTER7 DDEEEFI/NNOOVY? 311/270 0
seed: 1790813872
loaded config with command: cgp 7INtEGRAL/11A3/11U3/4PLiGHTED3/3QI6I3/1V4ORNATER2/1E2OBOE3R3/BRAYS1MM7/1D13/RIGIDIZE7/1C1FADO8/AT1SYE9/IS13/T14/U14 AAEIKLT/CEJNNOS 337/285 0
seed: 1790813873
loaded config with command: cgp Z6T6U/O6A6N/I6L6L/CABReTTA5DE/7QUOP1LID/9X2EF1/6TOYO2G2/3METOPE1ALGUM/4FEWER3I2/5TYNDE2E2/8SAICS2/15/15/15/15 BDEHNSV/EHINRR? 301/248 0
seed: 1790813874
loaded config with command: cgp 15/5U9/5R9/5T1D7/3CAESURIc4/5X1V7/5T1E7/BAGGIEST7/O2A3I7/OW1S1QIN7/MA1OF2E7/EW1LA10/D1YEH1LORN5/2UN1KOR1YOGIC1/NAMETAPE7 DEIILNO/BEIJRVZ 430/373 0
seed: 1790813875
loaded config with command: cgp 11HAET/9QUADS1/11L3/3AbORDED1V3/3XI4AYE3/7R1WO4/7OF1R4/G6MANKY3/U6AB1I4/I6N1FE4/LICHANOI1ES4/E2E3Z1T5/3PRUNED6/4EROdIUM4/JOWLS5ACTON EEIINPV/ABEGIST 439/364 0
seed: 1790813876
loaded config with command: cgp 15/3B11/2NEWLY8/3AI10/2VUG10/2ET11/2XI11/3FEELER6/2KY3R7/1JA4I1Q5/1OU3INFAMOUS1/ERGO3G1T1PHT1/2H3ZO7/7E7/DIMORPhS7 ADNRSU?/ACELNOS 356/312 0
seed: 1790813877
loaded config with command: cgp 2EOBIONT6/1REBoDY8/1ENEW10/4L10/ZOOTIEST7/4N4C5/4EF1PORISMS1/3P1AUE1U1HAIL/3AHI1WUNNER2/3LAX3K5/3AT10/3YE10/FAG1f10/1MAQUI9/SIGIL10 ADEOORV/CDEINTT 378/323 0
seed: 1790813878
loaded config with command: cgp 14Z/12S1A/11CH1N/11OI1T/10FAN1E/10EXONS/2G7D1LA1/2U4UVAE1AB1/2YUK5R4/3PA1SATIATED1/W2GI5L4/HAJI1pECTOSE3/IVORIER8/TOLD1GENITOR3/Y1E12 IINOOPU/EEMNRRW 405/363 0
seed: 1790813879
loaded config with command: cgp CADGIEsT7/7U7/2G4F1F5/2L4O1E5/2AS3L1N5/2UT2PI1E5/2MI2U2S5/3COEREcT5/3T1TEX1R5/1WRITHE2A5/1A1O2I8/1I1N2NY3JEU1/1V4GILLION2/1E5P7/ADOBO2E7 ANORRSW/ADDEIKM 357/298 0
seed: 1790813880
loaded config with command: cgp FOP4Y7/1BELIEVES6/JIAO3A7/U6HA6/DONNART1D6/OB6V6/G7A6/ID4QIN6/1U6C6/1G1LOY2EH5/1O2PUGAREE4/MULCT1OK1I5/Et4ME1L5/AS3ZEN7/N4ARE7 ADEINST/EFORRST 400/348 0
seed: 1790813881
loaded config with command: cgp 11KYLE/13U1/4P1AVERAgER1/3FIND3GI1D1/4Z5LO1EM/4EW3QI2Ne/5AMP1IT2SO/3GURNS2T3U/2JA1BAIT1E3I/1VOLTS4R3N/2TEE9G/CHAD11/OO13/NO13/IF13 DEEHOTX/AAABRUY 414/349 0
seed: 1790813882
loaded config with command: cgp 3AERUGO2GOAF/6tORULOSE1/2NETHEAD1E4/3G6UP3/2BEZ4OKA3/1QIN5WOT3/3C4JET4/3Y3RADIX3/7AB1C4/7p7/7I7/7E7/7R7/7E7/7D7 IIIILTV/DINRSTU 355/285 0
seed: 1790813883
loaded config with command: cgp 7F4J2/5CLAPT1TOO1/6AUA1TIGS1/5N1N2AR1S1/4BO1AW1UR1EL/4OM1EE1HI1TI/4NA2I1On1EM/4N1WUZ1UG1RE/4I1EREVS3Y/3VENT8/4R10/15/15/15/15 ACDDERX/ADEGNOS 300/243 0
seed: 1790813884
loaded config with command: cgp 3G11/3R3T3QOPH/3E2TOADLIKE1/3Y3R1EINA2/3E3CUITS3/3DAB1U7/4DO1l7/3MALWA7/2VEXT1R3I3/4I6O3/3FAG5N3/2PALL5I3/2IN1O5S3/1JUN1U5E3/1A1Y1THIEVES3 BDEEIOZ/MNNRSW? 347/295 0
seed: 1790813885
loaded config with command: cgp 11KARA/CRAMPIER1QUYTE1/R6U1I5/I2UNOFTEN5/T1VROW1H7/T6E1Z5/E6N1I5/R2BULLINg5/3E3C7/2VID10/2AGO10/2NYE10/2G3WOX6/SOSATIE8/6MALEATE2 DEEFLOO/AABDIJ? 392/336 0
seed: 1790813886
loaded config with command: cgp 15/15/15/G10GROK/I9GUE2/V2VOW3HUMF2/ES3OUTRO5/DO1HENNAED5/1L1E1TIPI6/1U1l11/1b1I10F/1L1A2LIPEMIA1E/1ENCREASE5E/1S1A4ROTINIS/2CLAXON6E ADDJRRY/ABBOQTT 400/356 0
seed: 1790813887
loaded config with command: cgp 7BEWRAYS1/5WOOF2E1P1/11R1I1/1E3A4QI1L1/GNaRLIER2EE1T1/1C3L4E2HM/1A3A2EGMA2a/1V3N1ILIAD2N/JIZ2TUND5I/1N2HO8T/1G1KOS8O/2VOX9U/2R1E10/2O1D10/2T12 EEIINOS/ADEPRSY 357/300 0
seed: 1790813888
loaded config with command: cgp 7ANIMATOr/1P9Q3/1R9U3/BORN6JA3/1B8EE3/1I2LI4F4/1T2INUREMENT2/AS1WODGE7/U3NY1FAV5/T1T1I10/O1H1Z10/CLEVeR9/U1Y1D10/E14/SIGIL10 CEIIORX/AEEOPST 363/285 0
seed: 1790813889
loaded config with command: cgp BRAWN10/4E10/4U10/4R4P5/4I4UR4/4T4BE4/4IT4a4/4COFT2L1C2/5W4LAH2/1Q3Z1N1YOK3/1A3E1I1UTE3/1N1AND1T1G1E3/JAVA3R1A5/UT1SENSORS5/D6X7 FIMOORY/GGIINSV 330/282 0
seed: 1790813890
loaded config with command: cgp 3T2KILL5/1DEORBIT7/3L11/3U11/3I11/3DROW8/3I1NOH7/3n2WIGS5/9U5/5HER1Q5/4POXIEST4/5NAM7/1ANATOMIC6/5R1N1ZOOEA1/7GRAPNELS CEEINUY/AEFIJRV 386/313 0
seed: 1790813891
loaded config with command: cgp 9F5/9L5/9OO4/9OUP3/9ITA3/1S6VEER3/1T6E1AM3/DARGA1QIN1R4/1U2WAI1DIN4/1M1UEY3N5/1R2DEVO1T5/1E5BAHOOKIE/1L7R5/9a5/9LOERIE EGHIJNZ/BCILOTW 314/237 0
seed: 1790813892
loaded config with command: cgp VROW3N2EZINE/1E1A1PREMAN1TOT/1B1FREEWARE4/JO1F3B1T1U3/AD6CLOP3/1Y7E1G3/8US1I3/6QINS1R3/8L2T3/8E6/8t6/8H6/8A6/8L6/15 DGIILY?/EHMRSTV 321/250 0
seed: 1790813893
loaded config with command: cgp 6INCAVO3/1T7N5/1A7T5/1W7R5/1P7UG4/1IT6MO4/1ER7O4/2I3WUZ1I4/2o4NAILERY1/1EXTENDS2Y4/2I4M7/JEDI3O7/2E4K7/7E7/UNFISHED7 EELOTUV/AGHLLQR 315/248 0
seed: 1790813894
loaded config with command: cgp 15/15/6P8/1KIEV1R1BIGOT2/4ANIMATOR3/3HEYS1WATT3/6T8/3ZYMIC7/3O2N8/3N1FED7/3AGO1I7/3LEU1GRUELERS/4OD1L7/7OVErBIDS/7T7 AAEIIIN/AOPSUX? 321/279 0
seed: 1790813895
loaded config with command: cgp EOTHEN9/3I11/3R7G3/3E7R3/3DZO4PO3/4IF3POW3/4N1ABORE4/4CUBE1IT4/4Y1YAWNS4/5FET1T5/3OXES8/D1TRIN9/HUIA2Q8/A1SLAVInG6/L14 AEMOORV/AADILNS 302/230 0
seed: 1790813896
loaded config with command: cgp 15/15/H14/O2GRIEF1TIDDLY/RORIE1WOVEN4/N6U5Q1/F6R3AIA1/EN5SATAY1TE/LI6BOGUE1Z/St2OXiDATE2HI/1I5U5ON/1N5C5WE/1O5K1JUICE1/1L5I7/7E7 ABEMOPT/AENPRST 354/293 0
seed: 1790813897
loaded config with command: cgp 7C2BEMIX/7O1JA2N1/7TUATUAS1/7E5I1/2GILLArOO3D1/7I1FAV1E1/7E5R1/1ONBEATS5S1/2YONI6Q2/3bESIEGE1MOZO/2VAW4FLYPE1/12H2/15/15/15 ACGIIRT/DDENPRW 396/329 0
seed: 1790813898
loaded config with command: cgp 14R/13BE/9G3LI/5FE2o3A1/4RAVIOLI2S1/5NO2D1S1H1/4AT1ACUTELY1/4FOLD1R1A3/3BOD3NET3/3OR4SIMA2/3ZE5NAW2/3O5DATE2/PIASTER1OU1EE2/8EX5/15 CEGGIKU/HNNNPV? 335/275 0
seed: 1790813899
loaded config with command: cgp 14L/13RE/12BON/12LOD/12IF1/9G2N2/4C1JAIL2T2/4HIOI1AVIZED/2QUINT2D2EE1/O3V1U2Y5/I2AY1N8/K2U11/I2R11/SPRANG9/T2R11 BCEEEOW/AEIRTW? 244/197 0
seed: 1790813900
loaded config with command: cgp 3UNLAW7/5OLEATE4/8ZOFTIG1/C6VOM1W3/oH9I3/GI9R3/NE5IN2P3/I3B2DUROY3/S1BROILER6/ED2G10/1R2Y3JEFE3/1O2MANDATES3/QUITED9/UT2N10/AH13 AEIOOV?/AEEILNS 364/317 0
seed: 1790813901
loaded config with command: cgp 15/15/15/15/4E10/4U10/L3T10/A2YAWLING5/VOM1X2NY6/1FOlIOUS7/4T2P3G3/F2QI2I3R3/OPTIC2R3O3/E5DEBUNKED1/N1SCReEDER1SHET ABLNRST/EEGNRUZ 318/269 0
seed: 1790813902
loaded config with command: cgp 3HARPY1S1F3/6R2A1I3/1ROJI1O2N1CUE1/3U2D2GOE3/3LA1I2HM4/3IT1G2AA4/3ER1A2T5/3TOLLERS5/4p10/4INCLUDES3/2V1N10/2OWE10/2GO11/2IO11/BEEF11 ADDEINT/ABOTWYZ 343/280 0
seed: 1790813903
loaded config with command: cgp 6JAI6/5GO1OUTTOLd/5AY8/5L9/4FA9/4EH9/2P1U10/CREWE1QIS5K/2E1DRIFT5R/2V4SEX3LA/1AI5DUCE1ON/VISIED5MONG/1AH10G1/13A1/9RETUNE EEIMPWZ/EILRRST 305/244 0
seed: 1790813904
loaded config with command: cgp 15/15/15/15/4JO9/F2OUT9/L2OKA9/AG1HERDS5OB/NAW2I1O5DE/1PI2D1Y1PST1DA/2G3AUGITE2V/2LaIRIZES3FE/1NE5NOINTER/OUT10MY/EN4SAUTERNE1 AAEHILO/CCIRVX? 345/292 1
seed: 1790813905
loaded config with command: cgp 15/15/4T10/3SOC9/3OKA9/3YOW9/3U8T2/LAzZO1QIN3I1F/1C2WEINER2D1U/VALUERS1TEINDED/1DOGS2REFT1I1G/HE5I3TE1Y/OM5V3UR2/AE5A3I3/X6L7 AAEIORS/EGHIJLN 364/301 0
seed: 1790813906
loaded config with command: cgp 7J7/7I1C5/5Q1N1L5/5U1N1O5/5EFS1AT4/5PI2KI4/6R1U1M4/6SUNLIT2O/6T1GED3V/6L1aWE3E/6Y1R1R3R/8B5A/8E5b/1AGO1AVIDIN3L/SWIPEY4AZINE AABHOTX/CEGMORS 329/271 0
seed: 1790813907
loaded config with command: cgp 7A7/7N7/6FEM3P2/6AWE3R2/4S1B1AGGRO2/4T3L3D2/4A1L1E3R2/4TOYER2COWY/4I1N1S3m2/4V1XI4AH1/3ZeE1M5O1/3I1U1BAGIE1I1/3L1O1E5E1/3A1I1D5D1/TUIS3S7 ENNNOQV/EEIRTTU 324/273 0
seed: 1790813908
loaded config with command: cgp BUM11B/I1OM1F8U/V1PITA8I/I2ZAP3FACIAL/A3N2R1I4D/4N2E1N5/4O2A1E5/4YOWL1E1QUEY/7T1R1U3/7O1E1E3/3ArSENIDES3/7E3O3/15/15/15 DEILNOT/GHHINOT 301/247 0
seed: 1790813909
loaded config with command: cgp 7A6F/1B1P3L6A/1ORANGIER5M/1V1T1E1Y2EA1WE/1I1THE1E2QI1I1/OD1YOK2POUTINE/C3N1JAI1I2D1/C2LOGIE2N2S1/U3U1Z3E2U1/R3R8R1/4S8fA/14D/14B/14O/14T AEEHORX/AFGLNOV 322/274 0
seed: 1790813910
loaded config with command: cgp 6ZECHIN2T/4EHED3O1OI/2GAMED1WEEVILY/5PAYOR1A1LI/4C6t1AN/4I6E1V1/4L2FUJIS2B/3RAGGA6A/4N2BETAINES/4T9K/4R9E/4O9T/8ORThROS/15/15 DEMPQWX/AINTUUU 379/321 0
seed: 1790813911
loaded config with command: cgp 15/15/15/P14/R1N12/OBO6V5/LAH3WAIL5/EN1M1JOE1ON4/1D1AVOW2GIRT2/QI1MILF3R4/UT1IF5L4/E2ED10/E3A10/NARASES8/Y2X1NTH7 EEGORRZ/BDNTTU? 288/218 0
seed: 1790813912
loaded config with command: cgp 14O/12FAM/12AE1/12UR1/12NO1/12AB1/5MODULO2O1/1COQUInA2DEPTH/2NIRLY5IS1/12G2/5BLENDERS2/2PAREIRA3T2/1FIX2NEWT2I2/KYTE8E2/A2DUG1NIHILS2 AEEISVV/AEJORT? 404/360 0
seed: 1790813913
loaded config with command: cgp 14P/9YONNIE/14n/14C/14E/7ALOO3L/7DINETTES/C2PUNTO7/ODDITY9/M2X1EATAGE4/M2I4BOWAT2/AH1E7DILL/SAV12/1G1RAURiKI5/OGEE11 EEFHIRZ/ABEFIQR 299/231 0
seed: 1790813914
loaded config with command: cgp 15/15/15/4Q10/4UVEA1ARGULI/4O2JUN5/4TOZE4F2/3AIYEE3FISH/3DEEP5B2/4N1sCARPHs1I/4T6I2O/BAWDS6O2D/L10I2A/I7CORSLET/T13E AIKNNTW/AELORRT 293/234 0
seed: 1790813915
loaded config with command: cgp NABE1AUDINGS3/1WITHY9/4U10/3QI10/3A11/2ST1B6M2/2I2L6I2/1ENGLObE4S2/2E2O1V4T2/2C2K1I4R2/2U3PLATEMAN1/ZARF3L4I2/O1E3VEX3N2/O6s7/T6T7 EHIRRUW/DEGINOR 387/334 0
seed: 1790813916
loaded config with command: cgp P14/R9B2D1/E5PUCELaGE1/d8AUGITE/R3M5I2O1/I2CAVORTED1OX1/L3N5Y1B2/LOORD1QI3MEZE/4REIFY3I2/1K2E2FANWISE1/1R2L7A2/VASTS7N2/1U10T2/1T13/15 AAEHIOW/AAEHNOS 417/354 0
seed: 1790813917
loaded config with command: cgp A6R7/T6E1A5/I2WOOFS1D1C3/MIAOW2P1A1L3/Y2KERVING1E3/7R1EMU2Q/7E2AG2U/5ARDRIGHS1A/10L1NOD/10E1OX1/10V1OOP/12Z1U/12E1N/12R1C/6TABBIEs1E ADEEIJS/EFHILTY 393/320 0
seed: 1790813918
loaded config with command: cgp 2Y12/2OF11/2DOF10/3XI10/4C10/4OK7E1/5N4E2R1/3PROWAR1p2R1/5L4I2A1/5L4C2N1/2BOASTED1E2T1/7HINDERs1/10E4/4ROYALISE3/5PEW3MAIM AEGLNSV/EIINQTZ 320/248 0
seed: 1790813919
loaded config with command: cgp 15/T14/R14/O14/V14/EKED5Q5/R1WOX4I5/SI1FULMARS5/1N3O1N7/1C3T1T7/1EM1OH1I7/1DI1LA1q7/ZED1ER1UPSTOOD1/Ed2AI1E7/A4O1Y7 ABCEEGJ/AGIIINR 326/271 0
seed: 1790813920
