loaded config with command: set -threads 1 -savesettings false -hr false -numplays 15 -ima 0 -minp 100 -autosave false -fgrequired false
seed: 1785256473
loaded config with command: set -lex CSW24 -k1 CSW24 -k2 CSW24 -wmp true -rit true -ritmmap true -wit true -winpct winpct -s1 equity -s2 equity -r1 all -r2 all -numplays 15 -plies 2 -tlim 0.10000000000000001 -it 2147483647 -minplayiterations 100000 -sinfer false -threads 8 -pfrequency 0 -hr false -savesettings false -autosavegcg false -fgrequired false -klv3fallback -1 -seed 5425806429448716611
seed: 5425806429448716611

   ＡＢＣＤＥＦＧＨＩＪＫＬＭＮＯ  ➤ Player 1           0
  ┏━━━━━━━━━━━━━━━━━━━━━━━━━━━━━━┓   Player 2           0
 1┃＝　　＇　　　＝　　　＇　　＝┃   
 2┃　－　　　＂　　　＂　　　－　┃   Unseen: 100 (42v | 56c)
 3┃　　－　　　＇　＇　　　－　　┃   ? ? A A A A A A A A 
 4┃＇　　－　　　＇　　　－　　＇┃   A B B C C D D D D E 
 5┃　　　　－　　　　　－　　　　┃   E E E E E E E E E E 
 6┃　＂　　　＂　　　＂　　　＂　┃   E F F G G G H H I I 
 7┃　　＇　　　＇　＇　　　＇　　┃   I I I I I I I J K L 
 8┃＝　　＇　　　－　　　＇　　＝┃   L L L M M N N N N N 
 9┃　　＇　　　＇　＇　　　＇　　┃   N O O O O O O O O P 
10┃　＂　　　＂　　　＂　　　＂　┃   P Q R R R R R R S S 
11┃　　　　－　　　　　－　　　　┃   S S T T T T T T U U 
12┃＇　　－　　　＇　　　－　　＇┃   U U V V W W X Y Y Z 
13┃　　－　　　＇　＇　　　－　　┃   
14┃　－　　　＂　　　＂　　　－　┃   
15┃＝　　＇　　　＝　　　＇　　＝┃   
  ┗━━━━━━━━━━━━━━━━━━━━━━━━━━━━━━┛ 

loaded config with command: newgame
seed: 5425806429448716612
loaded config with command: rack AEINRST
seed: 5425806429448716613
   ＡＢＣＤＥＦＧＨＩＪＫＬＭＮＯ  ➤ Player 1  AEINRST  0    1:   8B ANESTRI  66 66.00 
  ┏━━━━━━━━━━━━━━━━━━━━━━━━━━━━━━┓   Player 2           0    2:   8C RATINES  66 66.00 
 1┃＝　　＇　　　＝　　　＇　　＝┃                           3:   8C RETINAS  66 66.00 
 2┃　－　　　＂　　　＂　　　－　┃   Unseen: 93 (39v | 52c)  4:   8C STAINER  66 66.00 
 3┃　　－　　　＇　＇　　　－　　┃   ? ? A A A A A A A A     5:   8C STEARIN  66 66.00 
 4┃＇　　－　　　＇　　　－　　＇┃   B B C C D D D D E E     6:   8D ANESTRI  66 66.00 
 5┃　　　　－　　　　　－　　　　┃   E E E E E E E E E F     7:   8D RETSINA  66 66.00 
 6┃　＂　　　＂　　　＂　　　＂　┃   F G G G H H I I I I     8:   8F ANESTRI  66 66.00 
 7┃　　＇　　　＇　＇　　　＇　　┃   I I I I J K L L L L     9:   8F ANTSIER  66 66.00 
 8┃＝　　＇　　　－　　　＇　　＝┃   M M N N N N N O O O     10:  8F STARNIE  66 66.00 
 9┃　　＇　　　＇　＇　　　＇　　┃   O O O O O P P Q R R     11:  8G NASTIER  66 66.00 
10┃　＂　　　＂　　　＂　　　＂　┃   R R R S S S T T T T     12:  8G RATINES  66 66.00 
11┃　　　　－　　　　　－　　　　┃   T U U U U V V W W X     13:  8G RESIANT  66 66.00 
12┃＇　　－　　　＇　　　－　　＇┃   Y Y Z                   14:  8G RETAINS  66 66.00 
13┃　　－　　　＇　＇　　　－　　┃                           15:  8G RETINAS  66 66.00 
14┃　－　　　＂　　　＂　　　－　┃                           
15┃＝　　＇　　　＝　　　＇　　＝┃                           Showing 15 of 15 plays
  ┗━━━━━━━━━━━━━━━━━━━━━━━━━━━━━━┛                           
                                                             
                                                             
loaded config with command: generate
seed: 5425806429448716614
loaded config with command: set -threads 1 -savesettings false -hr false -numplays 15 -ima 0 -minp 100 -autosave false -fgrequired false
seed: 1785256473
loaded config with command: set -lex CSW24 -k1 CSW24_klv3_ctx400 -k2 CSW24_klv3_ctx400 -wmp true -rit true -ritmmap true -wit true -winpct winpct -s1 equity -s2 equity -r1 all -r2 all -numplays 15 -plies 2 -tlim 0.10000000000000001 -it 2147483647 -minplayiterations 100000 -sinfer false -threads 8 -pfrequency 0 -hr false -savesettings false -autosavegcg false -fgrequired false -klv3fallback -1 -seed 5425806429448716611
seed: 5425806429448716611

   ＡＢＣＤＥＦＧＨＩＪＫＬＭＮＯ  ➤ Player 1           0
  ┏━━━━━━━━━━━━━━━━━━━━━━━━━━━━━━┓   Player 2           0
 1┃＝　　＇　　　＝　　　＇　　＝┃   
 2┃　－　　　＂　　　＂　　　－　┃   Unseen: 100 (42v | 56c)
 3┃　　－　　　＇　＇　　　－　　┃   ? ? A A A A A A A A 
 4┃＇　　－　　　＇　　　－　　＇┃   A B B C C D D D D E 
 5┃　　　　－　　　　　－　　　　┃   E E E E E E E E E E 
 6┃　＂　　　＂　　　＂　　　＂　┃   E F F G G G H H I I 
 7┃　　＇　　　＇　＇　　　＇　　┃   I I I I I I I J K L 
 8┃＝　　＇　　　－　　　＇　　＝┃   L L L M M N N N N N 
 9┃　　＇　　　＇　＇　　　＇　　┃   N O O O O O O O O P 
10┃　＂　　　＂　　　＂　　　＂　┃   P Q R R R R R R S S 
11┃　　　　－　　　　　－　　　　┃   S S T T T T T T U U 
12┃＇　　－　　　＇　　　－　　＇┃   U U V V W W X Y Y Z 
13┃　　－　　　＇　＇　　　－　　┃   
14┃　－　　　＂　　　＂　　　－　┃   
15┃＝　　＇　　　＝　　　＇　　＝┃   
  ┗━━━━━━━━━━━━━━━━━━━━━━━━━━━━━━┛ 

loaded config with command: newgame
seed: 5425806429448716612
loaded config with command: rack AEINRST
seed: 5425806429448716613
   ＡＢＣＤＥＦＧＨＩＪＫＬＭＮＯ  ➤ Player 1  AEINRST  0    1:   8B ANESTRI  66 66.00 
  ┏━━━━━━━━━━━━━━━━━━━━━━━━━━━━━━┓   Player 2           0    2:   8C RATINES  66 66.00 
 1┃＝　　＇　　　＝　　　＇　　＝┃                           3:   8C RETINAS  66 66.00 
 2┃　－　　　＂　　　＂　　　－　┃   Unseen: 93 (39v | 52c)  4:   8C STAINER  66 66.00 
 3┃　　－　　　＇　＇　　　－　　┃   ? ? A A A A A A A A     5:   8C STEARIN  66 66.00 
 4┃＇　　－　　　＇　　　－　　＇┃   B B C C D D D D E E     6:   8D ANESTRI  66 66.00 
 5┃　　　　－　　　　　－　　　　┃   E E E E E E E E E F     7:   8D RETSINA  66 66.00 
 6┃　＂　　　＂　　　＂　　　＂　┃   F G G G H H I I I I     8:   8F ANESTRI  66 66.00 
 7┃　　＇　　　＇　＇　　　＇　　┃   I I I I J K L L L L     9:   8F ANTSIER  66 66.00 
 8┃＝　　＇　　　－　　　＇　　＝┃   M M N N N N N O O O     10:  8F STARNIE  66 66.00 
 9┃　　＇　　　＇　＇　　　＇　　┃   O O O O O P P Q R R     11:  8G NASTIER  66 66.00 
10┃　＂　　　＂　　　＂　　　＂　┃   R R R S S S T T T T     12:  8G RATINES  66 66.00 
11┃　　　　－　　　　　－　　　　┃   T U U U U V V W W X     13:  8G RESIANT  66 66.00 
12┃＇　　－　　　＇　　　－　　＇┃   Y Y Z                   14:  8G RETAINS  66 66.00 
13┃　　－　　　＇　＇　　　－　　┃                           15:  8G RETINAS  66 66.00 
14┃　－　　　＂　　　＂　　　－　┃                           
15┃＝　　＇　　　＝　　　＇　　＝┃                           Showing 15 of 15 plays
  ┗━━━━━━━━━━━━━━━━━━━━━━━━━━━━━━┛                           
                                                             
                                                             
loaded config with command: generate
seed: 5425806429448716614
COMBINED_SWEEP_CONFIG files=obj/depth-crossover-panel-bag50-pos30200-30399-20260728.log skip_positions=0 max_positions=64 node_budget_per_position=3000000 total_iterations=600000 sim_plies=4 selector=klv3_plus_positional similarity_check_plays=10 adjustment_scale_thousandths=750 rollout=klv2 horizon_leave=klv2 sampling_rule=top_two_ids cells=1 wall_seconds=0.000
COMBINED_SWEEP_POSITION position=30202 game=8516 bag=86 num_plies=4 num_plays=60 min_play_iterations=1000 selected_source_rank=0 oracle_best_source_rank=1 candidate_best_source_rank=1 candidate_regret=0.000000000 sampling_regret=0.061656136 total_regret=0.061656136 spread_delta=-13.148437500 iterations=600000 nodes=3000000 node_shortfall=0
COMBINED_SWEEP_POSITION position=30203 game=8516 bag=81 num_plies=4 num_plays=60 min_play_iterations=1000 selected_source_rank=0 oracle_best_source_rank=1 candidate_best_source_rank=1 candidate_regret=0.000000000 sampling_regret=0.023128110 total_regret=0.023128110 spread_delta=-1.335937500 iterations=600000 nodes=3000000 node_shortfall=0
COMBINED_SWEEP_POSITION position=30204 game=8516 bag=74 num_plies=4 num_plays=60 min_play_iterations=1000 selected_source_rank=0 oracle_best_source_rank=0 candidate_best_source_rank=0 candidate_regret=0.000000000 sampling_regret=0.000000000 total_regret=0.000000000 spread_delta=+0.000000000 iterations=600000 nodes=3000000 node_shortfall=0
COMBINED_SWEEP_POSITION position=30205 game=8516 bag=70 num_plies=4 num_plays=60 min_play_iterations=1000 selected_source_rank=0 oracle_best_source_rank=2 candidate_best_source_rank=2 candidate_regret=0.000000000 sampling_regret=0.026038249 total_regret=0.026038249 spread_delta=-7.382812500 iterations=600000 nodes=3000000 node_shortfall=0
COMBINED_SWEEP_POSITION position=30206 game=8516 bag=70 num_plies=4 num_plays=60 min_play_iterations=1000 selected_source_rank=1 oracle_best_source_rank=1 candidate_best_source_rank=1 candidate_regret=0.000000000 sampling_regret=0.000000000 total_regret=0.000000000 spread_delta=+0.000000000 iterations=600000 nodes=3000000 node_shortfall=0
COMBINED_SWEEP_POSITION position=30207 game=8516 bag=67 num_plies=4 num_plays=60 min_play_iterations=1000 selected_source_rank=0 oracle_best_source_rank=0 candidate_best_source_rank=0 candidate_regret=0.000000000 sampling_regret=0.000000000 total_regret=0.000000000 spread_delta=+0.000000000 iterations=600000 nodes=3000000 node_shortfall=0
COMBINED_SWEEP_POSITION position=30208 game=8516 bag=60 num_plies=4 num_plays=60 min_play_iterations=1000 selected_source_rank=0 oracle_best_source_rank=44 candidate_best_source_rank=44 candidate_regret=0.000000000 sampling_regret=0.000369763 total_regret=0.000369763 spread_delta=+8.000000000 iterations=600000 nodes=3000000 node_shortfall=0
COMBINED_SWEEP_POSITION position=30209 game=8516 bag=56 num_plies=4 num_plays=60 min_play_iterations=1000 selected_source_rank=0 oracle_best_source_rank=0 candidate_best_source_rank=0 candidate_regret=0.000000000 sampling_regret=0.000000000 total_regret=0.000000000 spread_delta=+0.000000000 iterations=600000 nodes=3000000 node_shortfall=0
COMBINED_SWEEP_POSITION position=30215 game=8517 bag=86 num_plies=4 num_plays=60 min_play_iterations=1000 selected_source_rank=1 oracle_best_source_rank=0 candidate_best_source_rank=0 candidate_regret=0.000000000 sampling_regret=0.026943598 total_regret=0.026943598 spread_delta=+8.476562500 iterations=600000 nodes=3000000 node_shortfall=0
COMBINED_SWEEP_POSITION position=30216 game=8517 bag=79 num_plies=4 num_plays=60 min_play_iterations=1000 selected_source_rank=0 oracle_best_source_rank=0 candidate_best_source_rank=0 candidate_regret=0.000000000 sampling_regret=0.000000000 total_regret=0.000000000 spread_delta=+0.000000000 iterations=600000 nodes=3000000 node_shortfall=0
COMBINED_SWEEP_POSITION position=30217 game=8517 bag=72 num_plies=4 num_plays=60 min_play_iterations=1000 selected_source_rank=0 oracle_best_source_rank=5 candidate_best_source_rank=5 candidate_regret=0.000000000 sampling_regret=0.005921684 total_regret=0.005921684 spread_delta=-7.554687500 iterations=600000 nodes=3000000 node_shortfall=0
COMBINED_SWEEP_POSITION position=30218 game=8517 bag=66 num_plies=4 num_plays=60 min_play_iterations=1000 selected_source_rank=1 oracle_best_source_rank=14 candidate_best_source_rank=14 candidate_regret=0.000000000 sampling_regret=0.048005520 total_regret=0.048005520 spread_delta=-3.371093750 iterations=600000 nodes=3000000 node_shortfall=0
COMBINED_SWEEP_POSITION position=30219 game=8517 bag=62 num_plies=4 num_plays=60 min_play_iterations=1000 selected_source_rank=0 oracle_best_source_rank=0 candidate_best_source_rank=0 candidate_regret=0.000000000 sampling_regret=0.000000000 total_regret=0.000000000 spread_delta=+0.000000000 iterations=600000 nodes=3000000 node_shortfall=0
COMBINED_SWEEP_POSITION position=30220 game=8517 bag=55 num_plies=4 num_plays=60 min_play_iterations=1000 selected_source_rank=0 oracle_best_source_rank=0 candidate_best_source_rank=0 candidate_regret=0.000000000 sampling_regret=0.000000000 total_regret=0.000000000 spread_delta=+0.000000000 iterations=600000 nodes=3000000 node_shortfall=0
COMBINED_SWEEP_POSITION position=30221 game=8517 bag=50 num_plies=4 num_plays=60 min_play_iterations=1000 selected_source_rank=0 oracle_best_source_rank=2 candidate_best_source_rank=2 candidate_regret=0.000000000 sampling_regret=0.016036687 total_regret=0.016036687 spread_delta=-0.585937500 iterations=600000 nodes=3000000 node_shortfall=0
COMBINED_SWEEP_POSITION position=30227 game=8518 bag=86 num_plies=4 num_plays=60 min_play_iterations=1000 selected_source_rank=0 oracle_best_source_rank=0 candidate_best_source_rank=0 candidate_regret=0.000000000 sampling_regret=0.000000000 total_regret=0.000000000 spread_delta=+0.000000000 iterations=600000 nodes=3000000 node_shortfall=0
COMBINED_SWEEP_POSITION position=30228 game=8518 bag=81 num_plies=4 num_plays=60 min_play_iterations=1000 selected_source_rank=0 oracle_best_source_rank=5 candidate_best_source_rank=5 candidate_regret=0.000000000 sampling_regret=0.053340923 total_regret=0.053340923 spread_delta=-6.339843750 iterations=600000 nodes=3000000 node_shortfall=0
COMBINED_SWEEP_POSITION position=30229 game=8518 bag=76 num_plies=4 num_plays=60 min_play_iterations=1000 selected_source_rank=0 oracle_best_source_rank=0 candidate_best_source_rank=0 candidate_regret=0.000000000 sampling_regret=0.000000000 total_regret=0.000000000 spread_delta=+0.000000000 iterations=600000 nodes=3000000 node_shortfall=0
COMBINED_SWEEP_POSITION position=30230 game=8518 bag=72 num_plies=4 num_plays=60 min_play_iterations=1000 selected_source_rank=0 oracle_best_source_rank=20 candidate_best_source_rank=20 candidate_regret=0.000000000 sampling_regret=0.021546648 total_regret=0.021546648 spread_delta=-6.339843750 iterations=600000 nodes=3000000 node_shortfall=0
COMBINED_SWEEP_POSITION position=30231 game=8518 bag=69 num_plies=4 num_plays=60 min_play_iterations=1000 selected_source_rank=0 oracle_best_source_rank=0 candidate_best_source_rank=0 candidate_regret=0.000000000 sampling_regret=0.000000000 total_regret=0.000000000 spread_delta=+0.000000000 iterations=600000 nodes=3000000 node_shortfall=0
COMBINED_SWEEP_POSITION position=30232 game=8518 bag=62 num_plies=4 num_plays=60 min_play_iterations=1000 selected_source_rank=0 oracle_best_source_rank=0 candidate_best_source_rank=0 candidate_regret=0.000000000 sampling_regret=0.000000000 total_regret=0.000000000 spread_delta=+0.000000000 iterations=600000 nodes=3000000 node_shortfall=0
COMBINED_SWEEP_POSITION position=30233 game=8518 bag=57 num_plies=4 num_plays=60 min_play_iterations=1000 selected_source_rank=0 oracle_best_source_rank=0 candidate_best_source_rank=0 candidate_regret=0.000000000 sampling_regret=0.000000000 total_regret=0.000000000 spread_delta=+0.000000000 iterations=600000 nodes=3000000 node_shortfall=0
COMBINED_SWEEP_POSITION position=30234 game=8518 bag=54 num_plies=4 num_plays=60 min_play_iterations=1000 selected_source_rank=0 oracle_best_source_rank=4 candidate_best_source_rank=4 candidate_regret=0.000000000 sampling_regret=0.010357072 total_regret=0.010357072 spread_delta=-4.738281250 iterations=600000 nodes=3000000 node_shortfall=0
COMBINED_SWEEP_POSITION position=30235 game=8518 bag=50 num_plies=4 num_plays=60 min_play_iterations=1000 selected_source_rank=2 oracle_best_source_rank=5 candidate_best_source_rank=5 candidate_regret=0.000000000 sampling_regret=0.043687986 total_regret=0.043687986 spread_delta=-5.132812500 iterations=600000 nodes=3000000 node_shortfall=0
COMBINED_SWEEP_POSITION position=30239 game=8519 bag=86 num_plies=4 num_plays=60 min_play_iterations=1000 selected_source_rank=2 oracle_best_source_rank=1 candidate_best_source_rank=1 candidate_regret=0.000000000 sampling_regret=0.010579651 total_regret=0.010579651 spread_delta=+0.925781250 iterations=600000 nodes=3000000 node_shortfall=0
COMBINED_SWEEP_POSITION position=30240 game=8519 bag=79 num_plies=4 num_plays=60 min_play_iterations=1000 selected_source_rank=5 oracle_best_source_rank=25 candidate_best_source_rank=25 candidate_regret=0.000000000 sampling_regret=0.035814319 total_regret=0.035814319 spread_delta=-5.062500000 iterations=600000 nodes=3000000 node_shortfall=0
COMBINED_SWEEP_POSITION position=30241 game=8519 bag=76 num_plies=4 num_plays=60 min_play_iterations=1000 selected_source_rank=0 oracle_best_source_rank=0 candidate_best_source_rank=0 candidate_regret=0.000000000 sampling_regret=0.000000000 total_regret=0.000000000 spread_delta=+0.000000000 iterations=600000 nodes=3000000 node_shortfall=0
COMBINED_SWEEP_POSITION position=30242 game=8519 bag=72 num_plies=4 num_plays=60 min_play_iterations=1000 selected_source_rank=0 oracle_best_source_rank=8 candidate_best_source_rank=8 candidate_regret=0.000000000 sampling_regret=0.024977199 total_regret=0.024977199 spread_delta=-4.355468750 iterations=600000 nodes=3000000 node_shortfall=0
COMBINED_SWEEP_POSITION position=30243 game=8519 bag=69 num_plies=4 num_plays=60 min_play_iterations=1000 selected_source_rank=1 oracle_best_source_rank=5 candidate_best_source_rank=5 candidate_regret=0.000000000 sampling_regret=0.078419133 total_regret=0.078419133 spread_delta=-17.824218750 iterations=600000 nodes=3000000 node_shortfall=0
COMBINED_SWEEP_POSITION position=30244 game=8519 bag=64 num_plies=4 num_plays=60 min_play_iterations=1000 selected_source_rank=0 oracle_best_source_rank=0 candidate_best_source_rank=0 candidate_regret=0.000000000 sampling_regret=0.000000000 total_regret=0.000000000 spread_delta=+0.000000000 iterations=600000 nodes=3000000 node_shortfall=0
COMBINED_SWEEP_POSITION position=30245 game=8519 bag=57 num_plies=4 num_plays=60 min_play_iterations=1000 selected_source_rank=2 oracle_best_source_rank=1 candidate_best_source_rank=1 candidate_regret=0.000000000 sampling_regret=0.003105691 total_regret=0.003105691 spread_delta=+4.628906250 iterations=600000 nodes=3000000 node_shortfall=0
COMBINED_SWEEP_POSITION position=30246 game=8519 bag=54 num_plies=4 num_plays=60 min_play_iterations=1000 selected_source_rank=2 oracle_best_source_rank=1 candidate_best_source_rank=1 candidate_regret=0.000000000 sampling_regret=0.045235034 total_regret=0.045235034 spread_delta=-11.046875000 iterations=600000 nodes=3000000 node_shortfall=0
COMBINED_SWEEP_POSITION position=30252 game=8520 bag=86 num_plies=4 num_plays=60 min_play_iterations=1000 selected_source_rank=0 oracle_best_source_rank=0 candidate_best_source_rank=0 candidate_regret=0.000000000 sampling_regret=0.000000000 total_regret=0.000000000 spread_delta=+0.000000000 iterations=600000 nodes=3000000 node_shortfall=0
COMBINED_SWEEP_POSITION position=30253 game=8520 bag=80 num_plies=4 num_plays=60 min_play_iterations=1000 selected_source_rank=0 oracle_best_source_rank=1 candidate_best_source_rank=1 candidate_regret=0.000000000 sampling_regret=0.022547425 total_regret=0.022547425 spread_delta=+0.882812500 iterations=600000 nodes=3000000 node_shortfall=0
COMBINED_SWEEP_POSITION position=30254 game=8520 bag=74 num_plies=4 num_plays=60 min_play_iterations=1000 selected_source_rank=0 oracle_best_source_rank=19 candidate_best_source_rank=19 candidate_regret=0.000000000 sampling_regret=0.022739987 total_regret=0.022739987 spread_delta=-4.054687500 iterations=600000 nodes=3000000 node_shortfall=0
COMBINED_SWEEP_POSITION position=30255 game=8520 bag=71 num_plies=4 num_plays=60 min_play_iterations=1000 selected_source_rank=0 oracle_best_source_rank=1 candidate_best_source_rank=1 candidate_regret=0.000000000 sampling_regret=0.013539401 total_regret=0.013539401 spread_delta=-0.304687500 iterations=600000 nodes=3000000 node_shortfall=0
COMBINED_SWEEP_POSITION position=30256 game=8520 bag=69 num_plies=4 num_plays=60 min_play_iterations=1000 selected_source_rank=7 oracle_best_source_rank=0 candidate_best_source_rank=0 candidate_regret=0.000000000 sampling_regret=0.010155944 total_regret=0.010155944 spread_delta=-7.042968750 iterations=600000 nodes=3000000 node_shortfall=0
COMBINED_SWEEP_POSITION position=30257 game=8520 bag=63 num_plies=4 num_plays=60 min_play_iterations=1000 selected_source_rank=0 oracle_best_source_rank=0 candidate_best_source_rank=0 candidate_regret=0.000000000 sampling_regret=0.000000000 total_regret=0.000000000 spread_delta=+0.000000000 iterations=600000 nodes=3000000 node_shortfall=0
COMBINED_SWEEP_POSITION position=30258 game=8520 bag=56 num_plies=4 num_plays=60 min_play_iterations=1000 selected_source_rank=0 oracle_best_source_rank=0 candidate_best_source_rank=0 candidate_regret=0.000000000 sampling_regret=0.000000000 total_regret=0.000000000 spread_delta=+0.000000000 iterations=600000 nodes=3000000 node_shortfall=0
COMBINED_SWEEP_POSITION position=30259 game=8520 bag=51 num_plies=4 num_plays=60 min_play_iterations=1000 selected_source_rank=0 oracle_best_source_rank=0 candidate_best_source_rank=0 candidate_regret=0.000000000 sampling_regret=0.000000000 total_regret=0.000000000 spread_delta=+0.000000000 iterations=600000 nodes=3000000 node_shortfall=0
COMBINED_SWEEP_POSITION position=30265 game=8521 bag=86 num_plies=4 num_plays=60 min_play_iterations=1000 selected_source_rank=6 oracle_best_source_rank=7 candidate_best_source_rank=7 candidate_regret=0.000000000 sampling_regret=0.006636894 total_regret=0.006636894 spread_delta=+4.019531250 iterations=600000 nodes=3000000 node_shortfall=0
COMBINED_SWEEP_POSITION position=30266 game=8521 bag=81 num_plies=4 num_plays=60 min_play_iterations=1000 selected_source_rank=0 oracle_best_source_rank=3 candidate_best_source_rank=3 candidate_regret=0.000000000 sampling_regret=0.032200919 total_regret=0.032200919 spread_delta=-8.171875000 iterations=600000 nodes=3000000 node_shortfall=0
COMBINED_SWEEP_POSITION position=30267 game=8521 bag=74 num_plies=4 num_plays=60 min_play_iterations=1000 selected_source_rank=0 oracle_best_source_rank=9 candidate_best_source_rank=9 candidate_regret=0.000000000 sampling_regret=0.046508460 total_regret=0.046508460 spread_delta=-2.101562500 iterations=600000 nodes=3000000 node_shortfall=0
COMBINED_SWEEP_POSITION position=30268 game=8521 bag=68 num_plies=4 num_plays=60 min_play_iterations=1000 selected_source_rank=0 oracle_best_source_rank=0 candidate_best_source_rank=0 candidate_regret=0.000000000 sampling_regret=0.000000000 total_regret=0.000000000 spread_delta=+0.000000000 iterations=600000 nodes=3000000 node_shortfall=0
COMBINED_SWEEP_POSITION position=30269 game=8521 bag=61 num_plies=4 num_plays=60 min_play_iterations=1000 selected_source_rank=1 oracle_best_source_rank=1 candidate_best_source_rank=1 candidate_regret=0.000000000 sampling_regret=0.000000000 total_regret=0.000000000 spread_delta=+0.000000000 iterations=600000 nodes=3000000 node_shortfall=0
COMBINED_SWEEP_POSITION position=30270 game=8521 bag=58 num_plies=4 num_plays=60 min_play_iterations=1000 selected_source_rank=3 oracle_best_source_rank=3 candidate_best_source_rank=3 candidate_regret=0.000000000 sampling_regret=0.000000000 total_regret=0.000000000 spread_delta=+0.000000000 iterations=600000 nodes=3000000 node_shortfall=0
COMBINED_SWEEP_POSITION position=30271 game=8521 bag=54 num_plies=4 num_plays=60 min_play_iterations=1000 selected_source_rank=0 oracle_best_source_rank=0 candidate_best_source_rank=0 candidate_regret=0.000000000 sampling_regret=0.000000000 total_regret=0.000000000 spread_delta=+0.000000000 iterations=600000 nodes=3000000 node_shortfall=0
COMBINED_SWEEP_POSITION position=30277 game=8522 bag=86 num_plies=4 num_plays=60 min_play_iterations=1000 selected_source_rank=0 oracle_best_source_rank=5 candidate_best_source_rank=5 candidate_regret=0.000000000 sampling_regret=0.002909300 total_regret=0.002909300 spread_delta=+1.703125000 iterations=600000 nodes=3000000 node_shortfall=0
COMBINED_SWEEP_POSITION position=30278 game=8522 bag=83 num_plies=4 num_plays=60 min_play_iterations=1000 selected_source_rank=0 oracle_best_source_rank=12 candidate_best_source_rank=12 candidate_regret=0.000000000 sampling_regret=0.019439953 total_regret=0.019439953 spread_delta=+0.867187500 iterations=600000 nodes=3000000 node_shortfall=0
COMBINED_SWEEP_POSITION position=30279 game=8522 bag=76 num_plies=4 num_plays=60 min_play_iterations=1000 selected_source_rank=42 oracle_best_source_rank=2 candidate_best_source_rank=2 candidate_regret=0.000000000 sampling_regret=0.039185781 total_regret=0.039185781 spread_delta=-2.953125000 iterations=600000 nodes=3000000 node_shortfall=0
COMBINED_SWEEP_POSITION position=30280 game=8522 bag=73 num_plies=4 num_plays=60 min_play_iterations=1000 selected_source_rank=0 oracle_best_source_rank=5 candidate_best_source_rank=5 candidate_regret=0.000000000 sampling_regret=0.040743501 total_regret=0.040743501 spread_delta=-6.453125000 iterations=600000 nodes=3000000 node_shortfall=0
COMBINED_SWEEP_POSITION position=30281 game=8522 bag=69 num_plies=4 num_plays=60 min_play_iterations=1000 selected_source_rank=0 oracle_best_source_rank=0 candidate_best_source_rank=0 candidate_regret=0.000000000 sampling_regret=0.000000000 total_regret=0.000000000 spread_delta=+0.000000000 iterations=600000 nodes=3000000 node_shortfall=0
COMBINED_SWEEP_POSITION position=30282 game=8522 bag=62 num_plies=4 num_plays=60 min_play_iterations=1000 selected_source_rank=0 oracle_best_source_rank=0 candidate_best_source_rank=0 candidate_regret=0.000000000 sampling_regret=0.000000000 total_regret=0.000000000 spread_delta=+0.000000000 iterations=600000 nodes=3000000 node_shortfall=0
COMBINED_SWEEP_POSITION position=30283 game=8522 bag=55 num_plies=4 num_plays=60 min_play_iterations=1000 selected_source_rank=0 oracle_best_source_rank=0 candidate_best_source_rank=0 candidate_regret=0.000000000 sampling_regret=0.000000000 total_regret=0.000000000 spread_delta=+0.000000000 iterations=600000 nodes=3000000 node_shortfall=0
COMBINED_SWEEP_POSITION position=30284 game=8522 bag=51 num_plies=4 num_plays=60 min_play_iterations=1000 selected_source_rank=0 oracle_best_source_rank=5 candidate_best_source_rank=5 candidate_regret=0.000000000 sampling_regret=0.025613582 total_regret=0.025613582 spread_delta=-0.894531250 iterations=600000 nodes=3000000 node_shortfall=0
COMBINED_SWEEP_POSITION position=30290 game=8523 bag=86 num_plies=4 num_plays=60 min_play_iterations=1000 selected_source_rank=5 oracle_best_source_rank=35 candidate_best_source_rank=35 candidate_regret=0.000000000 sampling_regret=0.043301224 total_regret=0.043301224 spread_delta=-4.578125000 iterations=600000 nodes=3000000 node_shortfall=0
COMBINED_SWEEP_POSITION position=30291 game=8523 bag=83 num_plies=4 num_plays=60 min_play_iterations=1000 selected_source_rank=12 oracle_best_source_rank=6 candidate_best_source_rank=6 candidate_regret=0.000000000 sampling_regret=0.004195513 total_regret=0.004195513 spread_delta=-3.441406250 iterations=600000 nodes=3000000 node_shortfall=0
COMBINED_SWEEP_POSITION position=30292 game=8523 bag=78 num_plies=4 num_plays=60 min_play_iterations=1000 selected_source_rank=0 oracle_best_source_rank=7 candidate_best_source_rank=7 candidate_regret=0.000000000 sampling_regret=0.006625180 total_regret=0.006625180 spread_delta=+3.632812500 iterations=600000 nodes=3000000 node_shortfall=0
COMBINED_SWEEP_POSITION position=30293 game=8523 bag=71 num_plies=4 num_plays=60 min_play_iterations=1000 selected_source_rank=0 oracle_best_source_rank=4 candidate_best_source_rank=4 candidate_regret=0.000000000 sampling_regret=0.018432236 total_regret=0.018432236 spread_delta=-3.988281250 iterations=600000 nodes=3000000 node_shortfall=0
COMBINED_SWEEP_POSITION position=30294 game=8523 bag=67 num_plies=4 num_plays=60 min_play_iterations=1000 selected_source_rank=1 oracle_best_source_rank=12 candidate_best_source_rank=12 candidate_regret=0.000000000 sampling_regret=0.010647555 total_regret=0.010647555 spread_delta=-4.191406250 iterations=600000 nodes=3000000 node_shortfall=0
COMBINED_SWEEP_POSITION position=30295 game=8523 bag=64 num_plies=4 num_plays=60 min_play_iterations=1000 selected_source_rank=0 oracle_best_source_rank=3 candidate_best_source_rank=3 candidate_regret=0.000000000 sampling_regret=0.023462257 total_regret=0.023462257 spread_delta=-9.796875000 iterations=600000 nodes=3000000 node_shortfall=0
COMBINED_SWEEP_POSITION position=30296 game=8523 bag=62 num_plies=4 num_plays=60 min_play_iterations=1000 selected_source_rank=2 oracle_best_source_rank=14 candidate_best_source_rank=14 candidate_regret=0.000000000 sampling_regret=0.048435658 total_regret=0.048435658 spread_delta=-4.105468750 iterations=600000 nodes=3000000 node_shortfall=0
COMBINED_SWEEP_POSITION position=30297 game=8523 bag=58 num_plies=4 num_plays=60 min_play_iterations=1000 selected_source_rank=0 oracle_best_source_rank=0 candidate_best_source_rank=0 candidate_regret=0.000000000 sampling_regret=0.000000000 total_regret=0.000000000 spread_delta=+0.000000000 iterations=600000 nodes=3000000 node_shortfall=0
COMBINED_SWEEP_POSITION position=30298 game=8523 bag=51 num_plies=4 num_plays=60 min_play_iterations=1000 selected_source_rank=1 oracle_best_source_rank=1 candidate_best_source_rank=1 candidate_regret=0.000000000 sampling_regret=0.000000000 total_regret=0.000000000 spread_delta=+0.000000000 iterations=600000 nodes=3000000 node_shortfall=0
COMBINED_SWEEP_SUMMARY positions=64 num_plies=4 num_plays=60 min_play_iterations=1000 node_budget_per_position=3000000 adjustment_scale_thousandths=750 oracle_hits=27 mean_total_regret=0.015195065 total_regret_sem=0.002398205 mean_candidate_regret=0.000000000 candidate_regret_sem=0.000000000 mean_sampling_regret=0.015195065 sampling_regret_sem=0.002398205 mean_spread_delta=-1.924377441 spread_delta_sem=0.553218175 iterations=38400000 nodes=192000000 iterations_per_second=67980.847 elapsed_seconds=564.918370
COMBINED_SWEEP_DONE positions=64 target=64 cells=1 all_similar_positions=0 elapsed_seconds=564.918376 wall_limit_reached=0
