loaded config with command: set -threads 1 -savesettings false -hr false -numplays 15 -ima 0 -minp 100 -autosave false -fgrequired false
seed: 1785296225
loaded config with command: set -lex CSW24 -k1 CSW24 -k2 CSW24 -wmp true -rit true -ritmmap true -wit true -winpct winpct -s1 equity -s2 equity -r1 all -r2 all -numplays 15 -plies 2 -tlim 0.10000000000000001 -it 2147483647 -minplayiterations 100000 -sinfer false -threads 10 -pfrequency 0 -hr false -savesettings false -autosavegcg false -fgrequired false -klv3fallback -1 -seed 5425806429448716611
seed: 5425806429448716611

   ＡＢＣＤＥＦＧＨＩＪＫＬＭＮＯ  ➤ Player 1           0
  ┏━━━━━━━━━━━━━━━━━━━━━━━━━━━━━━┓   Player 2           0
 1┃＝　　＇　　　＝　　　＇　　＝┃   
 2┃　－　　　＂　　　＂　　　－　┃   Unseen: 100 (42v | 56c)
 3┃　　－　　　＇　＇　　　－　　┃   ? ? A A A A A A A A 
 4┃＇　　－　　　＇　　　－　　＇┃   A B B C C D D D D E 
 5┃　　　　－　　　　　－　　　　┃   E E E E E E E E E E 
 6┃　＂　　　＂　　　＂　　　＂　┃   E F F G G G H H I I 
 7┃　　＇　　　＇　＇　　　＇　　┃   I I I I I I I J K L 
 8┃＝　　＇　　　－　　　＇　　＝┃   L L L M M N N N N N 
 9┃　　＇　　　＇　＇　　　＇　　┃   N O O O O O O O O P 
10┃　＂　　　＂　　　＂　　　＂　┃   P Q R R R R R R S S 
11┃　　　　－　　　　　－　　　　┃   S S T T T T T T U U 
12┃＇　　－　　　＇　　　－　　＇┃   U U V V W W X Y Y Z 
13┃　　－　　　＇　＇　　　－　　┃   
14┃　－　　　＂　　　＂　　　－　┃   
15┃＝　　＇　　　＝　　　＇　　＝┃   
  ┗━━━━━━━━━━━━━━━━━━━━━━━━━━━━━━┛ 

loaded config with command: newgame
seed: 5425806429448716612
loaded config with command: rack AEINRST
seed: 5425806429448716613
   ＡＢＣＤＥＦＧＨＩＪＫＬＭＮＯ  ➤ Player 1  AEINRST  0    1:   8B ANESTRI  66 66.00 
  ┏━━━━━━━━━━━━━━━━━━━━━━━━━━━━━━┓   Player 2           0    2:   8C RATINES  66 66.00 
 1┃＝　　＇　　　＝　　　＇　　＝┃                           3:   8C RETINAS  66 66.00 
 2┃　－　　　＂　　　＂　　　－　┃   Unseen: 93 (39v | 52c)  4:   8C STAINER  66 66.00 
 3┃　　－　　　＇　＇　　　－　　┃   ? ? A A A A A A A A     5:   8C STEARIN  66 66.00 
 4┃＇　　－　　　＇　　　－　　＇┃   B B C C D D D D E E     6:   8D ANESTRI  66 66.00 
 5┃　　　　－　　　　　－　　　　┃   E E E E E E E E E F     7:   8D RETSINA  66 66.00 
 6┃　＂　　　＂　　　＂　　　＂　┃   F G G G H H I I I I     8:   8F ANESTRI  66 66.00 
 7┃　　＇　　　＇　＇　　　＇　　┃   I I I I J K L L L L     9:   8F ANTSIER  66 66.00 
 8┃＝　　＇　　　－　　　＇　　＝┃   M M N N N N N O O O     10:  8F STARNIE  66 66.00 
 9┃　　＇　　　＇　＇　　　＇　　┃   O O O O O P P Q R R     11:  8G NASTIER  66 66.00 
10┃　＂　　　＂　　　＂　　　＂　┃   R R R S S S T T T T     12:  8G RATINES  66 66.00 
11┃　　　　－　　　　　－　　　　┃   T U U U U V V W W X     13:  8G RESIANT  66 66.00 
12┃＇　　－　　　＇　　　－　　＇┃   Y Y Z                   14:  8G RETAINS  66 66.00 
13┃　　－　　　＇　＇　　　－　　┃                           15:  8G RETINAS  66 66.00 
14┃　－　　　＂　　　＂　　　－　┃                           
15┃＝　　＇　　　＝　　　＇　　＝┃                           Showing 15 of 15 plays
  ┗━━━━━━━━━━━━━━━━━━━━━━━━━━━━━━┛                           
                                                             
                                                             
loaded config with command: generate
seed: 5425806429448716614
loaded config with command: set -threads 1 -savesettings false -hr false -numplays 15 -ima 0 -minp 100 -autosave false -fgrequired false
seed: 1785296225
loaded config with command: set -lex CSW24 -k1 CSW24_klv3_ctx400 -k2 CSW24_klv3_ctx400 -wmp true -rit true -ritmmap true -wit true -winpct winpct -s1 equity -s2 equity -r1 all -r2 all -numplays 15 -plies 2 -tlim 0.10000000000000001 -it 2147483647 -minplayiterations 100000 -sinfer false -threads 10 -pfrequency 0 -hr false -savesettings false -autosavegcg false -fgrequired false -klv3fallback -1 -seed 5425806429448716611
seed: 5425806429448716611

   ＡＢＣＤＥＦＧＨＩＪＫＬＭＮＯ  ➤ Player 1           0
  ┏━━━━━━━━━━━━━━━━━━━━━━━━━━━━━━┓   Player 2           0
 1┃＝　　＇　　　＝　　　＇　　＝┃   
 2┃　－　　　＂　　　＂　　　－　┃   Unseen: 100 (42v | 56c)
 3┃　　－　　　＇　＇　　　－　　┃   ? ? A A A A A A A A 
 4┃＇　　－　　　＇　　　－　　＇┃   A B B C C D D D D E 
 5┃　　　　－　　　　　－　　　　┃   E E E E E E E E E E 
 6┃　＂　　　＂　　　＂　　　＂　┃   E F F G G G H H I I 
 7┃　　＇　　　＇　＇　　　＇　　┃   I I I I I I I J K L 
 8┃＝　　＇　　　－　　　＇　　＝┃   L L L M M N N N N N 
 9┃　　＇　　　＇　＇　　　＇　　┃   N O O O O O O O O P 
10┃　＂　　　＂　　　＂　　　＂　┃   P Q R R R R R R S S 
11┃　　　　－　　　　　－　　　　┃   S S T T T T T T U U 
12┃＇　　－　　　＇　　　－　　＇┃   U U V V W W X Y Y Z 
13┃　　－　　　＇　＇　　　－　　┃   
14┃　－　　　＂　　　＂　　　－　┃   
15┃＝　　＇　　　＝　　　＇　　＝┃   
  ┗━━━━━━━━━━━━━━━━━━━━━━━━━━━━━━┛ 

loaded config with command: newgame
seed: 5425806429448716612
loaded config with command: rack AEINRST
seed: 5425806429448716613
   ＡＢＣＤＥＦＧＨＩＪＫＬＭＮＯ  ➤ Player 1  AEINRST  0    1:   8B ANESTRI  66 66.00 
  ┏━━━━━━━━━━━━━━━━━━━━━━━━━━━━━━┓   Player 2           0    2:   8C RATINES  66 66.00 
 1┃＝　　＇　　　＝　　　＇　　＝┃                           3:   8C RETINAS  66 66.00 
 2┃　－　　　＂　　　＂　　　－　┃   Unseen: 93 (39v | 52c)  4:   8C STAINER  66 66.00 
 3┃　　－　　　＇　＇　　　－　　┃   ? ? A A A A A A A A     5:   8C STEARIN  66 66.00 
 4┃＇　　－　　　＇　　　－　　＇┃   B B C C D D D D E E     6:   8D ANESTRI  66 66.00 
 5┃　　　　－　　　　　－　　　　┃   E E E E E E E E E F     7:   8D RETSINA  66 66.00 
 6┃　＂　　　＂　　　＂　　　＂　┃   F G G G H H I I I I     8:   8F ANESTRI  66 66.00 
 7┃　　＇　　　＇　＇　　　＇　　┃   I I I I J K L L L L     9:   8F ANTSIER  66 66.00 
 8┃＝　　＇　　　－　　　＇　　＝┃   M M N N N N N O O O     10:  8F STARNIE  66 66.00 
 9┃　　＇　　　＇　＇　　　＇　　┃   O O O O O P P Q R R     11:  8G NASTIER  66 66.00 
10┃　＂　　　＂　　　＂　　　＂　┃   R R R S S S T T T T     12:  8G RATINES  66 66.00 
11┃　　　　－　　　　　－　　　　┃   T U U U U V V W W X     13:  8G RESIANT  66 66.00 
12┃＇　　－　　　＇　　　－　　＇┃   Y Y Z                   14:  8G RETAINS  66 66.00 
13┃　　－　　　＇　＇　　　－　　┃                           15:  8G RETINAS  66 66.00 
14┃　－　　　＂　　　＂　　　－　┃                           
15┃＝　　＇　　　＝　　　＇　　＝┃                           Showing 15 of 15 plays
  ┗━━━━━━━━━━━━━━━━━━━━━━━━━━━━━━┛                           
                                                             
                                                             
loaded config with command: generate
seed: 5425806429448716614
COMBINED_SWEEP_CONFIG files=obj/combined-candidates-terminal-oracle-bag50-644x60x256-fixed-20260728.log skip_positions=0 max_positions=644 node_budget_per_position=1000006 total_iterations=142858 sim_plies=6 selector=klv3_plus_positional similarity_check_plays=10 adjustment_scale_thousandths=750 rollout=klv2 horizon_leave=klv2 sampling_rule=top_two_ids cells=1 wall_seconds=0.000
COMBINED_SWEEP_POSITION position=30000 game=8500 bag=86 num_plies=6 num_plays=60 min_play_iterations=238 selected_source_rank=0 oracle_best_source_rank=8 candidate_best_source_rank=8 candidate_regret=0.000000000 sampling_regret=0.042188689 total_regret=0.042188689 spread_delta=-12.812500000 iterations=142858 nodes=1000006 node_shortfall=0
COMBINED_SWEEP_POSITION position=30001 game=8500 bag=81 num_plies=6 num_plays=60 min_play_iterations=238 selected_source_rank=0 oracle_best_source_rank=2 candidate_best_source_rank=2 candidate_regret=0.000000000 sampling_regret=0.023741157 total_regret=0.023741157 spread_delta=-5.585937500 iterations=142858 nodes=1000006 node_shortfall=0
COMBINED_SWEEP_POSITION position=30002 game=8500 bag=74 num_plies=6 num_plays=60 min_play_iterations=238 selected_source_rank=0 oracle_best_source_rank=1 candidate_best_source_rank=1 candidate_regret=0.000000000 sampling_regret=0.016421358 total_regret=0.016421358 spread_delta=-3.699218750 iterations=142858 nodes=1000006 node_shortfall=0
COMBINED_SWEEP_POSITION position=30003 game=8500 bag=73 num_plies=6 num_plays=60 min_play_iterations=238 selected_source_rank=3 oracle_best_source_rank=3 candidate_best_source_rank=3 candidate_regret=0.000000000 sampling_regret=0.000000000 total_regret=0.000000000 spread_delta=+0.000000000 iterations=142858 nodes=1000006 node_shortfall=0
COMBINED_SWEEP_POSITION position=30004 game=8500 bag=69 num_plies=6 num_plays=60 min_play_iterations=238 selected_source_rank=0 oracle_best_source_rank=0 candidate_best_source_rank=0 candidate_regret=0.000000000 sampling_regret=0.000000000 total_regret=0.000000000 spread_delta=+0.000000000 iterations=142858 nodes=1000006 node_shortfall=0
COMBINED_SWEEP_POSITION position=30005 game=8500 bag=62 num_plies=6 num_plays=60 min_play_iterations=238 selected_source_rank=2 oracle_best_source_rank=1 candidate_best_source_rank=1 candidate_regret=0.000000000 sampling_regret=0.027846224 total_regret=0.027846224 spread_delta=-4.230468750 iterations=142858 nodes=1000006 node_shortfall=0
COMBINED_SWEEP_POSITION position=30006 game=8500 bag=59 num_plies=6 num_plays=60 min_play_iterations=238 selected_source_rank=0 oracle_best_source_rank=1 candidate_best_source_rank=1 candidate_regret=0.000000000 sampling_regret=0.006477643 total_regret=0.006477643 spread_delta=+3.136718750 iterations=142858 nodes=1000006 node_shortfall=0
COMBINED_SWEEP_POSITION position=30007 game=8500 bag=55 num_plies=6 num_plays=60 min_play_iterations=238 selected_source_rank=0 oracle_best_source_rank=6 candidate_best_source_rank=6 candidate_regret=0.000000000 sampling_regret=0.002544274 total_regret=0.002544274 spread_delta=+4.089843750 iterations=142858 nodes=1000006 node_shortfall=0
COMBINED_SWEEP_POSITION position=30013 game=8501 bag=86 num_plies=6 num_plays=60 min_play_iterations=238 selected_source_rank=0 oracle_best_source_rank=12 candidate_best_source_rank=12 candidate_regret=0.000000000 sampling_regret=0.037926797 total_regret=0.037926797 spread_delta=+2.687500000 iterations=142858 nodes=1000006 node_shortfall=0
COMBINED_SWEEP_POSITION position=30014 game=8501 bag=81 num_plies=6 num_plays=60 min_play_iterations=238 selected_source_rank=0 oracle_best_source_rank=0 candidate_best_source_rank=0 candidate_regret=0.000000000 sampling_regret=0.000000000 total_regret=0.000000000 spread_delta=+0.000000000 iterations=142858 nodes=1000006 node_shortfall=0
COMBINED_SWEEP_POSITION position=30015 game=8501 bag=74 num_plies=6 num_plays=60 min_play_iterations=238 selected_source_rank=5 oracle_best_source_rank=0 candidate_best_source_rank=0 candidate_regret=0.000000000 sampling_regret=0.024033146 total_regret=0.024033146 spread_delta=-2.960937500 iterations=142858 nodes=1000006 node_shortfall=0
COMBINED_SWEEP_POSITION position=30016 game=8501 bag=70 num_plies=6 num_plays=60 min_play_iterations=238 selected_source_rank=1 oracle_best_source_rank=2 candidate_best_source_rank=2 candidate_regret=0.000000000 sampling_regret=0.029849874 total_regret=0.029849874 spread_delta=+1.238281250 iterations=142858 nodes=1000006 node_shortfall=0
COMBINED_SWEEP_POSITION position=30017 game=8501 bag=67 num_plies=6 num_plays=60 min_play_iterations=238 selected_source_rank=0 oracle_best_source_rank=0 candidate_best_source_rank=0 candidate_regret=0.000000000 sampling_regret=0.000000000 total_regret=0.000000000 spread_delta=+0.000000000 iterations=142858 nodes=1000006 node_shortfall=0
COMBINED_SWEEP_POSITION position=30018 game=8501 bag=64 num_plies=6 num_plays=60 min_play_iterations=238 selected_source_rank=0 oracle_best_source_rank=0 candidate_best_source_rank=0 candidate_regret=0.000000000 sampling_regret=0.000000000 total_regret=0.000000000 spread_delta=+0.000000000 iterations=142858 nodes=1000006 node_shortfall=0
COMBINED_SWEEP_POSITION position=30019 game=8501 bag=57 num_plies=6 num_plays=60 min_play_iterations=238 selected_source_rank=1 oracle_best_source_rank=1 candidate_best_source_rank=1 candidate_regret=0.000000000 sampling_regret=0.000000000 total_regret=0.000000000 spread_delta=+0.000000000 iterations=142858 nodes=1000006 node_shortfall=0
COMBINED_SWEEP_POSITION position=30020 game=8501 bag=55 num_plies=6 num_plays=60 min_play_iterations=238 selected_source_rank=0 oracle_best_source_rank=0 candidate_best_source_rank=0 candidate_regret=0.000000000 sampling_regret=0.000000000 total_regret=0.000000000 spread_delta=+0.000000000 iterations=142858 nodes=1000006 node_shortfall=0
COMBINED_SWEEP_POSITION position=30025 game=8502 bag=86 num_plies=6 num_plays=60 min_play_iterations=238 selected_source_rank=2 oracle_best_source_rank=1 candidate_best_source_rank=1 candidate_regret=0.000000000 sampling_regret=0.004527917 total_regret=0.004527917 spread_delta=+0.683593750 iterations=142858 nodes=1000006 node_shortfall=0
COMBINED_SWEEP_POSITION position=30026 game=8502 bag=81 num_plies=6 num_plays=60 min_play_iterations=238 selected_source_rank=0 oracle_best_source_rank=2 candidate_best_source_rank=2 candidate_regret=0.000000000 sampling_regret=0.038660243 total_regret=0.038660243 spread_delta=-8.250000000 iterations=142858 nodes=1000006 node_shortfall=0
COMBINED_SWEEP_POSITION position=30027 game=8502 bag=74 num_plies=6 num_plays=60 min_play_iterations=238 selected_source_rank=15 oracle_best_source_rank=34 candidate_best_source_rank=34 candidate_regret=0.000000000 sampling_regret=0.037200556 total_regret=0.037200556 spread_delta=-3.007812500 iterations=142858 nodes=1000006 node_shortfall=0
COMBINED_SWEEP_POSITION position=30028 game=8502 bag=70 num_plies=6 num_plays=60 min_play_iterations=238 selected_source_rank=3 oracle_best_source_rank=5 candidate_best_source_rank=5 candidate_regret=0.000000000 sampling_regret=0.064959241 total_regret=0.064959241 spread_delta=-7.972656250 iterations=142858 nodes=1000006 node_shortfall=0
COMBINED_SWEEP_POSITION position=30029 game=8502 bag=67 num_plies=6 num_plays=60 min_play_iterations=238 selected_source_rank=0 oracle_best_source_rank=0 candidate_best_source_rank=0 candidate_regret=0.000000000 sampling_regret=0.000000000 total_regret=0.000000000 spread_delta=+0.000000000 iterations=142858 nodes=1000006 node_shortfall=0
COMBINED_SWEEP_POSITION position=30030 game=8502 bag=64 num_plies=6 num_plays=60 min_play_iterations=238 selected_source_rank=0 oracle_best_source_rank=1 candidate_best_source_rank=1 candidate_regret=0.000000000 sampling_regret=0.026168768 total_regret=0.026168768 spread_delta=-7.339843750 iterations=142858 nodes=1000006 node_shortfall=0
COMBINED_SWEEP_POSITION position=30031 game=8502 bag=57 num_plies=6 num_plays=60 min_play_iterations=238 selected_source_rank=1 oracle_best_source_rank=0 candidate_best_source_rank=0 candidate_regret=0.000000000 sampling_regret=0.019356710 total_regret=0.019356710 spread_delta=-4.621093750 iterations=142858 nodes=1000006 node_shortfall=0
COMBINED_SWEEP_POSITION position=30032 game=8502 bag=52 num_plies=6 num_plays=60 min_play_iterations=238 selected_source_rank=2 oracle_best_source_rank=7 candidate_best_source_rank=7 candidate_regret=0.000000000 sampling_regret=0.025658873 total_regret=0.025658873 spread_delta=-0.066406250 iterations=142858 nodes=1000006 node_shortfall=0
COMBINED_SWEEP_POSITION position=30033 game=8502 bag=50 num_plies=6 num_plays=60 min_play_iterations=238 selected_source_rank=0 oracle_best_source_rank=0 candidate_best_source_rank=0 candidate_regret=0.000000000 sampling_regret=0.000000000 total_regret=0.000000000 spread_delta=+0.000000000 iterations=142858 nodes=1000006 node_shortfall=0
COMBINED_SWEEP_POSITION position=30038 game=8503 bag=86 num_plies=6 num_plays=60 min_play_iterations=238 selected_source_rank=0 oracle_best_source_rank=0 candidate_best_source_rank=0 candidate_regret=0.000000000 sampling_regret=0.000000000 total_regret=0.000000000 spread_delta=+0.000000000 iterations=142858 nodes=1000006 node_shortfall=0
COMBINED_SWEEP_POSITION position=30039 game=8503 bag=81 num_plies=6 num_plays=60 min_play_iterations=238 selected_source_rank=1 oracle_best_source_rank=0 candidate_best_source_rank=0 candidate_regret=0.000000000 sampling_regret=0.004363545 total_regret=0.004363545 spread_delta=-5.722656250 iterations=142858 nodes=1000006 node_shortfall=0
COMBINED_SWEEP_POSITION position=30040 game=8503 bag=78 num_plies=6 num_plays=60 min_play_iterations=238 selected_source_rank=0 oracle_best_source_rank=10 candidate_best_source_rank=10 candidate_regret=0.000000000 sampling_regret=0.050374866 total_regret=0.050374866 spread_delta=-5.226562500 iterations=142858 nodes=1000006 node_shortfall=0
COMBINED_SWEEP_POSITION position=30041 game=8503 bag=76 num_plies=6 num_plays=60 min_play_iterations=238 selected_source_rank=0 oracle_best_source_rank=0 candidate_best_source_rank=0 candidate_regret=0.000000000 sampling_regret=0.000000000 total_regret=0.000000000 spread_delta=+0.000000000 iterations=142858 nodes=1000006 node_shortfall=0
COMBINED_SWEEP_POSITION position=30042 game=8503 bag=69 num_plies=6 num_plays=60 min_play_iterations=238 selected_source_rank=1 oracle_best_source_rank=3 candidate_best_source_rank=3 candidate_regret=0.000000000 sampling_regret=0.066078126 total_regret=0.066078126 spread_delta=-10.539062500 iterations=142858 nodes=1000006 node_shortfall=0
COMBINED_SWEEP_POSITION position=30043 game=8503 bag=62 num_plies=6 num_plays=60 min_play_iterations=238 selected_source_rank=3 oracle_best_source_rank=2 candidate_best_source_rank=2 candidate_regret=0.000000000 sampling_regret=0.027817075 total_regret=0.027817075 spread_delta=-3.628906250 iterations=142858 nodes=1000006 node_shortfall=0
COMBINED_SWEEP_POSITION position=30044 game=8503 bag=58 num_plies=6 num_plays=60 min_play_iterations=238 selected_source_rank=7 oracle_best_source_rank=7 candidate_best_source_rank=7 candidate_regret=0.000000000 sampling_regret=0.000000000 total_regret=0.000000000 spread_delta=+0.000000000 iterations=142858 nodes=1000006 node_shortfall=0
COMBINED_SWEEP_POSITION position=30045 game=8503 bag=52 num_plies=6 num_plays=60 min_play_iterations=238 selected_source_rank=22 oracle_best_source_rank=19 candidate_best_source_rank=19 candidate_regret=0.000000000 sampling_regret=0.045087831 total_regret=0.045087831 spread_delta=-4.339843750 iterations=142858 nodes=1000006 node_shortfall=0
COMBINED_SWEEP_POSITION position=30052 game=8504 bag=86 num_plies=6 num_plays=60 min_play_iterations=238 selected_source_rank=3 oracle_best_source_rank=0 candidate_best_source_rank=0 candidate_regret=0.000000000 sampling_regret=0.003367064 total_regret=0.003367064 spread_delta=-1.160156250 iterations=142858 nodes=1000006 node_shortfall=0
COMBINED_SWEEP_POSITION position=30053 game=8504 bag=83 num_plies=6 num_plays=60 min_play_iterations=238 selected_source_rank=0 oracle_best_source_rank=0 candidate_best_source_rank=0 candidate_regret=0.000000000 sampling_regret=0.000000000 total_regret=0.000000000 spread_delta=+0.000000000 iterations=142858 nodes=1000006 node_shortfall=0
COMBINED_SWEEP_POSITION position=30054 game=8504 bag=81 num_plies=6 num_plays=60 min_play_iterations=238 selected_source_rank=7 oracle_best_source_rank=22 candidate_best_source_rank=22 candidate_regret=0.000000000 sampling_regret=0.030290513 total_regret=0.030290513 spread_delta=-2.507812500 iterations=142858 nodes=1000006 node_shortfall=0
COMBINED_SWEEP_POSITION position=30055 game=8504 bag=77 num_plies=6 num_plays=60 min_play_iterations=238 selected_source_rank=0 oracle_best_source_rank=0 candidate_best_source_rank=0 candidate_regret=0.000000000 sampling_regret=0.000000000 total_regret=0.000000000 spread_delta=+0.000000000 iterations=142858 nodes=1000006 node_shortfall=0
COMBINED_SWEEP_POSITION position=30056 game=8504 bag=73 num_plies=6 num_plays=60 min_play_iterations=238 selected_source_rank=1 oracle_best_source_rank=9 candidate_best_source_rank=9 candidate_regret=0.000000000 sampling_regret=0.037750733 total_regret=0.037750733 spread_delta=-10.242187500 iterations=142858 nodes=1000006 node_shortfall=0
COMBINED_SWEEP_POSITION position=30057 game=8504 bag=68 num_plies=6 num_plays=60 min_play_iterations=238 selected_source_rank=2 oracle_best_source_rank=2 candidate_best_source_rank=2 candidate_regret=0.000000000 sampling_regret=0.000000000 total_regret=0.000000000 spread_delta=+0.000000000 iterations=142858 nodes=1000006 node_shortfall=0
COMBINED_SWEEP_POSITION position=30058 game=8504 bag=65 num_plies=6 num_plays=60 min_play_iterations=238 selected_source_rank=1 oracle_best_source_rank=2 candidate_best_source_rank=2 candidate_regret=0.000000000 sampling_regret=0.008895058 total_regret=0.008895058 spread_delta=+2.128906250 iterations=142858 nodes=1000006 node_shortfall=0
COMBINED_SWEEP_POSITION position=30059 game=8504 bag=61 num_plies=6 num_plays=60 min_play_iterations=238 selected_source_rank=1 oracle_best_source_rank=0 candidate_best_source_rank=0 candidate_regret=0.000000000 sampling_regret=0.012678030 total_regret=0.012678030 spread_delta=-3.539062500 iterations=142858 nodes=1000006 node_shortfall=0
COMBINED_SWEEP_POSITION position=30060 game=8504 bag=54 num_plies=6 num_plays=60 min_play_iterations=238 selected_source_rank=0 oracle_best_source_rank=2 candidate_best_source_rank=2 candidate_regret=0.000000000 sampling_regret=0.053717412 total_regret=0.053717412 spread_delta=-10.128906250 iterations=142858 nodes=1000006 node_shortfall=0
COMBINED_SWEEP_POSITION position=30061 game=8504 bag=50 num_plies=6 num_plays=60 min_play_iterations=238 selected_source_rank=1 oracle_best_source_rank=1 candidate_best_source_rank=1 candidate_regret=0.000000000 sampling_regret=0.000000000 total_regret=0.000000000 spread_delta=+0.000000000 iterations=142858 nodes=1000006 node_shortfall=0
COMBINED_SWEEP_POSITION position=30066 game=8505 bag=86 num_plies=6 num_plays=60 min_play_iterations=238 selected_source_rank=10 oracle_best_source_rank=10 candidate_best_source_rank=10 candidate_regret=0.000000000 sampling_regret=0.000000000 total_regret=0.000000000 spread_delta=+0.000000000 iterations=142858 nodes=1000006 node_shortfall=0
COMBINED_SWEEP_POSITION position=30067 game=8505 bag=81 num_plies=6 num_plays=60 min_play_iterations=238 selected_source_rank=0 oracle_best_source_rank=0 candidate_best_source_rank=0 candidate_regret=0.000000000 sampling_regret=0.000000000 total_regret=0.000000000 spread_delta=+0.000000000 iterations=142858 nodes=1000006 node_shortfall=0
COMBINED_SWEEP_POSITION position=30068 game=8505 bag=74 num_plies=6 num_plays=60 min_play_iterations=238 selected_source_rank=0 oracle_best_source_rank=0 candidate_best_source_rank=0 candidate_regret=0.000000000 sampling_regret=0.000000000 total_regret=0.000000000 spread_delta=+0.000000000 iterations=142858 nodes=1000006 node_shortfall=0
COMBINED_SWEEP_POSITION position=30069 game=8505 bag=67 num_plies=6 num_plays=60 min_play_iterations=238 selected_source_rank=0 oracle_best_source_rank=1 candidate_best_source_rank=1 candidate_regret=0.000000000 sampling_regret=0.018798086 total_regret=0.018798086 spread_delta=-0.335937500 iterations=142858 nodes=1000006 node_shortfall=0
COMBINED_SWEEP_POSITION position=30070 game=8505 bag=60 num_plies=6 num_plays=60 min_play_iterations=238 selected_source_rank=0 oracle_best_source_rank=1 candidate_best_source_rank=1 candidate_regret=0.000000000 sampling_regret=0.017543812 total_regret=0.017543812 spread_delta=-0.484375000 iterations=142858 nodes=1000006 node_shortfall=0
COMBINED_SWEEP_POSITION position=30071 game=8505 bag=56 num_plies=6 num_plays=60 min_play_iterations=238 selected_source_rank=0 oracle_best_source_rank=1 candidate_best_source_rank=1 candidate_regret=0.000000000 sampling_regret=0.039075945 total_regret=0.039075945 spread_delta=-2.824218750 iterations=142858 nodes=1000006 node_shortfall=0
COMBINED_SWEEP_POSITION position=30072 game=8505 bag=52 num_plies=6 num_plays=60 min_play_iterations=238 selected_source_rank=0 oracle_best_source_rank=12 candidate_best_source_rank=12 candidate_regret=0.000000000 sampling_regret=0.030667266 total_regret=0.030667266 spread_delta=+0.734375000 iterations=142858 nodes=1000006 node_shortfall=0
COMBINED_SWEEP_POSITION position=30073 game=8505 bag=51 num_plies=6 num_plays=60 min_play_iterations=238 selected_source_rank=1 oracle_best_source_rank=0 candidate_best_source_rank=0 candidate_regret=0.000000000 sampling_regret=0.009300202 total_regret=0.009300202 spread_delta=+3.734375000 iterations=142858 nodes=1000006 node_shortfall=0
COMBINED_SWEEP_POSITION position=30078 game=8506 bag=86 num_plies=6 num_plays=60 min_play_iterations=238 selected_source_rank=14 oracle_best_source_rank=4 candidate_best_source_rank=4 candidate_regret=0.000000000 sampling_regret=0.061790984 total_regret=0.061790984 spread_delta=-12.785156250 iterations=142858 nodes=1000006 node_shortfall=0
COMBINED_SWEEP_POSITION position=30079 game=8506 bag=81 num_plies=6 num_plays=60 min_play_iterations=238 selected_source_rank=0 oracle_best_source_rank=4 candidate_best_source_rank=4 candidate_regret=0.000000000 sampling_regret=0.011523651 total_regret=0.011523651 spread_delta=+4.699218750 iterations=142858 nodes=1000006 node_shortfall=0
COMBINED_SWEEP_POSITION position=30080 game=8506 bag=76 num_plies=6 num_plays=60 min_play_iterations=238 selected_source_rank=0 oracle_best_source_rank=1 candidate_best_source_rank=1 candidate_regret=0.000000000 sampling_regret=0.033503784 total_regret=0.033503784 spread_delta=-8.050781250 iterations=142858 nodes=1000006 node_shortfall=0
COMBINED_SWEEP_POSITION position=30081 game=8506 bag=72 num_plies=6 num_plays=60 min_play_iterations=238 selected_source_rank=1 oracle_best_source_rank=2 candidate_best_source_rank=2 candidate_regret=0.000000000 sampling_regret=0.004298383 total_regret=0.004298383 spread_delta=+3.300781250 iterations=142858 nodes=1000006 node_shortfall=0
COMBINED_SWEEP_POSITION position=30082 game=8506 bag=65 num_plies=6 num_plays=60 min_play_iterations=238 selected_source_rank=4 oracle_best_source_rank=4 candidate_best_source_rank=4 candidate_regret=0.000000000 sampling_regret=0.000000000 total_regret=0.000000000 spread_delta=+0.000000000 iterations=142858 nodes=1000006 node_shortfall=0
COMBINED_SWEEP_POSITION position=30083 game=8506 bag=60 num_plies=6 num_plays=60 min_play_iterations=238 selected_source_rank=0 oracle_best_source_rank=0 candidate_best_source_rank=0 candidate_regret=0.000000000 sampling_regret=0.000000000 total_regret=0.000000000 spread_delta=+0.000000000 iterations=142858 nodes=1000006 node_shortfall=0
COMBINED_SWEEP_POSITION position=30084 game=8506 bag=57 num_plies=6 num_plays=60 min_play_iterations=238 selected_source_rank=0 oracle_best_source_rank=1 candidate_best_source_rank=1 candidate_regret=0.000000000 sampling_regret=0.018090981 total_regret=0.018090981 spread_delta=+1.863281250 iterations=142858 nodes=1000006 node_shortfall=0
COMBINED_SWEEP_POSITION position=30085 game=8506 bag=52 num_plies=6 num_plays=60 min_play_iterations=238 selected_source_rank=0 oracle_best_source_rank=0 candidate_best_source_rank=0 candidate_regret=0.000000000 sampling_regret=0.000000000 total_regret=0.000000000 spread_delta=+0.000000000 iterations=142858 nodes=1000006 node_shortfall=0
COMBINED_SWEEP_POSITION position=30090 game=8507 bag=86 num_plies=6 num_plays=60 min_play_iterations=238 selected_source_rank=0 oracle_best_source_rank=0 candidate_best_source_rank=0 candidate_regret=0.000000000 sampling_regret=0.000000000 total_regret=0.000000000 spread_delta=+0.000000000 iterations=142858 nodes=1000006 node_shortfall=0
COMBINED_SWEEP_POSITION position=30091 game=8507 bag=80 num_plies=6 num_plays=60 min_play_iterations=238 selected_source_rank=0 oracle_best_source_rank=1 candidate_best_source_rank=1 candidate_regret=0.000000000 sampling_regret=0.017734207 total_regret=0.017734207 spread_delta=-2.066406250 iterations=142858 nodes=1000006 node_shortfall=0
COMBINED_SWEEP_POSITION position=30092 game=8507 bag=76 num_plies=6 num_plays=60 min_play_iterations=238 selected_source_rank=0 oracle_best_source_rank=12 candidate_best_source_rank=12 candidate_regret=0.000000000 sampling_regret=0.030584422 total_regret=0.030584422 spread_delta=-6.113281250 iterations=142858 nodes=1000006 node_shortfall=0
COMBINED_SWEEP_POSITION position=30093 game=8507 bag=72 num_plies=6 num_plays=60 min_play_iterations=238 selected_source_rank=1 oracle_best_source_rank=0 candidate_best_source_rank=0 candidate_regret=0.000000000 sampling_regret=0.007000069 total_regret=0.007000069 spread_delta=-6.359375000 iterations=142858 nodes=1000006 node_shortfall=0
COMBINED_SWEEP_POSITION position=30094 game=8507 bag=65 num_plies=6 num_plays=60 min_play_iterations=238 selected_source_rank=1 oracle_best_source_rank=1 candidate_best_source_rank=1 candidate_regret=0.000000000 sampling_regret=0.000000000 total_regret=0.000000000 spread_delta=+0.000000000 iterations=142858 nodes=1000006 node_shortfall=0
COMBINED_SWEEP_POSITION position=30095 game=8507 bag=58 num_plies=6 num_plays=60 min_play_iterations=238 selected_source_rank=0 oracle_best_source_rank=1 candidate_best_source_rank=1 candidate_regret=0.000000000 sampling_regret=0.037689593 total_regret=0.037689593 spread_delta=-6.562500000 iterations=142858 nodes=1000006 node_shortfall=0
COMBINED_SWEEP_POSITION position=30096 game=8507 bag=53 num_plies=6 num_plays=60 min_play_iterations=238 selected_source_rank=0 oracle_best_source_rank=0 candidate_best_source_rank=0 candidate_regret=0.000000000 sampling_regret=0.000000000 total_regret=0.000000000 spread_delta=+0.000000000 iterations=142858 nodes=1000006 node_shortfall=0
COMBINED_SWEEP_POSITION position=30102 game=8508 bag=86 num_plies=6 num_plays=60 min_play_iterations=238 selected_source_rank=0 oracle_best_source_rank=47 candidate_best_source_rank=47 candidate_regret=0.000000000 sampling_regret=0.021194339 total_regret=0.021194339 spread_delta=+6.457031250 iterations=142858 nodes=1000006 node_shortfall=0
COMBINED_SWEEP_POSITION position=30103 game=8508 bag=80 num_plies=6 num_plays=60 min_play_iterations=238 selected_source_rank=1 oracle_best_source_rank=15 candidate_best_source_rank=15 candidate_regret=0.000000000 sampling_regret=0.055332424 total_regret=0.055332424 spread_delta=-0.058593750 iterations=142858 nodes=1000006 node_shortfall=0
COMBINED_SWEEP_POSITION position=30104 game=8508 bag=76 num_plies=6 num_plays=60 min_play_iterations=238 selected_source_rank=0 oracle_best_source_rank=7 candidate_best_source_rank=7 candidate_regret=0.000000000 sampling_regret=0.029343710 total_regret=0.029343710 spread_delta=+2.324218750 iterations=142858 nodes=1000006 node_shortfall=0
COMBINED_SWEEP_POSITION position=30105 game=8508 bag=74 num_plies=6 num_plays=60 min_play_iterations=238 selected_source_rank=0 oracle_best_source_rank=1 candidate_best_source_rank=1 candidate_regret=0.000000000 sampling_regret=0.019213923 total_regret=0.019213923 spread_delta=-9.574218750 iterations=142858 nodes=1000006 node_shortfall=0
COMBINED_SWEEP_POSITION position=30106 game=8508 bag=68 num_plies=6 num_plays=60 min_play_iterations=238 selected_source_rank=0 oracle_best_source_rank=0 candidate_best_source_rank=0 candidate_regret=0.000000000 sampling_regret=0.000000000 total_regret=0.000000000 spread_delta=+0.000000000 iterations=142858 nodes=1000006 node_shortfall=0
COMBINED_SWEEP_POSITION position=30107 game=8508 bag=61 num_plies=6 num_plays=60 min_play_iterations=238 selected_source_rank=0 oracle_best_source_rank=0 candidate_best_source_rank=0 candidate_regret=0.000000000 sampling_regret=0.000000000 total_regret=0.000000000 spread_delta=+0.000000000 iterations=142858 nodes=1000006 node_shortfall=0
COMBINED_SWEEP_POSITION position=30108 game=8508 bag=54 num_plies=6 num_plays=60 min_play_iterations=238 selected_source_rank=1 oracle_best_source_rank=1 candidate_best_source_rank=1 candidate_regret=0.000000000 sampling_regret=0.000000000 total_regret=0.000000000 spread_delta=+0.000000000 iterations=142858 nodes=1000006 node_shortfall=0
COMBINED_SWEEP_POSITION position=30109 game=8508 bag=51 num_plies=6 num_plays=60 min_play_iterations=238 selected_source_rank=0 oracle_best_source_rank=0 candidate_best_source_rank=0 candidate_regret=0.000000000 sampling_regret=0.000000000 total_regret=0.000000000 spread_delta=+0.000000000 iterations=142858 nodes=1000006 node_shortfall=0
COMBINED_SWEEP_POSITION position=30114 game=8509 bag=86 num_plies=6 num_plays=60 min_play_iterations=238 selected_source_rank=0 oracle_best_source_rank=5 candidate_best_source_rank=5 candidate_regret=0.000000000 sampling_regret=0.003956363 total_regret=0.003956363 spread_delta=+2.820312500 iterations=142858 nodes=1000006 node_shortfall=0
COMBINED_SWEEP_POSITION position=30115 game=8509 bag=82 num_plies=6 num_plays=60 min_play_iterations=238 selected_source_rank=3 oracle_best_source_rank=12 candidate_best_source_rank=12 candidate_regret=0.000000000 sampling_regret=0.050420775 total_regret=0.050420775 spread_delta=-11.613281250 iterations=142858 nodes=1000006 node_shortfall=0
COMBINED_SWEEP_POSITION position=30116 game=8509 bag=78 num_plies=6 num_plays=60 min_play_iterations=238 selected_source_rank=0 oracle_best_source_rank=3 candidate_best_source_rank=3 candidate_regret=0.000000000 sampling_regret=0.003642095 total_regret=0.003642095 spread_delta=+0.984375000 iterations=142858 nodes=1000006 node_shortfall=0
COMBINED_SWEEP_POSITION position=30117 game=8509 bag=75 num_plies=6 num_plays=60 min_play_iterations=238 selected_source_rank=0 oracle_best_source_rank=1 candidate_best_source_rank=1 candidate_regret=0.000000000 sampling_regret=0.060315373 total_regret=0.060315373 spread_delta=-10.476562500 iterations=142858 nodes=1000006 node_shortfall=0
COMBINED_SWEEP_POSITION position=30118 game=8509 bag=70 num_plies=6 num_plays=60 min_play_iterations=238 selected_source_rank=0 oracle_best_source_rank=5 candidate_best_source_rank=5 candidate_regret=0.000000000 sampling_regret=0.044300809 total_regret=0.044300809 spread_delta=-4.765625000 iterations=142858 nodes=1000006 node_shortfall=0
COMBINED_SWEEP_POSITION position=30119 game=8509 bag=65 num_plies=6 num_plays=60 min_play_iterations=238 selected_source_rank=0 oracle_best_source_rank=0 candidate_best_source_rank=0 candidate_regret=0.000000000 sampling_regret=0.000000000 total_regret=0.000000000 spread_delta=+0.000000000 iterations=142858 nodes=1000006 node_shortfall=0
COMBINED_SWEEP_POSITION position=30120 game=8509 bag=58 num_plies=6 num_plays=60 min_play_iterations=238 selected_source_rank=0 oracle_best_source_rank=40 candidate_best_source_rank=40 candidate_regret=0.000000000 sampling_regret=0.043640506 total_regret=0.043640506 spread_delta=-11.195312500 iterations=142858 nodes=1000006 node_shortfall=0
COMBINED_SWEEP_POSITION position=30121 game=8509 bag=55 num_plies=6 num_plays=60 min_play_iterations=238 selected_source_rank=1 oracle_best_source_rank=0 candidate_best_source_rank=0 candidate_regret=0.000000000 sampling_regret=0.034695588 total_regret=0.034695588 spread_delta=-5.707031250 iterations=142858 nodes=1000006 node_shortfall=0
COMBINED_SWEEP_POSITION position=30122 game=8509 bag=52 num_plies=6 num_plays=60 min_play_iterations=238 selected_source_rank=0 oracle_best_source_rank=1 candidate_best_source_rank=1 candidate_regret=0.000000000 sampling_regret=0.019198721 total_regret=0.019198721 spread_delta=-3.125000000 iterations=142858 nodes=1000006 node_shortfall=0
COMBINED_SWEEP_POSITION position=30123 game=8509 bag=50 num_plies=6 num_plays=60 min_play_iterations=238 selected_source_rank=1 oracle_best_source_rank=2 candidate_best_source_rank=2 candidate_regret=0.000000000 sampling_regret=0.017549429 total_regret=0.017549429 spread_delta=+1.605468750 iterations=142858 nodes=1000006 node_shortfall=0
COMBINED_SWEEP_POSITION position=30129 game=8510 bag=86 num_plies=6 num_plays=60 min_play_iterations=238 selected_source_rank=0 oracle_best_source_rank=8 candidate_best_source_rank=8 candidate_regret=0.000000000 sampling_regret=0.020300553 total_regret=0.020300553 spread_delta=-1.050781250 iterations=142858 nodes=1000006 node_shortfall=0
COMBINED_SWEEP_POSITION position=30130 game=8510 bag=81 num_plies=6 num_plays=60 min_play_iterations=238 selected_source_rank=0 oracle_best_source_rank=1 candidate_best_source_rank=1 candidate_regret=0.000000000 sampling_regret=0.015336012 total_regret=0.015336012 spread_delta=-5.039062500 iterations=142858 nodes=1000006 node_shortfall=0
COMBINED_SWEEP_POSITION position=30131 game=8510 bag=77 num_plies=6 num_plays=60 min_play_iterations=238 selected_source_rank=0 oracle_best_source_rank=0 candidate_best_source_rank=0 candidate_regret=0.000000000 sampling_regret=0.000000000 total_regret=0.000000000 spread_delta=+0.000000000 iterations=142858 nodes=1000006 node_shortfall=0
COMBINED_SWEEP_POSITION position=30132 game=8510 bag=75 num_plies=6 num_plays=60 min_play_iterations=238 selected_source_rank=0 oracle_best_source_rank=1 candidate_best_source_rank=1 candidate_regret=0.000000000 sampling_regret=0.037270511 total_regret=0.037270511 spread_delta=-10.867187500 iterations=142858 nodes=1000006 node_shortfall=0
COMBINED_SWEEP_POSITION position=30133 game=8510 bag=73 num_plies=6 num_plays=60 min_play_iterations=238 selected_source_rank=0 oracle_best_source_rank=3 candidate_best_source_rank=3 candidate_regret=0.000000000 sampling_regret=0.042612427 total_regret=0.042612427 spread_delta=-4.593750000 iterations=142858 nodes=1000006 node_shortfall=0
COMBINED_SWEEP_POSITION position=30134 game=8510 bag=68 num_plies=6 num_plays=60 min_play_iterations=238 selected_source_rank=0 oracle_best_source_rank=0 candidate_best_source_rank=0 candidate_regret=0.000000000 sampling_regret=0.000000000 total_regret=0.000000000 spread_delta=+0.000000000 iterations=142858 nodes=1000006 node_shortfall=0
COMBINED_SWEEP_POSITION position=30135 game=8510 bag=61 num_plies=6 num_plays=60 min_play_iterations=238 selected_source_rank=5 oracle_best_source_rank=0 candidate_best_source_rank=0 candidate_regret=0.000000000 sampling_regret=0.048765471 total_regret=0.048765471 spread_delta=-14.390625000 iterations=142858 nodes=1000006 node_shortfall=0
COMBINED_SWEEP_POSITION position=30136 game=8510 bag=57 num_plies=6 num_plays=60 min_play_iterations=238 selected_source_rank=0 oracle_best_source_rank=8 candidate_best_source_rank=8 candidate_regret=0.000000000 sampling_regret=0.025041680 total_regret=0.025041680 spread_delta=+0.375000000 iterations=142858 nodes=1000006 node_shortfall=0
COMBINED_SWEEP_POSITION position=30137 game=8510 bag=52 num_plies=6 num_plays=60 min_play_iterations=238 selected_source_rank=0 oracle_best_source_rank=0 candidate_best_source_rank=0 candidate_regret=0.000000000 sampling_regret=0.000000000 total_regret=0.000000000 spread_delta=+0.000000000 iterations=142858 nodes=1000006 node_shortfall=0
COMBINED_SWEEP_POSITION position=30142 game=8511 bag=86 num_plies=6 num_plays=60 min_play_iterations=238 selected_source_rank=0 oracle_best_source_rank=2 candidate_best_source_rank=2 candidate_regret=0.000000000 sampling_regret=0.019217992 total_regret=0.019217992 spread_delta=-8.480468750 iterations=142858 nodes=1000006 node_shortfall=0
COMBINED_SWEEP_POSITION position=30143 game=8511 bag=81 num_plies=6 num_plays=60 min_play_iterations=238 selected_source_rank=0 oracle_best_source_rank=5 candidate_best_source_rank=5 candidate_regret=0.000000000 sampling_regret=0.053126700 total_regret=0.053126700 spread_delta=-6.449218750 iterations=142858 nodes=1000006 node_shortfall=0
COMBINED_SWEEP_POSITION position=30144 game=8511 bag=76 num_plies=6 num_plays=60 min_play_iterations=238 selected_source_rank=0 oracle_best_source_rank=0 candidate_best_source_rank=0 candidate_regret=0.000000000 sampling_regret=0.000000000 total_regret=0.000000000 spread_delta=+0.000000000 iterations=142858 nodes=1000006 node_shortfall=0
COMBINED_SWEEP_POSITION position=30145 game=8511 bag=69 num_plies=6 num_plays=60 min_play_iterations=238 selected_source_rank=0 oracle_best_source_rank=0 candidate_best_source_rank=0 candidate_regret=0.000000000 sampling_regret=0.000000000 total_regret=0.000000000 spread_delta=+0.000000000 iterations=142858 nodes=1000006 node_shortfall=0
COMBINED_SWEEP_POSITION position=30146 game=8511 bag=64 num_plies=6 num_plays=60 min_play_iterations=238 selected_source_rank=0 oracle_best_source_rank=9 candidate_best_source_rank=9 candidate_regret=0.000000000 sampling_regret=0.031563187 total_regret=0.031563187 spread_delta=-7.871093750 iterations=142858 nodes=1000006 node_shortfall=0
COMBINED_SWEEP_POSITION position=30147 game=8511 bag=60 num_plies=6 num_plays=60 min_play_iterations=238 selected_source_rank=3 oracle_best_source_rank=3 candidate_best_source_rank=3 candidate_regret=0.000000000 sampling_regret=0.000000000 total_regret=0.000000000 spread_delta=+0.000000000 iterations=142858 nodes=1000006 node_shortfall=0
COMBINED_SWEEP_POSITION position=30148 game=8511 bag=55 num_plies=6 num_plays=60 min_play_iterations=238 selected_source_rank=0 oracle_best_source_rank=0 candidate_best_source_rank=0 candidate_regret=0.000000000 sampling_regret=0.000000000 total_regret=0.000000000 spread_delta=+0.000000000 iterations=142858 nodes=1000006 node_shortfall=0
COMBINED_SWEEP_POSITION position=30154 game=8512 bag=86 num_plies=6 num_plays=60 min_play_iterations=238 selected_source_rank=1 oracle_best_source_rank=1 candidate_best_source_rank=1 candidate_regret=0.000000000 sampling_regret=0.000000000 total_regret=0.000000000 spread_delta=+0.000000000 iterations=142858 nodes=1000006 node_shortfall=0
COMBINED_SWEEP_POSITION position=30155 game=8512 bag=83 num_plies=6 num_plays=60 min_play_iterations=238 selected_source_rank=1 oracle_best_source_rank=0 candidate_best_source_rank=0 candidate_regret=0.000000000 sampling_regret=0.054783749 total_regret=0.054783749 spread_delta=-3.906250000 iterations=142858 nodes=1000006 node_shortfall=0
COMBINED_SWEEP_POSITION position=30156 game=8512 bag=79 num_plies=6 num_plays=60 min_play_iterations=238 selected_source_rank=0 oracle_best_source_rank=0 candidate_best_source_rank=0 candidate_regret=0.000000000 sampling_regret=0.000000000 total_regret=0.000000000 spread_delta=+0.000000000 iterations=142858 nodes=1000006 node_shortfall=0
COMBINED_SWEEP_POSITION position=30157 game=8512 bag=73 num_plies=6 num_plays=60 min_play_iterations=238 selected_source_rank=5 oracle_best_source_rank=5 candidate_best_source_rank=5 candidate_regret=0.000000000 sampling_regret=0.000000000 total_regret=0.000000000 spread_delta=+0.000000000 iterations=142858 nodes=1000006 node_shortfall=0
COMBINED_SWEEP_POSITION position=30158 game=8512 bag=71 num_plies=6 num_plays=60 min_play_iterations=238 selected_source_rank=42 oracle_best_source_rank=51 candidate_best_source_rank=51 candidate_regret=0.000000000 sampling_regret=0.013228005 total_regret=0.013228005 spread_delta=+5.503906250 iterations=142858 nodes=1000006 node_shortfall=0
COMBINED_SWEEP_POSITION position=30159 game=8512 bag=65 num_plies=6 num_plays=60 min_play_iterations=238 selected_source_rank=1 oracle_best_source_rank=0 candidate_best_source_rank=0 candidate_regret=0.000000000 sampling_regret=0.014166837 total_regret=0.014166837 spread_delta=+2.777343750 iterations=142858 nodes=1000006 node_shortfall=0
COMBINED_SWEEP_POSITION position=30160 game=8512 bag=58 num_plies=6 num_plays=60 min_play_iterations=238 selected_source_rank=0 oracle_best_source_rank=0 candidate_best_source_rank=0 candidate_regret=0.000000000 sampling_regret=0.000000000 total_regret=0.000000000 spread_delta=+0.000000000 iterations=142858 nodes=1000006 node_shortfall=0
COMBINED_SWEEP_POSITION position=30161 game=8512 bag=54 num_plies=6 num_plays=60 min_play_iterations=238 selected_source_rank=9 oracle_best_source_rank=1 candidate_best_source_rank=1 candidate_regret=0.000000000 sampling_regret=0.020648350 total_regret=0.020648350 spread_delta=-6.914062500 iterations=142858 nodes=1000006 node_shortfall=0
COMBINED_SWEEP_POSITION position=30166 game=8513 bag=86 num_plies=6 num_plays=60 min_play_iterations=238 selected_source_rank=0 oracle_best_source_rank=0 candidate_best_source_rank=0 candidate_regret=0.000000000 sampling_regret=0.000000000 total_regret=0.000000000 spread_delta=+0.000000000 iterations=142858 nodes=1000006 node_shortfall=0
COMBINED_SWEEP_POSITION position=30167 game=8513 bag=81 num_plies=6 num_plays=60 min_play_iterations=238 selected_source_rank=1 oracle_best_source_rank=1 candidate_best_source_rank=1 candidate_regret=0.000000000 sampling_regret=0.000000000 total_regret=0.000000000 spread_delta=+0.000000000 iterations=142858 nodes=1000006 node_shortfall=0
COMBINED_SWEEP_POSITION position=30168 game=8513 bag=75 num_plies=6 num_plays=60 min_play_iterations=238 selected_source_rank=0 oracle_best_source_rank=0 candidate_best_source_rank=0 candidate_regret=0.000000000 sampling_regret=0.000000000 total_regret=0.000000000 spread_delta=+0.000000000 iterations=142858 nodes=1000006 node_shortfall=0
COMBINED_SWEEP_POSITION position=30169 game=8513 bag=73 num_plies=6 num_plays=60 min_play_iterations=238 selected_source_rank=0 oracle_best_source_rank=0 candidate_best_source_rank=0 candidate_regret=0.000000000 sampling_regret=0.000000000 total_regret=0.000000000 spread_delta=+0.000000000 iterations=142858 nodes=1000006 node_shortfall=0
COMBINED_SWEEP_POSITION position=30170 game=8513 bag=71 num_plies=6 num_plays=60 min_play_iterations=238 selected_source_rank=0 oracle_best_source_rank=0 candidate_best_source_rank=0 candidate_regret=0.000000000 sampling_regret=0.000000000 total_regret=0.000000000 spread_delta=+0.000000000 iterations=142858 nodes=1000006 node_shortfall=0
COMBINED_SWEEP_POSITION position=30171 game=8513 bag=64 num_plies=6 num_plays=60 min_play_iterations=238 selected_source_rank=0 oracle_best_source_rank=0 candidate_best_source_rank=0 candidate_regret=0.000000000 sampling_regret=0.000000000 total_regret=0.000000000 spread_delta=+0.000000000 iterations=142858 nodes=1000006 node_shortfall=0
COMBINED_SWEEP_POSITION position=30172 game=8513 bag=60 num_plies=6 num_plays=60 min_play_iterations=238 selected_source_rank=0 oracle_best_source_rank=0 candidate_best_source_rank=0 candidate_regret=0.000000000 sampling_regret=0.000000000 total_regret=0.000000000 spread_delta=+0.000000000 iterations=142858 nodes=1000006 node_shortfall=0
COMBINED_SWEEP_POSITION position=30173 game=8513 bag=56 num_plies=6 num_plays=60 min_play_iterations=238 selected_source_rank=0 oracle_best_source_rank=0 candidate_best_source_rank=0 candidate_regret=0.000000000 sampling_regret=0.000000000 total_regret=0.000000000 spread_delta=+0.000000000 iterations=142858 nodes=1000006 node_shortfall=0
COMBINED_SWEEP_POSITION position=30174 game=8513 bag=53 num_plies=6 num_plays=60 min_play_iterations=238 selected_source_rank=0 oracle_best_source_rank=0 candidate_best_source_rank=0 candidate_regret=0.000000000 sampling_regret=0.000000000 total_regret=0.000000000 spread_delta=+0.000000000 iterations=142858 nodes=1000006 node_shortfall=0
COMBINED_SWEEP_POSITION position=30179 game=8514 bag=86 num_plies=6 num_plays=60 min_play_iterations=238 selected_source_rank=0 oracle_best_source_rank=0 candidate_best_source_rank=0 candidate_regret=0.000000000 sampling_regret=0.000000000 total_regret=0.000000000 spread_delta=+0.000000000 iterations=142858 nodes=1000006 node_shortfall=0
COMBINED_SWEEP_POSITION position=30180 game=8514 bag=81 num_plies=6 num_plays=60 min_play_iterations=238 selected_source_rank=0 oracle_best_source_rank=0 candidate_best_source_rank=0 candidate_regret=0.000000000 sampling_regret=0.000000000 total_regret=0.000000000 spread_delta=+0.000000000 iterations=142858 nodes=1000006 node_shortfall=0
COMBINED_SWEEP_POSITION position=30181 game=8514 bag=74 num_plies=6 num_plays=60 min_play_iterations=238 selected_source_rank=2 oracle_best_source_rank=0 candidate_best_source_rank=0 candidate_regret=0.000000000 sampling_regret=0.038724125 total_regret=0.038724125 spread_delta=-5.210937500 iterations=142858 nodes=1000006 node_shortfall=0
COMBINED_SWEEP_POSITION position=30182 game=8514 bag=72 num_plies=6 num_plays=60 min_play_iterations=238 selected_source_rank=2 oracle_best_source_rank=0 candidate_best_source_rank=0 candidate_regret=0.000000000 sampling_regret=0.033790277 total_regret=0.033790277 spread_delta=-4.175781250 iterations=142858 nodes=1000006 node_shortfall=0
COMBINED_SWEEP_POSITION position=30183 game=8514 bag=66 num_plies=6 num_plays=60 min_play_iterations=238 selected_source_rank=0 oracle_best_source_rank=0 candidate_best_source_rank=0 candidate_regret=0.000000000 sampling_regret=0.000000000 total_regret=0.000000000 spread_delta=+0.000000000 iterations=142858 nodes=1000006 node_shortfall=0
COMBINED_SWEEP_POSITION position=30184 game=8514 bag=59 num_plies=6 num_plays=60 min_play_iterations=238 selected_source_rank=0 oracle_best_source_rank=0 candidate_best_source_rank=0 candidate_regret=0.000000000 sampling_regret=0.000000000 total_regret=0.000000000 spread_delta=+0.000000000 iterations=142858 nodes=1000006 node_shortfall=0
COMBINED_SWEEP_POSITION position=30185 game=8514 bag=52 num_plies=6 num_plays=60 min_play_iterations=238 selected_source_rank=0 oracle_best_source_rank=3 candidate_best_source_rank=3 candidate_regret=0.000000000 sampling_regret=0.004994535 total_regret=0.004994535 spread_delta=+5.414062500 iterations=142858 nodes=1000006 node_shortfall=0
COMBINED_SWEEP_POSITION position=30191 game=8515 bag=86 num_plies=6 num_plays=60 min_play_iterations=238 selected_source_rank=0 oracle_best_source_rank=9 candidate_best_source_rank=9 candidate_regret=0.000000000 sampling_regret=0.008193494 total_regret=0.008193494 spread_delta=+10.507812500 iterations=142858 nodes=1000006 node_shortfall=0
COMBINED_SWEEP_POSITION position=30192 game=8515 bag=84 num_plies=6 num_plays=60 min_play_iterations=238 selected_source_rank=9 oracle_best_source_rank=2 candidate_best_source_rank=2 candidate_regret=0.000000000 sampling_regret=0.003115824 total_regret=0.003115824 spread_delta=+2.187500000 iterations=142858 nodes=1000006 node_shortfall=0
