loaded config with command: set -threads 1 -savesettings false -hr false -numplays 15 -ima 0 -minp 100 -autosave false -fgrequired false
seed: 1785265734
loaded config with command: set -lex CSW24 -k1 CSW24 -k2 CSW24 -wmp true -rit true -ritmmap true -wit true -winpct winpct -s1 equity -s2 equity -r1 all -r2 all -numplays 15 -plies 2 -tlim 0.10000000000000001 -it 2147483647 -minplayiterations 100000 -sinfer false -threads 10 -pfrequency 0 -hr false -savesettings false -autosavegcg false -fgrequired false -klv3fallback -1 -seed 5425806429448716611
seed: 5425806429448716611

   ＡＢＣＤＥＦＧＨＩＪＫＬＭＮＯ  ➤ Player 1           0
  ┏━━━━━━━━━━━━━━━━━━━━━━━━━━━━━━┓   Player 2           0
 1┃＝　　＇　　　＝　　　＇　　＝┃   
 2┃　－　　　＂　　　＂　　　－　┃   Unseen: 100 (42v | 56c)
 3┃　　－　　　＇　＇　　　－　　┃   ? ? A A A A A A A A 
 4┃＇　　－　　　＇　　　－　　＇┃   A B B C C D D D D E 
 5┃　　　　－　　　　　－　　　　┃   E E E E E E E E E E 
 6┃　＂　　　＂　　　＂　　　＂　┃   E F F G G G H H I I 
 7┃　　＇　　　＇　＇　　　＇　　┃   I I I I I I I J K L 
 8┃＝　　＇　　　－　　　＇　　＝┃   L L L M M N N N N N 
 9┃　　＇　　　＇　＇　　　＇　　┃   N O O O O O O O O P 
10┃　＂　　　＂　　　＂　　　＂　┃   P Q R R R R R R S S 
11┃　　　　－　　　　　－　　　　┃   S S T T T T T T U U 
12┃＇　　－　　　＇　　　－　　＇┃   U U V V W W X Y Y Z 
13┃　　－　　　＇　＇　　　－　　┃   
14┃　－　　　＂　　　＂　　　－　┃   
15┃＝　　＇　　　＝　　　＇　　＝┃   
  ┗━━━━━━━━━━━━━━━━━━━━━━━━━━━━━━┛ 

loaded config with command: newgame
seed: 5425806429448716612
loaded config with command: rack AEINRST
seed: 5425806429448716613
   ＡＢＣＤＥＦＧＨＩＪＫＬＭＮＯ  ➤ Player 1  AEINRST  0    1:   8B ANESTRI  66 66.00 
  ┏━━━━━━━━━━━━━━━━━━━━━━━━━━━━━━┓   Player 2           0    2:   8C RATINES  66 66.00 
 1┃＝　　＇　　　＝　　　＇　　＝┃                           3:   8C RETINAS  66 66.00 
 2┃　－　　　＂　　　＂　　　－　┃   Unseen: 93 (39v | 52c)  4:   8C STAINER  66 66.00 
 3┃　　－　　　＇　＇　　　－　　┃   ? ? A A A A A A A A     5:   8C STEARIN  66 66.00 
 4┃＇　　－　　　＇　　　－　　＇┃   B B C C D D D D E E     6:   8D ANESTRI  66 66.00 
 5┃　　　　－　　　　　－　　　　┃   E E E E E E E E E F     7:   8D RETSINA  66 66.00 
 6┃　＂　　　＂　　　＂　　　＂　┃   F G G G H H I I I I     8:   8F ANESTRI  66 66.00 
 7┃　　＇　　　＇　＇　　　＇　　┃   I I I I J K L L L L     9:   8F ANTSIER  66 66.00 
 8┃＝　　＇　　　－　　　＇　　＝┃   M M N N N N N O O O     10:  8F STARNIE  66 66.00 
 9┃　　＇　　　＇　＇　　　＇　　┃   O O O O O P P Q R R     11:  8G NASTIER  66 66.00 
10┃　＂　　　＂　　　＂　　　＂　┃   R R R S S S T T T T     12:  8G RATINES  66 66.00 
11┃　　　　－　　　　　－　　　　┃   T U U U U V V W W X     13:  8G RESIANT  66 66.00 
12┃＇　　－　　　＇　　　－　　＇┃   Y Y Z                   14:  8G RETAINS  66 66.00 
13┃　　－　　　＇　＇　　　－　　┃                           15:  8G RETINAS  66 66.00 
14┃　－　　　＂　　　＂　　　－　┃                           
15┃＝　　＇　　　＝　　　＇　　＝┃                           Showing 15 of 15 plays
  ┗━━━━━━━━━━━━━━━━━━━━━━━━━━━━━━┛                           
                                                             
                                                             
loaded config with command: generate
seed: 5425806429448716614
loaded config with command: set -threads 1 -savesettings false -hr false -numplays 15 -ima 0 -minp 100 -autosave false -fgrequired false
seed: 1785265734
loaded config with command: set -lex CSW24 -k1 CSW24 -k2 CSW24 -wmp true -rit true -ritmmap true -wit true -winpct winpct -s1 equity -s2 equity -r1 all -r2 all -numplays 15 -plies 2 -tlim 0.10000000000000001 -it 2147483647 -minplayiterations 100000 -sinfer false -threads 10 -pfrequency 0 -hr false -savesettings false -autosavegcg false -fgrequired false -klv3fallback -1 -seed 5425806429448716611
seed: 5425806429448716611

   ＡＢＣＤＥＦＧＨＩＪＫＬＭＮＯ  ➤ Player 1           0
  ┏━━━━━━━━━━━━━━━━━━━━━━━━━━━━━━┓   Player 2           0
 1┃＝　　＇　　　＝　　　＇　　＝┃   
 2┃　－　　　＂　　　＂　　　－　┃   Unseen: 100 (42v | 56c)
 3┃　　－　　　＇　＇　　　－　　┃   ? ? A A A A A A A A 
 4┃＇　　－　　　＇　　　－　　＇┃   A B B C C D D D D E 
 5┃　　　　－　　　　　－　　　　┃   E E E E E E E E E E 
 6┃　＂　　　＂　　　＂　　　＂　┃   E F F G G G H H I I 
 7┃　　＇　　　＇　＇　　　＇　　┃   I I I I I I I J K L 
 8┃＝　　＇　　　－　　　＇　　＝┃   L L L M M N N N N N 
 9┃　　＇　　　＇　＇　　　＇　　┃   N O O O O O O O O P 
10┃　＂　　　＂　　　＂　　　＂　┃   P Q R R R R R R S S 
11┃　　　　－　　　　　－　　　　┃   S S T T T T T T U U 
12┃＇　　－　　　＇　　　－　　＇┃   U U V V W W X Y Y Z 
13┃　　－　　　＇　＇　　　－　　┃   
14┃　－　　　＂　　　＂　　　－　┃   
15┃＝　　＇　　　＝　　　＇　　＝┃   
  ┗━━━━━━━━━━━━━━━━━━━━━━━━━━━━━━┛ 

loaded config with command: newgame
seed: 5425806429448716612
loaded config with command: rack AEINRST
seed: 5425806429448716613
   ＡＢＣＤＥＦＧＨＩＪＫＬＭＮＯ  ➤ Player 1  AEINRST  0    1:   8B ANESTRI  66 66.00 
  ┏━━━━━━━━━━━━━━━━━━━━━━━━━━━━━━┓   Player 2           0    2:   8C RATINES  66 66.00 
 1┃＝　　＇　　　＝　　　＇　　＝┃                           3:   8C RETINAS  66 66.00 
 2┃　－　　　＂　　　＂　　　－　┃   Unseen: 93 (39v | 52c)  4:   8C STAINER  66 66.00 
 3┃　　－　　　＇　＇　　　－　　┃   ? ? A A A A A A A A     5:   8C STEARIN  66 66.00 
 4┃＇　　－　　　＇　　　－　　＇┃   B B C C D D D D E E     6:   8D ANESTRI  66 66.00 
 5┃　　　　－　　　　　－　　　　┃   E E E E E E E E E F     7:   8D RETSINA  66 66.00 
 6┃　＂　　　＂　　　＂　　　＂　┃   F G G G H H I I I I     8:   8F ANESTRI  66 66.00 
 7┃　　＇　　　＇　＇　　　＇　　┃   I I I I J K L L L L     9:   8F ANTSIER  66 66.00 
 8┃＝　　＇　　　－　　　＇　　＝┃   M M N N N N N O O O     10:  8F STARNIE  66 66.00 
 9┃　　＇　　　＇　＇　　　＇　　┃   O O O O O P P Q R R     11:  8G NASTIER  66 66.00 
10┃　＂　　　＂　　　＂　　　＂　┃   R R R S S S T T T T     12:  8G RATINES  66 66.00 
11┃　　　　－　　　　　－　　　　┃   T U U U U V V W W X     13:  8G RESIANT  66 66.00 
12┃＇　　－　　　＇　　　－　　＇┃   Y Y Z                   14:  8G RETAINS  66 66.00 
13┃　　－　　　＇　＇　　　－　　┃                           15:  8G RETINAS  66 66.00 
14┃　－　　　＂　　　＂　　　－　┃                           
15┃＝　　＇　　　＝　　　＇　　＝┃                           Showing 15 of 15 plays
  ┗━━━━━━━━━━━━━━━━━━━━━━━━━━━━━━┛                           
                                                             
                                                             
loaded config with command: generate
seed: 5425806429448716614
KLV3_NESTED_CONFIG files=obj/depth-replication-1m-p246-disagreements-20260728.tsv outer_samples_per_candidate=100000 outer_plies=10 nested_plies=2 nested_samples_per_candidate=2 nested_policy_split=1+1 outer_threads=10 nested_threads=1 start_disagreement=0 max_positions=0 min_bag_tiles=50 wall_seconds=0.000
KLV3_NESTED_POSITION disagreement=1 position=30004 game=8500 turn=4 bag=69 unique_roots=2 outer_samples=100000 klv2_root=0 hybrid_root=1 klv3_root=0 best_root=0 klv3_minus_klv2=+0.000000000 klv3_minus_klv2_sem=0.000000000 hybrid_minus_klv2=-0.002406383 hybrid_minus_klv2_sem=0.000802315 klv3_minus_hybrid=+0.002406383 klv3_minus_hybrid_sem=0.000802315 root0_utility=0.528665856 root0_utility_sem=0.000775926 root0_win=0.515044471 root0_spread=24.512140 root1_utility=0.526259473 root1_utility_sem=0.000790528 root1_win=0.512429152 root1_spread=23.694690
KLV3_NESTED_POSITION disagreement=2 position=30005 game=8500 turn=5 bag=62 unique_roots=2 outer_samples=100000 klv2_root=0 hybrid_root=0 klv3_root=1 best_root=1 klv3_minus_klv2=+0.000793842 klv3_minus_klv2_sem=0.000804132 hybrid_minus_klv2=+0.000000000 hybrid_minus_klv2_sem=0.000000000 klv3_minus_hybrid=+0.000793842 klv3_minus_hybrid_sem=0.000804132 root0_utility=0.465170467 root0_utility_sem=0.000773878 root0_win=0.438102925 root0_spread=8.471470 root1_utility=0.465964309 root1_utility_sem=0.000775118 root1_win=0.439162528 root1_spread=8.596860
KLV3_NESTED_POSITION disagreement=3 position=30015 game=8501 turn=2 bag=74 unique_roots=2 outer_samples=100000 klv2_root=0 hybrid_root=1 klv3_root=1 best_root=1 klv3_minus_klv2=+0.005304517 klv3_minus_klv2_sem=0.000821515 hybrid_minus_klv2=+0.005304517 hybrid_minus_klv2_sem=0.000821515 klv3_minus_hybrid=+0.000000000 klv3_minus_hybrid_sem=0.000000000 root0_utility=0.472585967 root0_utility_sem=0.000786097 root0_win=0.448105075 root0_spread=9.466960 root1_utility=0.477890484 root1_utility_sem=0.000783249 root1_win=0.454408709 root1_spread=11.031940
KLV3_NESTED_POSITION disagreement=4 position=30016 game=8501 turn=3 bag=70 unique_roots=2 outer_samples=100000 klv2_root=0 hybrid_root=0 klv3_root=1 best_root=0 klv3_minus_klv2=-0.001172672 klv3_minus_klv2_sem=0.000824340 hybrid_minus_klv2=+0.000000000 hybrid_minus_klv2_sem=0.000000000 klv3_minus_hybrid=-0.001172672 klv3_minus_hybrid_sem=0.000824340 root0_utility=0.492618991 root0_utility_sem=0.000799517 root0_win=0.471793168 root0_spread=15.158850 root1_utility=0.491446319 root1_utility_sem=0.000804652 root1_win=0.470559795 root1_spread=14.709480
KLV3_NESTED_POSITION disagreement=5 position=30025 game=8502 turn=0 bag=86 unique_roots=2 outer_samples=100000 klv2_root=0 hybrid_root=0 klv3_root=1 best_root=0 klv3_minus_klv2=-0.004272036 klv3_minus_klv2_sem=0.000726012 hybrid_minus_klv2=+0.000000000 hybrid_minus_klv2_sem=0.000000000 klv3_minus_hybrid=-0.004272036 klv3_minus_hybrid_sem=0.000726012 root0_utility=0.579790643 root0_utility_sem=0.000754581 root0_win=0.574654523 root0_spread=40.306350 root1_utility=0.575518607 root1_utility_sem=0.000749367 root1_win=0.569592304 root1_spread=39.028400
KLV3_NESTED_SUMMARY positions=5 klv2_root_wins=3 hybrid_root_wins=3 klv3_root_wins=3 klv3_minus_klv2=+0.000130730 klv3_minus_klv2_sem=0.001554157 hybrid_minus_klv2=+0.000579627 hybrid_minus_klv2_sem=0.001269818 klv3_minus_hybrid=-0.000448896 klv3_minus_hybrid_sem=0.001118901 outer_candidate_rollouts=1000000 outer_nodes=10000000 static_agreements=10000000 nested_disagreements=0 nested_rate=0.000000 nested_ties=0 nested_policy_samples=0 nested_nodes=0 elapsed_seconds=98.451705
KLV3_NESTED_POSITION disagreement=6 position=30027 game=8502 turn=2 bag=74 unique_roots=2 outer_samples=100000 klv2_root=0 hybrid_root=1 klv3_root=1 best_root=1 klv3_minus_klv2=+0.003041107 klv3_minus_klv2_sem=0.000699175 hybrid_minus_klv2=+0.003041107 hybrid_minus_klv2_sem=0.000699175 klv3_minus_hybrid=+0.000000000 klv3_minus_hybrid_sem=0.000000000 root0_utility=0.324711930 root0_utility_sem=0.000682840 root0_win=0.274427837 root0_spread=-33.112910 root1_utility=0.327753038 root1_utility_sem=0.000685526 root1_win=0.277752013 root1_spread=-31.927600
KLV3_NESTED_POSITION disagreement=7 position=30028 game=8502 turn=3 bag=70 unique_roots=2 outer_samples=100000 klv2_root=0 hybrid_root=1 klv3_root=1 best_root=0 klv3_minus_klv2=-0.004712310 klv3_minus_klv2_sem=0.000703823 hybrid_minus_klv2=-0.004712310 hybrid_minus_klv2_sem=0.000703823 klv3_minus_hybrid=+0.000000000 klv3_minus_hybrid_sem=0.000000000 root0_utility=0.726982556 root0_utility_sem=0.000677106 root0_win=0.750844868 root0_spread=82.641110 root1_utility=0.722270246 root1_utility_sem=0.000689714 root1_win=0.745848432 root1_spread=80.568090
KLV3_NESTED_POSITION disagreement=8 position=30032 game=8502 turn=7 bag=52 unique_roots=2 outer_samples=100000 klv2_root=0 hybrid_root=1 klv3_root=1 best_root=1 klv3_minus_klv2=+0.002845762 klv3_minus_klv2_sem=0.000461192 hybrid_minus_klv2=+0.002845762 hybrid_minus_klv2_sem=0.000461192 klv3_minus_hybrid=+0.000000000 klv3_minus_hybrid_sem=0.000000000 root0_utility=0.869625866 root0_utility_sem=0.000426149 root0_win=0.922450454 root0_spread=126.783900 root1_utility=0.872471628 root1_utility_sem=0.000412279 root1_win=0.925983312 root1_spread=127.421010
KLV3_NESTED_POSITION disagreement=9 position=30044 game=8503 turn=6 bag=58 unique_roots=2 outer_samples=100000 klv2_root=0 hybrid_root=0 klv3_root=1 best_root=1 klv3_minus_klv2=+0.004395420 klv3_minus_klv2_sem=0.000971587 hybrid_minus_klv2=+0.000000000 hybrid_minus_klv2_sem=0.000000000 klv3_minus_hybrid=+0.004395420 klv3_minus_hybrid_sem=0.000971587 root0_utility=0.461003884 root0_utility_sem=0.000842017 root0_win=0.433572672 root0_spread=6.976250 root1_utility=0.465399304 root1_utility_sem=0.000801947 root1_win=0.438767601 root1_spread=8.105310
KLV3_NESTED_POSITION disagreement=10 position=30057 game=8504 turn=5 bag=68 unique_roots=2 outer_samples=100000 klv2_root=0 hybrid_root=1 klv3_root=1 best_root=1 klv3_minus_klv2=+0.000756001 klv3_minus_klv2_sem=0.000849133 hybrid_minus_klv2=+0.000756001 hybrid_minus_klv2_sem=0.000849133 klv3_minus_hybrid=+0.000000000 klv3_minus_hybrid_sem=0.000000000 root0_utility=0.491789565 root0_utility_sem=0.000833157 root0_win=0.471340779 root0_spread=14.585820 root1_utility=0.492545566 root1_utility_sem=0.000823133 root1_win=0.472299632 root1_spread=14.666630
KLV3_NESTED_SUMMARY positions=10 klv2_root_wins=4 hybrid_root_wins=6 klv3_root_wins=7 klv3_minus_klv2=+0.000697963 klv3_minus_klv2_sem=0.001069610 hybrid_minus_klv2=+0.000482869 hybrid_minus_klv2_sem=0.000892693 klv3_minus_hybrid=+0.000215094 klv3_minus_hybrid_sem=0.000706347 outer_candidate_rollouts=2000000 outer_nodes=19999999 static_agreements=19999999 nested_disagreements=0 nested_rate=0.000000 nested_ties=0 nested_policy_samples=0 nested_nodes=0 elapsed_seconds=197.248885
KLV3_NESTED_POSITION disagreement=11 position=30059 game=8504 turn=7 bag=61 unique_roots=2 outer_samples=100000 klv2_root=0 hybrid_root=1 klv3_root=1 best_root=1 klv3_minus_klv2=+0.001589898 klv3_minus_klv2_sem=0.000575242 hybrid_minus_klv2=+0.001589898 hybrid_minus_klv2_sem=0.000575242 klv3_minus_hybrid=+0.000000000 klv3_minus_hybrid_sem=0.000000000 root0_utility=0.579437710 root0_utility_sem=0.000866632 root0_win=0.578066698 root0_spread=36.914750 root1_utility=0.581027608 root1_utility_sem=0.000859464 root1_win=0.580050586 root1_spread=37.165200
KLV3_NESTED_POSITION disagreement=12 position=30071 game=8505 turn=5 bag=56 unique_roots=2 outer_samples=100000 klv2_root=0 hybrid_root=1 klv3_root=1 best_root=1 klv3_minus_klv2=+0.007502809 klv3_minus_klv2_sem=0.000870555 hybrid_minus_klv2=+0.007502809 hybrid_minus_klv2_sem=0.000870555 klv3_minus_hybrid=+0.000000000 klv3_minus_hybrid_sem=0.000000000 root0_utility=0.494952071 root0_utility_sem=0.000784659 root0_win=0.474270698 root0_spread=15.629230 root1_utility=0.502454880 root1_utility_sem=0.000779926 root1_win=0.483598045 root1_spread=17.252070
KLV3_NESTED_POSITION disagreement=13 position=30073 game=8505 turn=7 bag=51 unique_roots=2 outer_samples=100000 klv2_root=0 hybrid_root=1 klv3_root=1 best_root=0 klv3_minus_klv2=-0.001641690 klv3_minus_klv2_sem=0.000947778 hybrid_minus_klv2=-0.001641690 hybrid_minus_klv2_sem=0.000947778 klv3_minus_hybrid=+0.000000000 klv3_minus_hybrid_sem=0.000000000 root0_utility=0.566629564 root0_utility_sem=0.000807043 root0_win=0.564147554 root0_spread=30.891290 root1_utility=0.564987874 root1_utility_sem=0.000814561 root1_win=0.561955767 root1_spread=30.744020
KLV3_NESTED_POSITION disagreement=14 position=30115 game=8509 turn=1 bag=82 unique_roots=2 outer_samples=100000 klv2_root=0 hybrid_root=0 klv3_root=1 best_root=0 klv3_minus_klv2=-0.008469370 klv3_minus_klv2_sem=0.000706432 hybrid_minus_klv2=+0.000000000 hybrid_minus_klv2_sem=0.000000000 klv3_minus_hybrid=-0.008469370 klv3_minus_hybrid_sem=0.000706432 root0_utility=0.454467842 root0_utility_sem=0.000757725 root0_win=0.426925197 root0_spread=4.269040 root1_utility=0.445998472 root1_utility_sem=0.000759920 root1_win=0.417119181 root1_spread=1.717470
KLV3_NESTED_POSITION disagreement=15 position=30118 game=8509 turn=4 bag=70 unique_roots=2 outer_samples=100000 klv2_root=0 hybrid_root=1 klv3_root=1 best_root=0 klv3_minus_klv2=-0.000478964 klv3_minus_klv2_sem=0.000840936 hybrid_minus_klv2=-0.000478964 hybrid_minus_klv2_sem=0.000840936 klv3_minus_hybrid=+0.000000000 klv3_minus_hybrid_sem=0.000000000 root0_utility=0.518288108 root0_utility_sem=0.000825831 root0_win=0.502747387 root0_spread=22.091070 root1_utility=0.517809144 root1_utility_sem=0.000813214 root1_win=0.502105503 root1_spread=21.916290
KLV3_NESTED_SUMMARY positions=15 klv2_root_wins=7 hybrid_root_wins=9 klv3_root_wins=9 klv3_minus_klv2=+0.000365488 klv3_minus_klv2_sem=0.001067503 hybrid_minus_klv2=+0.000786716 hybrid_minus_klv2_sem=0.000776173 klv3_minus_hybrid=-0.000421229 klv3_minus_hybrid_sem=0.000738192 outer_candidate_rollouts=3000000 outer_nodes=29999999 static_agreements=29999999 nested_disagreements=0 nested_rate=0.000000 nested_ties=0 nested_policy_samples=0 nested_nodes=0 elapsed_seconds=283.282957
KLV3_NESTED_POSITION disagreement=16 position=30135 game=8510 turn=6 bag=61 unique_roots=2 outer_samples=100000 klv2_root=0 hybrid_root=0 klv3_root=1 best_root=1 klv3_minus_klv2=+0.002025286 klv3_minus_klv2_sem=0.000831048 hybrid_minus_klv2=+0.000000000 hybrid_minus_klv2_sem=0.000000000 klv3_minus_hybrid=+0.002025286 klv3_minus_hybrid_sem=0.000831048 root0_utility=0.500366023 root0_utility_sem=0.000835827 root0_win=0.482093911 root0_spread=16.327950 root1_utility=0.502391309 root1_utility_sem=0.000849055 root1_win=0.484314106 root1_spread=17.060630
KLV3_NESTED_POSITION disagreement=17 position=30143 game=8511 turn=1 bag=81 unique_roots=2 outer_samples=100000 klv2_root=0 hybrid_root=1 klv3_root=1 best_root=1 klv3_minus_klv2=+0.001362875 klv3_minus_klv2_sem=0.000760986 hybrid_minus_klv2=+0.001362875 hybrid_minus_klv2_sem=0.000760986 klv3_minus_hybrid=+0.000000000 klv3_minus_hybrid_sem=0.000000000 root0_utility=0.456964883 root0_utility_sem=0.000788125 root0_win=0.430121078 root0_spread=4.753860 root1_utility=0.458327759 root1_utility_sem=0.000800407 root1_win=0.431926204 root1_spread=4.962160
KLV3_NESTED_POSITION disagreement=18 position=30145 game=8511 turn=3 bag=69 unique_roots=2 outer_samples=100000 klv2_root=0 hybrid_root=1 klv3_root=1 best_root=0 klv3_minus_klv2=-0.000901950 klv3_minus_klv2_sem=0.000704852 hybrid_minus_klv2=-0.000901950 hybrid_minus_klv2_sem=0.000704852 klv3_minus_hybrid=+0.000000000 klv3_minus_hybrid_sem=0.000000000 root0_utility=0.309610852 root0_utility_sem=0.000737120 root0_win=0.256841726 root0_spread=-38.163920 root1_utility=0.308708902 root1_utility_sem=0.000747107 root1_win=0.256572721 root1_spread=-39.331170
KLV3_NESTED_POSITION disagreement=19 position=30158 game=8512 turn=4 bag=71 unique_roots=2 outer_samples=100000 klv2_root=0 hybrid_root=0 klv3_root=1 best_root=1 klv3_minus_klv2=+0.001642390 klv3_minus_klv2_sem=0.000809847 hybrid_minus_klv2=+0.000000000 hybrid_minus_klv2_sem=0.000000000 klv3_minus_hybrid=+0.001642390 klv3_minus_hybrid_sem=0.000809847 root0_utility=0.608489258 root0_utility_sem=0.000817390 root0_win=0.610402580 root0_spread=47.560150 root1_utility=0.610131648 root1_utility_sem=0.000821749 root1_win=0.612327275 root1_spread=48.170910
KLV3_NESTED_POSITION disagreement=20 position=30161 game=8512 turn=7 bag=54 unique_roots=2 outer_samples=100000 klv2_root=0 hybrid_root=1 klv3_root=1 best_root=1 klv3_minus_klv2=+0.002060525 klv3_minus_klv2_sem=0.000883805 hybrid_minus_klv2=+0.002060525 hybrid_minus_klv2_sem=0.000883805 klv3_minus_hybrid=+0.000000000 klv3_minus_hybrid_sem=0.000000000 root0_utility=0.481974901 root0_utility_sem=0.000889396 root0_win=0.460117797 root0_spread=11.409460 root1_utility=0.484035426 root1_utility_sem=0.000905953 root1_win=0.462809508 root1_spread=11.815260
KLV3_NESTED_SUMMARY positions=20 klv2_root_wins=8 hybrid_root_wins=11 klv3_root_wins=13 klv3_minus_klv2=+0.000583572 klv3_minus_klv2_sem=0.000808209 hybrid_minus_klv2=+0.000716110 hybrid_minus_klv2_sem=0.000590400 klv3_minus_hybrid=-0.000132538 klv3_minus_hybrid_sem=0.000570190 outer_candidate_rollouts=4000000 outer_nodes=39999995 static_agreements=39999995 nested_disagreements=0 nested_rate=0.000000 nested_ties=0 nested_policy_samples=0 nested_nodes=0 elapsed_seconds=384.277823
KLV3_NESTED_POSITION disagreement=21 position=30174 game=8513 turn=8 bag=53 unique_roots=2 outer_samples=100000 klv2_root=0 hybrid_root=1 klv3_root=1 best_root=1 klv3_minus_klv2=+0.003503209 klv3_minus_klv2_sem=0.000795434 hybrid_minus_klv2=+0.003503209 hybrid_minus_klv2_sem=0.000795434 klv3_minus_hybrid=+0.000000000 klv3_minus_hybrid_sem=0.000000000 root0_utility=0.640868022 root0_utility_sem=0.000859556 root0_win=0.653536967 root0_spread=52.166530 root1_utility=0.644371230 root1_utility_sem=0.000854721 root1_win=0.658090634 root1_spread=52.698910
KLV3_NESTED_POSITION disagreement=22 position=30181 game=8514 turn=2 bag=74 unique_roots=2 outer_samples=100000 klv2_root=0 hybrid_root=1 klv3_root=0 best_root=0 klv3_minus_klv2=+0.000000000 klv3_minus_klv2_sem=0.000000000 hybrid_minus_klv2=-0.001812934 hybrid_minus_klv2_sem=0.000766423 klv3_minus_hybrid=+0.001812934 klv3_minus_hybrid_sem=0.000766423 root0_utility=0.429068885 root0_utility_sem=0.000797422 root0_win=0.397135621 root0_spread=-3.155740 root1_utility=0.427255951 root1_utility_sem=0.000792515 root1_win=0.394931938 root1_spread=-3.602420
KLV3_NESTED_POSITION disagreement=23 position=30194 game=8515 turn=3 bag=71 unique_roots=2 outer_samples=100000 klv2_root=0 hybrid_root=1 klv3_root=0 best_root=0 klv3_minus_klv2=+0.000000000 klv3_minus_klv2_sem=0.000000000 hybrid_minus_klv2=-0.000631132 hybrid_minus_klv2_sem=0.000619775 klv3_minus_hybrid=+0.000631132 klv3_minus_hybrid_sem=0.000619775 root0_utility=0.217791220 root0_utility_sem=0.000553465 root0_win=0.153113554 root0_spread=-69.039440 root1_utility=0.217160088 root1_utility_sem=0.000540726 root1_win=0.151604463 root1_spread=-68.240190
KLV3_NESTED_POSITION disagreement=24 position=30218 game=8517 turn=3 bag=66 unique_roots=2 outer_samples=100000 klv2_root=0 hybrid_root=1 klv3_root=1 best_root=1 klv3_minus_klv2=+0.007128106 klv3_minus_klv2_sem=0.000865062 hybrid_minus_klv2=+0.007128106 hybrid_minus_klv2_sem=0.000865062 klv3_minus_hybrid=+0.000000000 klv3_minus_hybrid_sem=0.000000000 root0_utility=0.490867552 root0_utility_sem=0.000837530 root0_win=0.470075074 root0_spread=14.511920 root1_utility=0.497995658 root1_utility_sem=0.000816562 root1_win=0.478377720 root1_spread=16.498610
KLV3_NESTED_POSITION disagreement=25 position=30230 game=8518 turn=3 bag=72 unique_roots=2 outer_samples=100000 klv2_root=0 hybrid_root=1 klv3_root=1 best_root=1 klv3_minus_klv2=+0.002628030 klv3_minus_klv2_sem=0.000827494 hybrid_minus_klv2=+0.002628030 hybrid_minus_klv2_sem=0.000827494 klv3_minus_hybrid=+0.000000000 klv3_minus_hybrid_sem=0.000000000 root0_utility=0.414055841 root0_utility_sem=0.000797715 root0_win=0.378882368 root0_spread=-6.894540 root1_utility=0.416683870 root1_utility_sem=0.000811872 root1_win=0.382620598 root1_spread=-6.822880
KLV3_NESTED_SUMMARY positions=25 klv2_root_wins=10 hybrid_root_wins=14 klv3_root_wins=18 klv3_minus_klv2=+0.000997231 klv3_minus_klv2_sem=0.000707290 hybrid_minus_klv2=+0.001005499 hybrid_minus_klv2_sem=0.000564376 klv3_minus_hybrid=-0.000008268 klv3_minus_hybrid_sem=0.000461120 outer_candidate_rollouts=5000000 outer_nodes=49999965 static_agreements=49999965 nested_disagreements=0 nested_rate=0.000000 nested_ties=0 nested_policy_samples=0 nested_nodes=0 elapsed_seconds=480.679108
KLV3_NESTED_POSITION disagreement=26 position=30239 game=8519 turn=0 bag=86 unique_roots=2 outer_samples=100000 klv2_root=0 hybrid_root=1 klv3_root=1 best_root=1 klv3_minus_klv2=+0.000179977 klv3_minus_klv2_sem=0.000443182 hybrid_minus_klv2=+0.000179977 hybrid_minus_klv2_sem=0.000443182 klv3_minus_hybrid=+0.000000000 klv3_minus_hybrid_sem=0.000000000 root0_utility=0.685503196 root0_utility_sem=0.000665175 root0_win=0.699651817 root0_spread=71.235160 root1_utility=0.685683172 root1_utility_sem=0.000666884 root1_win=0.699836996 root1_spread=71.366470
KLV3_NESTED_POSITION disagreement=27 position=30267 game=8521 turn=2 bag=74 unique_roots=2 outer_samples=100000 klv2_root=0 hybrid_root=1 klv3_root=1 best_root=1 klv3_minus_klv2=+0.007845284 klv3_minus_klv2_sem=0.000814784 hybrid_minus_klv2=+0.007845284 hybrid_minus_klv2_sem=0.000814784 klv3_minus_hybrid=+0.000000000 klv3_minus_hybrid_sem=0.000000000 root0_utility=0.498217141 root0_utility_sem=0.000792230 root0_win=0.478463130 root0_spread=16.678950 root1_utility=0.506062425 root1_utility_sem=0.000752931 root1_win=0.487667787 root1_spread=18.728370
KLV3_NESTED_POSITION disagreement=28 position=30278 game=8522 turn=1 bag=83 unique_roots=2 outer_samples=100000 klv2_root=0 hybrid_root=0 klv3_root=1 best_root=0 klv3_minus_klv2=-0.001010007 klv3_minus_klv2_sem=0.000571331 hybrid_minus_klv2=+0.000000000 hybrid_minus_klv2_sem=0.000000000 klv3_minus_hybrid=-0.001010007 klv3_minus_hybrid_sem=0.000571331 root0_utility=0.677005533 root0_utility_sem=0.000656086 root0_win=0.690507381 root0_spread=67.269430 root1_utility=0.675995526 root1_utility_sem=0.000655741 root1_win=0.689361551 root1_spread=66.865270
KLV3_NESTED_POSITION disagreement=29 position=30395 game=8531 turn=0 bag=86 unique_roots=2 outer_samples=100000 klv2_root=0 hybrid_root=0 klv3_root=1 best_root=1 klv3_minus_klv2=+0.000823103 klv3_minus_klv2_sem=0.000640975 hybrid_minus_klv2=+0.000000000 hybrid_minus_klv2_sem=0.000000000 klv3_minus_hybrid=+0.000823103 klv3_minus_hybrid_sem=0.000640975 root0_utility=0.730703297 root0_utility_sem=0.000640806 root0_win=0.751788071 root0_spread=87.356440 root1_utility=0.731526399 root1_utility_sem=0.000633443 root1_win=0.752841754 root1_spread=87.373850
KLV3_NESTED_POSITION disagreement=30 position=30421 game=8533 turn=1 bag=81 unique_roots=2 outer_samples=100000 klv2_root=0 hybrid_root=0 klv3_root=1 best_root=1 klv3_minus_klv2=+0.003701455 klv3_minus_klv2_sem=0.000759632 hybrid_minus_klv2=+0.000000000 hybrid_minus_klv2_sem=0.000000000 klv3_minus_hybrid=+0.003701455 klv3_minus_hybrid_sem=0.000759632 root0_utility=0.497274938 root0_utility_sem=0.000725833 root0_win=0.476883989 root0_spread=16.670510 root1_utility=0.500976393 root1_utility_sem=0.000735103 root1_win=0.481492815 root1_spread=17.534770
KLV3_NESTED_SUMMARY positions=30 klv2_root_wins=11 hybrid_root_wins=17 klv3_root_wins=22 klv3_minus_klv2=+0.001215687 klv3_minus_klv2_sem=0.000641173 hybrid_minus_klv2=+0.001105425 hybrid_minus_klv2_sem=0.000526657 klv3_minus_hybrid=+0.000110262 klv3_minus_hybrid_sem=0.000404876 outer_candidate_rollouts=6000000 outer_nodes=59999965 static_agreements=59999965 nested_disagreements=0 nested_rate=0.000000 nested_ties=0 nested_policy_samples=0 nested_nodes=0 elapsed_seconds=567.919362
KLV3_NESTED_POSITION disagreement=31 position=30476 game=8537 turn=0 bag=86 unique_roots=3 outer_samples=100000 klv2_root=0 hybrid_root=1 klv3_root=2 best_root=1 klv3_minus_klv2=-0.000430776 klv3_minus_klv2_sem=0.000826736 hybrid_minus_klv2=+0.000196170 hybrid_minus_klv2_sem=0.000830396 klv3_minus_hybrid=-0.000626945 klv3_minus_hybrid_sem=0.000731929 root0_utility=0.482490300 root0_utility_sem=0.000747735 root0_win=0.460004309 root0_spread=12.199110 root1_utility=0.482686470 root1_utility_sem=0.000759439 root1_win=0.460017448 root1_spread=12.527230 root2_utility=0.482059524 root2_utility_sem=0.000750436 root2_win=0.459235292 root2_spread=12.343520
KLV3_NESTED_POSITION disagreement=32 position=30480 game=8537 turn=4 bag=68 unique_roots=2 outer_samples=100000 klv2_root=0 hybrid_root=1 klv3_root=1 best_root=0 klv3_minus_klv2=-0.001258950 klv3_minus_klv2_sem=0.000418750 hybrid_minus_klv2=-0.001258950 hybrid_minus_klv2_sem=0.000418750 klv3_minus_hybrid=+0.000000000 klv3_minus_hybrid_sem=0.000000000 root0_utility=0.664630368 root0_utility_sem=0.000712952 root0_win=0.680392675 root0_spread=59.111070 root1_utility=0.663371418 root1_utility_sem=0.000712504 root1_win=0.678950643 root1_spread=58.647110
KLV3_NESTED_POSITION disagreement=33 position=30493 game=8538 turn=4 bag=67 unique_roots=2 outer_samples=100000 klv2_root=0 hybrid_root=1 klv3_root=1 best_root=1 klv3_minus_klv2=+0.005733014 klv3_minus_klv2_sem=0.000759480 hybrid_minus_klv2=+0.005733014 hybrid_minus_klv2_sem=0.000759480 klv3_minus_hybrid=+0.000000000 klv3_minus_hybrid_sem=0.000000000 root0_utility=0.297858057 root0_utility_sem=0.000633248 root0_win=0.237601234 root0_spread=-35.456180 root1_utility=0.303591072 root1_utility_sem=0.000642982 root1_win=0.245291563 root1_spread=-34.837390
KLV3_NESTED_POSITION disagreement=34 position=30495 game=8538 turn=6 bag=62 unique_roots=2 outer_samples=100000 klv2_root=0 hybrid_root=1 klv3_root=1 best_root=1 klv3_minus_klv2=+0.003328031 klv3_minus_klv2_sem=0.000847737 hybrid_minus_klv2=+0.003328031 hybrid_minus_klv2_sem=0.000847737 klv3_minus_hybrid=+0.000000000 klv3_minus_hybrid_sem=0.000000000 root0_utility=0.343586174 root0_utility_sem=0.000717960 root0_win=0.291033060 root0_spread=-22.365300 root1_utility=0.346914205 root1_utility_sem=0.000720764 root1_win=0.294605348 root1_spread=-21.010770
KLV3_NESTED_POSITION disagreement=35 position=30509 game=8539 turn=7 bag=54 unique_roots=2 outer_samples=100000 klv2_root=0 hybrid_root=0 klv3_root=1 best_root=1 klv3_minus_klv2=+0.000020457 klv3_minus_klv2_sem=0.000376211 hybrid_minus_klv2=+0.000000000 hybrid_minus_klv2_sem=0.000000000 klv3_minus_hybrid=+0.000020457 klv3_minus_hybrid_sem=0.000376211 root0_utility=0.678395138 root0_utility_sem=0.000783319 root0_win=0.699191439 root0_spread=61.557200 root1_utility=0.678415595 root1_utility_sem=0.000785292 root1_win=0.699106636 root1_spread=61.704160
KLV3_NESTED_SUMMARY positions=35 klv2_root_wins=12 hybrid_root_wins=20 klv3_root_wins=25 klv3_minus_klv2=+0.001253211 klv3_minus_klv2_sem=0.000574487 hybrid_minus_klv2=+0.001176029 hybrid_minus_klv2_sem=0.000480833 klv3_minus_hybrid=+0.000077182 klv3_minus_hybrid_sem=0.000346851 outer_candidate_rollouts=7100000 outer_nodes=70999965 static_agreements=70999965 nested_disagreements=0 nested_rate=0.000000 nested_ties=0 nested_policy_samples=0 nested_nodes=0 elapsed_seconds=664.504226
KLV3_NESTED_POSITION disagreement=36 position=30515 game=8540 turn=0 bag=86 unique_roots=2 outer_samples=100000 klv2_root=0 hybrid_root=1 klv3_root=0 best_root=1 klv3_minus_klv2=+0.000000000 klv3_minus_klv2_sem=0.000000000 hybrid_minus_klv2=+0.001635250 hybrid_minus_klv2_sem=0.000673936 klv3_minus_hybrid=-0.001635250 klv3_minus_hybrid_sem=0.000673936 root0_utility=0.581637889 root0_utility_sem=0.000698981 root0_win=0.576364275 root0_spread=40.743270 root1_utility=0.583273139 root1_utility_sem=0.000700364 root1_win=0.578367668 root1_spread=41.156890
KLV3_NESTED_POSITION disagreement=37 position=30516 game=8540 turn=1 bag=86 unique_roots=2 outer_samples=100000 klv2_root=0 hybrid_root=1 klv3_root=1 best_root=1 klv3_minus_klv2=+0.004550906 klv3_minus_klv2_sem=0.000775583 hybrid_minus_klv2=+0.004550906 hybrid_minus_klv2_sem=0.000775583 klv3_minus_hybrid=+0.000000000 klv3_minus_hybrid_sem=0.000000000 root0_utility=0.524350706 root0_utility_sem=0.000736789 root0_win=0.508976730 root0_spread=24.396750 root1_utility=0.528901612 root1_utility_sem=0.000745622 root1_win=0.514399436 root1_spread=25.703890
KLV3_NESTED_POSITION disagreement=38 position=30520 game=8540 turn=5 bag=65 unique_roots=2 outer_samples=100000 klv2_root=0 hybrid_root=0 klv3_root=1 best_root=1 klv3_minus_klv2=+0.001175513 klv3_minus_klv2_sem=0.000826769 hybrid_minus_klv2=+0.000000000 hybrid_minus_klv2_sem=0.000000000 klv3_minus_hybrid=+0.001175513 klv3_minus_hybrid_sem=0.000826769 root0_utility=0.472098651 root0_utility_sem=0.000805419 root0_win=0.447268194 root0_spread=9.532540 root1_utility=0.473274164 root1_utility_sem=0.000814557 root1_win=0.448674634 root1_spread=9.889210
KLV3_NESTED_POSITION disagreement=39 position=30566 game=8544 turn=0 bag=86 unique_roots=2 outer_samples=100000 klv2_root=0 hybrid_root=1 klv3_root=1 best_root=1 klv3_minus_klv2=+0.006470697 klv3_minus_klv2_sem=0.000823120 hybrid_minus_klv2=+0.006470697 hybrid_minus_klv2_sem=0.000823120 klv3_minus_hybrid=+0.000000000 klv3_minus_hybrid_sem=0.000000000 root0_utility=0.503435863 root0_utility_sem=0.000755301 root0_win=0.484641168 root0_spread=18.246040 root1_utility=0.509906560 root1_utility_sem=0.000773540 root1_win=0.492303258 root1_spread=20.122580
KLV3_NESTED_POSITION disagreement=40 position=30595 game=8546 turn=0 bag=86 unique_roots=2 outer_samples=100000 klv2_root=0 hybrid_root=0 klv3_root=1 best_root=0 klv3_minus_klv2=-0.002985530 klv3_minus_klv2_sem=0.000702727 hybrid_minus_klv2=+0.000000000 hybrid_minus_klv2_sem=0.000000000 klv3_minus_hybrid=-0.002985530 klv3_minus_hybrid_sem=0.000702727 root0_utility=0.575253920 root0_utility_sem=0.000743433 root0_win=0.569074217 root0_spread=39.115630 root1_utility=0.572268391 root1_utility_sem=0.000743143 root1_win=0.565530033 root1_spread=38.255430
KLV3_NESTED_SUMMARY positions=40 klv2_root_wins=13 hybrid_root_wins=24 klv3_root_wins=28 klv3_minus_klv2=+0.001326849 klv3_minus_klv2_sem=0.000537185 hybrid_minus_klv2=+0.001345446 hybrid_minus_klv2_sem=0.000450343 klv3_minus_hybrid=-0.000018597 klv3_minus_hybrid_sem=0.000316560 outer_candidate_rollouts=8100000 outer_nodes=80999965 static_agreements=80999965 nested_disagreements=0 nested_rate=0.000000 nested_ties=0 nested_policy_samples=0 nested_nodes=0 elapsed_seconds=750.314791
KLV3_NESTED_POSITION disagreement=41 position=30626 game=8548 turn=4 bag=64 unique_roots=2 outer_samples=100000 klv2_root=0 hybrid_root=1 klv3_root=0 best_root=0 klv3_minus_klv2=+0.000000000 klv3_minus_klv2_sem=0.000000000 hybrid_minus_klv2=-0.000780236 hybrid_minus_klv2_sem=0.000400440 klv3_minus_hybrid=+0.000780236 klv3_minus_hybrid_sem=0.000400440 root0_utility=0.877700410 root0_utility_sem=0.000396198 root0_win=0.923973579 root0_spread=140.607330 root1_utility=0.876920174 root1_utility_sem=0.000393757 root1_win=0.923685978 root1_spread=138.807000
KLV3_NESTED_POSITION disagreement=42 position=30649 game=8550 turn=0 bag=86 unique_roots=2 outer_samples=100000 klv2_root=0 hybrid_root=1 klv3_root=1 best_root=1 klv3_minus_klv2=+0.000788559 klv3_minus_klv2_sem=0.000734529 hybrid_minus_klv2=+0.000788559 hybrid_minus_klv2_sem=0.000734529 klv3_minus_hybrid=+0.000000000 klv3_minus_hybrid_sem=0.000000000 root0_utility=0.491728533 root0_utility_sem=0.000760912 root0_win=0.470762998 root0_spread=14.977230 root1_utility=0.492517092 root1_utility_sem=0.000766417 root1_win=0.471755617 root1_spread=15.185540
KLV3_NESTED_POSITION disagreement=43 position=30652 game=8550 turn=3 bag=72 unique_roots=2 outer_samples=100000 klv2_root=0 hybrid_root=0 klv3_root=1 best_root=0 klv3_minus_klv2=-0.000694132 klv3_minus_klv2_sem=0.000625029 hybrid_minus_klv2=+0.000000000 hybrid_minus_klv2_sem=0.000000000 klv3_minus_hybrid=-0.000694132 klv3_minus_hybrid_sem=0.000625029 root0_utility=0.605464987 root0_utility_sem=0.000762447 root0_win=0.607422212 root0_spread=45.115270 root1_utility=0.604770855 root1_utility_sem=0.000763989 root1_win=0.606615473 root1_spread=44.917590
KLV3_NESTED_POSITION disagreement=44 position=30676 game=8552 turn=0 bag=86 unique_roots=2 outer_samples=100000 klv2_root=0 hybrid_root=0 klv3_root=1 best_root=0 klv3_minus_klv2=-0.003398173 klv3_minus_klv2_sem=0.000664108 hybrid_minus_klv2=+0.000000000 hybrid_minus_klv2_sem=0.000000000 klv3_minus_hybrid=-0.003398173 klv3_minus_hybrid_sem=0.000664108 root0_utility=0.629599947 root0_utility_sem=0.000696596 root0_win=0.633796403 root0_spread=54.084770 root1_utility=0.626201774 root1_utility_sem=0.000705890 root1_win=0.629761162 root1_spread=53.209480
KLV3_NESTED_POSITION disagreement=45 position=30702 game=8554 turn=1 bag=81 unique_roots=2 outer_samples=100000 klv2_root=0 hybrid_root=1 klv3_root=1 best_root=1 klv3_minus_klv2=+0.001855526 klv3_minus_klv2_sem=0.000745629 hybrid_minus_klv2=+0.001855526 hybrid_minus_klv2_sem=0.000745629 klv3_minus_hybrid=+0.000000000 klv3_minus_hybrid_sem=0.000000000 root0_utility=0.552770710 root0_utility_sem=0.000725874 root0_win=0.542980681 root0_spread=31.971160 root1_utility=0.554626236 root1_utility_sem=0.000722937 root1_win=0.545144791 root1_spread=32.460130
KLV3_NESTED_SUMMARY positions=45 klv2_root_wins=16 hybrid_root_wins=28 klv3_root_wins=31 klv3_minus_klv2=+0.001147239 klv3_minus_klv2_sem=0.000491058 hybrid_minus_klv2=+0.001237371 hybrid_minus_klv2_sem=0.000404872 klv3_minus_hybrid=-0.000090133 klv3_minus_hybrid_sem=0.000291820 outer_candidate_rollouts=9100000 outer_nodes=90999963 static_agreements=90999963 nested_disagreements=0 nested_rate=0.000000 nested_ties=0 nested_policy_samples=0 nested_nodes=0 elapsed_seconds=841.282339
KLV3_NESTED_POSITION disagreement=46 position=30713 game=8555 turn=0 bag=86 unique_roots=2 outer_samples=100000 klv2_root=0 hybrid_root=1 klv3_root=1 best_root=1 klv3_minus_klv2=+0.001010004 klv3_minus_klv2_sem=0.000732785 hybrid_minus_klv2=+0.001010004 hybrid_minus_klv2_sem=0.000732785 klv3_minus_hybrid=+0.000000000 klv3_minus_hybrid_sem=0.000000000 root0_utility=0.517056283 root0_utility_sem=0.000768496 root0_win=0.500541793 root0_spread=22.348690 root1_utility=0.518066287 root1_utility_sem=0.000774341 root1_win=0.501754640 root1_spread=22.710280
KLV3_NESTED_POSITION disagreement=47 position=30719 game=8555 turn=6 bag=69 unique_roots=2 outer_samples=100000 klv2_root=0 hybrid_root=1 klv3_root=0 best_root=1 klv3_minus_klv2=+0.000000000 klv3_minus_klv2_sem=0.000000000 hybrid_minus_klv2=+0.001741633 hybrid_minus_klv2_sem=0.000843677 klv3_minus_hybrid=-0.001741633 klv3_minus_hybrid_sem=0.000843677 root0_utility=0.627262769 root0_utility_sem=0.000785172 root0_win=0.632716403 root0_spread=52.753350 root1_utility=0.629004402 root1_utility_sem=0.000801485 root1_win=0.635218927 root1_spread=52.962210
KLV3_NESTED_POSITION disagreement=48 position=30731 game=8556 turn=4 bag=62 unique_roots=2 outer_samples=100000 klv2_root=0 hybrid_root=0 klv3_root=1 best_root=1 klv3_minus_klv2=+0.001701298 klv3_minus_klv2_sem=0.000363678 hybrid_minus_klv2=+0.000000000 hybrid_minus_klv2_sem=0.000000000 klv3_minus_hybrid=+0.001701298 klv3_minus_hybrid_sem=0.000363678 root0_utility=0.145783374 root0_utility_sem=0.000429215 root0_win=0.075210482 root0_spread=-99.665600 root1_utility=0.147484672 root1_utility_sem=0.000433814 root1_win=0.076830185 root1_spread=-98.664100
KLV3_NESTED_POSITION disagreement=49 position=30741 game=8557 turn=2 bag=76 unique_roots=2 outer_samples=100000 klv2_root=0 hybrid_root=0 klv3_root=1 best_root=0 klv3_minus_klv2=-0.002024025 klv3_minus_klv2_sem=0.000805808 hybrid_minus_klv2=+0.000000000 hybrid_minus_klv2_sem=0.000000000 klv3_minus_hybrid=-0.002024025 klv3_minus_hybrid_sem=0.000805808 root0_utility=0.601355937 root0_utility_sem=0.000753628 root0_win=0.601514782 root0_spread=45.107740 root1_utility=0.599331912 root1_utility_sem=0.000781266 root1_win=0.598859708 root1_spread=45.160500
KLV3_NESTED_POSITION disagreement=50 position=30742 game=8557 turn=3 bag=72 unique_roots=2 outer_samples=100000 klv2_root=0 hybrid_root=1 klv3_root=1 best_root=1 klv3_minus_klv2=+0.005852719 klv3_minus_klv2_sem=0.000787228 hybrid_minus_klv2=+0.005852719 hybrid_minus_klv2_sem=0.000787228 klv3_minus_hybrid=+0.000000000 klv3_minus_hybrid_sem=0.000000000 root0_utility=0.408677607 root0_utility_sem=0.000761247 root0_win=0.371680463 root0_spread=-7.547060 root1_utility=0.414530326 root1_utility_sem=0.000739143 root1_win=0.378478600 root1_spread=-5.774360
KLV3_NESTED_SUMMARY positions=50 klv2_root_wins=17 hybrid_root_wins=32 klv3_root_wins=34 klv3_minus_klv2=+0.001163315 klv3_minus_klv2_sem=0.000456822 hybrid_minus_klv2=+0.001285721 hybrid_minus_klv2_sem=0.000377488 klv3_minus_hybrid=-0.000122406 klv3_minus_hybrid_sem=0.000269735 outer_candidate_rollouts=10100000 outer_nodes=100999963 static_agreements=100999963 nested_disagreements=0 nested_rate=0.000000 nested_ties=0 nested_policy_samples=0 nested_nodes=0 elapsed_seconds=943.625279
KLV3_NESTED_POSITION disagreement=51 position=30746 game=8557 turn=7 bag=53 unique_roots=2 outer_samples=100000 klv2_root=0 hybrid_root=1 klv3_root=1 best_root=1 klv3_minus_klv2=+0.005149124 klv3_minus_klv2_sem=0.000829656 hybrid_minus_klv2=+0.005149124 hybrid_minus_klv2_sem=0.000829656 klv3_minus_hybrid=+0.000000000 klv3_minus_hybrid_sem=0.000000000 root0_utility=0.391671944 root0_utility_sem=0.000851192 root0_win=0.350876076 root0_spread=-11.786410 root1_utility=0.396821068 root1_utility_sem=0.000833624 root1_win=0.356554654 root1_spread=-9.921410
KLV3_NESTED_POSITION disagreement=52 position=30752 game=8558 turn=0 bag=86 unique_roots=2 outer_samples=100000 klv2_root=0 hybrid_root=0 klv3_root=1 best_root=1 klv3_minus_klv2=+0.002410183 klv3_minus_klv2_sem=0.000807756 hybrid_minus_klv2=+0.000000000 hybrid_minus_klv2_sem=0.000000000 klv3_minus_hybrid=+0.002410183 klv3_minus_hybrid_sem=0.000807756 root0_utility=0.521005916 root0_utility_sem=0.000738528 root0_win=0.505020981 root0_spread=23.445080 root1_utility=0.523416099 root1_utility_sem=0.000741672 root1_win=0.507948889 root1_spread=24.122370
KLV3_NESTED_POSITION disagreement=53 position=30757 game=8558 turn=5 bag=64 unique_roots=2 outer_samples=100000 klv2_root=0 hybrid_root=1 klv3_root=1 best_root=1 klv3_minus_klv2=+0.006620872 klv3_minus_klv2_sem=0.000590193 hybrid_minus_klv2=+0.006620872 hybrid_minus_klv2_sem=0.000590193 klv3_minus_hybrid=+0.000000000 klv3_minus_hybrid_sem=0.000000000 root0_utility=0.179295120 root0_utility_sem=0.000501891 root0_win=0.110353779 root0_spread=-84.095860 root1_utility=0.185915992 root1_utility_sem=0.000536875 root1_win=0.119682835 root1_spread=-84.370640
KLV3_NESTED_POSITION disagreement=54 position=30769 game=8559 turn=3 bag=70 unique_roots=2 outer_samples=100000 klv2_root=0 hybrid_root=1 klv3_root=1 best_root=0 klv3_minus_klv2=-0.000260388 klv3_minus_klv2_sem=0.000582053 hybrid_minus_klv2=-0.000260388 hybrid_minus_klv2_sem=0.000582053 klv3_minus_hybrid=+0.000000000 klv3_minus_hybrid_sem=0.000000000 root0_utility=0.442206752 root0_utility_sem=0.000774321 root0_win=0.411293687 root0_spread=1.766400 root1_utility=0.441946365 root1_utility_sem=0.000780028 root1_win=0.411203158 root1_spread=1.491500
KLV3_NESTED_POSITION disagreement=55 position=30779 game=8560 turn=0 bag=86 unique_roots=3 outer_samples=100000 klv2_root=0 hybrid_root=1 klv3_root=2 best_root=2 klv3_minus_klv2=+0.006292421 klv3_minus_klv2_sem=0.000784376 hybrid_minus_klv2=+0.004573006 hybrid_minus_klv2_sem=0.000779862 klv3_minus_hybrid=+0.001719415 klv3_minus_hybrid_sem=0.000773542 root0_utility=0.575853695 root0_utility_sem=0.000722222 root0_win=0.569607710 root0_spread=39.190090 root1_utility=0.580426701 root1_utility_sem=0.000744265 root1_win=0.575268127 root1_spread=40.553140 root2_utility=0.582146116 root2_utility_sem=0.000754773 root2_win=0.577588449 root2_spread=40.848160
KLV3_NESTED_SUMMARY positions=55 klv2_root_wins=18 hybrid_root_wins=34 klv3_root_wins=38 klv3_minus_klv2=+0.001425054 klv3_minus_klv2_sem=0.000443081 hybrid_minus_klv2=+0.001461249 hybrid_minus_klv2_sem=0.000369576 klv3_minus_hybrid=-0.000036195 klv3_minus_hybrid_sem=0.000251392 outer_candidate_rollouts=11200000 outer_nodes=111999962 static_agreements=111999962 nested_disagreements=0 nested_rate=0.000000 nested_ties=0 nested_policy_samples=0 nested_nodes=0 elapsed_seconds=1049.069062
KLV3_NESTED_POSITION disagreement=56 position=30806 game=8562 turn=0 bag=86 unique_roots=2 outer_samples=100000 klv2_root=0 hybrid_root=1 klv3_root=1 best_root=1 klv3_minus_klv2=+0.001551418 klv3_minus_klv2_sem=0.000676235 hybrid_minus_klv2=+0.001551418 hybrid_minus_klv2_sem=0.000676235 klv3_minus_hybrid=+0.000000000 klv3_minus_hybrid_sem=0.000000000 root0_utility=0.594074708 root0_utility_sem=0.000725098 root0_win=0.591291742 root0_spread=44.436560 root1_utility=0.595626126 root1_utility_sem=0.000724727 root1_win=0.593059442 root1_spread=44.935470
KLV3_NESTED_POSITION disagreement=57 position=30828 game=8563 turn=8 bag=57 unique_roots=2 outer_samples=100000 klv2_root=0 hybrid_root=0 klv3_root=1 best_root=1 klv3_minus_klv2=+0.003124108 klv3_minus_klv2_sem=0.000914623 hybrid_minus_klv2=+0.000000000 hybrid_minus_klv2_sem=0.000000000 klv3_minus_hybrid=+0.003124108 klv3_minus_hybrid_sem=0.000914623 root0_utility=0.608899332 root0_utility_sem=0.000883518 root0_win=0.613371873 root0_spread=45.688350 root1_utility=0.612023440 root1_utility_sem=0.000857536 root1_win=0.617323804 root1_spread=45.947350
KLV3_NESTED_POSITION disagreement=58 position=30838 game=8564 turn=3 bag=69 unique_roots=2 outer_samples=100000 klv2_root=0 hybrid_root=0 klv3_root=1 best_root=0 klv3_minus_klv2=-0.001196848 klv3_minus_klv2_sem=0.000785920 hybrid_minus_klv2=+0.000000000 hybrid_minus_klv2_sem=0.000000000 klv3_minus_hybrid=-0.001196848 klv3_minus_hybrid_sem=0.000785920 root0_utility=0.516616030 root0_utility_sem=0.000794775 root0_win=0.500534381 root0_spread=21.560280 root1_utility=0.515419182 root1_utility_sem=0.000793259 root1_win=0.499239041 root1_spread=21.069890
KLV3_NESTED_POSITION disagreement=59 position=30842 game=8564 turn=7 bag=51 unique_roots=2 outer_samples=100000 klv2_root=0 hybrid_root=1 klv3_root=0 best_root=0 klv3_minus_klv2=+0.000000000 klv3_minus_klv2_sem=0.000000000 hybrid_minus_klv2=-0.002336995 hybrid_minus_klv2_sem=0.000769073 klv3_minus_hybrid=+0.002336995 klv3_minus_hybrid_sem=0.000769073 root0_utility=0.728714228 root0_utility_sem=0.000714995 root0_win=0.760738056 root0_spread=74.460970 root1_utility=0.726377233 root1_utility_sem=0.000733989 root1_win=0.757724503 root1_spread=74.217340
KLV3_NESTED_POSITION disagreement=60 position=30852 game=8565 turn=4 bag=72 unique_roots=2 outer_samples=100000 klv2_root=0 hybrid_root=0 klv3_root=1 best_root=1 klv3_minus_klv2=+0.002535506 klv3_minus_klv2_sem=0.000681473 hybrid_minus_klv2=+0.000000000 hybrid_minus_klv2_sem=0.000000000 klv3_minus_hybrid=+0.002535506 klv3_minus_hybrid_sem=0.000681473 root0_utility=0.708046777 root0_utility_sem=0.000722608 root0_win=0.729420325 root0_spread=76.085090 root1_utility=0.710582283 root1_utility_sem=0.000714240 root1_win=0.732613615 root1_spread=76.479300
KLV3_NESTED_SUMMARY positions=60 klv2_root_wins=20 hybrid_root_wins=36 klv3_root_wins=42 klv3_minus_klv2=+0.001406536 klv3_minus_klv2_sem=0.000410351 hybrid_minus_klv2=+0.001326385 hybrid_minus_klv2_sem=0.000346659 klv3_minus_hybrid=+0.000080151 klv3_minus_hybrid_sem=0.000243832 outer_candidate_rollouts=12200000 outer_nodes=121999959 static_agreements=121999959 nested_disagreements=0 nested_rate=0.000000 nested_ties=0 nested_policy_samples=0 nested_nodes=0 elapsed_seconds=1143.793707
KLV3_NESTED_POSITION disagreement=61 position=30864 game=8566 turn=2 bag=79 unique_roots=2 outer_samples=100000 klv2_root=0 hybrid_root=1 klv3_root=1 best_root=1 klv3_minus_klv2=+0.000810910 klv3_minus_klv2_sem=0.000685227 hybrid_minus_klv2=+0.000810910 hybrid_minus_klv2_sem=0.000685227 klv3_minus_hybrid=+0.000000000 klv3_minus_hybrid_sem=0.000000000 root0_utility=0.355833761 root0_utility_sem=0.000714031 root0_win=0.310496467 root0_spread=-23.597640 root1_utility=0.356644671 root1_utility_sem=0.000725473 root1_win=0.311833906 root1_spread=-23.824020
KLV3_NESTED_POSITION disagreement=62 position=30903 game=8569 turn=0 bag=86 unique_roots=2 outer_samples=100000 klv2_root=0 hybrid_root=1 klv3_root=1 best_root=1 klv3_minus_klv2=+0.007302781 klv3_minus_klv2_sem=0.000784297 hybrid_minus_klv2=+0.007302781 hybrid_minus_klv2_sem=0.000784297 klv3_minus_hybrid=+0.000000000 klv3_minus_hybrid_sem=0.000000000 root0_utility=0.587362320 root0_utility_sem=0.000695428 root0_win=0.583248754 root0_spread=42.234550 root1_utility=0.594665101 root1_utility_sem=0.000712372 root1_win=0.592455503 root1_spread=43.908360
KLV3_NESTED_POSITION disagreement=63 position=30910 game=8569 turn=7 bag=53 unique_roots=2 outer_samples=100000 klv2_root=0 hybrid_root=1 klv3_root=1 best_root=1 klv3_minus_klv2=+0.001367957 klv3_minus_klv2_sem=0.000882624 hybrid_minus_klv2=+0.001367957 hybrid_minus_klv2_sem=0.000882624 klv3_minus_hybrid=+0.000000000 klv3_minus_hybrid_sem=0.000000000 root0_utility=0.640455578 root0_utility_sem=0.000801867 root0_win=0.654363465 root0_spread=49.957890 root1_utility=0.641823535 root1_utility_sem=0.000808644 root1_win=0.655089583 root1_spread=51.525920
KLV3_NESTED_POSITION disagreement=64 position=30928 game=8571 turn=1 bag=81 unique_roots=2 outer_samples=100000 klv2_root=0 hybrid_root=1 klv3_root=1 best_root=1 klv3_minus_klv2=+0.001726833 klv3_minus_klv2_sem=0.000737889 hybrid_minus_klv2=+0.001726833 hybrid_minus_klv2_sem=0.000737889 klv3_minus_hybrid=+0.000000000 klv3_minus_hybrid_sem=0.000000000 root0_utility=0.332898400 root0_utility_sem=0.000705752 root0_win=0.285650177 root0_spread=-32.471750 root1_utility=0.334625233 root1_utility_sem=0.000711314 root1_win=0.288239039 root1_spread=-32.598830
KLV3_NESTED_POSITION disagreement=65 position=30929 game=8571 turn=2 bag=76 unique_roots=2 outer_samples=100000 klv2_root=0 hybrid_root=0 klv3_root=1 best_root=1 klv3_minus_klv2=+0.005450264 klv3_minus_klv2_sem=0.000783577 hybrid_minus_klv2=+0.000000000 hybrid_minus_klv2_sem=0.000000000 klv3_minus_hybrid=+0.005450264 klv3_minus_hybrid_sem=0.000783577 root0_utility=0.622522330 root0_utility_sem=0.000773900 root0_win=0.626460674 root0_spread=51.898220 root1_utility=0.627972594 root1_utility_sem=0.000782623 root1_win=0.633190309 root1_spread=53.287070
KLV3_NESTED_SUMMARY positions=65 klv2_root_wins=20 hybrid_root_wins=40 klv3_root_wins=47 klv3_minus_klv2=+0.001554629 klv3_minus_klv2_sem=0.000394141 hybrid_minus_klv2=+0.001396794 hybrid_minus_klv2_sem=0.000333611 klv3_minus_hybrid=+0.000157835 klv3_minus_hybrid_sem=0.000239660 outer_candidate_rollouts=13200000 outer_nodes=131999956 static_agreements=131999956 nested_disagreements=0 nested_rate=0.000000 nested_ties=0 nested_policy_samples=0 nested_nodes=0 elapsed_seconds=1237.854769
KLV3_NESTED_POSITION disagreement=66 position=30946 game=8572 turn=6 bag=58 unique_roots=2 outer_samples=100000 klv2_root=0 hybrid_root=1 klv3_root=1 best_root=1 klv3_minus_klv2=+0.001895859 klv3_minus_klv2_sem=0.000920935 hybrid_minus_klv2=+0.001895859 hybrid_minus_klv2_sem=0.000920935 klv3_minus_hybrid=+0.000000000 klv3_minus_hybrid_sem=0.000000000 root0_utility=0.491214768 root0_utility_sem=0.000891709 root0_win=0.471567461 root0_spread=13.586040 root1_utility=0.493110628 root1_utility_sem=0.000842311 root1_win=0.472722733 root1_spread=14.977560
KLV3_NESTED_POSITION disagreement=67 position=30954 game=8573 turn=0 bag=86 unique_roots=2 outer_samples=100000 klv2_root=0 hybrid_root=1 klv3_root=1 best_root=1 klv3_minus_klv2=+0.000209784 klv3_minus_klv2_sem=0.000742706 hybrid_minus_klv2=+0.000209784 hybrid_minus_klv2_sem=0.000742706 klv3_minus_hybrid=+0.000000000 klv3_minus_hybrid_sem=0.000000000 root0_utility=0.495622563 root0_utility_sem=0.000760014 root0_win=0.475272185 root0_spread=16.177740 root1_utility=0.495832347 root1_utility_sem=0.000748239 root1_win=0.475535305 root1_spread=16.189030
KLV3_NESTED_POSITION disagreement=68 position=30985 game=8575 turn=2 bag=76 unique_roots=2 outer_samples=100000 klv2_root=0 hybrid_root=1 klv3_root=1 best_root=0 klv3_minus_klv2=-0.000118286 klv3_minus_klv2_sem=0.000725164 hybrid_minus_klv2=-0.000118286 hybrid_minus_klv2_sem=0.000725164 klv3_minus_hybrid=+0.000000000 klv3_minus_hybrid_sem=0.000000000 root0_utility=0.308698985 root0_utility_sem=0.000664590 root0_win=0.256819170 root0_spread=-38.948850 root1_utility=0.308580699 root1_utility_sem=0.000709268 root1_win=0.257625983 root1_spread=-40.314960
KLV3_NESTED_POSITION disagreement=69 position=30988 game=8575 turn=5 bag=61 unique_roots=2 outer_samples=100000 klv2_root=0 hybrid_root=1 klv3_root=1 best_root=1 klv3_minus_klv2=+0.000778000 klv3_minus_klv2_sem=0.000610298 hybrid_minus_klv2=+0.000778000 hybrid_minus_klv2_sem=0.000610298 klv3_minus_hybrid=+0.000000000 klv3_minus_hybrid_sem=0.000000000 root0_utility=0.822824045 root0_utility_sem=0.000567265 root0_win=0.864124102 root0_spread=115.557520 root1_utility=0.823602045 root1_utility_sem=0.000558368 root1_win=0.864739566 root1_spread=115.948040
KLV3_NESTED_SUMMARY positions=69 klv2_root_wins=21 hybrid_root_wins=43 klv3_root_wins=50 klv3_minus_klv2=+0.001504583 klv3_minus_klv2_sem=0.000372601 hybrid_minus_klv2=+0.001355898 hybrid_minus_klv2_sem=0.000315558 klv3_minus_hybrid=+0.000148686 klv3_minus_hybrid_sem=0.000225709 outer_candidate_rollouts=14000000 outer_nodes=139999956 static_agreements=139999956 nested_disagreements=0 nested_rate=0.000000 nested_ties=0 nested_policy_samples=0 nested_nodes=0 elapsed_seconds=1315.702618
KLV3_NESTED_DONE rows_read=69 rows_below_min_bag=0 all_same_roots=0 evaluated=69 last_disagreement=69 elapsed_seconds=1315.702626 wall_limit_reached=0
