loaded config with command: set -threads 1 -savesettings false -hr false -numplays 15 -ima 0 -minp 100 -autosave false -fgrequired false
seed: 1785253702
loaded config with command: set -lex CSW24 -k1 CSW24 -k2 CSW24 -wmp true -rit true -ritmmap true -wit true -winpct winpct -s1 equity -s2 equity -r1 all -r2 all -numplays 15 -plies 2 -tlim 0.10000000000000001 -it 2147483647 -minplayiterations 100000 -sinfer false -threads 8 -pfrequency 0 -hr false -savesettings false -autosavegcg false -fgrequired false -klv3fallback -1 -seed 5425806429448716611
seed: 5425806429448716611

   ＡＢＣＤＥＦＧＨＩＪＫＬＭＮＯ  ➤ Player 1           0
  ┏━━━━━━━━━━━━━━━━━━━━━━━━━━━━━━┓   Player 2           0
 1┃＝　　＇　　　＝　　　＇　　＝┃   
 2┃　－　　　＂　　　＂　　　－　┃   Unseen: 100 (42v | 56c)
 3┃　　－　　　＇　＇　　　－　　┃   ? ? A A A A A A A A 
 4┃＇　　－　　　＇　　　－　　＇┃   A B B C C D D D D E 
 5┃　　　　－　　　　　－　　　　┃   E E E E E E E E E E 
 6┃　＂　　　＂　　　＂　　　＂　┃   E F F G G G H H I I 
 7┃　　＇　　　＇　＇　　　＇　　┃   I I I I I I I J K L 
 8┃＝　　＇　　　－　　　＇　　＝┃   L L L M M N N N N N 
 9┃　　＇　　　＇　＇　　　＇　　┃   N O O O O O O O O P 
10┃　＂　　　＂　　　＂　　　＂　┃   P Q R R R R R R S S 
11┃　　　　－　　　　　－　　　　┃   S S T T T T T T U U 
12┃＇　　－　　　＇　　　－　　＇┃   U U V V W W X Y Y Z 
13┃　　－　　　＇　＇　　　－　　┃   
14┃　－　　　＂　　　＂　　　－　┃   
15┃＝　　＇　　　＝　　　＇　　＝┃   
  ┗━━━━━━━━━━━━━━━━━━━━━━━━━━━━━━┛ 

loaded config with command: newgame
seed: 5425806429448716612
loaded config with command: rack AEINRST
seed: 5425806429448716613
   ＡＢＣＤＥＦＧＨＩＪＫＬＭＮＯ  ➤ Player 1  AEINRST  0    1:   8B ANESTRI  66 66.00 
  ┏━━━━━━━━━━━━━━━━━━━━━━━━━━━━━━┓   Player 2           0    2:   8C RATINES  66 66.00 
 1┃＝　　＇　　　＝　　　＇　　＝┃                           3:   8C RETINAS  66 66.00 
 2┃　－　　　＂　　　＂　　　－　┃   Unseen: 93 (39v | 52c)  4:   8C STAINER  66 66.00 
 3┃　　－　　　＇　＇　　　－　　┃   ? ? A A A A A A A A     5:   8C STEARIN  66 66.00 
 4┃＇　　－　　　＇　　　－　　＇┃   B B C C D D D D E E     6:   8D ANESTRI  66 66.00 
 5┃　　　　－　　　　　－　　　　┃   E E E E E E E E E F     7:   8D RETSINA  66 66.00 
 6┃　＂　　　＂　　　＂　　　＂　┃   F G G G H H I I I I     8:   8F ANESTRI  66 66.00 
 7┃　　＇　　　＇　＇　　　＇　　┃   I I I I J K L L L L     9:   8F ANTSIER  66 66.00 
 8┃＝　　＇　　　－　　　＇　　＝┃   M M N N N N N O O O     10:  8F STARNIE  66 66.00 
 9┃　　＇　　　＇　＇　　　＇　　┃   O O O O O P P Q R R     11:  8G NASTIER  66 66.00 
10┃　＂　　　＂　　　＂　　　＂　┃   R R R S S S T T T T     12:  8G RATINES  66 66.00 
11┃　　　　－　　　　　－　　　　┃   T U U U U V V W W X     13:  8G RESIANT  66 66.00 
12┃＇　　－　　　＇　　　－　　＇┃   Y Y Z                   14:  8G RETAINS  66 66.00 
13┃　　－　　　＇　＇　　　－　　┃                           15:  8G RETINAS  66 66.00 
14┃　－　　　＂　　　＂　　　－　┃                           
15┃＝　　＇　　　＝　　　＇　　＝┃                           Showing 15 of 15 plays
  ┗━━━━━━━━━━━━━━━━━━━━━━━━━━━━━━┛                           
                                                             
                                                             
loaded config with command: generate
seed: 5425806429448716614
loaded config with command: set -threads 1 -savesettings false -hr false -numplays 15 -ima 0 -minp 100 -autosave false -fgrequired false
seed: 1785253702
loaded config with command: set -lex CSW24 -k1 CSW24_klv3_ctx400 -k2 CSW24_klv3_ctx400 -wmp true -rit true -ritmmap true -wit true -winpct winpct -s1 equity -s2 equity -r1 all -r2 all -numplays 15 -plies 2 -tlim 0.10000000000000001 -it 2147483647 -minplayiterations 100000 -sinfer false -threads 8 -pfrequency 0 -hr false -savesettings false -autosavegcg false -fgrequired false -klv3fallback -1 -seed 5425806429448716611
seed: 5425806429448716611

   ＡＢＣＤＥＦＧＨＩＪＫＬＭＮＯ  ➤ Player 1           0
  ┏━━━━━━━━━━━━━━━━━━━━━━━━━━━━━━┓   Player 2           0
 1┃＝　　＇　　　＝　　　＇　　＝┃   
 2┃　－　　　＂　　　＂　　　－　┃   Unseen: 100 (42v | 56c)
 3┃　　－　　　＇　＇　　　－　　┃   ? ? A A A A A A A A 
 4┃＇　　－　　　＇　　　－　　＇┃   A B B C C D D D D E 
 5┃　　　　－　　　　　－　　　　┃   E E E E E E E E E E 
 6┃　＂　　　＂　　　＂　　　＂　┃   E F F G G G H H I I 
 7┃　　＇　　　＇　＇　　　＇　　┃   I I I I I I I J K L 
 8┃＝　　＇　　　－　　　＇　　＝┃   L L L M M N N N N N 
 9┃　　＇　　　＇　＇　　　＇　　┃   N O O O O O O O O P 
10┃　＂　　　＂　　　＂　　　＂　┃   P Q R R R R R R S S 
11┃　　　　－　　　　　－　　　　┃   S S T T T T T T U U 
12┃＇　　－　　　＇　　　－　　＇┃   U U V V W W X Y Y Z 
13┃　　－　　　＇　＇　　　－　　┃   
14┃　－　　　＂　　　＂　　　－　┃   
15┃＝　　＇　　　＝　　　＇　　＝┃   
  ┗━━━━━━━━━━━━━━━━━━━━━━━━━━━━━━┛ 

loaded config with command: newgame
seed: 5425806429448716612
loaded config with command: rack AEINRST
seed: 5425806429448716613
   ＡＢＣＤＥＦＧＨＩＪＫＬＭＮＯ  ➤ Player 1  AEINRST  0    1:   8B ANESTRI  66 66.00 
  ┏━━━━━━━━━━━━━━━━━━━━━━━━━━━━━━┓   Player 2           0    2:   8C RATINES  66 66.00 
 1┃＝　　＇　　　＝　　　＇　　＝┃                           3:   8C RETINAS  66 66.00 
 2┃　－　　　＂　　　＂　　　－　┃   Unseen: 93 (39v | 52c)  4:   8C STAINER  66 66.00 
 3┃　　－　　　＇　＇　　　－　　┃   ? ? A A A A A A A A     5:   8C STEARIN  66 66.00 
 4┃＇　　－　　　＇　　　－　　＇┃   B B C C D D D D E E     6:   8D ANESTRI  66 66.00 
 5┃　　　　－　　　　　－　　　　┃   E E E E E E E E E F     7:   8D RETSINA  66 66.00 
 6┃　＂　　　＂　　　＂　　　＂　┃   F G G G H H I I I I     8:   8F ANESTRI  66 66.00 
 7┃　　＇　　　＇　＇　　　＇　　┃   I I I I J K L L L L     9:   8F ANTSIER  66 66.00 
 8┃＝　　＇　　　－　　　＇　　＝┃   M M N N N N N O O O     10:  8F STARNIE  66 66.00 
 9┃　　＇　　　＇　＇　　　＇　　┃   O O O O O P P Q R R     11:  8G NASTIER  66 66.00 
10┃　＂　　　＂　　　＂　　　＂　┃   R R R S S S T T T T     12:  8G RATINES  66 66.00 
11┃　　　　－　　　　　－　　　　┃   T U U U U V V W W X     13:  8G RESIANT  66 66.00 
12┃＇　　－　　　＇　　　－　　＇┃   Y Y Z                   14:  8G RETAINS  66 66.00 
13┃　　－　　　＇　＇　　　－　　┃                           15:  8G RETINAS  66 66.00 
14┃　－　　　＂　　　＂　　　－　┃                           
15┃＝　　＇　　　＝　　　＇　　＝┃                           Showing 15 of 15 plays
  ┗━━━━━━━━━━━━━━━━━━━━━━━━━━━━━━┛                           
                                                             
                                                             
loaded config with command: generate
seed: 5425806429448716614
COMBINED_SWEEP_CONFIG files=obj/combined-candidates-terminal-oracle-1000x60x256-fixed-20260728.log skip_positions=200 max_positions=200 node_budget_per_position=299999 total_iterations=42857 sim_plies=6 selector=klv3_plus_positional similarity_check_plays=10 adjustment_scale_thousandths=750 rollout=klv2 horizon_leave=klv2 sampling_rule=top_two_ids cells=1 wall_seconds=0.000
COMBINED_SWEEP_POSITION position=30200 game=8515 bag=38 num_plies=6 num_plays=60 min_play_iterations=71 selected_source_rank=0 oracle_best_source_rank=0 candidate_best_source_rank=0 candidate_regret=0.000000000 sampling_regret=0.000000000 total_regret=0.000000000 spread_delta=+0.000000000 iterations=42857 nodes=299999 node_shortfall=0
COMBINED_SWEEP_POSITION position=30201 game=8515 bag=31 num_plies=6 num_plays=60 min_play_iterations=71 selected_source_rank=0 oracle_best_source_rank=0 candidate_best_source_rank=0 candidate_regret=0.000000000 sampling_regret=0.000000000 total_regret=0.000000000 spread_delta=+0.000000000 iterations=42857 nodes=299999 node_shortfall=0
COMBINED_SWEEP_POSITION position=30202 game=8516 bag=86 num_plies=6 num_plays=60 min_play_iterations=71 selected_source_rank=0 oracle_best_source_rank=1 candidate_best_source_rank=1 candidate_regret=0.000000000 sampling_regret=0.061656136 total_regret=0.061656136 spread_delta=-13.148437500 iterations=42857 nodes=299999 node_shortfall=0
COMBINED_SWEEP_POSITION position=30203 game=8516 bag=81 num_plies=6 num_plays=60 min_play_iterations=71 selected_source_rank=0 oracle_best_source_rank=1 candidate_best_source_rank=1 candidate_regret=0.000000000 sampling_regret=0.023128110 total_regret=0.023128110 spread_delta=-1.335937500 iterations=42857 nodes=299999 node_shortfall=0
COMBINED_SWEEP_POSITION position=30204 game=8516 bag=74 num_plies=6 num_plays=60 min_play_iterations=71 selected_source_rank=0 oracle_best_source_rank=0 candidate_best_source_rank=0 candidate_regret=0.000000000 sampling_regret=0.000000000 total_regret=0.000000000 spread_delta=+0.000000000 iterations=42857 nodes=299999 node_shortfall=0
COMBINED_SWEEP_POSITION position=30205 game=8516 bag=70 num_plies=6 num_plays=60 min_play_iterations=71 selected_source_rank=0 oracle_best_source_rank=2 candidate_best_source_rank=2 candidate_regret=0.000000000 sampling_regret=0.026038249 total_regret=0.026038249 spread_delta=-7.382812500 iterations=42857 nodes=299999 node_shortfall=0
COMBINED_SWEEP_POSITION position=30206 game=8516 bag=70 num_plies=6 num_plays=60 min_play_iterations=71 selected_source_rank=1 oracle_best_source_rank=1 candidate_best_source_rank=1 candidate_regret=0.000000000 sampling_regret=0.000000000 total_regret=0.000000000 spread_delta=+0.000000000 iterations=42857 nodes=299999 node_shortfall=0
COMBINED_SWEEP_POSITION position=30207 game=8516 bag=67 num_plies=6 num_plays=60 min_play_iterations=71 selected_source_rank=0 oracle_best_source_rank=0 candidate_best_source_rank=0 candidate_regret=0.000000000 sampling_regret=0.000000000 total_regret=0.000000000 spread_delta=+0.000000000 iterations=42857 nodes=299999 node_shortfall=0
COMBINED_SWEEP_POSITION position=30208 game=8516 bag=60 num_plies=6 num_plays=60 min_play_iterations=71 selected_source_rank=0 oracle_best_source_rank=44 candidate_best_source_rank=44 candidate_regret=0.000000000 sampling_regret=0.000369763 total_regret=0.000369763 spread_delta=+8.000000000 iterations=42857 nodes=299999 node_shortfall=0
COMBINED_SWEEP_POSITION position=30209 game=8516 bag=56 num_plies=6 num_plays=60 min_play_iterations=71 selected_source_rank=0 oracle_best_source_rank=0 candidate_best_source_rank=0 candidate_regret=0.000000000 sampling_regret=0.000000000 total_regret=0.000000000 spread_delta=+0.000000000 iterations=42857 nodes=299999 node_shortfall=0
COMBINED_SWEEP_POSITION position=30210 game=8516 bag=49 num_plies=6 num_plays=60 min_play_iterations=71 selected_source_rank=1 oracle_best_source_rank=10 candidate_best_source_rank=10 candidate_regret=0.000000000 sampling_regret=0.004606536 total_regret=0.004606536 spread_delta=+3.207031250 iterations=42857 nodes=299999 node_shortfall=0
COMBINED_SWEEP_POSITION position=30211 game=8516 bag=46 num_plies=6 num_plays=60 min_play_iterations=71 selected_source_rank=0 oracle_best_source_rank=3 candidate_best_source_rank=3 candidate_regret=0.000000000 sampling_regret=0.067931000 total_regret=0.067931000 spread_delta=-8.121093750 iterations=42857 nodes=299999 node_shortfall=0
COMBINED_SWEEP_POSITION position=30212 game=8516 bag=43 num_plies=6 num_plays=60 min_play_iterations=71 selected_source_rank=0 oracle_best_source_rank=0 candidate_best_source_rank=0 candidate_regret=0.000000000 sampling_regret=0.000000000 total_regret=0.000000000 spread_delta=+0.000000000 iterations=42857 nodes=299999 node_shortfall=0
COMBINED_SWEEP_POSITION position=30213 game=8516 bag=36 num_plies=6 num_plays=60 min_play_iterations=71 selected_source_rank=0 oracle_best_source_rank=0 candidate_best_source_rank=0 candidate_regret=0.000000000 sampling_regret=0.000000000 total_regret=0.000000000 spread_delta=+0.000000000 iterations=42857 nodes=299999 node_shortfall=0
COMBINED_SWEEP_POSITION position=30214 game=8516 bag=29 num_plies=6 num_plays=60 min_play_iterations=71 selected_source_rank=0 oracle_best_source_rank=3 candidate_best_source_rank=3 candidate_regret=0.000000000 sampling_regret=0.015184087 total_regret=0.015184087 spread_delta=-2.464843750 iterations=42857 nodes=299998 node_shortfall=1
COMBINED_SWEEP_POSITION position=30215 game=8517 bag=86 num_plies=6 num_plays=60 min_play_iterations=71 selected_source_rank=1 oracle_best_source_rank=0 candidate_best_source_rank=0 candidate_regret=0.000000000 sampling_regret=0.026943598 total_regret=0.026943598 spread_delta=+8.476562500 iterations=42857 nodes=299999 node_shortfall=0
COMBINED_SWEEP_POSITION position=30216 game=8517 bag=79 num_plies=6 num_plays=60 min_play_iterations=71 selected_source_rank=0 oracle_best_source_rank=0 candidate_best_source_rank=0 candidate_regret=0.000000000 sampling_regret=0.000000000 total_regret=0.000000000 spread_delta=+0.000000000 iterations=42857 nodes=299999 node_shortfall=0
COMBINED_SWEEP_POSITION position=30217 game=8517 bag=72 num_plies=6 num_plays=60 min_play_iterations=71 selected_source_rank=0 oracle_best_source_rank=5 candidate_best_source_rank=5 candidate_regret=0.000000000 sampling_regret=0.005921684 total_regret=0.005921684 spread_delta=-7.554687500 iterations=42857 nodes=299999 node_shortfall=0
COMBINED_SWEEP_POSITION position=30218 game=8517 bag=66 num_plies=6 num_plays=60 min_play_iterations=71 selected_source_rank=1 oracle_best_source_rank=14 candidate_best_source_rank=14 candidate_regret=0.000000000 sampling_regret=0.048005520 total_regret=0.048005520 spread_delta=-3.371093750 iterations=42857 nodes=299999 node_shortfall=0
COMBINED_SWEEP_POSITION position=30219 game=8517 bag=62 num_plies=6 num_plays=60 min_play_iterations=71 selected_source_rank=0 oracle_best_source_rank=0 candidate_best_source_rank=0 candidate_regret=0.000000000 sampling_regret=0.000000000 total_regret=0.000000000 spread_delta=+0.000000000 iterations=42857 nodes=299999 node_shortfall=0
COMBINED_SWEEP_POSITION position=30220 game=8517 bag=55 num_plies=6 num_plays=60 min_play_iterations=71 selected_source_rank=0 oracle_best_source_rank=0 candidate_best_source_rank=0 candidate_regret=0.000000000 sampling_regret=0.000000000 total_regret=0.000000000 spread_delta=+0.000000000 iterations=42857 nodes=299999 node_shortfall=0
COMBINED_SWEEP_POSITION position=30221 game=8517 bag=50 num_plies=6 num_plays=60 min_play_iterations=71 selected_source_rank=0 oracle_best_source_rank=2 candidate_best_source_rank=2 candidate_regret=0.000000000 sampling_regret=0.016036687 total_regret=0.016036687 spread_delta=-0.585937500 iterations=42857 nodes=299999 node_shortfall=0
COMBINED_SWEEP_POSITION position=30222 game=8517 bag=47 num_plies=6 num_plays=60 min_play_iterations=71 selected_source_rank=0 oracle_best_source_rank=0 candidate_best_source_rank=0 candidate_regret=0.000000000 sampling_regret=0.000000000 total_regret=0.000000000 spread_delta=+0.000000000 iterations=42857 nodes=299999 node_shortfall=0
COMBINED_SWEEP_POSITION position=30223 game=8517 bag=44 num_plies=6 num_plays=60 min_play_iterations=71 selected_source_rank=0 oracle_best_source_rank=0 candidate_best_source_rank=0 candidate_regret=0.000000000 sampling_regret=0.000000000 total_regret=0.000000000 spread_delta=+0.000000000 iterations=42857 nodes=299999 node_shortfall=0
COMBINED_SWEEP_POSITION position=30224 game=8517 bag=39 num_plies=6 num_plays=60 min_play_iterations=71 selected_source_rank=0 oracle_best_source_rank=0 candidate_best_source_rank=0 candidate_regret=0.000000000 sampling_regret=0.000000000 total_regret=0.000000000 spread_delta=+0.000000000 iterations=42857 nodes=299999 node_shortfall=0
COMBINED_SWEEP_POSITION position=30225 game=8517 bag=35 num_plies=6 num_plays=60 min_play_iterations=71 selected_source_rank=0 oracle_best_source_rank=3 candidate_best_source_rank=3 candidate_regret=0.000000000 sampling_regret=0.019081399 total_regret=0.019081399 spread_delta=-2.875000000 iterations=42857 nodes=299999 node_shortfall=0
COMBINED_SWEEP_POSITION position=30226 game=8517 bag=31 num_plies=6 num_plays=60 min_play_iterations=71 selected_source_rank=0 oracle_best_source_rank=1 candidate_best_source_rank=1 candidate_regret=0.000000000 sampling_regret=0.009098678 total_regret=0.009098678 spread_delta=-0.375000000 iterations=42857 nodes=299999 node_shortfall=0
COMBINED_SWEEP_POSITION position=30227 game=8518 bag=86 num_plies=6 num_plays=60 min_play_iterations=71 selected_source_rank=0 oracle_best_source_rank=0 candidate_best_source_rank=0 candidate_regret=0.000000000 sampling_regret=0.000000000 total_regret=0.000000000 spread_delta=+0.000000000 iterations=42857 nodes=299999 node_shortfall=0
COMBINED_SWEEP_POSITION position=30228 game=8518 bag=81 num_plies=6 num_plays=60 min_play_iterations=71 selected_source_rank=0 oracle_best_source_rank=5 candidate_best_source_rank=5 candidate_regret=0.000000000 sampling_regret=0.053340923 total_regret=0.053340923 spread_delta=-6.339843750 iterations=42857 nodes=299999 node_shortfall=0
COMBINED_SWEEP_POSITION position=30229 game=8518 bag=76 num_plies=6 num_plays=60 min_play_iterations=71 selected_source_rank=0 oracle_best_source_rank=0 candidate_best_source_rank=0 candidate_regret=0.000000000 sampling_regret=0.000000000 total_regret=0.000000000 spread_delta=+0.000000000 iterations=42857 nodes=299999 node_shortfall=0
COMBINED_SWEEP_POSITION position=30230 game=8518 bag=72 num_plies=6 num_plays=60 min_play_iterations=71 selected_source_rank=0 oracle_best_source_rank=20 candidate_best_source_rank=20 candidate_regret=0.000000000 sampling_regret=0.021546648 total_regret=0.021546648 spread_delta=-6.339843750 iterations=42857 nodes=299999 node_shortfall=0
COMBINED_SWEEP_POSITION position=30231 game=8518 bag=69 num_plies=6 num_plays=60 min_play_iterations=71 selected_source_rank=0 oracle_best_source_rank=0 candidate_best_source_rank=0 candidate_regret=0.000000000 sampling_regret=0.000000000 total_regret=0.000000000 spread_delta=+0.000000000 iterations=42857 nodes=299999 node_shortfall=0
COMBINED_SWEEP_POSITION position=30232 game=8518 bag=62 num_plies=6 num_plays=60 min_play_iterations=71 selected_source_rank=0 oracle_best_source_rank=0 candidate_best_source_rank=0 candidate_regret=0.000000000 sampling_regret=0.000000000 total_regret=0.000000000 spread_delta=+0.000000000 iterations=42857 nodes=299999 node_shortfall=0
COMBINED_SWEEP_POSITION position=30233 game=8518 bag=57 num_plies=6 num_plays=60 min_play_iterations=71 selected_source_rank=0 oracle_best_source_rank=0 candidate_best_source_rank=0 candidate_regret=0.000000000 sampling_regret=0.000000000 total_regret=0.000000000 spread_delta=+0.000000000 iterations=42857 nodes=299999 node_shortfall=0
COMBINED_SWEEP_POSITION position=30234 game=8518 bag=54 num_plies=6 num_plays=60 min_play_iterations=71 selected_source_rank=0 oracle_best_source_rank=4 candidate_best_source_rank=4 candidate_regret=0.000000000 sampling_regret=0.010357072 total_regret=0.010357072 spread_delta=-4.738281250 iterations=42857 nodes=299999 node_shortfall=0
COMBINED_SWEEP_POSITION position=30235 game=8518 bag=50 num_plies=6 num_plays=60 min_play_iterations=71 selected_source_rank=2 oracle_best_source_rank=5 candidate_best_source_rank=5 candidate_regret=0.000000000 sampling_regret=0.043687986 total_regret=0.043687986 spread_delta=-5.132812500 iterations=42857 nodes=299999 node_shortfall=0
COMBINED_SWEEP_POSITION position=30236 game=8518 bag=45 num_plies=6 num_plays=60 min_play_iterations=71 selected_source_rank=0 oracle_best_source_rank=0 candidate_best_source_rank=0 candidate_regret=0.000000000 sampling_regret=0.000000000 total_regret=0.000000000 spread_delta=+0.000000000 iterations=42857 nodes=299999 node_shortfall=0
COMBINED_SWEEP_POSITION position=30237 game=8518 bag=41 num_plies=6 num_plays=60 min_play_iterations=71 selected_source_rank=0 oracle_best_source_rank=0 candidate_best_source_rank=0 candidate_regret=0.000000000 sampling_regret=0.000000000 total_regret=0.000000000 spread_delta=+0.000000000 iterations=42857 nodes=299999 node_shortfall=0
COMBINED_SWEEP_POSITION position=30238 game=8518 bag=34 num_plies=6 num_plays=60 min_play_iterations=71 selected_source_rank=0 oracle_best_source_rank=41 candidate_best_source_rank=41 candidate_regret=0.000000000 sampling_regret=0.010645436 total_regret=0.010645436 spread_delta=+7.820312500 iterations=42857 nodes=299999 node_shortfall=0
COMBINED_SWEEP_POSITION position=30239 game=8519 bag=86 num_plies=6 num_plays=60 min_play_iterations=71 selected_source_rank=2 oracle_best_source_rank=1 candidate_best_source_rank=1 candidate_regret=0.000000000 sampling_regret=0.010579651 total_regret=0.010579651 spread_delta=+0.925781250 iterations=42857 nodes=299999 node_shortfall=0
COMBINED_SWEEP_POSITION position=30240 game=8519 bag=79 num_plies=6 num_plays=60 min_play_iterations=71 selected_source_rank=1 oracle_best_source_rank=25 candidate_best_source_rank=25 candidate_regret=0.000000000 sampling_regret=0.043934054 total_regret=0.043934054 spread_delta=-0.589843750 iterations=42857 nodes=299999 node_shortfall=0
COMBINED_SWEEP_POSITION position=30241 game=8519 bag=76 num_plies=6 num_plays=60 min_play_iterations=71 selected_source_rank=0 oracle_best_source_rank=0 candidate_best_source_rank=0 candidate_regret=0.000000000 sampling_regret=0.000000000 total_regret=0.000000000 spread_delta=+0.000000000 iterations=42857 nodes=299999 node_shortfall=0
COMBINED_SWEEP_POSITION position=30242 game=8519 bag=72 num_plies=6 num_plays=60 min_play_iterations=71 selected_source_rank=0 oracle_best_source_rank=8 candidate_best_source_rank=8 candidate_regret=0.000000000 sampling_regret=0.024977199 total_regret=0.024977199 spread_delta=-4.355468750 iterations=42857 nodes=299999 node_shortfall=0
COMBINED_SWEEP_POSITION position=30243 game=8519 bag=69 num_plies=6 num_plays=60 min_play_iterations=71 selected_source_rank=1 oracle_best_source_rank=5 candidate_best_source_rank=5 candidate_regret=0.000000000 sampling_regret=0.078419133 total_regret=0.078419133 spread_delta=-17.824218750 iterations=42857 nodes=299999 node_shortfall=0
COMBINED_SWEEP_POSITION position=30244 game=8519 bag=64 num_plies=6 num_plays=60 min_play_iterations=71 selected_source_rank=0 oracle_best_source_rank=0 candidate_best_source_rank=0 candidate_regret=0.000000000 sampling_regret=0.000000000 total_regret=0.000000000 spread_delta=+0.000000000 iterations=42857 nodes=299999 node_shortfall=0
COMBINED_SWEEP_POSITION position=30245 game=8519 bag=57 num_plies=6 num_plays=60 min_play_iterations=71 selected_source_rank=2 oracle_best_source_rank=1 candidate_best_source_rank=1 candidate_regret=0.000000000 sampling_regret=0.003105691 total_regret=0.003105691 spread_delta=+4.628906250 iterations=42857 nodes=299999 node_shortfall=0
COMBINED_SWEEP_POSITION position=30246 game=8519 bag=54 num_plies=6 num_plays=60 min_play_iterations=71 selected_source_rank=2 oracle_best_source_rank=1 candidate_best_source_rank=1 candidate_regret=0.000000000 sampling_regret=0.045235034 total_regret=0.045235034 spread_delta=-11.046875000 iterations=42857 nodes=299999 node_shortfall=0
COMBINED_SWEEP_POSITION position=30247 game=8519 bag=48 num_plies=6 num_plays=60 min_play_iterations=71 selected_source_rank=0 oracle_best_source_rank=0 candidate_best_source_rank=0 candidate_regret=0.000000000 sampling_regret=0.000000000 total_regret=0.000000000 spread_delta=+0.000000000 iterations=42857 nodes=299999 node_shortfall=0
COMBINED_SWEEP_POSITION position=30248 game=8519 bag=41 num_plies=6 num_plays=60 min_play_iterations=71 selected_source_rank=0 oracle_best_source_rank=8 candidate_best_source_rank=8 candidate_regret=0.000000000 sampling_regret=0.002388306 total_regret=0.002388306 spread_delta=+17.246093750 iterations=42857 nodes=299999 node_shortfall=0
COMBINED_SWEEP_POSITION position=30249 game=8519 bag=37 num_plies=6 num_plays=60 min_play_iterations=71 selected_source_rank=0 oracle_best_source_rank=1 candidate_best_source_rank=1 candidate_regret=0.000000000 sampling_regret=0.038388468 total_regret=0.038388468 spread_delta=-6.500000000 iterations=42857 nodes=299999 node_shortfall=0
COMBINED_SWEEP_POSITION position=30250 game=8519 bag=35 num_plies=6 num_plays=60 min_play_iterations=71 selected_source_rank=0 oracle_best_source_rank=0 candidate_best_source_rank=0 candidate_regret=0.000000000 sampling_regret=0.000000000 total_regret=0.000000000 spread_delta=+0.000000000 iterations=42857 nodes=299999 node_shortfall=0
COMBINED_SWEEP_POSITION position=30251 game=8519 bag=31 num_plies=6 num_plays=60 min_play_iterations=71 selected_source_rank=0 oracle_best_source_rank=0 candidate_best_source_rank=0 candidate_regret=0.000000000 sampling_regret=0.000000000 total_regret=0.000000000 spread_delta=+0.000000000 iterations=42857 nodes=299993 node_shortfall=6
COMBINED_SWEEP_POSITION position=30252 game=8520 bag=86 num_plies=6 num_plays=60 min_play_iterations=71 selected_source_rank=0 oracle_best_source_rank=0 candidate_best_source_rank=0 candidate_regret=0.000000000 sampling_regret=0.000000000 total_regret=0.000000000 spread_delta=+0.000000000 iterations=42857 nodes=299999 node_shortfall=0
COMBINED_SWEEP_POSITION position=30253 game=8520 bag=80 num_plies=6 num_plays=60 min_play_iterations=71 selected_source_rank=0 oracle_best_source_rank=1 candidate_best_source_rank=1 candidate_regret=0.000000000 sampling_regret=0.022547425 total_regret=0.022547425 spread_delta=+0.882812500 iterations=42857 nodes=299999 node_shortfall=0
COMBINED_SWEEP_POSITION position=30254 game=8520 bag=74 num_plies=6 num_plays=60 min_play_iterations=71 selected_source_rank=0 oracle_best_source_rank=19 candidate_best_source_rank=19 candidate_regret=0.000000000 sampling_regret=0.022739987 total_regret=0.022739987 spread_delta=-4.054687500 iterations=42857 nodes=299999 node_shortfall=0
COMBINED_SWEEP_POSITION position=30255 game=8520 bag=71 num_plies=6 num_plays=60 min_play_iterations=71 selected_source_rank=0 oracle_best_source_rank=1 candidate_best_source_rank=1 candidate_regret=0.000000000 sampling_regret=0.013539401 total_regret=0.013539401 spread_delta=-0.304687500 iterations=42857 nodes=299999 node_shortfall=0
COMBINED_SWEEP_POSITION position=30256 game=8520 bag=69 num_plies=6 num_plays=60 min_play_iterations=71 selected_source_rank=7 oracle_best_source_rank=0 candidate_best_source_rank=0 candidate_regret=0.000000000 sampling_regret=0.010155944 total_regret=0.010155944 spread_delta=-7.042968750 iterations=42857 nodes=299999 node_shortfall=0
COMBINED_SWEEP_POSITION position=30257 game=8520 bag=63 num_plies=6 num_plays=60 min_play_iterations=71 selected_source_rank=0 oracle_best_source_rank=0 candidate_best_source_rank=0 candidate_regret=0.000000000 sampling_regret=0.000000000 total_regret=0.000000000 spread_delta=+0.000000000 iterations=42857 nodes=299999 node_shortfall=0
COMBINED_SWEEP_POSITION position=30258 game=8520 bag=56 num_plies=6 num_plays=60 min_play_iterations=71 selected_source_rank=0 oracle_best_source_rank=0 candidate_best_source_rank=0 candidate_regret=0.000000000 sampling_regret=0.000000000 total_regret=0.000000000 spread_delta=+0.000000000 iterations=42857 nodes=299999 node_shortfall=0
COMBINED_SWEEP_POSITION position=30259 game=8520 bag=51 num_plies=6 num_plays=60 min_play_iterations=71 selected_source_rank=0 oracle_best_source_rank=0 candidate_best_source_rank=0 candidate_regret=0.000000000 sampling_regret=0.000000000 total_regret=0.000000000 spread_delta=+0.000000000 iterations=42857 nodes=299999 node_shortfall=0
COMBINED_SWEEP_POSITION position=30260 game=8520 bag=46 num_plies=6 num_plays=60 min_play_iterations=71 selected_source_rank=0 oracle_best_source_rank=0 candidate_best_source_rank=0 candidate_regret=0.000000000 sampling_regret=0.000000000 total_regret=0.000000000 spread_delta=+0.000000000 iterations=42857 nodes=299999 node_shortfall=0
COMBINED_SWEEP_POSITION position=30261 game=8520 bag=39 num_plies=6 num_plays=60 min_play_iterations=71 selected_source_rank=1 oracle_best_source_rank=0 candidate_best_source_rank=0 candidate_regret=0.000000000 sampling_regret=0.020980819 total_regret=0.020980819 spread_delta=-1.093750000 iterations=42857 nodes=299999 node_shortfall=0
COMBINED_SWEEP_POSITION position=30262 game=8520 bag=36 num_plies=6 num_plays=60 min_play_iterations=71 selected_source_rank=0 oracle_best_source_rank=0 candidate_best_source_rank=0 candidate_regret=0.000000000 sampling_regret=0.000000000 total_regret=0.000000000 spread_delta=+0.000000000 iterations=42857 nodes=299999 node_shortfall=0
COMBINED_SWEEP_POSITION position=30263 game=8520 bag=32 num_plies=6 num_plays=60 min_play_iterations=71 selected_source_rank=0 oracle_best_source_rank=0 candidate_best_source_rank=0 candidate_regret=0.000000000 sampling_regret=0.000000000 total_regret=0.000000000 spread_delta=+0.000000000 iterations=42857 nodes=299999 node_shortfall=0
COMBINED_SWEEP_POSITION position=30264 game=8520 bag=29 num_plies=6 num_plays=60 min_play_iterations=71 selected_source_rank=0 oracle_best_source_rank=1 candidate_best_source_rank=1 candidate_regret=0.000000000 sampling_regret=0.003021690 total_regret=0.003021690 spread_delta=+5.390625000 iterations=42857 nodes=299952 node_shortfall=47
COMBINED_SWEEP_POSITION position=30265 game=8521 bag=86 num_plies=6 num_plays=60 min_play_iterations=71 selected_source_rank=6 oracle_best_source_rank=7 candidate_best_source_rank=7 candidate_regret=0.000000000 sampling_regret=0.006636894 total_regret=0.006636894 spread_delta=+4.019531250 iterations=42857 nodes=299999 node_shortfall=0
COMBINED_SWEEP_POSITION position=30266 game=8521 bag=81 num_plies=6 num_plays=60 min_play_iterations=71 selected_source_rank=0 oracle_best_source_rank=3 candidate_best_source_rank=3 candidate_regret=0.000000000 sampling_regret=0.032200919 total_regret=0.032200919 spread_delta=-8.171875000 iterations=42857 nodes=299999 node_shortfall=0
COMBINED_SWEEP_POSITION position=30267 game=8521 bag=74 num_plies=6 num_plays=60 min_play_iterations=71 selected_source_rank=0 oracle_best_source_rank=9 candidate_best_source_rank=9 candidate_regret=0.000000000 sampling_regret=0.046508460 total_regret=0.046508460 spread_delta=-2.101562500 iterations=42857 nodes=299999 node_shortfall=0
COMBINED_SWEEP_POSITION position=30268 game=8521 bag=68 num_plies=6 num_plays=60 min_play_iterations=71 selected_source_rank=0 oracle_best_source_rank=0 candidate_best_source_rank=0 candidate_regret=0.000000000 sampling_regret=0.000000000 total_regret=0.000000000 spread_delta=+0.000000000 iterations=42857 nodes=299999 node_shortfall=0
COMBINED_SWEEP_POSITION position=30269 game=8521 bag=61 num_plies=6 num_plays=60 min_play_iterations=71 selected_source_rank=1 oracle_best_source_rank=1 candidate_best_source_rank=1 candidate_regret=0.000000000 sampling_regret=0.000000000 total_regret=0.000000000 spread_delta=+0.000000000 iterations=42857 nodes=299999 node_shortfall=0
COMBINED_SWEEP_POSITION position=30270 game=8521 bag=58 num_plies=6 num_plays=60 min_play_iterations=71 selected_source_rank=3 oracle_best_source_rank=3 candidate_best_source_rank=3 candidate_regret=0.000000000 sampling_regret=0.000000000 total_regret=0.000000000 spread_delta=+0.000000000 iterations=42857 nodes=299999 node_shortfall=0
COMBINED_SWEEP_POSITION position=30271 game=8521 bag=54 num_plies=6 num_plays=60 min_play_iterations=71 selected_source_rank=0 oracle_best_source_rank=0 candidate_best_source_rank=0 candidate_regret=0.000000000 sampling_regret=0.000000000 total_regret=0.000000000 spread_delta=+0.000000000 iterations=42857 nodes=299999 node_shortfall=0
COMBINED_SWEEP_POSITION position=30272 game=8521 bag=49 num_plies=6 num_plays=60 min_play_iterations=71 selected_source_rank=2 oracle_best_source_rank=0 candidate_best_source_rank=0 candidate_regret=0.000000000 sampling_regret=0.023140843 total_regret=0.023140843 spread_delta=-4.773437500 iterations=42857 nodes=299999 node_shortfall=0
COMBINED_SWEEP_POSITION position=30273 game=8521 bag=45 num_plies=6 num_plays=60 min_play_iterations=71 selected_source_rank=4 oracle_best_source_rank=8 candidate_best_source_rank=8 candidate_regret=0.000000000 sampling_regret=0.019589694 total_regret=0.019589694 spread_delta=+1.671875000 iterations=42857 nodes=299999 node_shortfall=0
COMBINED_SWEEP_POSITION position=30274 game=8521 bag=41 num_plies=6 num_plays=60 min_play_iterations=71 selected_source_rank=0 oracle_best_source_rank=0 candidate_best_source_rank=0 candidate_regret=0.000000000 sampling_regret=0.000000000 total_regret=0.000000000 spread_delta=+0.000000000 iterations=42857 nodes=299999 node_shortfall=0
COMBINED_SWEEP_POSITION position=30275 game=8521 bag=34 num_plies=6 num_plays=60 min_play_iterations=71 selected_source_rank=0 oracle_best_source_rank=2 candidate_best_source_rank=2 candidate_regret=0.000000000 sampling_regret=0.013170590 total_regret=0.013170590 spread_delta=+7.960937500 iterations=42857 nodes=299999 node_shortfall=0
COMBINED_SWEEP_POSITION position=30276 game=8521 bag=29 num_plies=6 num_plays=60 min_play_iterations=71 selected_source_rank=0 oracle_best_source_rank=5 candidate_best_source_rank=5 candidate_regret=0.000000000 sampling_regret=0.013396223 total_regret=0.013396223 spread_delta=-0.203125000 iterations=42857 nodes=299994 node_shortfall=5
COMBINED_SWEEP_POSITION position=30277 game=8522 bag=86 num_plies=6 num_plays=60 min_play_iterations=71 selected_source_rank=0 oracle_best_source_rank=5 candidate_best_source_rank=5 candidate_regret=0.000000000 sampling_regret=0.002909300 total_regret=0.002909300 spread_delta=+1.703125000 iterations=42857 nodes=299999 node_shortfall=0
COMBINED_SWEEP_POSITION position=30278 game=8522 bag=83 num_plies=6 num_plays=60 min_play_iterations=71 selected_source_rank=0 oracle_best_source_rank=12 candidate_best_source_rank=12 candidate_regret=0.000000000 sampling_regret=0.019439953 total_regret=0.019439953 spread_delta=+0.867187500 iterations=42857 nodes=299999 node_shortfall=0
COMBINED_SWEEP_POSITION position=30279 game=8522 bag=76 num_plies=6 num_plays=60 min_play_iterations=71 selected_source_rank=42 oracle_best_source_rank=2 candidate_best_source_rank=2 candidate_regret=0.000000000 sampling_regret=0.039185781 total_regret=0.039185781 spread_delta=-2.953125000 iterations=42857 nodes=299999 node_shortfall=0
COMBINED_SWEEP_POSITION position=30280 game=8522 bag=73 num_plies=6 num_plays=60 min_play_iterations=71 selected_source_rank=0 oracle_best_source_rank=5 candidate_best_source_rank=5 candidate_regret=0.000000000 sampling_regret=0.040743501 total_regret=0.040743501 spread_delta=-6.453125000 iterations=42857 nodes=299999 node_shortfall=0
COMBINED_SWEEP_POSITION position=30281 game=8522 bag=69 num_plies=6 num_plays=60 min_play_iterations=71 selected_source_rank=0 oracle_best_source_rank=0 candidate_best_source_rank=0 candidate_regret=0.000000000 sampling_regret=0.000000000 total_regret=0.000000000 spread_delta=+0.000000000 iterations=42857 nodes=299999 node_shortfall=0
COMBINED_SWEEP_POSITION position=30282 game=8522 bag=62 num_plies=6 num_plays=60 min_play_iterations=71 selected_source_rank=0 oracle_best_source_rank=0 candidate_best_source_rank=0 candidate_regret=0.000000000 sampling_regret=0.000000000 total_regret=0.000000000 spread_delta=+0.000000000 iterations=42857 nodes=299999 node_shortfall=0
COMBINED_SWEEP_POSITION position=30283 game=8522 bag=55 num_plies=6 num_plays=60 min_play_iterations=71 selected_source_rank=0 oracle_best_source_rank=0 candidate_best_source_rank=0 candidate_regret=0.000000000 sampling_regret=0.000000000 total_regret=0.000000000 spread_delta=+0.000000000 iterations=42857 nodes=299999 node_shortfall=0
COMBINED_SWEEP_POSITION position=30284 game=8522 bag=51 num_plies=6 num_plays=60 min_play_iterations=71 selected_source_rank=0 oracle_best_source_rank=5 candidate_best_source_rank=5 candidate_regret=0.000000000 sampling_regret=0.025613582 total_regret=0.025613582 spread_delta=-0.894531250 iterations=42857 nodes=299999 node_shortfall=0
COMBINED_SWEEP_POSITION position=30285 game=8522 bag=49 num_plies=6 num_plays=60 min_play_iterations=71 selected_source_rank=0 oracle_best_source_rank=14 candidate_best_source_rank=14 candidate_regret=0.000000000 sampling_regret=0.037770684 total_regret=0.037770684 spread_delta=+2.882812500 iterations=42857 nodes=299999 node_shortfall=0
COMBINED_SWEEP_POSITION position=30286 game=8522 bag=43 num_plies=6 num_plays=60 min_play_iterations=71 selected_source_rank=0 oracle_best_source_rank=0 candidate_best_source_rank=0 candidate_regret=0.000000000 sampling_regret=0.000000000 total_regret=0.000000000 spread_delta=+0.000000000 iterations=42857 nodes=299999 node_shortfall=0
COMBINED_SWEEP_POSITION position=30287 game=8522 bag=36 num_plies=6 num_plays=60 min_play_iterations=71 selected_source_rank=0 oracle_best_source_rank=5 candidate_best_source_rank=5 candidate_regret=0.000000000 sampling_regret=0.017057651 total_regret=0.017057651 spread_delta=+0.222656250 iterations=42857 nodes=299999 node_shortfall=0
COMBINED_SWEEP_POSITION position=30288 game=8522 bag=34 num_plies=6 num_plays=60 min_play_iterations=71 selected_source_rank=0 oracle_best_source_rank=4 candidate_best_source_rank=4 candidate_regret=0.000000000 sampling_regret=0.013917488 total_regret=0.013917488 spread_delta=-2.996093750 iterations=42857 nodes=299999 node_shortfall=0
COMBINED_SWEEP_POSITION position=30289 game=8522 bag=30 num_plies=6 num_plays=60 min_play_iterations=71 selected_source_rank=14 oracle_best_source_rank=2 candidate_best_source_rank=2 candidate_regret=0.000000000 sampling_regret=0.009559999 total_regret=0.009559999 spread_delta=+2.070312500 iterations=42857 nodes=299999 node_shortfall=0
COMBINED_SWEEP_POSITION position=30290 game=8523 bag=86 num_plies=6 num_plays=60 min_play_iterations=71 selected_source_rank=5 oracle_best_source_rank=35 candidate_best_source_rank=35 candidate_regret=0.000000000 sampling_regret=0.043301224 total_regret=0.043301224 spread_delta=-4.578125000 iterations=42857 nodes=299999 node_shortfall=0
COMBINED_SWEEP_POSITION position=30291 game=8523 bag=83 num_plies=6 num_plays=60 min_play_iterations=71 selected_source_rank=12 oracle_best_source_rank=6 candidate_best_source_rank=6 candidate_regret=0.000000000 sampling_regret=0.004195513 total_regret=0.004195513 spread_delta=-3.441406250 iterations=42857 nodes=299999 node_shortfall=0
COMBINED_SWEEP_POSITION position=30292 game=8523 bag=78 num_plies=6 num_plays=60 min_play_iterations=71 selected_source_rank=0 oracle_best_source_rank=7 candidate_best_source_rank=7 candidate_regret=0.000000000 sampling_regret=0.006625180 total_regret=0.006625180 spread_delta=+3.632812500 iterations=42857 nodes=299999 node_shortfall=0
COMBINED_SWEEP_POSITION position=30293 game=8523 bag=71 num_plies=6 num_plays=60 min_play_iterations=71 selected_source_rank=0 oracle_best_source_rank=4 candidate_best_source_rank=4 candidate_regret=0.000000000 sampling_regret=0.018432236 total_regret=0.018432236 spread_delta=-3.988281250 iterations=42857 nodes=299999 node_shortfall=0
COMBINED_SWEEP_POSITION position=30294 game=8523 bag=67 num_plies=6 num_plays=60 min_play_iterations=71 selected_source_rank=1 oracle_best_source_rank=12 candidate_best_source_rank=12 candidate_regret=0.000000000 sampling_regret=0.010647555 total_regret=0.010647555 spread_delta=-4.191406250 iterations=42857 nodes=299999 node_shortfall=0
COMBINED_SWEEP_POSITION position=30295 game=8523 bag=64 num_plies=6 num_plays=60 min_play_iterations=71 selected_source_rank=0 oracle_best_source_rank=3 candidate_best_source_rank=3 candidate_regret=0.000000000 sampling_regret=0.023462257 total_regret=0.023462257 spread_delta=-9.796875000 iterations=42857 nodes=299999 node_shortfall=0
COMBINED_SWEEP_POSITION position=30296 game=8523 bag=62 num_plies=6 num_plays=60 min_play_iterations=71 selected_source_rank=2 oracle_best_source_rank=14 candidate_best_source_rank=14 candidate_regret=0.000000000 sampling_regret=0.048435658 total_regret=0.048435658 spread_delta=-4.105468750 iterations=42857 nodes=299999 node_shortfall=0
COMBINED_SWEEP_POSITION position=30297 game=8523 bag=58 num_plies=6 num_plays=60 min_play_iterations=71 selected_source_rank=0 oracle_best_source_rank=0 candidate_best_source_rank=0 candidate_regret=0.000000000 sampling_regret=0.000000000 total_regret=0.000000000 spread_delta=+0.000000000 iterations=42857 nodes=299999 node_shortfall=0
COMBINED_SWEEP_POSITION position=30298 game=8523 bag=51 num_plies=6 num_plays=60 min_play_iterations=71 selected_source_rank=1 oracle_best_source_rank=1 candidate_best_source_rank=1 candidate_regret=0.000000000 sampling_regret=0.000000000 total_regret=0.000000000 spread_delta=+0.000000000 iterations=42857 nodes=299999 node_shortfall=0
COMBINED_SWEEP_POSITION position=30299 game=8523 bag=49 num_plies=6 num_plays=60 min_play_iterations=71 selected_source_rank=2 oracle_best_source_rank=0 candidate_best_source_rank=0 candidate_regret=0.000000000 sampling_regret=0.005705490 total_regret=0.005705490 spread_delta=+4.261718750 iterations=42857 nodes=299999 node_shortfall=0
COMBINED_SWEEP_POSITION position=30300 game=8523 bag=44 num_plies=6 num_plays=60 min_play_iterations=71 selected_source_rank=0 oracle_best_source_rank=0 candidate_best_source_rank=0 candidate_regret=0.000000000 sampling_regret=0.000000000 total_regret=0.000000000 spread_delta=+0.000000000 iterations=42857 nodes=299999 node_shortfall=0
COMBINED_SWEEP_POSITION position=30301 game=8523 bag=39 num_plies=6 num_plays=60 min_play_iterations=71 selected_source_rank=0 oracle_best_source_rank=1 candidate_best_source_rank=1 candidate_regret=0.000000000 sampling_regret=0.004015857 total_regret=0.004015857 spread_delta=+3.066406250 iterations=42857 nodes=299999 node_shortfall=0
COMBINED_SWEEP_POSITION position=30302 game=8523 bag=35 num_plies=6 num_plays=60 min_play_iterations=71 selected_source_rank=0 oracle_best_source_rank=5 candidate_best_source_rank=5 candidate_regret=0.000000000 sampling_regret=0.007014239 total_regret=0.007014239 spread_delta=+3.542968750 iterations=42857 nodes=299999 node_shortfall=0
COMBINED_SWEEP_POSITION position=30303 game=8523 bag=33 num_plies=6 num_plays=60 min_play_iterations=71 selected_source_rank=0 oracle_best_source_rank=0 candidate_best_source_rank=0 candidate_regret=0.000000000 sampling_regret=0.000000000 total_regret=0.000000000 spread_delta=+0.000000000 iterations=42857 nodes=299996 node_shortfall=3
COMBINED_SWEEP_POSITION position=30304 game=8524 bag=86 num_plies=6 num_plays=60 min_play_iterations=71 selected_source_rank=0 oracle_best_source_rank=0 candidate_best_source_rank=0 candidate_regret=0.000000000 sampling_regret=0.000000000 total_regret=0.000000000 spread_delta=+0.000000000 iterations=42857 nodes=299999 node_shortfall=0
COMBINED_SWEEP_POSITION position=30305 game=8524 bag=81 num_plies=6 num_plays=60 min_play_iterations=71 selected_source_rank=0 oracle_best_source_rank=0 candidate_best_source_rank=0 candidate_regret=0.000000000 sampling_regret=0.000000000 total_regret=0.000000000 spread_delta=+0.000000000 iterations=42857 nodes=299999 node_shortfall=0
COMBINED_SWEEP_POSITION position=30306 game=8524 bag=74 num_plies=6 num_plays=60 min_play_iterations=71 selected_source_rank=1 oracle_best_source_rank=1 candidate_best_source_rank=1 candidate_regret=0.000000000 sampling_regret=0.000000000 total_regret=0.000000000 spread_delta=+0.000000000 iterations=42857 nodes=299999 node_shortfall=0
COMBINED_SWEEP_POSITION position=30307 game=8524 bag=72 num_plies=6 num_plays=60 min_play_iterations=71 selected_source_rank=0 oracle_best_source_rank=13 candidate_best_source_rank=13 candidate_regret=0.000000000 sampling_regret=0.017526369 total_regret=0.017526369 spread_delta=+7.816406250 iterations=42857 nodes=299999 node_shortfall=0
COMBINED_SWEEP_POSITION position=30308 game=8524 bag=68 num_plies=6 num_plays=60 min_play_iterations=71 selected_source_rank=0 oracle_best_source_rank=3 candidate_best_source_rank=3 candidate_regret=0.000000000 sampling_regret=0.016226334 total_regret=0.016226334 spread_delta=-2.667968750 iterations=42857 nodes=299999 node_shortfall=0
COMBINED_SWEEP_POSITION position=30309 game=8524 bag=65 num_plies=6 num_plays=60 min_play_iterations=71 selected_source_rank=0 oracle_best_source_rank=0 candidate_best_source_rank=0 candidate_regret=0.000000000 sampling_regret=0.000000000 total_regret=0.000000000 spread_delta=+0.000000000 iterations=42857 nodes=299999 node_shortfall=0
COMBINED_SWEEP_POSITION position=30310 game=8524 bag=59 num_plies=6 num_plays=60 min_play_iterations=71 selected_source_rank=0 oracle_best_source_rank=2 candidate_best_source_rank=2 candidate_regret=0.000000000 sampling_regret=0.026010309 total_regret=0.026010309 spread_delta=-4.101562500 iterations=42857 nodes=299999 node_shortfall=0
COMBINED_SWEEP_POSITION position=30311 game=8524 bag=56 num_plies=6 num_plays=60 min_play_iterations=71 selected_source_rank=0 oracle_best_source_rank=0 candidate_best_source_rank=0 candidate_regret=0.000000000 sampling_regret=0.000000000 total_regret=0.000000000 spread_delta=+0.000000000 iterations=42857 nodes=299999 node_shortfall=0
COMBINED_SWEEP_POSITION position=30312 game=8524 bag=49 num_plies=6 num_plays=60 min_play_iterations=71 selected_source_rank=2 oracle_best_source_rank=2 candidate_best_source_rank=2 candidate_regret=0.000000000 sampling_regret=0.000000000 total_regret=0.000000000 spread_delta=+0.000000000 iterations=42857 nodes=299999 node_shortfall=0
COMBINED_SWEEP_POSITION position=30313 game=8524 bag=47 num_plies=6 num_plays=60 min_play_iterations=71 selected_source_rank=3 oracle_best_source_rank=17 candidate_best_source_rank=17 candidate_regret=0.000000000 sampling_regret=0.016525174 total_regret=0.016525174 spread_delta=-0.675781250 iterations=42857 nodes=299999 node_shortfall=0
COMBINED_SWEEP_POSITION position=30314 game=8524 bag=44 num_plies=6 num_plays=60 min_play_iterations=71 selected_source_rank=0 oracle_best_source_rank=0 candidate_best_source_rank=0 candidate_regret=0.000000000 sampling_regret=0.000000000 total_regret=0.000000000 spread_delta=+0.000000000 iterations=42857 nodes=299999 node_shortfall=0
COMBINED_SWEEP_POSITION position=30315 game=8524 bag=39 num_plies=6 num_plays=60 min_play_iterations=71 selected_source_rank=0 oracle_best_source_rank=0 candidate_best_source_rank=0 candidate_regret=0.000000000 sampling_regret=0.000000000 total_regret=0.000000000 spread_delta=+0.000000000 iterations=42857 nodes=299999 node_shortfall=0
COMBINED_SWEEP_POSITION position=30316 game=8524 bag=34 num_plies=6 num_plays=60 min_play_iterations=71 selected_source_rank=2 oracle_best_source_rank=2 candidate_best_source_rank=2 candidate_regret=0.000000000 sampling_regret=0.000000000 total_regret=0.000000000 spread_delta=+0.000000000 iterations=42857 nodes=299999 node_shortfall=0
COMBINED_SWEEP_POSITION position=30317 game=8524 bag=29 num_plies=6 num_plays=60 min_play_iterations=71 selected_source_rank=0 oracle_best_source_rank=0 candidate_best_source_rank=0 candidate_regret=0.000000000 sampling_regret=0.000000000 total_regret=0.000000000 spread_delta=+0.000000000 iterations=42857 nodes=299977 node_shortfall=22
COMBINED_SWEEP_POSITION position=30318 game=8525 bag=86 num_plies=6 num_plays=60 min_play_iterations=71 selected_source_rank=2 oracle_best_source_rank=2 candidate_best_source_rank=2 candidate_regret=0.000000000 sampling_regret=0.000000000 total_regret=0.000000000 spread_delta=+0.000000000 iterations=42857 nodes=299999 node_shortfall=0
COMBINED_SWEEP_POSITION position=30319 game=8525 bag=81 num_plies=6 num_plays=60 min_play_iterations=71 selected_source_rank=0 oracle_best_source_rank=0 candidate_best_source_rank=0 candidate_regret=0.000000000 sampling_regret=0.000000000 total_regret=0.000000000 spread_delta=+0.000000000 iterations=42857 nodes=299999 node_shortfall=0
COMBINED_SWEEP_POSITION position=30320 game=8525 bag=74 num_plies=6 num_plays=60 min_play_iterations=71 selected_source_rank=6 oracle_best_source_rank=27 candidate_best_source_rank=27 candidate_regret=0.000000000 sampling_regret=0.029913534 total_regret=0.029913534 spread_delta=-1.375000000 iterations=42857 nodes=299999 node_shortfall=0
COMBINED_SWEEP_POSITION position=30321 game=8525 bag=69 num_plies=6 num_plays=60 min_play_iterations=71 selected_source_rank=0 oracle_best_source_rank=0 candidate_best_source_rank=0 candidate_regret=0.000000000 sampling_regret=0.000000000 total_regret=0.000000000 spread_delta=+0.000000000 iterations=42857 nodes=299999 node_shortfall=0
COMBINED_SWEEP_POSITION position=30322 game=8525 bag=65 num_plies=6 num_plays=60 min_play_iterations=71 selected_source_rank=0 oracle_best_source_rank=0 candidate_best_source_rank=0 candidate_regret=0.000000000 sampling_regret=0.000000000 total_regret=0.000000000 spread_delta=+0.000000000 iterations=42857 nodes=299999 node_shortfall=0
COMBINED_SWEEP_POSITION position=30323 game=8525 bag=63 num_plies=6 num_plays=60 min_play_iterations=71 selected_source_rank=0 oracle_best_source_rank=0 candidate_best_source_rank=0 candidate_regret=0.000000000 sampling_regret=0.000000000 total_regret=0.000000000 spread_delta=+0.000000000 iterations=42857 nodes=299999 node_shortfall=0
COMBINED_SWEEP_POSITION position=30324 game=8525 bag=60 num_plies=6 num_plays=60 min_play_iterations=71 selected_source_rank=1 oracle_best_source_rank=1 candidate_best_source_rank=1 candidate_regret=0.000000000 sampling_regret=0.000000000 total_regret=0.000000000 spread_delta=+0.000000000 iterations=42857 nodes=299999 node_shortfall=0
COMBINED_SWEEP_POSITION position=30325 game=8525 bag=56 num_plies=6 num_plays=60 min_play_iterations=71 selected_source_rank=3 oracle_best_source_rank=3 candidate_best_source_rank=3 candidate_regret=0.000000000 sampling_regret=0.000000000 total_regret=0.000000000 spread_delta=+0.000000000 iterations=42857 nodes=299999 node_shortfall=0
COMBINED_SWEEP_POSITION position=30326 game=8525 bag=52 num_plies=6 num_plays=60 min_play_iterations=71 selected_source_rank=0 oracle_best_source_rank=0 candidate_best_source_rank=0 candidate_regret=0.000000000 sampling_regret=0.000000000 total_regret=0.000000000 spread_delta=+0.000000000 iterations=42857 nodes=299999 node_shortfall=0
COMBINED_SWEEP_POSITION position=30327 game=8525 bag=49 num_plies=6 num_plays=60 min_play_iterations=71 selected_source_rank=1 oracle_best_source_rank=3 candidate_best_source_rank=3 candidate_regret=0.000000000 sampling_regret=0.004863341 total_regret=0.004863341 spread_delta=+8.207031250 iterations=42857 nodes=299999 node_shortfall=0
COMBINED_SWEEP_POSITION position=30328 game=8525 bag=43 num_plies=6 num_plays=60 min_play_iterations=71 selected_source_rank=4 oracle_best_source_rank=3 candidate_best_source_rank=3 candidate_regret=0.000000000 sampling_regret=0.021506846 total_regret=0.021506846 spread_delta=-1.382812500 iterations=42857 nodes=299999 node_shortfall=0
COMBINED_SWEEP_POSITION position=30329 game=8525 bag=41 num_plies=6 num_plays=60 min_play_iterations=71 selected_source_rank=0 oracle_best_source_rank=12 candidate_best_source_rank=12 candidate_regret=0.000000000 sampling_regret=0.033348327 total_regret=0.033348327 spread_delta=-7.269531250 iterations=42857 nodes=299999 node_shortfall=0
COMBINED_SWEEP_POSITION position=30330 game=8525 bag=38 num_plies=6 num_plays=60 min_play_iterations=71 selected_source_rank=0 oracle_best_source_rank=0 candidate_best_source_rank=0 candidate_regret=0.000000000 sampling_regret=0.000000000 total_regret=0.000000000 spread_delta=+0.000000000 iterations=42857 nodes=299999 node_shortfall=0
COMBINED_SWEEP_POSITION position=30331 game=8525 bag=36 num_plies=6 num_plays=60 min_play_iterations=71 selected_source_rank=0 oracle_best_source_rank=0 candidate_best_source_rank=0 candidate_regret=0.000000000 sampling_regret=0.000000000 total_regret=0.000000000 spread_delta=+0.000000000 iterations=42857 nodes=299999 node_shortfall=0
COMBINED_SWEEP_POSITION position=30332 game=8525 bag=34 num_plies=6 num_plays=60 min_play_iterations=71 selected_source_rank=0 oracle_best_source_rank=0 candidate_best_source_rank=0 candidate_regret=0.000000000 sampling_regret=0.000000000 total_regret=0.000000000 spread_delta=+0.000000000 iterations=42857 nodes=299999 node_shortfall=0
COMBINED_SWEEP_POSITION position=30333 game=8526 bag=86 num_plies=6 num_plays=60 min_play_iterations=71 selected_source_rank=2 oracle_best_source_rank=5 candidate_best_source_rank=5 candidate_regret=0.000000000 sampling_regret=0.019391952 total_regret=0.019391952 spread_delta=+0.085937500 iterations=42857 nodes=299999 node_shortfall=0
COMBINED_SWEEP_POSITION position=30334 game=8526 bag=81 num_plies=6 num_plays=60 min_play_iterations=71 selected_source_rank=0 oracle_best_source_rank=2 candidate_best_source_rank=2 candidate_regret=0.000000000 sampling_regret=0.046344719 total_regret=0.046344719 spread_delta=-3.375000000 iterations=42857 nodes=299999 node_shortfall=0
COMBINED_SWEEP_POSITION position=30335 game=8526 bag=77 num_plies=6 num_plays=60 min_play_iterations=71 selected_source_rank=0 oracle_best_source_rank=0 candidate_best_source_rank=0 candidate_regret=0.000000000 sampling_regret=0.000000000 total_regret=0.000000000 spread_delta=+0.000000000 iterations=42857 nodes=299999 node_shortfall=0
COMBINED_SWEEP_POSITION position=30336 game=8526 bag=73 num_plies=6 num_plays=60 min_play_iterations=71 selected_source_rank=0 oracle_best_source_rank=8 candidate_best_source_rank=8 candidate_regret=0.000000000 sampling_regret=0.035906718 total_regret=0.035906718 spread_delta=-2.574218750 iterations=42857 nodes=299999 node_shortfall=0
COMBINED_SWEEP_POSITION position=30337 game=8526 bag=67 num_plies=6 num_plays=60 min_play_iterations=71 selected_source_rank=0 oracle_best_source_rank=23 candidate_best_source_rank=23 candidate_regret=0.000000000 sampling_regret=0.019416615 total_regret=0.019416615 spread_delta=+4.679687500 iterations=42857 nodes=299999 node_shortfall=0
COMBINED_SWEEP_POSITION position=30338 game=8526 bag=62 num_plies=6 num_plays=60 min_play_iterations=71 selected_source_rank=0 oracle_best_source_rank=0 candidate_best_source_rank=0 candidate_regret=0.000000000 sampling_regret=0.000000000 total_regret=0.000000000 spread_delta=+0.000000000 iterations=42857 nodes=299999 node_shortfall=0
COMBINED_SWEEP_POSITION position=30339 game=8526 bag=60 num_plies=6 num_plays=60 min_play_iterations=71 selected_source_rank=0 oracle_best_source_rank=0 candidate_best_source_rank=0 candidate_regret=0.000000000 sampling_regret=0.000000000 total_regret=0.000000000 spread_delta=+0.000000000 iterations=42857 nodes=299999 node_shortfall=0
COMBINED_SWEEP_POSITION position=30340 game=8526 bag=54 num_plies=6 num_plays=60 min_play_iterations=71 selected_source_rank=0 oracle_best_source_rank=0 candidate_best_source_rank=0 candidate_regret=0.000000000 sampling_regret=0.000000000 total_regret=0.000000000 spread_delta=+0.000000000 iterations=42857 nodes=299999 node_shortfall=0
COMBINED_SWEEP_POSITION position=30341 game=8526 bag=47 num_plies=6 num_plays=60 min_play_iterations=71 selected_source_rank=0 oracle_best_source_rank=1 candidate_best_source_rank=1 candidate_regret=0.000000000 sampling_regret=0.026947191 total_regret=0.026947191 spread_delta=-0.929687500 iterations=42857 nodes=299999 node_shortfall=0
COMBINED_SWEEP_POSITION position=30342 game=8526 bag=44 num_plies=6 num_plays=60 min_play_iterations=71 selected_source_rank=1 oracle_best_source_rank=1 candidate_best_source_rank=1 candidate_regret=0.000000000 sampling_regret=0.000000000 total_regret=0.000000000 spread_delta=+0.000000000 iterations=42857 nodes=299999 node_shortfall=0
COMBINED_SWEEP_POSITION position=30343 game=8526 bag=41 num_plies=6 num_plays=60 min_play_iterations=71 selected_source_rank=0 oracle_best_source_rank=0 candidate_best_source_rank=0 candidate_regret=0.000000000 sampling_regret=0.000000000 total_regret=0.000000000 spread_delta=+0.000000000 iterations=42857 nodes=299999 node_shortfall=0
COMBINED_SWEEP_POSITION position=30344 game=8526 bag=36 num_plies=6 num_plays=60 min_play_iterations=71 selected_source_rank=0 oracle_best_source_rank=0 candidate_best_source_rank=0 candidate_regret=0.000000000 sampling_regret=0.000000000 total_regret=0.000000000 spread_delta=+0.000000000 iterations=42857 nodes=299999 node_shortfall=0
COMBINED_SWEEP_POSITION position=30345 game=8526 bag=33 num_plies=6 num_plays=60 min_play_iterations=71 selected_source_rank=0 oracle_best_source_rank=0 candidate_best_source_rank=0 candidate_regret=0.000000000 sampling_regret=0.000000000 total_regret=0.000000000 spread_delta=+0.000000000 iterations=42857 nodes=299999 node_shortfall=0
COMBINED_SWEEP_POSITION position=30346 game=8526 bag=29 num_plies=6 num_plays=60 min_play_iterations=71 selected_source_rank=0 oracle_best_source_rank=2 candidate_best_source_rank=2 candidate_regret=0.000000000 sampling_regret=0.005287588 total_regret=0.005287588 spread_delta=+0.687500000 iterations=42857 nodes=299645 node_shortfall=354
COMBINED_SWEEP_POSITION position=30347 game=8527 bag=86 num_plies=6 num_plays=60 min_play_iterations=71 selected_source_rank=0 oracle_best_source_rank=5 candidate_best_source_rank=5 candidate_regret=0.000000000 sampling_regret=0.019990811 total_regret=0.019990811 spread_delta=-4.480468750 iterations=42857 nodes=299999 node_shortfall=0
COMBINED_SWEEP_POSITION position=30348 game=8527 bag=81 num_plies=6 num_plays=60 min_play_iterations=71 selected_source_rank=0 oracle_best_source_rank=3 candidate_best_source_rank=3 candidate_regret=0.000000000 sampling_regret=0.007750621 total_regret=0.007750621 spread_delta=-2.316406250 iterations=42857 nodes=299999 node_shortfall=0
COMBINED_SWEEP_POSITION position=30349 game=8527 bag=74 num_plies=6 num_plays=60 min_play_iterations=71 selected_source_rank=1 oracle_best_source_rank=1 candidate_best_source_rank=1 candidate_regret=0.000000000 sampling_regret=0.000000000 total_regret=0.000000000 spread_delta=+0.000000000 iterations=42857 nodes=299999 node_shortfall=0
COMBINED_SWEEP_POSITION position=30350 game=8527 bag=70 num_plies=6 num_plays=60 min_play_iterations=71 selected_source_rank=0 oracle_best_source_rank=0 candidate_best_source_rank=0 candidate_regret=0.000000000 sampling_regret=0.000000000 total_regret=0.000000000 spread_delta=+0.000000000 iterations=42857 nodes=299999 node_shortfall=0
COMBINED_SWEEP_POSITION position=30351 game=8527 bag=65 num_plies=6 num_plays=60 min_play_iterations=71 selected_source_rank=0 oracle_best_source_rank=1 candidate_best_source_rank=1 candidate_regret=0.000000000 sampling_regret=0.008193371 total_regret=0.008193371 spread_delta=+0.437500000 iterations=42857 nodes=299999 node_shortfall=0
COMBINED_SWEEP_POSITION position=30352 game=8527 bag=61 num_plies=6 num_plays=60 min_play_iterations=71 selected_source_rank=0 oracle_best_source_rank=6 candidate_best_source_rank=6 candidate_regret=0.000000000 sampling_regret=0.013824091 total_regret=0.013824091 spread_delta=+9.593750000 iterations=42857 nodes=299999 node_shortfall=0
COMBINED_SWEEP_POSITION position=30353 game=8527 bag=59 num_plies=6 num_plays=60 min_play_iterations=71 selected_source_rank=0 oracle_best_source_rank=0 candidate_best_source_rank=0 candidate_regret=0.000000000 sampling_regret=0.000000000 total_regret=0.000000000 spread_delta=+0.000000000 iterations=42857 nodes=299999 node_shortfall=0
COMBINED_SWEEP_POSITION position=30354 game=8527 bag=52 num_plies=6 num_plays=60 min_play_iterations=71 selected_source_rank=0 oracle_best_source_rank=0 candidate_best_source_rank=0 candidate_regret=0.000000000 sampling_regret=0.000000000 total_regret=0.000000000 spread_delta=+0.000000000 iterations=42857 nodes=299999 node_shortfall=0
COMBINED_SWEEP_POSITION position=30355 game=8527 bag=46 num_plies=6 num_plays=60 min_play_iterations=71 selected_source_rank=2 oracle_best_source_rank=1 candidate_best_source_rank=1 candidate_regret=0.000000000 sampling_regret=0.034573379 total_regret=0.034573379 spread_delta=-4.558593750 iterations=42857 nodes=299999 node_shortfall=0
COMBINED_SWEEP_POSITION position=30356 game=8527 bag=43 num_plies=6 num_plays=60 min_play_iterations=71 selected_source_rank=0 oracle_best_source_rank=0 candidate_best_source_rank=0 candidate_regret=0.000000000 sampling_regret=0.000000000 total_regret=0.000000000 spread_delta=+0.000000000 iterations=42857 nodes=299999 node_shortfall=0
COMBINED_SWEEP_POSITION position=30357 game=8527 bag=40 num_plies=6 num_plays=60 min_play_iterations=71 selected_source_rank=0 oracle_best_source_rank=0 candidate_best_source_rank=0 candidate_regret=0.000000000 sampling_regret=0.000000000 total_regret=0.000000000 spread_delta=+0.000000000 iterations=42857 nodes=299999 node_shortfall=0
COMBINED_SWEEP_POSITION position=30358 game=8527 bag=36 num_plies=6 num_plays=60 min_play_iterations=71 selected_source_rank=2 oracle_best_source_rank=13 candidate_best_source_rank=13 candidate_regret=0.000000000 sampling_regret=0.032576488 total_regret=0.032576488 spread_delta=-5.175781250 iterations=42857 nodes=299999 node_shortfall=0
COMBINED_SWEEP_POSITION position=30359 game=8527 bag=33 num_plies=6 num_plays=60 min_play_iterations=71 selected_source_rank=4 oracle_best_source_rank=4 candidate_best_source_rank=4 candidate_regret=0.000000000 sampling_regret=0.000000000 total_regret=0.000000000 spread_delta=+0.000000000 iterations=42857 nodes=299989 node_shortfall=10
COMBINED_SWEEP_POSITION position=30360 game=8528 bag=86 num_plies=6 num_plays=60 min_play_iterations=71 selected_source_rank=3 oracle_best_source_rank=50 candidate_best_source_rank=50 candidate_regret=0.000000000 sampling_regret=0.055947968 total_regret=0.055947968 spread_delta=-17.167968750 iterations=42857 nodes=299999 node_shortfall=0
COMBINED_SWEEP_POSITION position=30361 game=8528 bag=81 num_plies=6 num_plays=60 min_play_iterations=71 selected_source_rank=1 oracle_best_source_rank=1 candidate_best_source_rank=1 candidate_regret=0.000000000 sampling_regret=0.000000000 total_regret=0.000000000 spread_delta=+0.000000000 iterations=42857 nodes=299999 node_shortfall=0
COMBINED_SWEEP_POSITION position=30362 game=8528 bag=76 num_plies=6 num_plays=60 min_play_iterations=71 selected_source_rank=0 oracle_best_source_rank=0 candidate_best_source_rank=0 candidate_regret=0.000000000 sampling_regret=0.000000000 total_regret=0.000000000 spread_delta=+0.000000000 iterations=42857 nodes=299999 node_shortfall=0
COMBINED_SWEEP_POSITION position=30363 game=8528 bag=71 num_plies=6 num_plays=60 min_play_iterations=71 selected_source_rank=0 oracle_best_source_rank=6 candidate_best_source_rank=6 candidate_regret=0.000000000 sampling_regret=0.011906284 total_regret=0.011906284 spread_delta=+3.312500000 iterations=42857 nodes=299999 node_shortfall=0
COMBINED_SWEEP_POSITION position=30364 game=8528 bag=66 num_plies=6 num_plays=60 min_play_iterations=71 selected_source_rank=0 oracle_best_source_rank=0 candidate_best_source_rank=0 candidate_regret=0.000000000 sampling_regret=0.000000000 total_regret=0.000000000 spread_delta=+0.000000000 iterations=42857 nodes=299999 node_shortfall=0
COMBINED_SWEEP_POSITION position=30365 game=8528 bag=59 num_plies=6 num_plays=60 min_play_iterations=71 selected_source_rank=0 oracle_best_source_rank=0 candidate_best_source_rank=0 candidate_regret=0.000000000 sampling_regret=0.000000000 total_regret=0.000000000 spread_delta=+0.000000000 iterations=42857 nodes=299999 node_shortfall=0
COMBINED_SWEEP_POSITION position=30366 game=8528 bag=56 num_plies=6 num_plays=60 min_play_iterations=71 selected_source_rank=0 oracle_best_source_rank=0 candidate_best_source_rank=0 candidate_regret=0.000000000 sampling_regret=0.000000000 total_regret=0.000000000 spread_delta=+0.000000000 iterations=42857 nodes=299999 node_shortfall=0
COMBINED_SWEEP_POSITION position=30367 game=8528 bag=52 num_plies=6 num_plays=60 min_play_iterations=71 selected_source_rank=0 oracle_best_source_rank=0 candidate_best_source_rank=0 candidate_regret=0.000000000 sampling_regret=0.000000000 total_regret=0.000000000 spread_delta=+0.000000000 iterations=42857 nodes=299999 node_shortfall=0
COMBINED_SWEEP_POSITION position=30368 game=8528 bag=50 num_plies=6 num_plays=60 min_play_iterations=71 selected_source_rank=0 oracle_best_source_rank=20 candidate_best_source_rank=20 candidate_regret=0.000000000 sampling_regret=0.003622839 total_regret=0.003622839 spread_delta=+8.652343750 iterations=42857 nodes=299999 node_shortfall=0
COMBINED_SWEEP_POSITION position=30369 game=8528 bag=47 num_plies=6 num_plays=60 min_play_iterations=71 selected_source_rank=1 oracle_best_source_rank=0 candidate_best_source_rank=0 candidate_regret=0.000000000 sampling_regret=0.049002105 total_regret=0.049002105 spread_delta=-6.074218750 iterations=42857 nodes=299999 node_shortfall=0
COMBINED_SWEEP_POSITION position=30370 game=8528 bag=41 num_plies=6 num_plays=60 min_play_iterations=71 selected_source_rank=0 oracle_best_source_rank=0 candidate_best_source_rank=0 candidate_regret=0.000000000 sampling_regret=0.000000000 total_regret=0.000000000 spread_delta=+0.000000000 iterations=42857 nodes=299999 node_shortfall=0
COMBINED_SWEEP_POSITION position=30371 game=8528 bag=34 num_plies=6 num_plays=60 min_play_iterations=71 selected_source_rank=1 oracle_best_source_rank=57 candidate_best_source_rank=57 candidate_regret=0.000000000 sampling_regret=0.017481305 total_regret=0.017481305 spread_delta=+6.562500000 iterations=42857 nodes=299999 node_shortfall=0
COMBINED_SWEEP_POSITION position=30372 game=8528 bag=30 num_plies=6 num_plays=60 min_play_iterations=71 selected_source_rank=0 oracle_best_source_rank=0 candidate_best_source_rank=0 candidate_regret=0.000000000 sampling_regret=0.000000000 total_regret=0.000000000 spread_delta=+0.000000000 iterations=42857 nodes=299995 node_shortfall=4
COMBINED_SWEEP_POSITION position=30373 game=8529 bag=86 num_plies=6 num_plays=60 min_play_iterations=71 selected_source_rank=0 oracle_best_source_rank=0 candidate_best_source_rank=0 candidate_regret=0.000000000 sampling_regret=0.000000000 total_regret=0.000000000 spread_delta=+0.000000000 iterations=42857 nodes=299999 node_shortfall=0
COMBINED_SWEEP_POSITION position=30374 game=8529 bag=81 num_plies=6 num_plays=60 min_play_iterations=71 selected_source_rank=0 oracle_best_source_rank=1 candidate_best_source_rank=1 candidate_regret=0.000000000 sampling_regret=0.012989598 total_regret=0.012989598 spread_delta=-0.371093750 iterations=42857 nodes=299999 node_shortfall=0
COMBINED_SWEEP_POSITION position=30375 game=8529 bag=74 num_plies=6 num_plays=60 min_play_iterations=71 selected_source_rank=0 oracle_best_source_rank=0 candidate_best_source_rank=0 candidate_regret=0.000000000 sampling_regret=0.000000000 total_regret=0.000000000 spread_delta=+0.000000000 iterations=42857 nodes=299999 node_shortfall=0
COMBINED_SWEEP_POSITION position=30376 game=8529 bag=67 num_plies=6 num_plays=60 min_play_iterations=71 selected_source_rank=0 oracle_best_source_rank=2 candidate_best_source_rank=2 candidate_regret=0.000000000 sampling_regret=0.007410535 total_regret=0.007410535 spread_delta=+5.921875000 iterations=42857 nodes=299999 node_shortfall=0
COMBINED_SWEEP_POSITION position=30377 game=8529 bag=60 num_plies=6 num_plays=60 min_play_iterations=71 selected_source_rank=1 oracle_best_source_rank=1 candidate_best_source_rank=1 candidate_regret=0.000000000 sampling_regret=0.000000000 total_regret=0.000000000 spread_delta=+0.000000000 iterations=42857 nodes=299999 node_shortfall=0
COMBINED_SWEEP_POSITION position=30378 game=8529 bag=56 num_plies=6 num_plays=60 min_play_iterations=71 selected_source_rank=0 oracle_best_source_rank=0 candidate_best_source_rank=0 candidate_regret=0.000000000 sampling_regret=0.000000000 total_regret=0.000000000 spread_delta=+0.000000000 iterations=42857 nodes=299999 node_shortfall=0
COMBINED_SWEEP_POSITION position=30379 game=8529 bag=51 num_plies=6 num_plays=60 min_play_iterations=71 selected_source_rank=0 oracle_best_source_rank=0 candidate_best_source_rank=0 candidate_regret=0.000000000 sampling_regret=0.000000000 total_regret=0.000000000 spread_delta=+0.000000000 iterations=42857 nodes=299999 node_shortfall=0
COMBINED_SWEEP_POSITION position=30380 game=8529 bag=44 num_plies=6 num_plays=60 min_play_iterations=71 selected_source_rank=0 oracle_best_source_rank=3 candidate_best_source_rank=3 candidate_regret=0.000000000 sampling_regret=0.002151943 total_regret=0.002151943 spread_delta=-3.230468750 iterations=42857 nodes=299999 node_shortfall=0
COMBINED_SWEEP_POSITION position=30381 game=8529 bag=40 num_plies=6 num_plays=60 min_play_iterations=71 selected_source_rank=0 oracle_best_source_rank=0 candidate_best_source_rank=0 candidate_regret=0.000000000 sampling_regret=0.000000000 total_regret=0.000000000 spread_delta=+0.000000000 iterations=42857 nodes=299999 node_shortfall=0
COMBINED_SWEEP_POSITION position=30382 game=8529 bag=33 num_plies=6 num_plays=60 min_play_iterations=71 selected_source_rank=0 oracle_best_source_rank=0 candidate_best_source_rank=0 candidate_regret=0.000000000 sampling_regret=0.000000000 total_regret=0.000000000 spread_delta=+0.000000000 iterations=42857 nodes=299999 node_shortfall=0
COMBINED_SWEEP_POSITION position=30383 game=8530 bag=86 num_plies=6 num_plays=60 min_play_iterations=71 selected_source_rank=1 oracle_best_source_rank=2 candidate_best_source_rank=2 candidate_regret=0.000000000 sampling_regret=0.033573516 total_regret=0.033573516 spread_delta=-3.703125000 iterations=42857 nodes=299999 node_shortfall=0
COMBINED_SWEEP_POSITION position=30384 game=8530 bag=81 num_plies=6 num_plays=60 min_play_iterations=71 selected_source_rank=0 oracle_best_source_rank=0 candidate_best_source_rank=0 candidate_regret=0.000000000 sampling_regret=0.000000000 total_regret=0.000000000 spread_delta=+0.000000000 iterations=42857 nodes=299999 node_shortfall=0
COMBINED_SWEEP_POSITION position=30385 game=8530 bag=75 num_plies=6 num_plays=60 min_play_iterations=71 selected_source_rank=0 oracle_best_source_rank=7 candidate_best_source_rank=7 candidate_regret=0.000000000 sampling_regret=0.013790195 total_regret=0.013790195 spread_delta=+0.363281250 iterations=42857 nodes=299999 node_shortfall=0
COMBINED_SWEEP_POSITION position=30386 game=8530 bag=71 num_plies=6 num_plays=60 min_play_iterations=71 selected_source_rank=0 oracle_best_source_rank=0 candidate_best_source_rank=0 candidate_regret=0.000000000 sampling_regret=0.000000000 total_regret=0.000000000 spread_delta=+0.000000000 iterations=42857 nodes=299999 node_shortfall=0
COMBINED_SWEEP_POSITION position=30387 game=8530 bag=68 num_plies=6 num_plays=60 min_play_iterations=71 selected_source_rank=0 oracle_best_source_rank=0 candidate_best_source_rank=0 candidate_regret=0.000000000 sampling_regret=0.000000000 total_regret=0.000000000 spread_delta=+0.000000000 iterations=42857 nodes=299999 node_shortfall=0
COMBINED_SWEEP_POSITION position=30388 game=8530 bag=61 num_plies=6 num_plays=60 min_play_iterations=71 selected_source_rank=0 oracle_best_source_rank=0 candidate_best_source_rank=0 candidate_regret=0.000000000 sampling_regret=0.000000000 total_regret=0.000000000 spread_delta=+0.000000000 iterations=42857 nodes=299999 node_shortfall=0
COMBINED_SWEEP_POSITION position=30389 game=8530 bag=57 num_plies=6 num_plays=60 min_play_iterations=71 selected_source_rank=0 oracle_best_source_rank=0 candidate_best_source_rank=0 candidate_regret=0.000000000 sampling_regret=0.000000000 total_regret=0.000000000 spread_delta=+0.000000000 iterations=42857 nodes=299999 node_shortfall=0
COMBINED_SWEEP_POSITION position=30390 game=8530 bag=50 num_plies=6 num_plays=60 min_play_iterations=71 selected_source_rank=2 oracle_best_source_rank=2 candidate_best_source_rank=2 candidate_regret=0.000000000 sampling_regret=0.000000000 total_regret=0.000000000 spread_delta=+0.000000000 iterations=42857 nodes=299999 node_shortfall=0
COMBINED_SWEEP_POSITION position=30391 game=8530 bag=45 num_plies=6 num_plays=60 min_play_iterations=71 selected_source_rank=1 oracle_best_source_rank=16 candidate_best_source_rank=16 candidate_regret=0.000000000 sampling_regret=0.040949501 total_regret=0.040949501 spread_delta=-2.312500000 iterations=42857 nodes=299999 node_shortfall=0
COMBINED_SWEEP_POSITION position=30392 game=8530 bag=41 num_plies=6 num_plays=60 min_play_iterations=71 selected_source_rank=0 oracle_best_source_rank=0 candidate_best_source_rank=0 candidate_regret=0.000000000 sampling_regret=0.000000000 total_regret=0.000000000 spread_delta=+0.000000000 iterations=42857 nodes=299999 node_shortfall=0
COMBINED_SWEEP_POSITION position=30393 game=8530 bag=34 num_plies=6 num_plays=60 min_play_iterations=71 selected_source_rank=2 oracle_best_source_rank=1 candidate_best_source_rank=1 candidate_regret=0.000000000 sampling_regret=0.004796895 total_regret=0.004796895 spread_delta=+8.425781250 iterations=42857 nodes=299999 node_shortfall=0
COMBINED_SWEEP_POSITION position=30394 game=8530 bag=31 num_plies=6 num_plays=60 min_play_iterations=71 selected_source_rank=0 oracle_best_source_rank=1 candidate_best_source_rank=1 candidate_regret=0.000000000 sampling_regret=0.015078580 total_regret=0.015078580 spread_delta=+0.242187500 iterations=42857 nodes=299985 node_shortfall=14
COMBINED_SWEEP_POSITION position=30395 game=8531 bag=86 num_plies=6 num_plays=60 min_play_iterations=71 selected_source_rank=1 oracle_best_source_rank=10 candidate_best_source_rank=10 candidate_regret=0.000000000 sampling_regret=0.042894668 total_regret=0.042894668 spread_delta=-4.136718750 iterations=42857 nodes=299999 node_shortfall=0
COMBINED_SWEEP_POSITION position=30396 game=8531 bag=79 num_plies=6 num_plays=60 min_play_iterations=71 selected_source_rank=0 oracle_best_source_rank=2 candidate_best_source_rank=2 candidate_regret=0.000000000 sampling_regret=0.012872389 total_regret=0.012872389 spread_delta=-0.121093750 iterations=42857 nodes=299999 node_shortfall=0
COMBINED_SWEEP_POSITION position=30397 game=8531 bag=74 num_plies=6 num_plays=60 min_play_iterations=71 selected_source_rank=8 oracle_best_source_rank=50 candidate_best_source_rank=50 candidate_regret=0.000000000 sampling_regret=0.034712798 total_regret=0.034712798 spread_delta=-0.015625000 iterations=42857 nodes=299999 node_shortfall=0
COMBINED_SWEEP_POSITION position=30398 game=8531 bag=69 num_plies=6 num_plays=60 min_play_iterations=71 selected_source_rank=0 oracle_best_source_rank=1 candidate_best_source_rank=1 candidate_regret=0.000000000 sampling_regret=0.000217344 total_regret=0.000217344 spread_delta=+3.121093750 iterations=42857 nodes=299999 node_shortfall=0
COMBINED_SWEEP_POSITION position=30399 game=8531 bag=62 num_plies=6 num_plays=60 min_play_iterations=71 selected_source_rank=0 oracle_best_source_rank=0 candidate_best_source_rank=0 candidate_regret=0.000000000 sampling_regret=0.000000000 total_regret=0.000000000 spread_delta=+0.000000000 iterations=42857 nodes=299999 node_shortfall=0
COMBINED_SWEEP_SUMMARY positions=200 num_plies=6 num_plays=60 min_play_iterations=71 node_budget_per_position=299999 adjustment_scale_thousandths=750 oracle_hits=105 mean_total_regret=0.010658957 total_regret_sem=0.001134507 mean_candidate_regret=0.000000000 candidate_regret_sem=0.000000000 mean_sampling_regret=0.010658957 sampling_regret_sem=0.001134507 mean_spread_delta=-0.493261719 spread_delta_sem=0.279487210 iterations=8571400 nodes=59999334 iterations_per_second=38400.588 elapsed_seconds=223.401434
COMBINED_SWEEP_DONE positions=200 target=200 cells=1 all_similar_positions=0 elapsed_seconds=223.401440 wall_limit_reached=0
