loaded config with command: set -threads 1 -savesettings false -hr false -numplays 15 -ima 0 -minp 100 -autosave false -fgrequired false
seed: 1785290783
loaded config with command: set -lex CSW24 -k1 CSW24 -k2 CSW24 -wmp true -rit true -ritmmap true -wit true -winpct winpct -s1 equity -s2 equity -r1 all -r2 all -numplays 15 -plies 2 -tlim 0.10000000000000001 -it 2147483647 -minplayiterations 100000 -sinfer false -threads 10 -pfrequency 0 -hr false -savesettings false -autosavegcg false -fgrequired false -klv3fallback -1 -seed 5425806429448716611
seed: 5425806429448716611

   ＡＢＣＤＥＦＧＨＩＪＫＬＭＮＯ  ➤ Player 1           0
  ┏━━━━━━━━━━━━━━━━━━━━━━━━━━━━━━┓   Player 2           0
 1┃＝　　＇　　　＝　　　＇　　＝┃   
 2┃　－　　　＂　　　＂　　　－　┃   Unseen: 100 (42v | 56c)
 3┃　　－　　　＇　＇　　　－　　┃   ? ? A A A A A A A A 
 4┃＇　　－　　　＇　　　－　　＇┃   A B B C C D D D D E 
 5┃　　　　－　　　　　－　　　　┃   E E E E E E E E E E 
 6┃　＂　　　＂　　　＂　　　＂　┃   E F F G G G H H I I 
 7┃　　＇　　　＇　＇　　　＇　　┃   I I I I I I I J K L 
 8┃＝　　＇　　　－　　　＇　　＝┃   L L L M M N N N N N 
 9┃　　＇　　　＇　＇　　　＇　　┃   N O O O O O O O O P 
10┃　＂　　　＂　　　＂　　　＂　┃   P Q R R R R R R S S 
11┃　　　　－　　　　　－　　　　┃   S S T T T T T T U U 
12┃＇　　－　　　＇　　　－　　＇┃   U U V V W W X Y Y Z 
13┃　　－　　　＇　＇　　　－　　┃   
14┃　－　　　＂　　　＂　　　－　┃   
15┃＝　　＇　　　＝　　　＇　　＝┃   
  ┗━━━━━━━━━━━━━━━━━━━━━━━━━━━━━━┛ 

loaded config with command: newgame
seed: 5425806429448716612
loaded config with command: rack AEINRST
seed: 5425806429448716613
   ＡＢＣＤＥＦＧＨＩＪＫＬＭＮＯ  ➤ Player 1  AEINRST  0    1:   8B ANESTRI  66 66.00 
  ┏━━━━━━━━━━━━━━━━━━━━━━━━━━━━━━┓   Player 2           0    2:   8C RATINES  66 66.00 
 1┃＝　　＇　　　＝　　　＇　　＝┃                           3:   8C RETINAS  66 66.00 
 2┃　－　　　＂　　　＂　　　－　┃   Unseen: 93 (39v | 52c)  4:   8C STAINER  66 66.00 
 3┃　　－　　　＇　＇　　　－　　┃   ? ? A A A A A A A A     5:   8C STEARIN  66 66.00 
 4┃＇　　－　　　＇　　　－　　＇┃   B B C C D D D D E E     6:   8D ANESTRI  66 66.00 
 5┃　　　　－　　　　　－　　　　┃   E E E E E E E E E F     7:   8D RETSINA  66 66.00 
 6┃　＂　　　＂　　　＂　　　＂　┃   F G G G H H I I I I     8:   8F ANESTRI  66 66.00 
 7┃　　＇　　　＇　＇　　　＇　　┃   I I I I J K L L L L     9:   8F ANTSIER  66 66.00 
 8┃＝　　＇　　　－　　　＇　　＝┃   M M N N N N N O O O     10:  8F STARNIE  66 66.00 
 9┃　　＇　　　＇　＇　　　＇　　┃   O O O O O P P Q R R     11:  8G NASTIER  66 66.00 
10┃　＂　　　＂　　　＂　　　＂　┃   R R R S S S T T T T     12:  8G RATINES  66 66.00 
11┃　　　　－　　　　　－　　　　┃   T U U U U V V W W X     13:  8G RESIANT  66 66.00 
12┃＇　　－　　　＇　　　－　　＇┃   Y Y Z                   14:  8G RETAINS  66 66.00 
13┃　　－　　　＇　＇　　　－　　┃                           15:  8G RETINAS  66 66.00 
14┃　－　　　＂　　　＂　　　－　┃                           
15┃＝　　＇　　　＝　　　＇　　＝┃                           Showing 15 of 15 plays
  ┗━━━━━━━━━━━━━━━━━━━━━━━━━━━━━━┛                           
                                                             
                                                             
loaded config with command: generate
seed: 5425806429448716614
loaded config with command: set -threads 1 -savesettings false -hr false -numplays 15 -ima 0 -minp 100 -autosave false -fgrequired false
seed: 1785290783
loaded config with command: set -lex CSW24 -k1 CSW24 -k2 CSW24 -wmp true -rit true -ritmmap true -wit true -winpct winpct -s1 equity -s2 equity -r1 all -r2 all -numplays 15 -plies 2 -tlim 0.10000000000000001 -it 2147483647 -minplayiterations 100000 -sinfer false -threads 10 -pfrequency 0 -hr false -savesettings false -autosavegcg false -fgrequired false -klv3fallback -1 -seed 5425806429448716611
seed: 5425806429448716611

   ＡＢＣＤＥＦＧＨＩＪＫＬＭＮＯ  ➤ Player 1           0
  ┏━━━━━━━━━━━━━━━━━━━━━━━━━━━━━━┓   Player 2           0
 1┃＝　　＇　　　＝　　　＇　　＝┃   
 2┃　－　　　＂　　　＂　　　－　┃   Unseen: 100 (42v | 56c)
 3┃　　－　　　＇　＇　　　－　　┃   ? ? A A A A A A A A 
 4┃＇　　－　　　＇　　　－　　＇┃   A B B C C D D D D E 
 5┃　　　　－　　　　　－　　　　┃   E E E E E E E E E E 
 6┃　＂　　　＂　　　＂　　　＂　┃   E F F G G G H H I I 
 7┃　　＇　　　＇　＇　　　＇　　┃   I I I I I I I J K L 
 8┃＝　　＇　　　－　　　＇　　＝┃   L L L M M N N N N N 
 9┃　　＇　　　＇　＇　　　＇　　┃   N O O O O O O O O P 
10┃　＂　　　＂　　　＂　　　＂　┃   P Q R R R R R R S S 
11┃　　　　－　　　　　－　　　　┃   S S T T T T T T U U 
12┃＇　　－　　　＇　　　－　　＇┃   U U V V W W X Y Y Z 
13┃　　－　　　＇　＇　　　－　　┃   
14┃　－　　　＂　　　＂　　　－　┃   
15┃＝　　＇　　　＝　　　＇　　＝┃   
  ┗━━━━━━━━━━━━━━━━━━━━━━━━━━━━━━┛ 

loaded config with command: newgame
seed: 5425806429448716612
loaded config with command: rack AEINRST
seed: 5425806429448716613
   ＡＢＣＤＥＦＧＨＩＪＫＬＭＮＯ  ➤ Player 1  AEINRST  0    1:   8B ANESTRI  66 66.00 
  ┏━━━━━━━━━━━━━━━━━━━━━━━━━━━━━━┓   Player 2           0    2:   8C RATINES  66 66.00 
 1┃＝　　＇　　　＝　　　＇　　＝┃                           3:   8C RETINAS  66 66.00 
 2┃　－　　　＂　　　＂　　　－　┃   Unseen: 93 (39v | 52c)  4:   8C STAINER  66 66.00 
 3┃　　－　　　＇　＇　　　－　　┃   ? ? A A A A A A A A     5:   8C STEARIN  66 66.00 
 4┃＇　　－　　　＇　　　－　　＇┃   B B C C D D D D E E     6:   8D ANESTRI  66 66.00 
 5┃　　　　－　　　　　－　　　　┃   E E E E E E E E E F     7:   8D RETSINA  66 66.00 
 6┃　＂　　　＂　　　＂　　　＂　┃   F G G G H H I I I I     8:   8F ANESTRI  66 66.00 
 7┃　　＇　　　＇　＇　　　＇　　┃   I I I I J K L L L L     9:   8F ANTSIER  66 66.00 
 8┃＝　　＇　　　－　　　＇　　＝┃   M M N N N N N O O O     10:  8F STARNIE  66 66.00 
 9┃　　＇　　　＇　＇　　　＇　　┃   O O O O O P P Q R R     11:  8G NASTIER  66 66.00 
10┃　＂　　　＂　　　＂　　　＂　┃   R R R S S S T T T T     12:  8G RATINES  66 66.00 
11┃　　　　－　　　　　－　　　　┃   T U U U U V V W W X     13:  8G RESIANT  66 66.00 
12┃＇　　－　　　＇　　　－　　＇┃   Y Y Z                   14:  8G RETAINS  66 66.00 
13┃　　－　　　＇　＇　　　－　　┃                           15:  8G RETINAS  66 66.00 
14┃　－　　　＂　　　＂　　　－　┃                           
15┃＝　　＇　　　＝　　　＇　　＝┃                           Showing 15 of 15 plays
  ┗━━━━━━━━━━━━━━━━━━━━━━━━━━━━━━┛                           
                                                             
                                                             
loaded config with command: generate
seed: 5425806429448716614
KLV3_NESTED_CONFIG files=obj/depth-replication-3m-p246-disagreements-20260728.tsv outer_samples_per_candidate=100000 outer_plies=10 nested_plies=2 nested_samples_per_candidate=2 nested_policy_split=1+1 outer_threads=10 nested_threads=1 start_disagreement=0 max_positions=0 min_bag_tiles=50 wall_seconds=0.000
KLV3_NESTED_POSITION disagreement=1 position=30004 game=8500 turn=4 bag=69 unique_roots=2 outer_samples=100000 klv2_root=0 hybrid_root=1 klv3_root=0 best_root=0 klv3_minus_klv2=+0.000000000 klv3_minus_klv2_sem=0.000000000 hybrid_minus_klv2=-0.002406383 hybrid_minus_klv2_sem=0.000802315 klv3_minus_hybrid=+0.002406383 klv3_minus_hybrid_sem=0.000802315 root0_utility=0.528665856 root0_utility_sem=0.000775926 root0_win=0.515044471 root0_spread=24.512140 root1_utility=0.526259473 root1_utility_sem=0.000790528 root1_win=0.512429152 root1_spread=23.694690
KLV3_NESTED_POSITION disagreement=2 position=30015 game=8501 turn=2 bag=74 unique_roots=2 outer_samples=100000 klv2_root=0 hybrid_root=1 klv3_root=1 best_root=1 klv3_minus_klv2=+0.005307553 klv3_minus_klv2_sem=0.000821506 hybrid_minus_klv2=+0.005307553 hybrid_minus_klv2_sem=0.000821506 klv3_minus_hybrid=+0.000000000 klv3_minus_hybrid_sem=0.000000000 root0_utility=0.472584986 root0_utility_sem=0.000786092 root0_win=0.448104184 root0_spread=9.466250 root1_utility=0.477892540 root1_utility_sem=0.000783254 root1_win=0.454411080 root1_spread=11.032550
KLV3_NESTED_POSITION disagreement=3 position=30016 game=8501 turn=3 bag=70 unique_roots=2 outer_samples=100000 klv2_root=0 hybrid_root=0 klv3_root=1 best_root=0 klv3_minus_klv2=-0.001168914 klv3_minus_klv2_sem=0.000824329 hybrid_minus_klv2=+0.000000000 hybrid_minus_klv2_sem=0.000000000 klv3_minus_hybrid=-0.001168914 klv3_minus_hybrid_sem=0.000824329 root0_utility=0.492618103 root0_utility_sem=0.000799512 root0_win=0.471792033 root0_spread=15.158680 root1_utility=0.491449189 root1_utility_sem=0.000804653 root1_win=0.470563237 root1_spread=14.710180
KLV3_NESTED_POSITION disagreement=4 position=30025 game=8502 turn=0 bag=86 unique_roots=2 outer_samples=100000 klv2_root=0 hybrid_root=0 klv3_root=1 best_root=0 klv3_minus_klv2=-0.004274357 klv3_minus_klv2_sem=0.000726013 hybrid_minus_klv2=+0.000000000 hybrid_minus_klv2_sem=0.000000000 klv3_minus_hybrid=-0.004274357 klv3_minus_hybrid_sem=0.000726013 root0_utility=0.579790648 root0_utility_sem=0.000754581 root0_win=0.574654402 root0_spread=40.306480 root1_utility=0.575516291 root1_utility_sem=0.000749362 root1_win=0.569589481 root1_spread=39.027760
KLV3_NESTED_POSITION disagreement=5 position=30027 game=8502 turn=2 bag=74 unique_roots=2 outer_samples=100000 klv2_root=0 hybrid_root=1 klv3_root=1 best_root=1 klv3_minus_klv2=+0.003039956 klv3_minus_klv2_sem=0.000699167 hybrid_minus_klv2=+0.003039956 hybrid_minus_klv2_sem=0.000699167 klv3_minus_hybrid=+0.000000000 klv3_minus_hybrid_sem=0.000000000 root0_utility=0.324714026 root0_utility_sem=0.000682841 root0_win=0.274430134 root0_spread=-33.112220 root1_utility=0.327753982 root1_utility_sem=0.000685532 root1_win=0.277753895 root1_spread=-31.928000
KLV3_NESTED_SUMMARY positions=5 klv2_root_wins=3 hybrid_root_wins=4 klv3_root_wins=3 klv3_minus_klv2=+0.000580848 klv3_minus_klv2_sem=0.001663746 hybrid_minus_klv2=+0.001188225 hybrid_minus_klv2_sem=0.001344298 klv3_minus_hybrid=-0.000607378 klv3_minus_hybrid_sem=0.001085878 outer_candidate_rollouts=1000000 outer_nodes=10000000 static_agreements=10000000 nested_disagreements=0 nested_rate=0.000000 nested_ties=0 nested_policy_samples=0 nested_nodes=0 elapsed_seconds=101.706346
KLV3_NESTED_POSITION disagreement=6 position=30032 game=8502 turn=7 bag=52 unique_roots=2 outer_samples=100000 klv2_root=0 hybrid_root=1 klv3_root=1 best_root=1 klv3_minus_klv2=+0.002845199 klv3_minus_klv2_sem=0.000461193 hybrid_minus_klv2=+0.002845199 hybrid_minus_klv2_sem=0.000461193 klv3_minus_hybrid=+0.000000000 klv3_minus_hybrid_sem=0.000000000 root0_utility=0.869626130 root0_utility_sem=0.000426150 root0_win=0.922450465 root0_spread=126.784540 root1_utility=0.872471329 root1_utility_sem=0.000412279 root1_win=0.925982810 root1_spread=127.421420
KLV3_NESTED_POSITION disagreement=7 position=30044 game=8503 turn=6 bag=58 unique_roots=2 outer_samples=100000 klv2_root=0 hybrid_root=0 klv3_root=1 best_root=1 klv3_minus_klv2=+0.004389598 klv3_minus_klv2_sem=0.000971609 hybrid_minus_klv2=+0.000000000 hybrid_minus_klv2_sem=0.000000000 klv3_minus_hybrid=+0.004389598 klv3_minus_hybrid_sem=0.000971609 root0_utility=0.460998798 root0_utility_sem=0.000842012 root0_win=0.433566176 root0_spread=6.975300 root1_utility=0.465388396 root1_utility_sem=0.000801955 root1_win=0.438754506 root1_spread=8.102550
KLV3_NESTED_POSITION disagreement=8 position=30056 game=8504 turn=4 bag=73 unique_roots=2 outer_samples=100000 klv2_root=0 hybrid_root=1 klv3_root=1 best_root=0 klv3_minus_klv2=-0.000423563 klv3_minus_klv2_sem=0.000854417 hybrid_minus_klv2=-0.000423563 hybrid_minus_klv2_sem=0.000854417 klv3_minus_hybrid=+0.000000000 klv3_minus_hybrid_sem=0.000000000 root0_utility=0.476351883 root0_utility_sem=0.000803274 root0_win=0.452869169 root0_spread=10.402600 root1_utility=0.475928320 root1_utility_sem=0.000821804 root1_win=0.452308281 root1_spread=10.365550
KLV3_NESTED_POSITION disagreement=9 position=30057 game=8504 turn=5 bag=68 unique_roots=2 outer_samples=100000 klv2_root=0 hybrid_root=1 klv3_root=1 best_root=1 klv3_minus_klv2=+0.000755422 klv3_minus_klv2_sem=0.000849134 hybrid_minus_klv2=+0.000755422 hybrid_minus_klv2_sem=0.000849134 klv3_minus_hybrid=+0.000000000 klv3_minus_hybrid_sem=0.000000000 root0_utility=0.491794633 root0_utility_sem=0.000833153 root0_win=0.471347005 root0_spread=14.586950 root1_utility=0.492550056 root1_utility_sem=0.000823127 root1_win=0.472305527 root1_spread=14.667320
KLV3_NESTED_POSITION disagreement=10 position=30059 game=8504 turn=7 bag=61 unique_roots=2 outer_samples=100000 klv2_root=0 hybrid_root=1 klv3_root=1 best_root=1 klv3_minus_klv2=+0.001587977 klv3_minus_klv2_sem=0.000575242 hybrid_minus_klv2=+0.001587977 hybrid_minus_klv2_sem=0.000575242 klv3_minus_hybrid=+0.000000000 klv3_minus_hybrid_sem=0.000000000 root0_utility=0.579438101 root0_utility_sem=0.000866638 root0_win=0.578067166 root0_spread=36.914830 root1_utility=0.581026078 root1_utility_sem=0.000859471 root1_win=0.580048962 root1_spread=37.164500
KLV3_NESTED_SUMMARY positions=10 klv2_root_wins=4 hybrid_root_wins=7 klv3_root_wins=7 klv3_minus_klv2=+0.001205887 klv3_minus_klv2_sem=0.000901491 hybrid_minus_klv2=+0.001070616 hybrid_minus_klv2_sem=0.000692073 klv3_minus_hybrid=+0.000135271 klv3_minus_hybrid_sem=0.000703268 outer_candidate_rollouts=2000000 outer_nodes=19999999 static_agreements=19999999 nested_disagreements=0 nested_rate=0.000000 nested_ties=0 nested_policy_samples=0 nested_nodes=0 elapsed_seconds=194.752667
KLV3_NESTED_POSITION disagreement=11 position=30071 game=8505 turn=5 bag=56 unique_roots=2 outer_samples=100000 klv2_root=0 hybrid_root=1 klv3_root=1 best_root=1 klv3_minus_klv2=+0.007494080 klv3_minus_klv2_sem=0.000870558 hybrid_minus_klv2=+0.007494080 hybrid_minus_klv2_sem=0.000870558 klv3_minus_hybrid=+0.000000000 klv3_minus_hybrid_sem=0.000000000 root0_utility=0.494952472 root0_utility_sem=0.000784661 root0_win=0.474270885 root0_spread=15.629570 root1_utility=0.502446551 root1_utility_sem=0.000779927 root1_win=0.483587297 root1_spread=17.250610
KLV3_NESTED_POSITION disagreement=12 position=30073 game=8505 turn=7 bag=51 unique_roots=2 outer_samples=100000 klv2_root=0 hybrid_root=1 klv3_root=1 best_root=0 klv3_minus_klv2=-0.000569470 klv3_minus_klv2_sem=0.000947423 hybrid_minus_klv2=-0.000569470 hybrid_minus_klv2_sem=0.000947423 klv3_minus_hybrid=+0.000000000 klv3_minus_hybrid_sem=0.000000000 root0_utility=0.565783092 root0_utility_sem=0.000814434 root0_win=0.562888707 root0_spread=30.975730 root1_utility=0.565213621 root1_utility_sem=0.000807591 root1_win=0.562330590 root1_spread=30.624730
KLV3_NESTED_POSITION disagreement=13 position=30078 game=8506 turn=0 bag=86 unique_roots=2 outer_samples=100000 klv2_root=0 hybrid_root=0 klv3_root=1 best_root=1 klv3_minus_klv2=+0.001078940 klv3_minus_klv2_sem=0.000780981 hybrid_minus_klv2=+0.000000000 hybrid_minus_klv2_sem=0.000000000 klv3_minus_hybrid=+0.001078940 klv3_minus_hybrid_sem=0.000780981 root0_utility=0.536356062 root0_utility_sem=0.000743298 root0_win=0.523011796 root0_spread=28.047480 root1_utility=0.537435002 root1_utility_sem=0.000754395 root1_win=0.524482875 root1_spread=28.153640
KLV3_NESTED_POSITION disagreement=14 position=30103 game=8508 turn=1 bag=80 unique_roots=2 outer_samples=100000 klv2_root=0 hybrid_root=0 klv3_root=1 best_root=1 klv3_minus_klv2=+0.000190929 klv3_minus_klv2_sem=0.000791164 hybrid_minus_klv2=+0.000000000 hybrid_minus_klv2_sem=0.000000000 klv3_minus_hybrid=+0.000190929 klv3_minus_hybrid_sem=0.000791164 root0_utility=0.440023524 root0_utility_sem=0.000787855 root0_win=0.410279109 root0_spread=-0.144210 root1_utility=0.440214453 root1_utility_sem=0.000787127 root1_win=0.410505470 root1_spread=-0.100550
KLV3_NESTED_POSITION disagreement=15 position=30118 game=8509 turn=4 bag=70 unique_roots=2 outer_samples=100000 klv2_root=0 hybrid_root=1 klv3_root=1 best_root=0 klv3_minus_klv2=-0.000478964 klv3_minus_klv2_sem=0.000840936 hybrid_minus_klv2=-0.000478964 hybrid_minus_klv2_sem=0.000840936 klv3_minus_hybrid=+0.000000000 klv3_minus_hybrid_sem=0.000000000 root0_utility=0.518288108 root0_utility_sem=0.000825831 root0_win=0.502747387 root0_spread=22.091070 root1_utility=0.517809144 root1_utility_sem=0.000813214 root1_win=0.502105503 root1_spread=21.916290
KLV3_NESTED_SUMMARY positions=15 klv2_root_wins=6 hybrid_root_wins=8 klv3_root_wins=10 klv3_minus_klv2=+0.001318292 klv3_minus_klv2_sem=0.000754449 hybrid_minus_klv2=+0.001143454 hybrid_minus_klv2_sem=0.000660705 klv3_minus_hybrid=+0.000174839 klv3_minus_hybrid_sem=0.000465156 outer_candidate_rollouts=3000000 outer_nodes=29999997 static_agreements=29999997 nested_disagreements=0 nested_rate=0.000000 nested_ties=0 nested_policy_samples=0 nested_nodes=0 elapsed_seconds=283.343173
KLV3_NESTED_POSITION disagreement=16 position=30135 game=8510 turn=6 bag=61 unique_roots=2 outer_samples=100000 klv2_root=0 hybrid_root=0 klv3_root=1 best_root=1 klv3_minus_klv2=+0.002025286 klv3_minus_klv2_sem=0.000831048 hybrid_minus_klv2=+0.000000000 hybrid_minus_klv2_sem=0.000000000 klv3_minus_hybrid=+0.002025286 klv3_minus_hybrid_sem=0.000831048 root0_utility=0.500366023 root0_utility_sem=0.000835827 root0_win=0.482093911 root0_spread=16.327950 root1_utility=0.502391309 root1_utility_sem=0.000849055 root1_win=0.484314106 root1_spread=17.060630
KLV3_NESTED_POSITION disagreement=17 position=30143 game=8511 turn=1 bag=81 unique_roots=2 outer_samples=100000 klv2_root=0 hybrid_root=1 klv3_root=1 best_root=1 klv3_minus_klv2=+0.001362875 klv3_minus_klv2_sem=0.000760986 hybrid_minus_klv2=+0.001362875 hybrid_minus_klv2_sem=0.000760986 klv3_minus_hybrid=+0.000000000 klv3_minus_hybrid_sem=0.000000000 root0_utility=0.456964883 root0_utility_sem=0.000788125 root0_win=0.430121078 root0_spread=4.753860 root1_utility=0.458327759 root1_utility_sem=0.000800407 root1_win=0.431926204 root1_spread=4.962160
KLV3_NESTED_POSITION disagreement=18 position=30145 game=8511 turn=3 bag=69 unique_roots=2 outer_samples=100000 klv2_root=0 hybrid_root=1 klv3_root=1 best_root=0 klv3_minus_klv2=-0.000796486 klv3_minus_klv2_sem=0.000400208 hybrid_minus_klv2=-0.000796486 hybrid_minus_klv2_sem=0.000400208 klv3_minus_hybrid=+0.000000000 klv3_minus_hybrid_sem=0.000000000 root0_utility=0.309550676 root0_utility_sem=0.000737843 root0_win=0.256688104 root0_spread=-38.105060 root1_utility=0.308754190 root1_utility_sem=0.000736722 root1_win=0.255877975 root1_spread=-38.471460
KLV3_NESTED_POSITION disagreement=19 position=30158 game=8512 turn=4 bag=71 unique_roots=2 outer_samples=100000 klv2_root=0 hybrid_root=0 klv3_root=1 best_root=1 klv3_minus_klv2=+0.001642390 klv3_minus_klv2_sem=0.000809847 hybrid_minus_klv2=+0.000000000 hybrid_minus_klv2_sem=0.000000000 klv3_minus_hybrid=+0.001642390 klv3_minus_hybrid_sem=0.000809847 root0_utility=0.608489258 root0_utility_sem=0.000817390 root0_win=0.610402580 root0_spread=47.560150 root1_utility=0.610131648 root1_utility_sem=0.000821749 root1_win=0.612327275 root1_spread=48.170910
KLV3_NESTED_POSITION disagreement=20 position=30161 game=8512 turn=7 bag=54 unique_roots=2 outer_samples=100000 klv2_root=0 hybrid_root=1 klv3_root=1 best_root=1 klv3_minus_klv2=+0.002060525 klv3_minus_klv2_sem=0.000883805 hybrid_minus_klv2=+0.002060525 hybrid_minus_klv2_sem=0.000883805 klv3_minus_hybrid=+0.000000000 klv3_minus_hybrid_sem=0.000000000 root0_utility=0.481974901 root0_utility_sem=0.000889396 root0_win=0.460117797 root0_spread=11.409460 root1_utility=0.484035426 root1_utility_sem=0.000905953 root1_win=0.462809508 root1_spread=11.815260
KLV3_NESTED_SUMMARY positions=20 klv2_root_wins=7 hybrid_root_wins=10 klv3_root_wins=14 klv3_minus_klv2=+0.001303449 klv3_minus_klv2_sem=0.000573897 hybrid_minus_klv2=+0.000988936 hybrid_minus_klv2_sem=0.000509028 klv3_minus_hybrid=+0.000314513 klv3_minus_hybrid_sem=0.000365330 outer_candidate_rollouts=4000000 outer_nodes=39999993 static_agreements=39999993 nested_disagreements=0 nested_rate=0.000000 nested_ties=0 nested_policy_samples=0 nested_nodes=0 elapsed_seconds=384.479906
KLV3_NESTED_POSITION disagreement=21 position=30174 game=8513 turn=8 bag=53 unique_roots=2 outer_samples=100000 klv2_root=0 hybrid_root=1 klv3_root=1 best_root=1 klv3_minus_klv2=+0.003503209 klv3_minus_klv2_sem=0.000795434 hybrid_minus_klv2=+0.003503209 hybrid_minus_klv2_sem=0.000795434 klv3_minus_hybrid=+0.000000000 klv3_minus_hybrid_sem=0.000000000 root0_utility=0.640868022 root0_utility_sem=0.000859556 root0_win=0.653536967 root0_spread=52.166530 root1_utility=0.644371230 root1_utility_sem=0.000854721 root1_win=0.658090634 root1_spread=52.698910
KLV3_NESTED_POSITION disagreement=22 position=30181 game=8514 turn=2 bag=74 unique_roots=2 outer_samples=100000 klv2_root=0 hybrid_root=0 klv3_root=1 best_root=0 klv3_minus_klv2=-0.001812934 klv3_minus_klv2_sem=0.000766423 hybrid_minus_klv2=+0.000000000 hybrid_minus_klv2_sem=0.000000000 klv3_minus_hybrid=-0.001812934 klv3_minus_hybrid_sem=0.000766423 root0_utility=0.429068885 root0_utility_sem=0.000797422 root0_win=0.397135621 root0_spread=-3.155740 root1_utility=0.427255951 root1_utility_sem=0.000792515 root1_win=0.394931938 root1_spread=-3.602420
KLV3_NESTED_POSITION disagreement=23 position=30194 game=8515 turn=3 bag=71 unique_roots=2 outer_samples=100000 klv2_root=0 hybrid_root=1 klv3_root=0 best_root=0 klv3_minus_klv2=+0.000000000 klv3_minus_klv2_sem=0.000000000 hybrid_minus_klv2=-0.000631132 hybrid_minus_klv2_sem=0.000619775 klv3_minus_hybrid=+0.000631132 klv3_minus_hybrid_sem=0.000619775 root0_utility=0.217791220 root0_utility_sem=0.000553465 root0_win=0.153113554 root0_spread=-69.039440 root1_utility=0.217160088 root1_utility_sem=0.000540726 root1_win=0.151604463 root1_spread=-68.240190
KLV3_NESTED_POSITION disagreement=24 position=30196 game=8515 turn=5 bag=61 unique_roots=2 outer_samples=100000 klv2_root=0 hybrid_root=1 klv3_root=1 best_root=1 klv3_minus_klv2=+0.000138703 klv3_minus_klv2_sem=0.000191231 hybrid_minus_klv2=+0.000138703 hybrid_minus_klv2_sem=0.000191231 klv3_minus_hybrid=+0.000000000 klv3_minus_hybrid_sem=0.000000000 root0_utility=0.112208081 root0_utility_sem=0.000346095 root0_win=0.044857424 root0_spread=-122.170060 root1_utility=0.112346783 root1_utility_sem=0.000347439 root1_win=0.045002768 root1_spread=-122.118330
KLV3_NESTED_POSITION disagreement=25 position=30230 game=8518 turn=3 bag=72 unique_roots=2 outer_samples=100000 klv2_root=0 hybrid_root=1 klv3_root=1 best_root=1 klv3_minus_klv2=+0.002628030 klv3_minus_klv2_sem=0.000827494 hybrid_minus_klv2=+0.002628030 hybrid_minus_klv2_sem=0.000827494 klv3_minus_hybrid=+0.000000000 klv3_minus_hybrid_sem=0.000000000 root0_utility=0.414055841 root0_utility_sem=0.000797715 root0_win=0.378882368 root0_spread=-6.894540 root1_utility=0.416683870 root1_utility_sem=0.000811872 root1_win=0.382620598 root1_spread=-6.822880
KLV3_NESTED_SUMMARY positions=25 klv2_root_wins=9 hybrid_root_wins=14 klv3_root_wins=18 klv3_minus_klv2=+0.001221039 klv3_minus_klv2_sem=0.000490488 hybrid_minus_klv2=+0.001016701 hybrid_minus_klv2_sem=0.000431617 klv3_minus_hybrid=+0.000204338 klv3_minus_hybrid_sem=0.000303690 outer_candidate_rollouts=5000000 outer_nodes=49999963 static_agreements=49999963 nested_disagreements=0 nested_rate=0.000000 nested_ties=0 nested_policy_samples=0 nested_nodes=0 elapsed_seconds=479.853023
KLV3_NESTED_POSITION disagreement=26 position=30239 game=8519 turn=0 bag=86 unique_roots=2 outer_samples=100000 klv2_root=0 hybrid_root=1 klv3_root=1 best_root=1 klv3_minus_klv2=+0.000179977 klv3_minus_klv2_sem=0.000443182 hybrid_minus_klv2=+0.000179977 hybrid_minus_klv2_sem=0.000443182 klv3_minus_hybrid=+0.000000000 klv3_minus_hybrid_sem=0.000000000 root0_utility=0.685503196 root0_utility_sem=0.000665175 root0_win=0.699651817 root0_spread=71.235160 root1_utility=0.685683172 root1_utility_sem=0.000666884 root1_win=0.699836996 root1_spread=71.366470
KLV3_NESTED_POSITION disagreement=27 position=30240 game=8519 turn=1 bag=79 unique_roots=2 outer_samples=100000 klv2_root=0 hybrid_root=0 klv3_root=1 best_root=0 klv3_minus_klv2=-0.002341971 klv3_minus_klv2_sem=0.000717729 hybrid_minus_klv2=+0.000000000 hybrid_minus_klv2_sem=0.000000000 klv3_minus_hybrid=-0.002341971 klv3_minus_hybrid_sem=0.000717729 root0_utility=0.326926084 root0_utility_sem=0.000690921 root0_win=0.278133458 root0_spread=-33.654260 root1_utility=0.324584113 root1_utility_sem=0.000685421 root1_win=0.275353624 root1_spread=-34.226290
KLV3_NESTED_POSITION disagreement=28 position=30267 game=8521 turn=2 bag=74 unique_roots=2 outer_samples=100000 klv2_root=0 hybrid_root=1 klv3_root=1 best_root=1 klv3_minus_klv2=+0.007845394 klv3_minus_klv2_sem=0.000814774 hybrid_minus_klv2=+0.007845394 hybrid_minus_klv2_sem=0.000814774 klv3_minus_hybrid=+0.000000000 klv3_minus_hybrid_sem=0.000000000 root0_utility=0.498215628 root0_utility_sem=0.000792228 root0_win=0.478460940 root0_spread=16.678870 root1_utility=0.506061021 root1_utility_sem=0.000752937 root1_win=0.487666140 root1_spread=18.728000
KLV3_NESTED_POSITION disagreement=29 position=30278 game=8522 turn=1 bag=83 unique_roots=2 outer_samples=100000 klv2_root=0 hybrid_root=0 klv3_root=1 best_root=0 klv3_minus_klv2=-0.001016381 klv3_minus_klv2_sem=0.000571357 hybrid_minus_klv2=+0.000000000 hybrid_minus_klv2_sem=0.000000000 klv3_minus_hybrid=-0.001016381 klv3_minus_hybrid_sem=0.000571357 root0_utility=0.677007296 root0_utility_sem=0.000656090 root0_win=0.690509487 root0_spread=67.269990 root1_utility=0.675990915 root1_utility_sem=0.000655747 root1_win=0.689355993 root1_spread=66.864110
KLV3_NESTED_POSITION disagreement=30 position=30395 game=8531 turn=0 bag=86 unique_roots=2 outer_samples=100000 klv2_root=0 hybrid_root=1 klv3_root=1 best_root=1 klv3_minus_klv2=+0.000821633 klv3_minus_klv2_sem=0.000640974 hybrid_minus_klv2=+0.000821633 hybrid_minus_klv2_sem=0.000640974 klv3_minus_hybrid=+0.000000000 klv3_minus_hybrid_sem=0.000000000 root0_utility=0.730703327 root0_utility_sem=0.000640806 root0_win=0.751787973 root0_spread=87.356590 root1_utility=0.731524961 root1_utility_sem=0.000633440 root1_win=0.752840287 root1_spread=87.373050
KLV3_NESTED_SUMMARY positions=30 klv2_root_wins=11 hybrid_root_wins=19 klv3_root_wins=21 klv3_minus_klv2=+0.001200488 klv3_minus_klv2_sem=0.000487972 hybrid_minus_klv2=+0.001142151 hybrid_minus_klv2_sem=0.000429836 klv3_minus_hybrid=+0.000058337 klv3_minus_hybrid_sem=0.000268663 outer_candidate_rollouts=6000000 outer_nodes=59999963 static_agreements=59999963 nested_disagreements=0 nested_rate=0.000000 nested_ties=0 nested_policy_samples=0 nested_nodes=0 elapsed_seconds=567.678523
KLV3_NESTED_POSITION disagreement=31 position=30421 game=8533 turn=1 bag=81 unique_roots=2 outer_samples=100000 klv2_root=0 hybrid_root=1 klv3_root=1 best_root=1 klv3_minus_klv2=+0.003700401 klv3_minus_klv2_sem=0.000759632 hybrid_minus_klv2=+0.003700401 hybrid_minus_klv2_sem=0.000759632 klv3_minus_hybrid=+0.000000000 klv3_minus_hybrid_sem=0.000000000 root0_utility=0.497274624 root0_utility_sem=0.000725834 root0_win=0.476883720 root0_spread=16.670320 root1_utility=0.500975025 root1_utility_sem=0.000735110 root1_win=0.481491449 root1_spread=17.534130
KLV3_NESTED_POSITION disagreement=32 position=30476 game=8537 turn=0 bag=86 unique_roots=2 outer_samples=100000 klv2_root=0 hybrid_root=1 klv3_root=1 best_root=1 klv3_minus_klv2=+0.001499241 klv3_minus_klv2_sem=0.000828562 hybrid_minus_klv2=+0.001499241 hybrid_minus_klv2_sem=0.000828562 klv3_minus_hybrid=+0.000000000 klv3_minus_hybrid_sem=0.000000000 root0_utility=0.482492281 root0_utility_sem=0.000747739 root0_win=0.460006785 root0_spread=12.199530 root1_utility=0.483991522 root1_utility_sem=0.000749474 root1_win=0.461553155 root1_spread=12.833710
KLV3_NESTED_POSITION disagreement=33 position=30480 game=8537 turn=4 bag=68 unique_roots=2 outer_samples=100000 klv2_root=0 hybrid_root=0 klv3_root=1 best_root=0 klv3_minus_klv2=-0.001262138 klv3_minus_klv2_sem=0.000418765 hybrid_minus_klv2=+0.000000000 hybrid_minus_klv2_sem=0.000000000 klv3_minus_hybrid=-0.001262138 klv3_minus_hybrid_sem=0.000418765 root0_utility=0.664631372 root0_utility_sem=0.000712953 root0_win=0.680393841 root0_spread=59.111380 root1_utility=0.663369234 root1_utility_sem=0.000712507 root1_win=0.678947642 root1_spread=58.646990
KLV3_NESTED_POSITION disagreement=34 position=30493 game=8538 turn=4 bag=67 unique_roots=2 outer_samples=100000 klv2_root=0 hybrid_root=1 klv3_root=1 best_root=1 klv3_minus_klv2=+0.005734350 klv3_minus_klv2_sem=0.000759482 hybrid_minus_klv2=+0.005734350 hybrid_minus_klv2_sem=0.000759482 klv3_minus_hybrid=+0.000000000 klv3_minus_hybrid_sem=0.000000000 root0_utility=0.297862678 root0_utility_sem=0.000633249 root0_win=0.237606334 root0_spread=-35.454530 root1_utility=0.303597028 root1_utility_sem=0.000642990 root1_win=0.245298753 root1_spread=-34.835910
KLV3_NESTED_POSITION disagreement=35 position=30495 game=8538 turn=6 bag=62 unique_roots=2 outer_samples=100000 klv2_root=0 hybrid_root=1 klv3_root=1 best_root=1 klv3_minus_klv2=+0.003327656 klv3_minus_klv2_sem=0.000847739 hybrid_minus_klv2=+0.003327656 hybrid_minus_klv2_sem=0.000847739 klv3_minus_hybrid=+0.000000000 klv3_minus_hybrid_sem=0.000000000 root0_utility=0.343589641 root0_utility_sem=0.000717965 root0_win=0.291037661 root0_spread=-22.364840 root1_utility=0.346917297 root1_utility_sem=0.000720760 root1_win=0.294608686 root1_spread=-21.009620
KLV3_NESTED_SUMMARY positions=35 klv2_root_wins=12 hybrid_root_wins=24 klv3_root_wins=25 klv3_minus_klv2=+0.001400404 klv3_minus_klv2_sem=0.000452116 hybrid_minus_klv2=+0.001386462 hybrid_minus_klv2_sem=0.000402192 klv3_minus_hybrid=+0.000013942 klv3_minus_hybrid_sem=0.000232785 outer_candidate_rollouts=7000000 outer_nodes=69999963 static_agreements=69999963 nested_disagreements=0 nested_rate=0.000000 nested_ties=0 nested_policy_samples=0 nested_nodes=0 elapsed_seconds=652.277797
KLV3_NESTED_POSITION disagreement=36 position=30515 game=8540 turn=0 bag=86 unique_roots=2 outer_samples=100000 klv2_root=0 hybrid_root=1 klv3_root=1 best_root=1 klv3_minus_klv2=+0.001134638 klv3_minus_klv2_sem=0.000683119 hybrid_minus_klv2=+0.001134638 hybrid_minus_klv2_sem=0.000683119 klv3_minus_hybrid=+0.000000000 klv3_minus_hybrid_sem=0.000000000 root0_utility=0.582138502 root0_utility_sem=0.000698213 root0_win=0.577013434 root0_spread=40.806440 root1_utility=0.583273139 root1_utility_sem=0.000700364 root1_win=0.578367668 root1_spread=41.156890
KLV3_NESTED_POSITION disagreement=37 position=30516 game=8540 turn=1 bag=86 unique_roots=2 outer_samples=100000 klv2_root=0 hybrid_root=1 klv3_root=1 best_root=1 klv3_minus_klv2=+0.004550906 klv3_minus_klv2_sem=0.000775583 hybrid_minus_klv2=+0.004550906 hybrid_minus_klv2_sem=0.000775583 klv3_minus_hybrid=+0.000000000 klv3_minus_hybrid_sem=0.000000000 root0_utility=0.524350706 root0_utility_sem=0.000736789 root0_win=0.508976730 root0_spread=24.396750 root1_utility=0.528901612 root1_utility_sem=0.000745622 root1_win=0.514399436 root1_spread=25.703890
KLV3_NESTED_POSITION disagreement=38 position=30520 game=8540 turn=5 bag=65 unique_roots=2 outer_samples=100000 klv2_root=0 hybrid_root=0 klv3_root=1 best_root=1 klv3_minus_klv2=+0.001175513 klv3_minus_klv2_sem=0.000826769 hybrid_minus_klv2=+0.000000000 hybrid_minus_klv2_sem=0.000000000 klv3_minus_hybrid=+0.001175513 klv3_minus_hybrid_sem=0.000826769 root0_utility=0.472098651 root0_utility_sem=0.000805419 root0_win=0.447268194 root0_spread=9.532540 root1_utility=0.473274164 root1_utility_sem=0.000814557 root1_win=0.448674634 root1_spread=9.889210
KLV3_NESTED_POSITION disagreement=39 position=30566 game=8544 turn=0 bag=86 unique_roots=2 outer_samples=100000 klv2_root=0 hybrid_root=1 klv3_root=1 best_root=1 klv3_minus_klv2=+0.006470697 klv3_minus_klv2_sem=0.000823120 hybrid_minus_klv2=+0.006470697 hybrid_minus_klv2_sem=0.000823120 klv3_minus_hybrid=+0.000000000 klv3_minus_hybrid_sem=0.000000000 root0_utility=0.503435863 root0_utility_sem=0.000755301 root0_win=0.484641168 root0_spread=18.246040 root1_utility=0.509906560 root1_utility_sem=0.000773540 root1_win=0.492303258 root1_spread=20.122580
KLV3_NESTED_POSITION disagreement=40 position=30626 game=8548 turn=4 bag=64 unique_roots=2 outer_samples=100000 klv2_root=0 hybrid_root=1 klv3_root=1 best_root=0 klv3_minus_klv2=-0.000781223 klv3_minus_klv2_sem=0.000400450 hybrid_minus_klv2=-0.000781223 hybrid_minus_klv2_sem=0.000400450 klv3_minus_hybrid=+0.000000000 klv3_minus_hybrid_sem=0.000000000 root0_utility=0.877701647 root0_utility_sem=0.000396197 root0_win=0.923974798 root0_spread=140.608340 root1_utility=0.876920424 root1_utility_sem=0.000393757 root1_win=0.923686136 root1_spread=138.807310
KLV3_NESTED_SUMMARY positions=40 klv2_root_wins=13 hybrid_root_wins=27 klv3_root_wins=29 klv3_minus_klv2=+0.001539117 klv3_minus_klv2_sem=0.000425916 hybrid_minus_klv2=+0.001497530 hybrid_minus_klv2_sem=0.000387751 klv3_minus_hybrid=+0.000041587 klv3_minus_hybrid_sem=0.000205383 outer_candidate_rollouts=8000000 outer_nodes=79999963 static_agreements=79999963 nested_disagreements=0 nested_rate=0.000000 nested_ties=0 nested_policy_samples=0 nested_nodes=0 elapsed_seconds=745.477252
KLV3_NESTED_POSITION disagreement=41 position=30627 game=8548 turn=5 bag=60 unique_roots=2 outer_samples=100000 klv2_root=0 hybrid_root=0 klv3_root=1 best_root=0 klv3_minus_klv2=-0.000043022 klv3_minus_klv2_sem=0.000231434 hybrid_minus_klv2=+0.000000000 hybrid_minus_klv2_sem=0.000000000 klv3_minus_hybrid=-0.000043022 klv3_minus_hybrid_sem=0.000231434 root0_utility=0.187473849 root0_utility_sem=0.000497337 root0_win=0.112580415 root0_spread=-73.092590 root1_utility=0.187430827 root1_utility_sem=0.000497296 root1_win=0.112568565 root1_spread=-73.137390
KLV3_NESTED_POSITION disagreement=42 position=30636 game=8549 turn=1 bag=79 unique_roots=2 outer_samples=100000 klv2_root=0 hybrid_root=1 klv3_root=1 best_root=1 klv3_minus_klv2=+0.002100449 klv3_minus_klv2_sem=0.000723409 hybrid_minus_klv2=+0.002100449 hybrid_minus_klv2_sem=0.000723409 klv3_minus_hybrid=+0.000000000 klv3_minus_hybrid_sem=0.000000000 root0_utility=0.405867116 root0_utility_sem=0.000695110 root0_win=0.367635101 root0_spread=-7.629780 root1_utility=0.407967565 root1_utility_sem=0.000694854 root1_win=0.370234455 root1_spread=-7.151420
KLV3_NESTED_POSITION disagreement=43 position=30649 game=8550 turn=0 bag=86 unique_roots=2 outer_samples=100000 klv2_root=0 hybrid_root=1 klv3_root=1 best_root=1 klv3_minus_klv2=+0.000787775 klv3_minus_klv2_sem=0.000734532 hybrid_minus_klv2=+0.000787775 hybrid_minus_klv2_sem=0.000734532 klv3_minus_hybrid=+0.000000000 klv3_minus_hybrid_sem=0.000000000 root0_utility=0.491727505 root0_utility_sem=0.000760910 root0_win=0.470761923 root0_spread=14.976850 root1_utility=0.492515280 root1_utility_sem=0.000766421 root1_win=0.471753470 root1_spread=15.185070
KLV3_NESTED_POSITION disagreement=44 position=30676 game=8552 turn=0 bag=86 unique_roots=2 outer_samples=100000 klv2_root=0 hybrid_root=0 klv3_root=1 best_root=0 klv3_minus_klv2=-0.003398173 klv3_minus_klv2_sem=0.000664108 hybrid_minus_klv2=+0.000000000 hybrid_minus_klv2_sem=0.000000000 klv3_minus_hybrid=-0.003398173 klv3_minus_hybrid_sem=0.000664108 root0_utility=0.629599947 root0_utility_sem=0.000696596 root0_win=0.633796403 root0_spread=54.084770 root1_utility=0.626201774 root1_utility_sem=0.000705890 root1_win=0.629761162 root1_spread=53.209480
KLV3_NESTED_POSITION disagreement=45 position=30702 game=8554 turn=1 bag=81 unique_roots=2 outer_samples=100000 klv2_root=0 hybrid_root=1 klv3_root=1 best_root=1 klv3_minus_klv2=+0.001855526 klv3_minus_klv2_sem=0.000745629 hybrid_minus_klv2=+0.001855526 hybrid_minus_klv2_sem=0.000745629 klv3_minus_hybrid=+0.000000000 klv3_minus_hybrid_sem=0.000000000 root0_utility=0.552770710 root0_utility_sem=0.000725874 root0_win=0.542980681 root0_spread=31.971160 root1_utility=0.554626236 root1_utility_sem=0.000722937 root1_win=0.545144791 root1_spread=32.460130
KLV3_NESTED_SUMMARY positions=45 klv2_root_wins=15 hybrid_root_wins=32 klv3_root_wins=32 klv3_minus_klv2=+0.001397050 klv3_minus_klv2_sem=0.000395647 hybrid_minus_klv2=+0.001436554 hybrid_minus_klv2_sem=0.000348054 klv3_minus_hybrid=-0.000039505 klv3_minus_hybrid_sem=0.000197654 outer_candidate_rollouts=9000000 outer_nodes=89999961 static_agreements=89999961 nested_disagreements=0 nested_rate=0.000000 nested_ties=0 nested_policy_samples=0 nested_nodes=0 elapsed_seconds=835.235306
KLV3_NESTED_POSITION disagreement=46 position=30713 game=8555 turn=0 bag=86 unique_roots=2 outer_samples=100000 klv2_root=0 hybrid_root=1 klv3_root=1 best_root=1 klv3_minus_klv2=+0.001010004 klv3_minus_klv2_sem=0.000732785 hybrid_minus_klv2=+0.001010004 hybrid_minus_klv2_sem=0.000732785 klv3_minus_hybrid=+0.000000000 klv3_minus_hybrid_sem=0.000000000 root0_utility=0.517056283 root0_utility_sem=0.000768496 root0_win=0.500541793 root0_spread=22.348690 root1_utility=0.518066287 root1_utility_sem=0.000774341 root1_win=0.501754640 root1_spread=22.710280
KLV3_NESTED_POSITION disagreement=47 position=30719 game=8555 turn=6 bag=69 unique_roots=2 outer_samples=100000 klv2_root=0 hybrid_root=0 klv3_root=1 best_root=1 klv3_minus_klv2=+0.001741633 klv3_minus_klv2_sem=0.000843677 hybrid_minus_klv2=+0.000000000 hybrid_minus_klv2_sem=0.000000000 klv3_minus_hybrid=+0.001741633 klv3_minus_hybrid_sem=0.000843677 root0_utility=0.627262769 root0_utility_sem=0.000785172 root0_win=0.632716403 root0_spread=52.753350 root1_utility=0.629004402 root1_utility_sem=0.000801485 root1_win=0.635218927 root1_spread=52.962210
KLV3_NESTED_POSITION disagreement=48 position=30723 game=8555 turn=10 bag=51 unique_roots=2 outer_samples=100000 klv2_root=0 hybrid_root=0 klv3_root=1 best_root=1 klv3_minus_klv2=+0.002450788 klv3_minus_klv2_sem=0.000779783 hybrid_minus_klv2=+0.000000000 hybrid_minus_klv2_sem=0.000000000 klv3_minus_hybrid=+0.002450788 klv3_minus_hybrid_sem=0.000779783 root0_utility=0.660625765 root0_utility_sem=0.000866399 root0_win=0.676210883 root0_spread=58.650500 root1_utility=0.663076553 root1_utility_sem=0.000859716 root1_win=0.679401319 root1_spread=59.133190
KLV3_NESTED_POSITION disagreement=49 position=30742 game=8557 turn=3 bag=72 unique_roots=2 outer_samples=100000 klv2_root=0 hybrid_root=1 klv3_root=1 best_root=1 klv3_minus_klv2=+0.005859586 klv3_minus_klv2_sem=0.000787192 hybrid_minus_klv2=+0.005859586 hybrid_minus_klv2_sem=0.000787192 klv3_minus_hybrid=+0.000000000 klv3_minus_hybrid_sem=0.000000000 root0_utility=0.408676740 root0_utility_sem=0.000761242 root0_win=0.371679503 root0_spread=-7.547470 root1_utility=0.414536326 root1_utility_sem=0.000739149 root1_win=0.378485793 root1_spread=-5.772830
KLV3_NESTED_POSITION disagreement=50 position=30746 game=8557 turn=7 bag=53 unique_roots=2 outer_samples=100000 klv2_root=0 hybrid_root=1 klv3_root=1 best_root=1 klv3_minus_klv2=+0.005147186 klv3_minus_klv2_sem=0.000829657 hybrid_minus_klv2=+0.005147186 hybrid_minus_klv2_sem=0.000829657 klv3_minus_hybrid=+0.000000000 klv3_minus_hybrid_sem=0.000000000 root0_utility=0.391678902 root0_utility_sem=0.000851194 root0_win=0.350884216 root0_spread=-11.784360 root1_utility=0.396826088 root1_utility_sem=0.000833622 root1_win=0.356560568 root1_spread=-9.920060
KLV3_NESTED_SUMMARY positions=50 klv2_root_wins=15 hybrid_root_wins=35 klv3_root_wins=37 klv3_minus_klv2=+0.001581529 klv3_minus_klv2_sem=0.000374491 hybrid_minus_klv2=+0.001533234 hybrid_minus_klv2_sem=0.000336267 klv3_minus_hybrid=+0.000048294 klv3_minus_hybrid_sem=0.000187732 outer_candidate_rollouts=10000000 outer_nodes=99999694 static_agreements=99999694 nested_disagreements=0 nested_rate=0.000000 nested_ties=0 nested_policy_samples=0 nested_nodes=0 elapsed_seconds=934.413152
KLV3_NESTED_POSITION disagreement=51 position=30752 game=8558 turn=0 bag=86 unique_roots=2 outer_samples=100000 klv2_root=0 hybrid_root=0 klv3_root=1 best_root=1 klv3_minus_klv2=+0.001066617 klv3_minus_klv2_sem=0.000820214 hybrid_minus_klv2=+0.000000000 hybrid_minus_klv2_sem=0.000000000 klv3_minus_hybrid=+0.001066617 klv3_minus_hybrid_sem=0.000820214 root0_utility=0.521003553 root0_utility_sem=0.000738528 root0_win=0.505018317 root0_spread=23.444360 root1_utility=0.522070170 root1_utility_sem=0.000753505 root1_win=0.506408633 root1_spread=23.707590
KLV3_NESTED_POSITION disagreement=52 position=30757 game=8558 turn=5 bag=64 unique_roots=2 outer_samples=100000 klv2_root=0 hybrid_root=1 klv3_root=1 best_root=1 klv3_minus_klv2=+0.006626435 klv3_minus_klv2_sem=0.000590231 hybrid_minus_klv2=+0.006626435 hybrid_minus_klv2_sem=0.000590231 klv3_minus_hybrid=+0.000000000 klv3_minus_hybrid_sem=0.000000000 root0_utility=0.179296313 root0_utility_sem=0.000501891 root0_win=0.110355224 root0_spread=-84.095560 root1_utility=0.185922748 root1_utility_sem=0.000536909 root1_win=0.119690976 root1_spread=-84.368940
KLV3_NESTED_POSITION disagreement=53 position=30768 game=8559 turn=2 bag=77 unique_roots=2 outer_samples=100000 klv2_root=0 hybrid_root=1 klv3_root=0 best_root=0 klv3_minus_klv2=+0.000000000 klv3_minus_klv2_sem=0.000000000 hybrid_minus_klv2=-0.001380471 hybrid_minus_klv2_sem=0.000714950 klv3_minus_hybrid=+0.001380471 klv3_minus_hybrid_sem=0.000714950 root0_utility=0.680341330 root0_utility_sem=0.000709153 root0_win=0.695425262 root0_spread=68.047620 root1_utility=0.678960859 root1_utility_sem=0.000716813 root1_win=0.693565478 root1_spread=68.151830
KLV3_NESTED_POSITION disagreement=54 position=30769 game=8559 turn=3 bag=70 unique_roots=2 outer_samples=100000 klv2_root=0 hybrid_root=1 klv3_root=1 best_root=0 klv3_minus_klv2=-0.000260388 klv3_minus_klv2_sem=0.000582053 hybrid_minus_klv2=-0.000260388 hybrid_minus_klv2_sem=0.000582053 klv3_minus_hybrid=+0.000000000 klv3_minus_hybrid_sem=0.000000000 root0_utility=0.442206752 root0_utility_sem=0.000774321 root0_win=0.411293687 root0_spread=1.766400 root1_utility=0.441946365 root1_utility_sem=0.000780028 root1_win=0.411203158 root1_spread=1.491500
KLV3_NESTED_POSITION disagreement=55 position=30779 game=8560 turn=0 bag=86 unique_roots=2 outer_samples=100000 klv2_root=0 hybrid_root=1 klv3_root=1 best_root=1 klv3_minus_klv2=+0.004573006 klv3_minus_klv2_sem=0.000779862 hybrid_minus_klv2=+0.004573006 hybrid_minus_klv2_sem=0.000779862 klv3_minus_hybrid=+0.000000000 klv3_minus_hybrid_sem=0.000000000 root0_utility=0.575853695 root0_utility_sem=0.000722222 root0_win=0.569607710 root0_spread=39.190090 root1_utility=0.580426701 root1_utility_sem=0.000744265 root1_win=0.575268127 root1_spread=40.553140
KLV3_NESTED_SUMMARY positions=55 klv2_root_wins=17 hybrid_root_wins=37 klv3_root_wins=41 klv3_minus_klv2=+0.001656038 klv3_minus_klv2_sem=0.000359504 hybrid_minus_klv2=+0.001567642 hybrid_minus_klv2_sem=0.000331413 klv3_minus_hybrid=+0.000088396 klv3_minus_hybrid_sem=0.000173182 outer_candidate_rollouts=11000000 outer_nodes=109999694 static_agreements=109999694 nested_disagreements=0 nested_rate=0.000000 nested_ties=0 nested_policy_samples=0 nested_nodes=0 elapsed_seconds=1019.754751
KLV3_NESTED_POSITION disagreement=56 position=30786 game=8560 turn=7 bag=56 unique_roots=2 outer_samples=100000 klv2_root=0 hybrid_root=0 klv3_root=1 best_root=1 klv3_minus_klv2=+0.002678604 klv3_minus_klv2_sem=0.000575048 hybrid_minus_klv2=+0.000000000 hybrid_minus_klv2_sem=0.000000000 klv3_minus_hybrid=+0.002678604 klv3_minus_hybrid_sem=0.000575048 root0_utility=0.169119827 root0_utility_sem=0.000498513 root0_win=0.098739703 root0_spread=-87.978100 root1_utility=0.171798431 root1_utility_sem=0.000489936 root1_win=0.099184405 root1_spread=-83.728840
KLV3_NESTED_POSITION disagreement=57 position=30806 game=8562 turn=0 bag=86 unique_roots=2 outer_samples=100000 klv2_root=0 hybrid_root=1 klv3_root=1 best_root=1 klv3_minus_klv2=+0.001548250 klv3_minus_klv2_sem=0.000676250 hybrid_minus_klv2=+0.001548250 hybrid_minus_klv2_sem=0.000676250 klv3_minus_hybrid=+0.000000000 klv3_minus_hybrid_sem=0.000000000 root0_utility=0.594073990 root0_utility_sem=0.000725096 root0_win=0.591290755 root0_spread=44.436480 root1_utility=0.595622240 root1_utility_sem=0.000724737 root1_win=0.593054767 root1_spread=44.934530
KLV3_NESTED_POSITION disagreement=58 position=30828 game=8563 turn=8 bag=57 unique_roots=2 outer_samples=100000 klv2_root=0 hybrid_root=0 klv3_root=1 best_root=1 klv3_minus_klv2=+0.003127425 klv3_minus_klv2_sem=0.000914625 hybrid_minus_klv2=+0.000000000 hybrid_minus_klv2_sem=0.000000000 klv3_minus_hybrid=+0.003127425 klv3_minus_hybrid_sem=0.000914625 root0_utility=0.608901331 root0_utility_sem=0.000883514 root0_win=0.613374413 root0_spread=45.688720 root1_utility=0.612028756 root1_utility_sem=0.000857528 root1_win=0.617330208 root1_spread=45.948650
KLV3_NESTED_POSITION disagreement=59 position=30842 game=8564 turn=7 bag=51 unique_roots=2 outer_samples=100000 klv2_root=0 hybrid_root=1 klv3_root=1 best_root=0 klv3_minus_klv2=-0.002336995 klv3_minus_klv2_sem=0.000769073 hybrid_minus_klv2=-0.002336995 hybrid_minus_klv2_sem=0.000769073 klv3_minus_hybrid=+0.000000000 klv3_minus_hybrid_sem=0.000000000 root0_utility=0.728714228 root0_utility_sem=0.000714995 root0_win=0.760738056 root0_spread=74.460970 root1_utility=0.726377233 root1_utility_sem=0.000733989 root1_win=0.757724503 root1_spread=74.217340
KLV3_NESTED_POSITION disagreement=60 position=30852 game=8565 turn=4 bag=72 unique_roots=2 outer_samples=100000 klv2_root=0 hybrid_root=1 klv3_root=1 best_root=1 klv3_minus_klv2=+0.001803252 klv3_minus_klv2_sem=0.000727459 hybrid_minus_klv2=+0.001803252 hybrid_minus_klv2_sem=0.000727459 klv3_minus_hybrid=+0.000000000 klv3_minus_hybrid_sem=0.000000000 root0_utility=0.708716585 root0_utility_sem=0.000733172 root0_win=0.729810962 root0_spread=77.063790 root1_utility=0.710519836 root1_utility_sem=0.000714594 root1_win=0.732562145 root1_spread=76.432190
KLV3_NESTED_SUMMARY positions=60 klv2_root_wins=18 hybrid_root_wins=39 klv3_root_wins=45 klv3_minus_klv2=+0.001631711 klv3_minus_klv2_sem=0.000337406 hybrid_minus_klv2=+0.001453914 hybrid_minus_klv2_sem=0.000312475 klv3_minus_hybrid=+0.000177797 klv3_minus_hybrid_sem=0.000171866 outer_candidate_rollouts=12000000 outer_nodes=119999691 static_agreements=119999691 nested_disagreements=0 nested_rate=0.000000 nested_ties=0 nested_policy_samples=0 nested_nodes=0 elapsed_seconds=1106.481467
KLV3_NESTED_POSITION disagreement=61 position=30864 game=8566 turn=2 bag=79 unique_roots=2 outer_samples=100000 klv2_root=0 hybrid_root=1 klv3_root=1 best_root=1 klv3_minus_klv2=+0.000810910 klv3_minus_klv2_sem=0.000685227 hybrid_minus_klv2=+0.000810910 hybrid_minus_klv2_sem=0.000685227 klv3_minus_hybrid=+0.000000000 klv3_minus_hybrid_sem=0.000000000 root0_utility=0.355833761 root0_utility_sem=0.000714031 root0_win=0.310496467 root0_spread=-23.597640 root1_utility=0.356644671 root1_utility_sem=0.000725473 root1_win=0.311833906 root1_spread=-23.824020
KLV3_NESTED_POSITION disagreement=62 position=30903 game=8569 turn=0 bag=86 unique_roots=2 outer_samples=100000 klv2_root=0 hybrid_root=1 klv3_root=1 best_root=1 klv3_minus_klv2=+0.007302781 klv3_minus_klv2_sem=0.000784297 hybrid_minus_klv2=+0.007302781 hybrid_minus_klv2_sem=0.000784297 klv3_minus_hybrid=+0.000000000 klv3_minus_hybrid_sem=0.000000000 root0_utility=0.587362320 root0_utility_sem=0.000695428 root0_win=0.583248754 root0_spread=42.234550 root1_utility=0.594665101 root1_utility_sem=0.000712372 root1_win=0.592455503 root1_spread=43.908360
KLV3_NESTED_POSITION disagreement=63 position=30910 game=8569 turn=7 bag=53 unique_roots=2 outer_samples=100000 klv2_root=0 hybrid_root=1 klv3_root=1 best_root=1 klv3_minus_klv2=+0.001367957 klv3_minus_klv2_sem=0.000882624 hybrid_minus_klv2=+0.001367957 hybrid_minus_klv2_sem=0.000882624 klv3_minus_hybrid=+0.000000000 klv3_minus_hybrid_sem=0.000000000 root0_utility=0.640455578 root0_utility_sem=0.000801867 root0_win=0.654363465 root0_spread=49.957890 root1_utility=0.641823535 root1_utility_sem=0.000808644 root1_win=0.655089583 root1_spread=51.525920
KLV3_NESTED_POSITION disagreement=64 position=30917 game=8570 turn=1 bag=79 unique_roots=2 outer_samples=100000 klv2_root=0 hybrid_root=1 klv3_root=1 best_root=0 klv3_minus_klv2=-0.001665627 klv3_minus_klv2_sem=0.000709993 hybrid_minus_klv2=-0.001665627 hybrid_minus_klv2_sem=0.000709993 klv3_minus_hybrid=+0.000000000 klv3_minus_hybrid_sem=0.000000000 root0_utility=0.294696549 root0_utility_sem=0.000659970 root0_win=0.241166665 root0_spread=-43.934890 root1_utility=0.293030922 root1_utility_sem=0.000665902 root1_win=0.239761553 root1_spread=-45.075110
KLV3_NESTED_POSITION disagreement=65 position=30928 game=8571 turn=1 bag=81 unique_roots=2 outer_samples=100000 klv2_root=0 hybrid_root=1 klv3_root=1 best_root=1 klv3_minus_klv2=+0.001721298 klv3_minus_klv2_sem=0.000737867 hybrid_minus_klv2=+0.001721298 hybrid_minus_klv2_sem=0.000737867 klv3_minus_hybrid=+0.000000000 klv3_minus_hybrid_sem=0.000000000 root0_utility=0.332898991 root0_utility_sem=0.000705750 root0_win=0.285650758 root0_spread=-32.471460 root1_utility=0.334620289 root1_utility_sem=0.000711307 root1_win=0.288233282 root1_spread=-32.600210
KLV3_NESTED_SUMMARY positions=65 klv2_root_wins=19 hybrid_root_wins=43 klv3_root_wins=49 klv3_minus_klv2=+0.001652922 klv3_minus_klv2_sem=0.000327710 hybrid_minus_klv2=+0.001488802 hybrid_minus_klv2_sem=0.000306187 klv3_minus_hybrid=+0.000164120 klv3_minus_hybrid_sem=0.000158653 outer_candidate_rollouts=13000000 outer_nodes=129999688 static_agreements=129999688 nested_disagreements=0 nested_rate=0.000000 nested_ties=0 nested_policy_samples=0 nested_nodes=0 elapsed_seconds=1193.212623
KLV3_NESTED_POSITION disagreement=66 position=30929 game=8571 turn=2 bag=76 unique_roots=2 outer_samples=100000 klv2_root=0 hybrid_root=1 klv3_root=1 best_root=1 klv3_minus_klv2=+0.005447254 klv3_minus_klv2_sem=0.000783570 hybrid_minus_klv2=+0.005447254 hybrid_minus_klv2_sem=0.000783570 klv3_minus_hybrid=+0.000000000 klv3_minus_hybrid_sem=0.000000000 root0_utility=0.622525331 root0_utility_sem=0.000773905 root0_win=0.626464114 root0_spread=51.899200 root1_utility=0.627972586 root1_utility_sem=0.000782623 root1_win=0.633190419 root1_spread=53.286900
KLV3_NESTED_POSITION disagreement=67 position=30945 game=8572 turn=5 bag=60 unique_roots=2 outer_samples=100000 klv2_root=0 hybrid_root=0 klv3_root=1 best_root=1 klv3_minus_klv2=+0.001628738 klv3_minus_klv2_sem=0.000894392 hybrid_minus_klv2=+0.000000000 hybrid_minus_klv2_sem=0.000000000 klv3_minus_hybrid=+0.001628738 klv3_minus_hybrid_sem=0.000894392 root0_utility=0.516300915 root0_utility_sem=0.000831636 root0_win=0.500843256 root0_spread=20.782100 root1_utility=0.517929652 root1_utility_sem=0.000806584 root1_win=0.502741891 root1_spread=21.208890
KLV3_NESTED_POSITION disagreement=68 position=30946 game=8572 turn=6 bag=58 unique_roots=2 outer_samples=100000 klv2_root=0 hybrid_root=1 klv3_root=1 best_root=1 klv3_minus_klv2=+0.001894394 klv3_minus_klv2_sem=0.000920918 hybrid_minus_klv2=+0.001894394 hybrid_minus_klv2_sem=0.000920918 klv3_minus_hybrid=+0.000000000 klv3_minus_hybrid_sem=0.000000000 root0_utility=0.491209061 root0_utility_sem=0.000891709 root0_win=0.471560349 root0_spread=13.584760 root1_utility=0.493103455 root1_utility_sem=0.000842311 root1_win=0.472714171 root1_spread=14.975710
KLV3_NESTED_POSITION disagreement=69 position=30954 game=8573 turn=0 bag=86 unique_roots=2 outer_samples=100000 klv2_root=0 hybrid_root=1 klv3_root=1 best_root=1 klv3_minus_klv2=+0.000205034 klv3_minus_klv2_sem=0.000742698 hybrid_minus_klv2=+0.000205034 hybrid_minus_klv2_sem=0.000742698 klv3_minus_hybrid=+0.000000000 klv3_minus_hybrid_sem=0.000000000 root0_utility=0.495628984 root0_utility_sem=0.000759998 root0_win=0.475279903 root0_spread=16.179430 root1_utility=0.495834017 root1_utility_sem=0.000748236 root1_win=0.475537381 root1_spread=16.189380
KLV3_NESTED_POSITION disagreement=70 position=30988 game=8575 turn=5 bag=61 unique_roots=2 outer_samples=100000 klv2_root=0 hybrid_root=1 klv3_root=1 best_root=1 klv3_minus_klv2=+0.000774377 klv3_minus_klv2_sem=0.000610299 hybrid_minus_klv2=+0.000774377 hybrid_minus_klv2_sem=0.000610299 klv3_minus_hybrid=+0.000000000 klv3_minus_hybrid_sem=0.000000000 root0_utility=0.822826562 root0_utility_sem=0.000567264 root0_win=0.864126908 root0_spread=115.558490 root1_utility=0.823600939 root1_utility_sem=0.000558368 root1_win=0.864738515 root1_spread=115.947490
KLV3_NESTED_SUMMARY positions=70 klv2_root_wins=19 hybrid_root_wins=47 klv3_root_wins=54 klv3_minus_klv2=+0.001676996 klv3_minus_klv2_sem=0.000309960 hybrid_minus_klv2=+0.001501331 hybrid_minus_klv2_sem=0.000291424 klv3_minus_hybrid=+0.000175665 klv3_minus_hybrid_sem=0.000148808 outer_candidate_rollouts=14000000 outer_nodes=139999688 static_agreements=139999688 nested_disagreements=0 nested_rate=0.000000 nested_ties=0 nested_policy_samples=0 nested_nodes=0 elapsed_seconds=1280.890029
KLV3_NESTED_POSITION disagreement=71 position=30989 game=8575 turn=6 bag=57 unique_roots=2 outer_samples=100000 klv2_root=0 hybrid_root=1 klv3_root=1 best_root=0 klv3_minus_klv2=-0.000148894 klv3_minus_klv2_sem=0.000436346 hybrid_minus_klv2=-0.000148894 hybrid_minus_klv2_sem=0.000436346 klv3_minus_hybrid=+0.000000000 klv3_minus_hybrid_sem=0.000000000 root0_utility=0.132022504 root0_utility_sem=0.000410291 root0_win=0.062482719 root0_spread=-108.829840 root1_utility=0.131873610 root1_utility_sem=0.000416235 root1_win=0.063088253 root1_spread=-110.151420
KLV3_NESTED_SUMMARY positions=71 klv2_root_wins=20 hybrid_root_wins=47 klv3_root_wins=54 klv3_minus_klv2=+0.001651280 klv3_minus_klv2_sem=0.000306643 hybrid_minus_klv2=+0.001478089 hybrid_minus_klv2_sem=0.000288228 klv3_minus_hybrid=+0.000173191 klv3_minus_hybrid_sem=0.000146718 outer_candidate_rollouts=14200000 outer_nodes=141999688 static_agreements=141999688 nested_disagreements=0 nested_rate=0.000000 nested_ties=0 nested_policy_samples=0 nested_nodes=0 elapsed_seconds=1303.699792
KLV3_NESTED_DONE rows_read=71 rows_below_min_bag=0 all_same_roots=0 evaluated=71 last_disagreement=71 elapsed_seconds=1303.699795 wall_limit_reached=0
