loaded config with command: set -threads 1 -savesettings false -hr false -numplays 15 -ima 0 -minp 100 -autosave false -fgrequired false
seed: 1785269090
loaded config with command: set -lex CSW24 -k1 CSW24 -k2 CSW24 -wmp true -rit true -ritmmap true -wit true -winpct winpct -s1 equity -s2 equity -r1 all -r2 all -numplays 15 -plies 2 -tlim 0.10000000000000001 -it 2147483647 -minplayiterations 100000 -sinfer false -threads 10 -pfrequency 0 -hr false -savesettings false -autosavegcg false -fgrequired false -klv3fallback -1 -seed 5425806429448716611
seed: 5425806429448716611

   ＡＢＣＤＥＦＧＨＩＪＫＬＭＮＯ  ➤ Player 1           0
  ┏━━━━━━━━━━━━━━━━━━━━━━━━━━━━━━┓   Player 2           0
 1┃＝　　＇　　　＝　　　＇　　＝┃   
 2┃　－　　　＂　　　＂　　　－　┃   Unseen: 100 (42v | 56c)
 3┃　　－　　　＇　＇　　　－　　┃   ? ? A A A A A A A A 
 4┃＇　　－　　　＇　　　－　　＇┃   A B B C C D D D D E 
 5┃　　　　－　　　　　－　　　　┃   E E E E E E E E E E 
 6┃　＂　　　＂　　　＂　　　＂　┃   E F F G G G H H I I 
 7┃　　＇　　　＇　＇　　　＇　　┃   I I I I I I I J K L 
 8┃＝　　＇　　　－　　　＇　　＝┃   L L L M M N N N N N 
 9┃　　＇　　　＇　＇　　　＇　　┃   N O O O O O O O O P 
10┃　＂　　　＂　　　＂　　　＂　┃   P Q R R R R R R S S 
11┃　　　　－　　　　　－　　　　┃   S S T T T T T T U U 
12┃＇　　－　　　＇　　　－　　＇┃   U U V V W W X Y Y Z 
13┃　　－　　　＇　＇　　　－　　┃   
14┃　－　　　＂　　　＂　　　－　┃   
15┃＝　　＇　　　＝　　　＇　　＝┃   
  ┗━━━━━━━━━━━━━━━━━━━━━━━━━━━━━━┛ 

loaded config with command: newgame
seed: 5425806429448716612
loaded config with command: rack AEINRST
seed: 5425806429448716613
   ＡＢＣＤＥＦＧＨＩＪＫＬＭＮＯ  ➤ Player 1  AEINRST  0    1:   8B ANESTRI  66 66.00 
  ┏━━━━━━━━━━━━━━━━━━━━━━━━━━━━━━┓   Player 2           0    2:   8C RATINES  66 66.00 
 1┃＝　　＇　　　＝　　　＇　　＝┃                           3:   8C RETINAS  66 66.00 
 2┃　－　　　＂　　　＂　　　－　┃   Unseen: 93 (39v | 52c)  4:   8C STAINER  66 66.00 
 3┃　　－　　　＇　＇　　　－　　┃   ? ? A A A A A A A A     5:   8C STEARIN  66 66.00 
 4┃＇　　－　　　＇　　　－　　＇┃   B B C C D D D D E E     6:   8D ANESTRI  66 66.00 
 5┃　　　　－　　　　　－　　　　┃   E E E E E E E E E F     7:   8D RETSINA  66 66.00 
 6┃　＂　　　＂　　　＂　　　＂　┃   F G G G H H I I I I     8:   8F ANESTRI  66 66.00 
 7┃　　＇　　　＇　＇　　　＇　　┃   I I I I J K L L L L     9:   8F ANTSIER  66 66.00 
 8┃＝　　＇　　　－　　　＇　　＝┃   M M N N N N N O O O     10:  8F STARNIE  66 66.00 
 9┃　　＇　　　＇　＇　　　＇　　┃   O O O O O P P Q R R     11:  8G NASTIER  66 66.00 
10┃　＂　　　＂　　　＂　　　＂　┃   R R R S S S T T T T     12:  8G RATINES  66 66.00 
11┃　　　　－　　　　　－　　　　┃   T U U U U V V W W X     13:  8G RESIANT  66 66.00 
12┃＇　　－　　　＇　　　－　　＇┃   Y Y Z                   14:  8G RETAINS  66 66.00 
13┃　　－　　　＇　＇　　　－　　┃                           15:  8G RETINAS  66 66.00 
14┃　－　　　＂　　　＂　　　－　┃                           
15┃＝　　＇　　　＝　　　＇　　＝┃                           Showing 15 of 15 plays
  ┗━━━━━━━━━━━━━━━━━━━━━━━━━━━━━━┛                           
                                                             
                                                             
loaded config with command: generate
seed: 5425806429448716614
loaded config with command: set -threads 1 -savesettings false -hr false -numplays 15 -ima 0 -minp 100 -autosave false -fgrequired false
seed: 1785269090
loaded config with command: set -lex CSW24 -k1 CSW24 -k2 CSW24 -wmp true -rit true -ritmmap true -wit true -winpct winpct -s1 equity -s2 equity -r1 all -r2 all -numplays 15 -plies 2 -tlim 0.10000000000000001 -it 2147483647 -minplayiterations 100000 -sinfer false -threads 10 -pfrequency 0 -hr false -savesettings false -autosavegcg false -fgrequired false -klv3fallback -1 -seed 5425806429448716611
seed: 5425806429448716611

   ＡＢＣＤＥＦＧＨＩＪＫＬＭＮＯ  ➤ Player 1           0
  ┏━━━━━━━━━━━━━━━━━━━━━━━━━━━━━━┓   Player 2           0
 1┃＝　　＇　　　＝　　　＇　　＝┃   
 2┃　－　　　＂　　　＂　　　－　┃   Unseen: 100 (42v | 56c)
 3┃　　－　　　＇　＇　　　－　　┃   ? ? A A A A A A A A 
 4┃＇　　－　　　＇　　　－　　＇┃   A B B C C D D D D E 
 5┃　　　　－　　　　　－　　　　┃   E E E E E E E E E E 
 6┃　＂　　　＂　　　＂　　　＂　┃   E F F G G G H H I I 
 7┃　　＇　　　＇　＇　　　＇　　┃   I I I I I I I J K L 
 8┃＝　　＇　　　－　　　＇　　＝┃   L L L M M N N N N N 
 9┃　　＇　　　＇　＇　　　＇　　┃   N O O O O O O O O P 
10┃　＂　　　＂　　　＂　　　＂　┃   P Q R R R R R R S S 
11┃　　　　－　　　　　－　　　　┃   S S T T T T T T U U 
12┃＇　　－　　　＇　　　－　　＇┃   U U V V W W X Y Y Z 
13┃　　－　　　＇　＇　　　－　　┃   
14┃　－　　　＂　　　＂　　　－　┃   
15┃＝　　＇　　　＝　　　＇　　＝┃   
  ┗━━━━━━━━━━━━━━━━━━━━━━━━━━━━━━┛ 

loaded config with command: newgame
seed: 5425806429448716612
loaded config with command: rack AEINRST
seed: 5425806429448716613
   ＡＢＣＤＥＦＧＨＩＪＫＬＭＮＯ  ➤ Player 1  AEINRST  0    1:   8B ANESTRI  66 66.00 
  ┏━━━━━━━━━━━━━━━━━━━━━━━━━━━━━━┓   Player 2           0    2:   8C RATINES  66 66.00 
 1┃＝　　＇　　　＝　　　＇　　＝┃                           3:   8C RETINAS  66 66.00 
 2┃　－　　　＂　　　＂　　　－　┃   Unseen: 93 (39v | 52c)  4:   8C STAINER  66 66.00 
 3┃　　－　　　＇　＇　　　－　　┃   ? ? A A A A A A A A     5:   8C STEARIN  66 66.00 
 4┃＇　　－　　　＇　　　－　　＇┃   B B C C D D D D E E     6:   8D ANESTRI  66 66.00 
 5┃　　　　－　　　　　－　　　　┃   E E E E E E E E E F     7:   8D RETSINA  66 66.00 
 6┃　＂　　　＂　　　＂　　　＂　┃   F G G G H H I I I I     8:   8F ANESTRI  66 66.00 
 7┃　　＇　　　＇　＇　　　＇　　┃   I I I I J K L L L L     9:   8F ANTSIER  66 66.00 
 8┃＝　　＇　　　－　　　＇　　＝┃   M M N N N N N O O O     10:  8F STARNIE  66 66.00 
 9┃　　＇　　　＇　＇　　　＇　　┃   O O O O O P P Q R R     11:  8G NASTIER  66 66.00 
10┃　＂　　　＂　　　＂　　　＂　┃   R R R S S S T T T T     12:  8G RATINES  66 66.00 
11┃　　　　－　　　　　－　　　　┃   T U U U U V V W W X     13:  8G RESIANT  66 66.00 
12┃＇　　－　　　＇　　　－　　＇┃   Y Y Z                   14:  8G RETAINS  66 66.00 
13┃　　－　　　＇　＇　　　－　　┃                           15:  8G RETINAS  66 66.00 
14┃　－　　　＂　　　＂　　　－　┃                           
15┃＝　　＇　　　＝　　　＇　　＝┃                           Showing 15 of 15 plays
  ┗━━━━━━━━━━━━━━━━━━━━━━━━━━━━━━┛                           
                                                             
                                                             
loaded config with command: generate
seed: 5425806429448716614
KLV3_NESTED_CONFIG files=obj/depth-replication-300k-p246-disagreements-20260728.tsv outer_samples_per_candidate=100000 outer_plies=10 nested_plies=2 nested_samples_per_candidate=2 nested_policy_split=1+1 outer_threads=10 nested_threads=1 start_disagreement=0 max_positions=0 min_bag_tiles=50 wall_seconds=0.000
KLV3_NESTED_POSITION disagreement=1 position=30004 game=8500 turn=4 bag=69 unique_roots=2 outer_samples=100000 klv2_root=0 hybrid_root=1 klv3_root=0 best_root=0 klv3_minus_klv2=+0.000000000 klv3_minus_klv2_sem=0.000000000 hybrid_minus_klv2=-0.002406383 hybrid_minus_klv2_sem=0.000802315 klv3_minus_hybrid=+0.002406383 klv3_minus_hybrid_sem=0.000802315 root0_utility=0.528665856 root0_utility_sem=0.000775926 root0_win=0.515044471 root0_spread=24.512140 root1_utility=0.526259473 root1_utility_sem=0.000790528 root1_win=0.512429152 root1_spread=23.694690
KLV3_NESTED_POSITION disagreement=2 position=30015 game=8501 turn=2 bag=74 unique_roots=2 outer_samples=100000 klv2_root=0 hybrid_root=1 klv3_root=1 best_root=1 klv3_minus_klv2=+0.005307553 klv3_minus_klv2_sem=0.000821506 hybrid_minus_klv2=+0.005307553 hybrid_minus_klv2_sem=0.000821506 klv3_minus_hybrid=+0.000000000 klv3_minus_hybrid_sem=0.000000000 root0_utility=0.472584986 root0_utility_sem=0.000786092 root0_win=0.448104184 root0_spread=9.466250 root1_utility=0.477892540 root1_utility_sem=0.000783254 root1_win=0.454411080 root1_spread=11.032550
KLV3_NESTED_POSITION disagreement=3 position=30016 game=8501 turn=3 bag=70 unique_roots=2 outer_samples=100000 klv2_root=0 hybrid_root=1 klv3_root=1 best_root=0 klv3_minus_klv2=-0.001168914 klv3_minus_klv2_sem=0.000824329 hybrid_minus_klv2=-0.001168914 hybrid_minus_klv2_sem=0.000824329 klv3_minus_hybrid=+0.000000000 klv3_minus_hybrid_sem=0.000000000 root0_utility=0.492618103 root0_utility_sem=0.000799512 root0_win=0.471792033 root0_spread=15.158680 root1_utility=0.491449189 root1_utility_sem=0.000804653 root1_win=0.470563237 root1_spread=14.710180
KLV3_NESTED_POSITION disagreement=4 position=30019 game=8501 turn=6 bag=57 unique_roots=2 outer_samples=100000 klv2_root=0 hybrid_root=0 klv3_root=1 best_root=0 klv3_minus_klv2=-0.000608884 klv3_minus_klv2_sem=0.000816063 hybrid_minus_klv2=+0.000000000 hybrid_minus_klv2_sem=0.000000000 klv3_minus_hybrid=-0.000608884 klv3_minus_hybrid_sem=0.000816063 root0_utility=0.368723384 root0_utility_sem=0.000826272 root0_win=0.323607854 root0_spread=-18.210950 root1_utility=0.368114500 root1_utility_sem=0.000819243 root1_win=0.322930351 root1_spread=-18.403350
KLV3_NESTED_POSITION disagreement=5 position=30025 game=8502 turn=0 bag=86 unique_roots=2 outer_samples=100000 klv2_root=0 hybrid_root=0 klv3_root=1 best_root=0 klv3_minus_klv2=-0.004272036 klv3_minus_klv2_sem=0.000726012 hybrid_minus_klv2=+0.000000000 hybrid_minus_klv2_sem=0.000000000 klv3_minus_hybrid=-0.004272036 klv3_minus_hybrid_sem=0.000726012 root0_utility=0.579790643 root0_utility_sem=0.000754581 root0_win=0.574654523 root0_spread=40.306350 root1_utility=0.575518607 root1_utility_sem=0.000749367 root1_win=0.569592304 root1_spread=39.028400
KLV3_NESTED_SUMMARY positions=5 klv2_root_wins=4 hybrid_root_wins=3 klv3_root_wins=2 klv3_minus_klv2=-0.000148456 klv3_minus_klv2_sem=0.001549957 hybrid_minus_klv2=+0.000346451 hybrid_minus_klv2_sem=0.001317707 klv3_minus_hybrid=-0.000494907 klv3_minus_hybrid_sem=0.001076732 outer_candidate_rollouts=1000000 outer_nodes=10000000 static_agreements=10000000 nested_disagreements=0 nested_rate=0.000000 nested_ties=0 nested_policy_samples=0 nested_nodes=0 elapsed_seconds=99.990487
KLV3_NESTED_POSITION disagreement=6 position=30026 game=8502 turn=1 bag=81 unique_roots=2 outer_samples=100000 klv2_root=0 hybrid_root=1 klv3_root=1 best_root=1 klv3_minus_klv2=+0.000340423 klv3_minus_klv2_sem=0.000719331 hybrid_minus_klv2=+0.000340423 hybrid_minus_klv2_sem=0.000719331 klv3_minus_hybrid=+0.000000000 klv3_minus_hybrid_sem=0.000000000 root0_utility=0.602628765 root0_utility_sem=0.000754054 root0_win=0.602293350 root0_spread=46.375730 root1_utility=0.602969188 root1_utility_sem=0.000753501 root1_win=0.602660748 root1_spread=46.438290
KLV3_NESTED_POSITION disagreement=7 position=30027 game=8502 turn=2 bag=74 unique_roots=2 outer_samples=100000 klv2_root=0 hybrid_root=1 klv3_root=1 best_root=1 klv3_minus_klv2=+0.003037817 klv3_minus_klv2_sem=0.000699159 hybrid_minus_klv2=+0.003037817 hybrid_minus_klv2_sem=0.000699159 klv3_minus_hybrid=+0.000000000 klv3_minus_hybrid_sem=0.000000000 root0_utility=0.324713781 root0_utility_sem=0.000682839 root0_win=0.274430124 root0_spread=-33.112510 root1_utility=0.327751598 root1_utility_sem=0.000685520 root1_win=0.277749877 root1_spread=-31.927620
KLV3_NESTED_POSITION disagreement=8 position=30028 game=8502 turn=3 bag=70 unique_roots=2 outer_samples=100000 klv2_root=0 hybrid_root=0 klv3_root=1 best_root=0 klv3_minus_klv2=-0.004706942 klv3_minus_klv2_sem=0.000703801 hybrid_minus_klv2=+0.000000000 hybrid_minus_klv2_sem=0.000000000 klv3_minus_hybrid=-0.004706942 klv3_minus_hybrid_sem=0.000703801 root0_utility=0.726983842 root0_utility_sem=0.000677110 root0_win=0.750846004 root0_spread=82.642350 root1_utility=0.722276900 root1_utility_sem=0.000689704 root1_win=0.745856313 root1_spread=80.570140
KLV3_NESTED_POSITION disagreement=9 position=30032 game=8502 turn=7 bag=52 unique_roots=2 outer_samples=100000 klv2_root=0 hybrid_root=1 klv3_root=1 best_root=1 klv3_minus_klv2=+0.002845544 klv3_minus_klv2_sem=0.000461192 hybrid_minus_klv2=+0.002845544 hybrid_minus_klv2_sem=0.000461192 klv3_minus_hybrid=+0.000000000 klv3_minus_hybrid_sem=0.000000000 root0_utility=0.869626785 root0_utility_sem=0.000426150 root0_win=0.922451232 root0_spread=126.784690 root1_utility=0.872472328 root1_utility_sem=0.000412280 root1_win=0.925983654 root1_spread=127.422020
KLV3_NESTED_POSITION disagreement=10 position=30043 game=8503 turn=5 bag=62 unique_roots=2 outer_samples=100000 klv2_root=0 hybrid_root=0 klv3_root=1 best_root=0 klv3_minus_klv2=-0.003545982 klv3_minus_klv2_sem=0.000918525 hybrid_minus_klv2=+0.000000000 hybrid_minus_klv2_sem=0.000000000 klv3_minus_hybrid=-0.003545982 klv3_minus_hybrid_sem=0.000918525 root0_utility=0.583120378 root0_utility_sem=0.000767787 root0_win=0.581977166 root0_spread=37.458540 root1_utility=0.579574395 root1_utility_sem=0.000785907 root1_win=0.577061688 root1_spread=37.387790
KLV3_NESTED_SUMMARY positions=10 klv2_root_wins=6 hybrid_root_wins=8 klv3_root_wins=5 klv3_minus_klv2=-0.000277142 klv3_minus_klv2_sem=0.001051771 hybrid_minus_klv2=+0.000795604 hybrid_minus_klv2_sem=0.000718321 klv3_minus_hybrid=-0.001072746 klv3_minus_hybrid_sem=0.000727501 outer_candidate_rollouts=2000000 outer_nodes=19999999 static_agreements=19999999 nested_disagreements=0 nested_rate=0.000000 nested_ties=0 nested_policy_samples=0 nested_nodes=0 elapsed_seconds=202.323407
KLV3_NESTED_POSITION disagreement=11 position=30044 game=8503 turn=6 bag=58 unique_roots=2 outer_samples=100000 klv2_root=0 hybrid_root=1 klv3_root=1 best_root=1 klv3_minus_klv2=+0.004405975 klv3_minus_klv2_sem=0.000971559 hybrid_minus_klv2=+0.004405975 hybrid_minus_klv2_sem=0.000971559 klv3_minus_hybrid=+0.000000000 klv3_minus_hybrid_sem=0.000000000 root0_utility=0.461001240 root0_utility_sem=0.000842000 root0_win=0.433570368 root0_spread=6.974520 root1_utility=0.465407215 root1_utility_sem=0.000801959 root1_win=0.438777452 root1_spread=8.107140
KLV3_NESTED_POSITION disagreement=12 position=30057 game=8504 turn=5 bag=68 unique_roots=2 outer_samples=100000 klv2_root=0 hybrid_root=1 klv3_root=1 best_root=1 klv3_minus_klv2=+0.000760615 klv3_minus_klv2_sem=0.000849119 hybrid_minus_klv2=+0.000760615 hybrid_minus_klv2_sem=0.000849119 klv3_minus_hybrid=+0.000000000 klv3_minus_hybrid_sem=0.000000000 root0_utility=0.491779802 root0_utility_sem=0.000833159 root0_win=0.471329183 root0_spread=14.583260 root1_utility=0.492540417 root1_utility_sem=0.000823130 root1_win=0.472293038 root1_spread=14.665690
KLV3_NESTED_POSITION disagreement=13 position=30059 game=8504 turn=7 bag=61 unique_roots=2 outer_samples=100000 klv2_root=0 hybrid_root=1 klv3_root=1 best_root=1 klv3_minus_klv2=+0.001588280 klv3_minus_klv2_sem=0.000575163 hybrid_minus_klv2=+0.001588280 hybrid_minus_klv2_sem=0.000575163 klv3_minus_hybrid=+0.000000000 klv3_minus_hybrid_sem=0.000000000 root0_utility=0.579439573 root0_utility_sem=0.000866622 root0_win=0.578068278 root0_spread=36.916100 root1_utility=0.581027853 root1_utility_sem=0.000859451 root1_win=0.580049590 root1_spread=37.166540
KLV3_NESTED_POSITION disagreement=14 position=30071 game=8505 turn=5 bag=56 unique_roots=2 outer_samples=100000 klv2_root=0 hybrid_root=1 klv3_root=1 best_root=1 klv3_minus_klv2=+0.007503411 klv3_minus_klv2_sem=0.000870550 hybrid_minus_klv2=+0.007503411 hybrid_minus_klv2_sem=0.000870550 klv3_minus_hybrid=+0.000000000 klv3_minus_hybrid_sem=0.000000000 root0_utility=0.494962058 root0_utility_sem=0.000784673 root0_win=0.474283473 root0_spread=15.631110 root1_utility=0.502465469 root1_utility_sem=0.000779925 root1_win=0.483612016 root1_spread=17.253640
KLV3_NESTED_POSITION disagreement=15 position=30073 game=8505 turn=7 bag=51 unique_roots=2 outer_samples=100000 klv2_root=0 hybrid_root=1 klv3_root=1 best_root=0 klv3_minus_klv2=-0.001638257 klv3_minus_klv2_sem=0.000947776 hybrid_minus_klv2=-0.001638257 hybrid_minus_klv2_sem=0.000947776 klv3_minus_hybrid=+0.000000000 klv3_minus_hybrid_sem=0.000000000 root0_utility=0.566622202 root0_utility_sem=0.000807036 root0_win=0.564138253 root0_spread=30.889780 root1_utility=0.564983945 root1_utility_sem=0.000814556 root1_win=0.561950661 root1_spread=30.743360
KLV3_NESTED_SUMMARY positions=15 klv2_root_wins=7 hybrid_root_wins=12 klv3_root_wins=9 klv3_minus_klv2=+0.000656573 klv3_minus_klv2_sem=0.000913811 hybrid_minus_klv2=+0.001371738 hybrid_minus_klv2_sem=0.000710608 klv3_minus_hybrid=-0.000715164 klv3_minus_hybrid_sem=0.000495067 outer_candidate_rollouts=3000000 outer_nodes=29999999 static_agreements=29999999 nested_disagreements=0 nested_rate=0.000000 nested_ties=0 nested_policy_samples=0 nested_nodes=0 elapsed_seconds=288.605589
KLV3_NESTED_POSITION disagreement=16 position=30079 game=8506 turn=1 bag=81 unique_roots=2 outer_samples=100000 klv2_root=0 hybrid_root=0 klv3_root=1 best_root=0 klv3_minus_klv2=-0.004321389 klv3_minus_klv2_sem=0.000795497 hybrid_minus_klv2=+0.000000000 hybrid_minus_klv2_sem=0.000000000 klv3_minus_hybrid=-0.004321389 klv3_minus_hybrid_sem=0.000795497 root0_utility=0.433237843 root0_utility_sem=0.000770847 root0_win=0.401992964 root0_spread=-1.869740 root1_utility=0.428916453 root1_utility_sem=0.000758271 root1_win=0.397085909 root1_spread=-3.298640
KLV3_NESTED_POSITION disagreement=17 position=30083 game=8506 turn=5 bag=60 unique_roots=2 outer_samples=100000 klv2_root=0 hybrid_root=1 klv3_root=0 best_root=0 klv3_minus_klv2=+0.000000000 klv3_minus_klv2_sem=0.000000000 hybrid_minus_klv2=-0.001980635 hybrid_minus_klv2_sem=0.000303309 klv3_minus_hybrid=+0.001980635 klv3_minus_hybrid_sem=0.000303309 root0_utility=0.675088806 root0_utility_sem=0.000792854 root0_win=0.692920173 root0_spread=63.617270 root1_utility=0.673108171 root1_utility_sem=0.000796882 root1_win=0.690517782 root1_spread=63.145260
KLV3_NESTED_POSITION disagreement=18 position=30093 game=8507 turn=3 bag=72 unique_roots=2 outer_samples=100000 klv2_root=0 hybrid_root=0 klv3_root=1 best_root=0 klv3_minus_klv2=-0.001865216 klv3_minus_klv2_sem=0.000778693 hybrid_minus_klv2=+0.000000000 hybrid_minus_klv2_sem=0.000000000 klv3_minus_hybrid=-0.001865216 klv3_minus_hybrid_sem=0.000778693 root0_utility=0.569391748 root0_utility_sem=0.000836668 root0_win=0.564148759 root0_spread=36.098490 root1_utility=0.567526532 root1_utility_sem=0.000836033 root1_win=0.561899294 root1_spread=35.601760
KLV3_NESTED_POSITION disagreement=19 position=30115 game=8509 turn=1 bag=82 unique_roots=2 outer_samples=100000 klv2_root=0 hybrid_root=1 klv3_root=1 best_root=0 klv3_minus_klv2=-0.008468137 klv3_minus_klv2_sem=0.000706401 hybrid_minus_klv2=-0.008468137 hybrid_minus_klv2_sem=0.000706401 klv3_minus_hybrid=+0.000000000 klv3_minus_hybrid_sem=0.000000000 root0_utility=0.454463860 root0_utility_sem=0.000757728 root0_win=0.426919943 root0_spread=4.268340 root1_utility=0.445995723 root1_utility_sem=0.000759906 root1_win=0.417116120 root1_spread=1.716190
KLV3_NESTED_POSITION disagreement=20 position=30132 game=8510 turn=3 bag=75 unique_roots=2 outer_samples=100000 klv2_root=0 hybrid_root=1 klv3_root=1 best_root=1 klv3_minus_klv2=+0.004630448 klv3_minus_klv2_sem=0.000785640 hybrid_minus_klv2=+0.004630448 hybrid_minus_klv2_sem=0.000785640 klv3_minus_hybrid=+0.000000000 klv3_minus_hybrid_sem=0.000000000 root0_utility=0.389133133 root0_utility_sem=0.000763643 root0_win=0.350045263 root0_spread=-14.575510 root1_utility=0.393763581 root1_utility_sem=0.000749797 root1_win=0.355329123 root1_spread=-13.006400
KLV3_NESTED_SUMMARY positions=20 klv2_root_wins=11 hybrid_root_wins=15 klv3_root_wins=11 klv3_minus_klv2=-0.000008785 klv3_minus_klv2_sem=0.000884262 hybrid_minus_klv2=+0.000737887 hybrid_minus_klv2_sem=0.000761666 klv3_minus_hybrid=-0.000746672 klv3_minus_hybrid_sem=0.000441490 outer_candidate_rollouts=4000000 outer_nodes=39999999 static_agreements=39999999 nested_disagreements=0 nested_rate=0.000000 nested_ties=0 nested_policy_samples=0 nested_nodes=0 elapsed_seconds=388.843905
KLV3_NESTED_POSITION disagreement=21 position=30135 game=8510 turn=6 bag=61 unique_roots=2 outer_samples=100000 klv2_root=0 hybrid_root=1 klv3_root=0 best_root=1 klv3_minus_klv2=+0.000000000 klv3_minus_klv2_sem=0.000000000 hybrid_minus_klv2=+0.002039627 hybrid_minus_klv2_sem=0.000831073 klv3_minus_hybrid=-0.002039627 klv3_minus_hybrid_sem=0.000831073 root0_utility=0.500344122 root0_utility_sem=0.000835842 root0_win=0.482067293 root0_spread=16.322510 root1_utility=0.502383749 root1_utility_sem=0.000849057 root1_win=0.484304933 root1_spread=17.058860
KLV3_NESTED_POSITION disagreement=22 position=30143 game=8511 turn=1 bag=81 unique_roots=2 outer_samples=100000 klv2_root=0 hybrid_root=1 klv3_root=1 best_root=1 klv3_minus_klv2=+0.001355328 klv3_minus_klv2_sem=0.000761002 hybrid_minus_klv2=+0.001355328 hybrid_minus_klv2_sem=0.000761002 klv3_minus_hybrid=+0.000000000 klv3_minus_hybrid_sem=0.000000000 root0_utility=0.456974523 root0_utility_sem=0.000788133 root0_win=0.430132723 root0_spread=4.756020 root1_utility=0.458329851 root1_utility_sem=0.000800420 root1_win=0.431929689 root1_spread=4.961700
KLV3_NESTED_POSITION disagreement=23 position=30145 game=8511 turn=3 bag=69 unique_roots=2 outer_samples=100000 klv2_root=0 hybrid_root=0 klv3_root=1 best_root=1 klv3_minus_klv2=+0.000920083 klv3_minus_klv2_sem=0.000770465 hybrid_minus_klv2=+0.000000000 hybrid_minus_klv2_sem=0.000000000 klv3_minus_hybrid=+0.000920083 klv3_minus_hybrid_sem=0.000770465 root0_utility=0.308142882 root0_utility_sem=0.000760799 root0_win=0.256505277 root0_spread=-40.414310 root1_utility=0.309062965 root1_utility_sem=0.000745983 root1_win=0.256848305 root1_spread=-39.081200
KLV3_NESTED_POSITION disagreement=24 position=30158 game=8512 turn=4 bag=71 unique_roots=2 outer_samples=100000 klv2_root=0 hybrid_root=0 klv3_root=1 best_root=1 klv3_minus_klv2=+0.001642847 klv3_minus_klv2_sem=0.000809869 hybrid_minus_klv2=+0.000000000 hybrid_minus_klv2_sem=0.000000000 klv3_minus_hybrid=+0.001642847 klv3_minus_hybrid_sem=0.000809869 root0_utility=0.608486565 root0_utility_sem=0.000817376 root0_win=0.610399057 root0_spread=47.559580 root1_utility=0.610129412 root1_utility_sem=0.000821745 root1_win=0.612324325 root1_spread=48.170660
KLV3_NESTED_POSITION disagreement=25 position=30161 game=8512 turn=7 bag=54 unique_roots=2 outer_samples=100000 klv2_root=0 hybrid_root=1 klv3_root=1 best_root=1 klv3_minus_klv2=+0.002068914 klv3_minus_klv2_sem=0.000883850 hybrid_minus_klv2=+0.002068914 hybrid_minus_klv2_sem=0.000883850 klv3_minus_hybrid=+0.000000000 klv3_minus_hybrid_sem=0.000000000 root0_utility=0.481969422 root0_utility_sem=0.000889382 root0_win=0.460111475 root0_spread=11.407600 root1_utility=0.484038336 root1_utility_sem=0.000905944 root1_win=0.462813618 root1_spread=11.815220
KLV3_NESTED_SUMMARY positions=25 klv2_root_wins=11 hybrid_root_wins=18 klv3_root_wins=15 klv3_minus_klv2=+0.000232459 klv3_minus_klv2_sem=0.000713492 hybrid_minus_klv2=+0.000808864 hybrid_minus_klv2_sem=0.000612728 klv3_minus_hybrid=-0.000576405 klv3_minus_hybrid_sem=0.000375537 outer_candidate_rollouts=5000000 outer_nodes=49999995 static_agreements=49999995 nested_disagreements=0 nested_rate=0.000000 nested_ties=0 nested_policy_samples=0 nested_nodes=0 elapsed_seconds=492.433024
KLV3_NESTED_POSITION disagreement=26 position=30173 game=8513 turn=7 bag=56 unique_roots=2 outer_samples=100000 klv2_root=0 hybrid_root=1 klv3_root=1 best_root=1 klv3_minus_klv2=+0.004587652 klv3_minus_klv2_sem=0.000608646 hybrid_minus_klv2=+0.004587652 hybrid_minus_klv2_sem=0.000608646 klv3_minus_hybrid=+0.000000000 klv3_minus_hybrid_sem=0.000000000 root0_utility=0.566114478 root0_utility_sem=0.000868806 root0_win=0.562164145 root0_spread=32.989630 root1_utility=0.570702130 root1_utility_sem=0.000869715 root1_win=0.567639188 root1_spread=34.313940
KLV3_NESTED_POSITION disagreement=27 position=30174 game=8513 turn=8 bag=53 unique_roots=2 outer_samples=100000 klv2_root=0 hybrid_root=1 klv3_root=1 best_root=1 klv3_minus_klv2=+0.003511733 klv3_minus_klv2_sem=0.000795465 hybrid_minus_klv2=+0.003511733 hybrid_minus_klv2_sem=0.000795465 klv3_minus_hybrid=+0.000000000 klv3_minus_hybrid_sem=0.000000000 root0_utility=0.640867961 root0_utility_sem=0.000859563 root0_win=0.653537195 root0_spread=52.166320 root1_utility=0.644379694 root1_utility_sem=0.000854699 root1_win=0.658101982 root1_spread=52.700010
KLV3_NESTED_POSITION disagreement=28 position=30181 game=8514 turn=2 bag=74 unique_roots=2 outer_samples=100000 klv2_root=0 hybrid_root=1 klv3_root=0 best_root=0 klv3_minus_klv2=+0.000000000 klv3_minus_klv2_sem=0.000000000 hybrid_minus_klv2=-0.001812139 hybrid_minus_klv2_sem=0.000766423 klv3_minus_hybrid=+0.001812139 klv3_minus_hybrid_sem=0.000766423 root0_utility=0.429055671 root0_utility_sem=0.000797422 root0_win=0.397120103 root0_spread=-3.159650 root1_utility=0.427243532 root1_utility_sem=0.000792491 root1_win=0.394915810 root1_spread=-3.604580
KLV3_NESTED_POSITION disagreement=29 position=30194 game=8515 turn=3 bag=71 unique_roots=2 outer_samples=100000 klv2_root=0 hybrid_root=1 klv3_root=1 best_root=0 klv3_minus_klv2=-0.000641672 klv3_minus_klv2_sem=0.000619805 hybrid_minus_klv2=-0.000641672 hybrid_minus_klv2_sem=0.000619805 klv3_minus_hybrid=+0.000000000 klv3_minus_hybrid_sem=0.000000000 root0_utility=0.217799790 root0_utility_sem=0.000553484 root0_win=0.153121730 root0_spread=-69.034820 root1_utility=0.217158118 root1_utility_sem=0.000540724 root1_win=0.151601762 root1_spread=-68.240280
KLV3_NESTED_POSITION disagreement=30 position=30230 game=8518 turn=3 bag=72 unique_roots=2 outer_samples=100000 klv2_root=0 hybrid_root=1 klv3_root=1 best_root=1 klv3_minus_klv2=+0.002634620 klv3_minus_klv2_sem=0.000827501 hybrid_minus_klv2=+0.002634620 hybrid_minus_klv2_sem=0.000827501 klv3_minus_hybrid=+0.000000000 klv3_minus_hybrid_sem=0.000000000 root0_utility=0.414051743 root0_utility_sem=0.000797717 root0_win=0.378877101 root0_spread=-6.895270 root1_utility=0.416686363 root1_utility_sem=0.000811876 root1_win=0.382622881 root1_spread=-6.821210
KLV3_NESTED_SUMMARY positions=30 klv2_root_wins=13 hybrid_root_wins=21 klv3_root_wins=19 klv3_minus_klv2=+0.000530127 klv3_minus_klv2_sem=0.000624311 hybrid_minus_klv2=+0.000950060 hybrid_minus_klv2_sem=0.000545151 klv3_minus_hybrid=-0.000419933 klv3_minus_hybrid_sem=0.000323267 outer_candidate_rollouts=6000000 outer_nodes=59999965 static_agreements=59999965 nested_disagreements=0 nested_rate=0.000000 nested_ties=0 nested_policy_samples=0 nested_nodes=0 elapsed_seconds=589.512559
KLV3_NESTED_POSITION disagreement=31 position=30267 game=8521 turn=2 bag=74 unique_roots=2 outer_samples=100000 klv2_root=0 hybrid_root=1 klv3_root=1 best_root=1 klv3_minus_klv2=+0.007848763 klv3_minus_klv2_sem=0.000814766 hybrid_minus_klv2=+0.007848763 hybrid_minus_klv2_sem=0.000814766 klv3_minus_hybrid=+0.000000000 klv3_minus_hybrid_sem=0.000000000 root0_utility=0.498211248 root0_utility_sem=0.000792218 root0_win=0.478455766 root0_spread=16.677470 root1_utility=0.506060011 root1_utility_sem=0.000752955 root1_win=0.487664769 root1_spread=18.728050
KLV3_NESTED_POSITION disagreement=32 position=30278 game=8522 turn=1 bag=83 unique_roots=2 outer_samples=100000 klv2_root=0 hybrid_root=0 klv3_root=1 best_root=0 klv3_minus_klv2=-0.001018709 klv3_minus_klv2_sem=0.000571356 hybrid_minus_klv2=+0.000000000 hybrid_minus_klv2_sem=0.000000000 klv3_minus_hybrid=-0.001018709 klv3_minus_hybrid_sem=0.000571356 root0_utility=0.677013267 root0_utility_sem=0.000656082 root0_win=0.690516887 root0_spread=67.271350 root1_utility=0.675994558 root1_utility_sem=0.000655751 root1_win=0.689360685 root1_spread=66.864830
KLV3_NESTED_POSITION disagreement=33 position=30318 game=8525 turn=0 bag=86 unique_roots=2 outer_samples=100000 klv2_root=0 hybrid_root=1 klv3_root=0 best_root=0 klv3_minus_klv2=+0.000000000 klv3_minus_klv2_sem=0.000000000 hybrid_minus_klv2=-0.001087233 hybrid_minus_klv2_sem=0.000799335 klv3_minus_hybrid=+0.001087233 klv3_minus_hybrid_sem=0.000799335 root0_utility=0.501619470 root0_utility_sem=0.000754303 root0_win=0.482234760 root0_spread=17.980990 root1_utility=0.500532237 root1_utility_sem=0.000780415 root1_win=0.481368141 root1_spread=17.348180
KLV3_NESTED_POSITION disagreement=34 position=30360 game=8528 turn=0 bag=86 unique_roots=2 outer_samples=100000 klv2_root=0 hybrid_root=0 klv3_root=1 best_root=0 klv3_minus_klv2=-0.002565728 klv3_minus_klv2_sem=0.000729967 hybrid_minus_klv2=+0.000000000 hybrid_minus_klv2_sem=0.000000000 klv3_minus_hybrid=-0.002565728 klv3_minus_hybrid_sem=0.000729967 root0_utility=0.489721324 root0_utility_sem=0.000761693 root0_win=0.468369137 root0_spread=14.442670 root1_utility=0.487155595 root1_utility_sem=0.000764051 root1_win=0.465390917 root1_spread=13.655420
KLV3_NESTED_POSITION disagreement=35 position=30395 game=8531 turn=0 bag=86 unique_roots=2 outer_samples=100000 klv2_root=0 hybrid_root=0 klv3_root=1 best_root=0 klv3_minus_klv2=-0.000821181 klv3_minus_klv2_sem=0.000640970 hybrid_minus_klv2=+0.000000000 hybrid_minus_klv2_sem=0.000000000 klv3_minus_hybrid=-0.000821181 klv3_minus_hybrid_sem=0.000640970 root0_utility=0.731525722 root0_utility_sem=0.000633443 root0_win=0.752840992 root0_spread=87.373530 root1_utility=0.730704541 root1_utility_sem=0.000640809 root1_win=0.751789193 root1_spread=87.357550
KLV3_NESTED_SUMMARY positions=35 klv2_root_wins=17 hybrid_root_wins=25 klv3_root_wins=21 klv3_minus_klv2=+0.000552770 klv3_minus_klv2_sem=0.000584627 hybrid_minus_klv2=+0.001007524 hybrid_minus_klv2_sem=0.000512770 klv3_minus_hybrid=-0.000454754 klv3_minus_hybrid_sem=0.000287624 outer_candidate_rollouts=7000000 outer_nodes=69999965 static_agreements=69999965 nested_disagreements=0 nested_rate=0.000000 nested_ties=0 nested_policy_samples=0 nested_nodes=0 elapsed_seconds=675.230911
KLV3_NESTED_POSITION disagreement=36 position=30421 game=8533 turn=1 bag=81 unique_roots=2 outer_samples=100000 klv2_root=0 hybrid_root=0 klv3_root=1 best_root=1 klv3_minus_klv2=+0.003698488 klv3_minus_klv2_sem=0.000759620 hybrid_minus_klv2=+0.000000000 hybrid_minus_klv2_sem=0.000000000 klv3_minus_hybrid=+0.003698488 klv3_minus_hybrid_sem=0.000759620 root0_utility=0.497271399 root0_utility_sem=0.000725846 root0_win=0.476879251 root0_spread=16.670070 root1_utility=0.500969887 root1_utility_sem=0.000735102 root1_win=0.481484784 root1_spread=17.533260
KLV3_NESTED_POSITION disagreement=37 position=30462 game=8536 turn=0 bag=86 unique_roots=2 outer_samples=100000 klv2_root=0 hybrid_root=0 klv3_root=1 best_root=1 klv3_minus_klv2=+0.001047390 klv3_minus_klv2_sem=0.000746274 hybrid_minus_klv2=+0.000000000 hybrid_minus_klv2_sem=0.000000000 klv3_minus_hybrid=+0.001047390 klv3_minus_hybrid_sem=0.000746274 root0_utility=0.559887495 root0_utility_sem=0.000740994 root0_win=0.550988046 root0_spread=34.565190 root1_utility=0.560934885 root1_utility_sem=0.000738586 root1_win=0.552166053 root1_spread=34.878600
KLV3_NESTED_POSITION disagreement=38 position=30476 game=8537 turn=0 bag=86 unique_roots=2 outer_samples=100000 klv2_root=0 hybrid_root=1 klv3_root=1 best_root=1 klv3_minus_klv2=+0.000205435 klv3_minus_klv2_sem=0.000830390 hybrid_minus_klv2=+0.000205435 hybrid_minus_klv2_sem=0.000830390 klv3_minus_hybrid=+0.000000000 klv3_minus_hybrid_sem=0.000000000 root0_utility=0.482492584 root0_utility_sem=0.000747761 root0_win=0.460007923 root0_spread=12.198890 root1_utility=0.482698019 root1_utility_sem=0.000759474 root1_win=0.460031467 root1_spread=12.530150
KLV3_NESTED_POSITION disagreement=39 position=30480 game=8537 turn=4 bag=68 unique_roots=2 outer_samples=100000 klv2_root=0 hybrid_root=1 klv3_root=1 best_root=0 klv3_minus_klv2=-0.001261809 klv3_minus_klv2_sem=0.000418783 hybrid_minus_klv2=-0.001261809 hybrid_minus_klv2_sem=0.000418783 klv3_minus_hybrid=+0.000000000 klv3_minus_hybrid_sem=0.000000000 root0_utility=0.664627239 root0_utility_sem=0.000712976 root0_win=0.680388648 root0_spread=59.110600 root1_utility=0.663365430 root1_utility_sem=0.000712522 root1_win=0.678943368 root1_spread=58.645830
KLV3_NESTED_POSITION disagreement=40 position=30493 game=8538 turn=4 bag=67 unique_roots=2 outer_samples=100000 klv2_root=0 hybrid_root=0 klv3_root=1 best_root=1 klv3_minus_klv2=+0.005734419 klv3_minus_klv2_sem=0.000759511 hybrid_minus_klv2=+0.000000000 hybrid_minus_klv2_sem=0.000000000 klv3_minus_hybrid=+0.005734419 klv3_minus_hybrid_sem=0.000759511 root0_utility=0.297866604 root0_utility_sem=0.000633255 root0_win=0.237611102 root0_spread=-35.453260 root1_utility=0.303601024 root1_utility_sem=0.000643010 root1_win=0.245304179 root1_spread=-34.835610
KLV3_NESTED_SUMMARY positions=40 klv2_root_wins=18 hybrid_root_wins=26 klv3_root_wins=25 klv3_minus_klv2=+0.000719272 klv3_minus_klv2_sem=0.000534708 hybrid_minus_klv2=+0.000855174 hybrid_minus_klv2_sem=0.000453477 klv3_minus_hybrid=-0.000135902 klv3_minus_hybrid_sem=0.000312767 outer_candidate_rollouts=8000000 outer_nodes=79999965 static_agreements=79999965 nested_disagreements=0 nested_rate=0.000000 nested_ties=0 nested_policy_samples=0 nested_nodes=0 elapsed_seconds=759.760520
KLV3_NESTED_POSITION disagreement=41 position=30495 game=8538 turn=6 bag=62 unique_roots=2 outer_samples=100000 klv2_root=0 hybrid_root=0 klv3_root=1 best_root=1 klv3_minus_klv2=+0.003341939 klv3_minus_klv2_sem=0.000847725 hybrid_minus_klv2=+0.000000000 hybrid_minus_klv2_sem=0.000000000 klv3_minus_hybrid=+0.003341939 klv3_minus_hybrid_sem=0.000847725 root0_utility=0.343571700 root0_utility_sem=0.000717942 root0_win=0.291016524 root0_spread=-22.370060 root1_utility=0.346913639 root1_utility_sem=0.000720776 root1_win=0.294606367 root1_spread=-21.013340
KLV3_NESTED_POSITION disagreement=42 position=30497 game=8538 turn=8 bag=57 unique_roots=2 outer_samples=100000 klv2_root=0 hybrid_root=0 klv3_root=1 best_root=0 klv3_minus_klv2=-0.000637845 klv3_minus_klv2_sem=0.000313319 hybrid_minus_klv2=+0.000000000 hybrid_minus_klv2_sem=0.000000000 klv3_minus_hybrid=-0.000637845 klv3_minus_hybrid_sem=0.000313319 root0_utility=0.453813806 root0_utility_sem=0.000838975 root0_win=0.424573772 root0_spread=5.342540 root1_utility=0.453175961 root1_utility_sem=0.000839303 root1_win=0.423790810 root1_spread=5.197800
KLV3_NESTED_POSITION disagreement=43 position=30502 game=8539 turn=0 bag=86 unique_roots=2 outer_samples=100000 klv2_root=0 hybrid_root=0 klv3_root=1 best_root=1 klv3_minus_klv2=+0.000370141 klv3_minus_klv2_sem=0.000726720 hybrid_minus_klv2=+0.000000000 hybrid_minus_klv2_sem=0.000000000 klv3_minus_hybrid=+0.000370141 klv3_minus_hybrid_sem=0.000726720 root0_utility=0.484084150 root0_utility_sem=0.000738340 root0_win=0.461564868 root0_spread=12.899870 root1_utility=0.484454291 root1_utility_sem=0.000752186 root1_win=0.462126069 root1_spread=12.931770
KLV3_NESTED_POSITION disagreement=44 position=30506 game=8539 turn=4 bag=63 unique_roots=2 outer_samples=100000 klv2_root=0 hybrid_root=1 klv3_root=0 best_root=0 klv3_minus_klv2=+0.000000000 klv3_minus_klv2_sem=0.000000000 hybrid_minus_klv2=-0.004555223 hybrid_minus_klv2_sem=0.000800481 klv3_minus_hybrid=+0.004555223 klv3_minus_hybrid_sem=0.000800481 root0_utility=0.310634973 root0_utility_sem=0.000744302 root0_win=0.256526543 root0_spread=-36.172210 root1_utility=0.306079750 root1_utility_sem=0.000707668 root1_win=0.251161172 root1_spread=-37.386960
KLV3_NESTED_POSITION disagreement=45 position=30515 game=8540 turn=0 bag=86 unique_roots=2 outer_samples=100000 klv2_root=0 hybrid_root=0 klv3_root=1 best_root=0 klv3_minus_klv2=-0.004909170 klv3_minus_klv2_sem=0.000773389 hybrid_minus_klv2=+0.000000000 hybrid_minus_klv2_sem=0.000000000 klv3_minus_hybrid=-0.004909170 klv3_minus_hybrid_sem=0.000773389 root0_utility=0.582133954 root0_utility_sem=0.000698226 root0_win=0.577008795 root0_spread=40.804660 root1_utility=0.577224784 root1_utility_sem=0.000699230 root1_win=0.571297086 root1_spread=39.312980
KLV3_NESTED_SUMMARY positions=45 klv2_root_wins=21 hybrid_root_wins=28 klv3_root_wins=28 klv3_minus_klv2=+0.000598577 klv3_minus_klv2_sem=0.000495641 hybrid_minus_klv2=+0.000658927 hybrid_minus_klv2_sem=0.000421197 klv3_minus_hybrid=-0.000060351 klv3_minus_hybrid_sem=0.000325469 outer_candidate_rollouts=9000000 outer_nodes=89999962 static_agreements=89999962 nested_disagreements=0 nested_rate=0.000000 nested_ties=0 nested_policy_samples=0 nested_nodes=0 elapsed_seconds=844.988205
KLV3_NESTED_POSITION disagreement=46 position=30516 game=8540 turn=1 bag=86 unique_roots=2 outer_samples=100000 klv2_root=0 hybrid_root=1 klv3_root=1 best_root=1 klv3_minus_klv2=+0.004545278 klv3_minus_klv2_sem=0.000775553 hybrid_minus_klv2=+0.004545278 hybrid_minus_klv2_sem=0.000775553 klv3_minus_hybrid=+0.000000000 klv3_minus_hybrid_sem=0.000000000 root0_utility=0.524359078 root0_utility_sem=0.000736799 root0_win=0.508987852 root0_spread=24.397950 root1_utility=0.528904357 root1_utility_sem=0.000745638 root1_win=0.514401285 root1_spread=25.706320
KLV3_NESTED_POSITION disagreement=47 position=30520 game=8540 turn=5 bag=65 unique_roots=2 outer_samples=100000 klv2_root=0 hybrid_root=0 klv3_root=1 best_root=1 klv3_minus_klv2=+0.001163803 klv3_minus_klv2_sem=0.000826715 hybrid_minus_klv2=+0.000000000 hybrid_minus_klv2_sem=0.000000000 klv3_minus_hybrid=+0.001163803 klv3_minus_hybrid_sem=0.000826715 root0_utility=0.472107055 root0_utility_sem=0.000805435 root0_win=0.447279071 root0_spread=9.534170 root1_utility=0.473270858 root1_utility_sem=0.000814553 root1_win=0.448670557 root1_spread=9.888290
KLV3_NESTED_POSITION disagreement=48 position=30555 game=8543 turn=0 bag=86 unique_roots=2 outer_samples=100000 klv2_root=0 hybrid_root=0 klv3_root=1 best_root=0 klv3_minus_klv2=-0.001829642 klv3_minus_klv2_sem=0.000742158 hybrid_minus_klv2=+0.000000000 hybrid_minus_klv2_sem=0.000000000 klv3_minus_hybrid=-0.001829642 klv3_minus_hybrid_sem=0.000742158 root0_utility=0.539805252 root0_utility_sem=0.000779287 root0_win=0.527480422 root0_spread=28.907690 root1_utility=0.537975610 root1_utility_sem=0.000775540 root1_win=0.525345959 root1_spread=28.309750
KLV3_NESTED_POSITION disagreement=49 position=30566 game=8544 turn=0 bag=86 unique_roots=2 outer_samples=100000 klv2_root=0 hybrid_root=1 klv3_root=1 best_root=1 klv3_minus_klv2=+0.006470784 klv3_minus_klv2_sem=0.000823114 hybrid_minus_klv2=+0.006470784 hybrid_minus_klv2_sem=0.000823114 klv3_minus_hybrid=+0.000000000 klv3_minus_hybrid_sem=0.000000000 root0_utility=0.503433066 root0_utility_sem=0.000755302 root0_win=0.484637124 root0_spread=18.245970 root1_utility=0.509903849 root1_utility_sem=0.000773540 root1_win=0.492299524 root1_spread=20.122480
KLV3_NESTED_POSITION disagreement=50 position=30588 game=8545 turn=8 bag=54 unique_roots=2 outer_samples=100000 klv2_root=0 hybrid_root=0 klv3_root=1 best_root=1 klv3_minus_klv2=+0.002315635 klv3_minus_klv2_sem=0.000779996 hybrid_minus_klv2=+0.000000000 hybrid_minus_klv2_sem=0.000000000 klv3_minus_hybrid=+0.002315635 klv3_minus_hybrid_sem=0.000779996 root0_utility=0.277210190 root0_utility_sem=0.000736159 root0_win=0.215783964 root0_spread=-44.825620 root1_utility=0.279525825 root1_utility_sem=0.000732563 root1_win=0.218879345 root1_spread=-44.495140
KLV3_NESTED_SUMMARY positions=50 klv2_root_wins=22 hybrid_root_wins=31 klv3_root_wins=32 klv3_minus_klv2=+0.000792036 klv3_minus_klv2_sem=0.000471107 hybrid_minus_klv2=+0.000813356 hybrid_minus_klv2_sem=0.000404191 klv3_minus_hybrid=-0.000021320 klv3_minus_hybrid_sem=0.000299624 outer_candidate_rollouts=10000000 outer_nodes=99999956 static_agreements=99999956 nested_disagreements=0 nested_rate=0.000000 nested_ties=0 nested_policy_samples=0 nested_nodes=0 elapsed_seconds=934.008497
KLV3_NESTED_POSITION disagreement=51 position=30595 game=8546 turn=0 bag=86 unique_roots=2 outer_samples=100000 klv2_root=0 hybrid_root=0 klv3_root=1 best_root=0 klv3_minus_klv2=-0.002981319 klv3_minus_klv2_sem=0.000702710 hybrid_minus_klv2=+0.000000000 hybrid_minus_klv2_sem=0.000000000 klv3_minus_hybrid=-0.002981319 klv3_minus_hybrid_sem=0.000702710 root0_utility=0.575251490 root0_utility_sem=0.000743431 root0_win=0.569072171 root0_spread=39.114080 root1_utility=0.572270171 root1_utility_sem=0.000743165 root1_win=0.565532860 root1_spread=38.255400
KLV3_NESTED_POSITION disagreement=52 position=30626 game=8548 turn=4 bag=64 unique_roots=2 outer_samples=100000 klv2_root=0 hybrid_root=1 klv3_root=0 best_root=0 klv3_minus_klv2=+0.000000000 klv3_minus_klv2_sem=0.000000000 hybrid_minus_klv2=-0.000775222 hybrid_minus_klv2_sem=0.000400420 klv3_minus_hybrid=+0.000775222 klv3_minus_hybrid_sem=0.000400420 root0_utility=0.877703866 root0_utility_sem=0.000396194 root0_win=0.923976448 root0_spread=140.610380 root1_utility=0.876928643 root1_utility_sem=0.000393720 root1_win=0.923696054 root1_spread=138.809350
KLV3_NESTED_POSITION disagreement=53 position=30627 game=8548 turn=5 bag=60 unique_roots=2 outer_samples=100000 klv2_root=0 hybrid_root=0 klv3_root=1 best_root=0 klv3_minus_klv2=-0.000048349 klv3_minus_klv2_sem=0.000231456 hybrid_minus_klv2=+0.000000000 hybrid_minus_klv2_sem=0.000000000 klv3_minus_hybrid=-0.000048349 klv3_minus_hybrid_sem=0.000231456 root0_utility=0.187486898 root0_utility_sem=0.000497374 root0_win=0.112594299 root0_spread=-73.087130 root1_utility=0.187438550 root1_utility_sem=0.000497326 root1_win=0.112577579 root1_spread=-73.135190
KLV3_NESTED_POSITION disagreement=54 position=30636 game=8549 turn=1 bag=79 unique_roots=2 outer_samples=100000 klv2_root=0 hybrid_root=0 klv3_root=1 best_root=1 klv3_minus_klv2=+0.000330956 klv3_minus_klv2_sem=0.000534793 hybrid_minus_klv2=+0.000000000 hybrid_minus_klv2_sem=0.000000000 klv3_minus_hybrid=+0.000330956 klv3_minus_hybrid_sem=0.000534793 root0_utility=0.404598088 root0_utility_sem=0.000690754 root0_win=0.366117090 root0_spread=-7.943830 root1_utility=0.404929044 root1_utility_sem=0.000694561 root1_win=0.366666404 root1_spread=-8.002450
KLV3_NESTED_POSITION disagreement=55 position=30649 game=8550 turn=0 bag=86 unique_roots=2 outer_samples=100000 klv2_root=0 hybrid_root=1 klv3_root=1 best_root=1 klv3_minus_klv2=+0.000771992 klv3_minus_klv2_sem=0.000734529 hybrid_minus_klv2=+0.000771992 hybrid_minus_klv2_sem=0.000734529 klv3_minus_hybrid=+0.000000000 klv3_minus_hybrid_sem=0.000000000 root0_utility=0.491729261 root0_utility_sem=0.000760926 root0_win=0.470762717 root0_spread=14.978570 root1_utility=0.492501253 root1_utility_sem=0.000766411 root1_win=0.471736397 root1_spread=15.181580
KLV3_NESTED_SUMMARY positions=55 klv2_root_wins=25 hybrid_root_wins=34 klv3_root_wins=35 klv3_minus_klv2=+0.000685002 klv3_minus_klv2_sem=0.000433804 hybrid_minus_klv2=+0.000739356 hybrid_minus_klv2_sem=0.000369031 klv3_minus_hybrid=-0.000054354 klv3_minus_hybrid_sem=0.000277924 outer_candidate_rollouts=11000000 outer_nodes=109999954 static_agreements=109999954 nested_disagreements=0 nested_rate=0.000000 nested_ties=0 nested_policy_samples=0 nested_nodes=0 elapsed_seconds=1027.977478
KLV3_NESTED_POSITION disagreement=56 position=30652 game=8550 turn=3 bag=72 unique_roots=3 outer_samples=100000 klv2_root=0 hybrid_root=1 klv3_root=2 best_root=2 klv3_minus_klv2=+0.000174799 klv3_minus_klv2_sem=0.000633154 hybrid_minus_klv2=-0.004784409 hybrid_minus_klv2_sem=0.000758816 klv3_minus_hybrid=+0.004959208 klv3_minus_hybrid_sem=0.000742115 root0_utility=0.605320821 root0_utility_sem=0.000763401 root0_win=0.607306688 root0_spread=45.038980 root1_utility=0.600536412 root1_utility_sem=0.000758748 root1_win=0.601502312 root1_spread=43.684280 root2_utility=0.605495620 root2_utility_sem=0.000762986 root2_win=0.607449667 root2_spread=45.139670
KLV3_NESTED_POSITION disagreement=57 position=30664 game=8551 turn=2 bag=78 unique_roots=2 outer_samples=100000 klv2_root=0 hybrid_root=0 klv3_root=1 best_root=1 klv3_minus_klv2=+0.001882621 klv3_minus_klv2_sem=0.000728732 hybrid_minus_klv2=+0.000000000 hybrid_minus_klv2_sem=0.000000000 klv3_minus_hybrid=+0.001882621 klv3_minus_hybrid_sem=0.000728732 root0_utility=0.640798812 root0_utility_sem=0.000747113 root0_win=0.647887575 root0_spread=57.262140 root1_utility=0.642681433 root1_utility_sem=0.000731775 root1_win=0.650128085 root1_spread=57.524410
KLV3_NESTED_POSITION disagreement=58 position=30665 game=8551 turn=3 bag=71 unique_roots=2 outer_samples=100000 klv2_root=0 hybrid_root=1 klv3_root=0 best_root=0 klv3_minus_klv2=+0.000000000 klv3_minus_klv2_sem=0.000000000 hybrid_minus_klv2=-0.000101853 hybrid_minus_klv2_sem=0.000294793 klv3_minus_hybrid=+0.000101853 klv3_minus_hybrid_sem=0.000294793 root0_utility=0.548139336 root0_utility_sem=0.000707927 root0_win=0.538185469 root0_spread=29.430120 root1_utility=0.548037483 root1_utility_sem=0.000710228 root1_win=0.538099454 root1_spread=29.377860
KLV3_NESTED_POSITION disagreement=59 position=30702 game=8554 turn=1 bag=81 unique_roots=2 outer_samples=100000 klv2_root=0 hybrid_root=1 klv3_root=0 best_root=1 klv3_minus_klv2=+0.000000000 klv3_minus_klv2_sem=0.000000000 hybrid_minus_klv2=+0.001854324 hybrid_minus_klv2_sem=0.000745652 klv3_minus_hybrid=-0.001854324 klv3_minus_hybrid_sem=0.000745652 root0_utility=0.552775787 root0_utility_sem=0.000725898 root0_win=0.542986870 root0_spread=31.973190 root1_utility=0.554630111 root1_utility_sem=0.000722941 root1_win=0.545149697 root1_spread=32.461110
KLV3_NESTED_POSITION disagreement=60 position=30713 game=8555 turn=0 bag=86 unique_roots=2 outer_samples=100000 klv2_root=0 hybrid_root=1 klv3_root=1 best_root=1 klv3_minus_klv2=+0.001010788 klv3_minus_klv2_sem=0.000732770 hybrid_minus_klv2=+0.001010788 hybrid_minus_klv2_sem=0.000732770 klv3_minus_hybrid=+0.000000000 klv3_minus_hybrid_sem=0.000000000 root0_utility=0.517047321 root0_utility_sem=0.000768496 root0_win=0.500530254 root0_spread=22.347170 root1_utility=0.518058108 root1_utility_sem=0.000774338 root1_win=0.501744314 root1_spread=22.708720
KLV3_NESTED_SUMMARY positions=60 klv2_root_wins=26 hybrid_root_wins=36 klv3_root_wins=39 klv3_minus_klv2=+0.000679055 klv3_minus_klv2_sem=0.000398319 hybrid_minus_klv2=+0.000644057 hybrid_minus_klv2_sem=0.000351351 klv3_minus_hybrid=+0.000034998 klv3_minus_hybrid_sem=0.000271574 outer_candidate_rollouts=12100000 outer_nodes=120999954 static_agreements=120999954 nested_disagreements=0 nested_rate=0.000000 nested_ties=0 nested_policy_samples=0 nested_nodes=0 elapsed_seconds=1125.003448
KLV3_NESTED_POSITION disagreement=61 position=30719 game=8555 turn=6 bag=69 unique_roots=2 outer_samples=100000 klv2_root=0 hybrid_root=1 klv3_root=1 best_root=1 klv3_minus_klv2=+0.000959911 klv3_minus_klv2_sem=0.000844045 hybrid_minus_klv2=+0.000959911 hybrid_minus_klv2_sem=0.000844045 klv3_minus_hybrid=+0.000000000 klv3_minus_hybrid_sem=0.000000000 root0_utility=0.627273919 root0_utility_sem=0.000785074 root0_win=0.632733788 root0_spread=52.749150 root1_utility=0.628233830 root1_utility_sem=0.000804857 root1_win=0.634317272 root1_spread=52.679730
KLV3_NESTED_POSITION disagreement=62 position=30731 game=8556 turn=4 bag=62 unique_roots=2 outer_samples=100000 klv2_root=0 hybrid_root=1 klv3_root=0 best_root=0 klv3_minus_klv2=+0.000000000 klv3_minus_klv2_sem=0.000000000 hybrid_minus_klv2=-0.001865959 hybrid_minus_klv2_sem=0.000363040 klv3_minus_hybrid=+0.001865959 klv3_minus_hybrid_sem=0.000363040 root0_utility=0.147538469 root0_utility_sem=0.000433805 root0_win=0.076856742 root0_spread=-98.609450 root1_utility=0.145672510 root1_utility_sem=0.000428817 root1_win=0.075112138 root1_spread=-99.727220
KLV3_NESTED_POSITION disagreement=63 position=30742 game=8557 turn=3 bag=72 unique_roots=2 outer_samples=100000 klv2_root=0 hybrid_root=1 klv3_root=1 best_root=1 klv3_minus_klv2=+0.005873211 klv3_minus_klv2_sem=0.000787234 hybrid_minus_klv2=+0.005873211 hybrid_minus_klv2_sem=0.000787234 klv3_minus_hybrid=+0.000000000 klv3_minus_hybrid_sem=0.000000000 root0_utility=0.408667292 root0_utility_sem=0.000761204 root0_win=0.371667264 root0_spread=-7.549210 root1_utility=0.414540503 root1_utility_sem=0.000739118 root1_win=0.378490674 root1_spread=-5.771860
KLV3_NESTED_POSITION disagreement=64 position=30746 game=8557 turn=7 bag=53 unique_roots=2 outer_samples=100000 klv2_root=0 hybrid_root=1 klv3_root=1 best_root=1 klv3_minus_klv2=+0.005140119 klv3_minus_klv2_sem=0.000829691 hybrid_minus_klv2=+0.005140119 hybrid_minus_klv2_sem=0.000829691 klv3_minus_hybrid=+0.000000000 klv3_minus_hybrid_sem=0.000000000 root0_utility=0.391674268 root0_utility_sem=0.000851161 root0_win=0.350877092 root0_spread=-11.784360 root1_utility=0.396814387 root1_utility_sem=0.000833617 root1_win=0.356544689 root1_spread=-9.921370
KLV3_NESTED_POSITION disagreement=65 position=30752 game=8558 turn=0 bag=86 unique_roots=2 outer_samples=100000 klv2_root=0 hybrid_root=1 klv3_root=1 best_root=1 klv3_minus_klv2=+0.001080886 klv3_minus_klv2_sem=0.000820246 hybrid_minus_klv2=+0.001080886 hybrid_minus_klv2_sem=0.000820246 klv3_minus_hybrid=+0.000000000 klv3_minus_hybrid_sem=0.000000000 root0_utility=0.520998564 root0_utility_sem=0.000738560 root0_win=0.505012194 root0_spread=23.443200 root1_utility=0.522079450 root1_utility_sem=0.000753507 root1_win=0.506419058 root1_spread=23.710310
KLV3_NESTED_SUMMARY positions=65 klv2_root_wins=27 hybrid_root_wins=40 klv3_root_wins=44 klv3_minus_klv2=+0.000827653 klv3_minus_klv2_sem=0.000382237 hybrid_minus_klv2=+0.000766640 hybrid_minus_klv2_sem=0.000343265 klv3_minus_hybrid=+0.000061013 klv3_minus_hybrid_sem=0.000252105 outer_candidate_rollouts=13100000 outer_nodes=130999953 static_agreements=130999953 nested_disagreements=0 nested_rate=0.000000 nested_ties=0 nested_policy_samples=0 nested_nodes=0 elapsed_seconds=1232.413648
KLV3_NESTED_POSITION disagreement=66 position=30757 game=8558 turn=5 bag=64 unique_roots=2 outer_samples=100000 klv2_root=0 hybrid_root=1 klv3_root=1 best_root=1 klv3_minus_klv2=+0.006617396 klv3_minus_klv2_sem=0.000590214 hybrid_minus_klv2=+0.006617396 hybrid_minus_klv2_sem=0.000590214 klv3_minus_hybrid=+0.000000000 klv3_minus_hybrid_sem=0.000000000 root0_utility=0.179300656 root0_utility_sem=0.000501897 root0_win=0.110361092 root0_spread=-84.095460 root1_utility=0.185918052 root1_utility_sem=0.000536882 root1_win=0.119682888 root1_spread=-84.366900
KLV3_NESTED_POSITION disagreement=67 position=30760 game=8558 turn=8 bag=53 unique_roots=2 outer_samples=100000 klv2_root=0 hybrid_root=0 klv3_root=1 best_root=0 klv3_minus_klv2=-0.000620898 klv3_minus_klv2_sem=0.000447423 hybrid_minus_klv2=+0.000000000 hybrid_minus_klv2_sem=0.000000000 klv3_minus_hybrid=-0.000620898 klv3_minus_hybrid_sem=0.000447423 root0_utility=0.843011094 root0_utility_sem=0.000582823 root0_win=0.887389603 root0_spread=125.280300 root1_utility=0.842390196 root1_utility_sem=0.000582393 root1_win=0.886945652 root1_spread=124.638600
KLV3_NESTED_POSITION disagreement=68 position=30766 game=8559 turn=0 bag=86 unique_roots=2 outer_samples=100000 klv2_root=0 hybrid_root=0 klv3_root=1 best_root=0 klv3_minus_klv2=-0.002821186 klv3_minus_klv2_sem=0.000768559 hybrid_minus_klv2=+0.000000000 hybrid_minus_klv2_sem=0.000000000 klv3_minus_hybrid=-0.002821186 klv3_minus_hybrid_sem=0.000768559 root0_utility=0.490374272 root0_utility_sem=0.000766366 root0_win=0.469146033 root0_spread=14.618590 root1_utility=0.487553086 root1_utility_sem=0.000771654 root1_win=0.466039959 root1_spread=13.628080
KLV3_NESTED_POSITION disagreement=69 position=30767 game=8559 turn=1 bag=81 unique_roots=2 outer_samples=100000 klv2_root=0 hybrid_root=0 klv3_root=1 best_root=0 klv3_minus_klv2=-0.003787725 klv3_minus_klv2_sem=0.000744909 hybrid_minus_klv2=+0.000000000 hybrid_minus_klv2_sem=0.000000000 klv3_minus_hybrid=-0.003787725 klv3_minus_hybrid_sem=0.000744909 root0_utility=0.466800391 root0_utility_sem=0.000775253 root0_win=0.441445918 root0_spread=7.801620 root1_utility=0.463012665 root1_utility_sem=0.000769570 root1_win=0.436934450 root1_spread=6.686290
KLV3_NESTED_POSITION disagreement=70 position=30769 game=8559 turn=3 bag=70 unique_roots=2 outer_samples=100000 klv2_root=0 hybrid_root=1 klv3_root=1 best_root=0 klv3_minus_klv2=-0.000264023 klv3_minus_klv2_sem=0.000582014 hybrid_minus_klv2=-0.000264023 hybrid_minus_klv2_sem=0.000582014 klv3_minus_hybrid=+0.000000000 klv3_minus_hybrid_sem=0.000000000 root0_utility=0.442218131 root0_utility_sem=0.000774327 root0_win=0.411308480 root0_spread=1.768200 root1_utility=0.441954108 root1_utility_sem=0.000780062 root1_win=0.411214691 root1_spread=1.491200
KLV3_NESTED_SUMMARY positions=70 klv2_root_wins=31 hybrid_root_wins=44 klv3_root_wins=45 klv3_minus_klv2=+0.000756014 klv3_minus_klv2_sem=0.000374902 hybrid_minus_klv2=+0.000802642 hybrid_minus_klv2_sem=0.000330362 klv3_minus_hybrid=-0.000046628 klv3_minus_hybrid_sem=0.000243839 outer_candidate_rollouts=14100000 outer_nodes=140999451 static_agreements=140999451 nested_disagreements=0 nested_rate=0.000000 nested_ties=0 nested_policy_samples=0 nested_nodes=0 elapsed_seconds=1327.533082
KLV3_NESTED_POSITION disagreement=71 position=30779 game=8560 turn=0 bag=86 unique_roots=3 outer_samples=100000 klv2_root=0 hybrid_root=1 klv3_root=2 best_root=1 klv3_minus_klv2=-0.001149365 klv3_minus_klv2_sem=0.000784266 hybrid_minus_klv2=+0.004580628 hybrid_minus_klv2_sem=0.000779811 klv3_minus_hybrid=-0.005729993 klv3_minus_hybrid_sem=0.000716702 root0_utility=0.575866010 root0_utility_sem=0.000722208 root0_win=0.569622022 root0_spread=39.193280 root1_utility=0.580446639 root1_utility_sem=0.000744261 root1_win=0.575291957 root1_spread=40.558180 root2_utility=0.574716646 root2_utility_sem=0.000747203 root2_win=0.568610876 root2_spread=38.790120
KLV3_NESTED_POSITION disagreement=72 position=30783 game=8560 turn=4 bag=69 unique_roots=2 outer_samples=100000 klv2_root=0 hybrid_root=1 klv3_root=0 best_root=0 klv3_minus_klv2=+0.000000000 klv3_minus_klv2_sem=0.000000000 hybrid_minus_klv2=-0.001648846 hybrid_minus_klv2_sem=0.000624050 klv3_minus_hybrid=+0.001648846 klv3_minus_hybrid_sem=0.000624050 root0_utility=0.775417807 root0_utility_sem=0.000613171 root0_win=0.810029611 root0_spread=95.893620 root1_utility=0.773768961 root1_utility_sem=0.000620446 root1_win=0.807821413 root1_spread=95.753080
KLV3_NESTED_POSITION disagreement=73 position=30784 game=8560 turn=5 bag=62 unique_roots=2 outer_samples=100000 klv2_root=0 hybrid_root=1 klv3_root=1 best_root=0 klv3_minus_klv2=-0.001574131 klv3_minus_klv2_sem=0.000562944 hybrid_minus_klv2=-0.001574131 hybrid_minus_klv2_sem=0.000562944 klv3_minus_hybrid=+0.000000000 klv3_minus_hybrid_sem=0.000000000 root0_utility=0.169631616 root0_utility_sem=0.000488950 root0_win=0.101634585 root0_spread=-90.176730 root1_utility=0.168057484 root1_utility_sem=0.000487429 root1_win=0.100227861 root1_spread=-91.268940
KLV3_NESTED_POSITION disagreement=74 position=30806 game=8562 turn=0 bag=86 unique_roots=2 outer_samples=100000 klv2_root=0 hybrid_root=1 klv3_root=0 best_root=1 klv3_minus_klv2=+0.000000000 klv3_minus_klv2_sem=0.000000000 hybrid_minus_klv2=+0.001533772 hybrid_minus_klv2_sem=0.000676237 klv3_minus_hybrid=-0.001533772 klv3_minus_hybrid_sem=0.000676237 root0_utility=0.594071464 root0_utility_sem=0.000725146 root0_win=0.591288695 root0_spread=44.434790 root1_utility=0.595605235 root1_utility_sem=0.000724782 root1_win=0.593031635 root1_spread=44.933440
KLV3_NESTED_POSITION disagreement=75 position=30828 game=8563 turn=8 bag=57 unique_roots=3 outer_samples=100000 klv2_root=0 hybrid_root=1 klv3_root=2 best_root=1 klv3_minus_klv2=+0.000258305 klv3_minus_klv2_sem=0.000905799 hybrid_minus_klv2=+0.002745205 hybrid_minus_klv2_sem=0.000912697 klv3_minus_hybrid=-0.002486900 klv3_minus_hybrid_sem=0.000890940 root0_utility=0.609206521 root0_utility_sem=0.000882489 root0_win=0.613713724 root0_spread=45.767110 root1_utility=0.611951726 root1_utility_sem=0.000857250 root1_win=0.617206409 root1_spread=45.959580 root2_utility=0.609464826 root2_utility_sem=0.000872245 root2_win=0.614371900 root2_spread=45.304630
KLV3_NESTED_SUMMARY positions=75 klv2_root_wins=33 hybrid_root_wins=47 klv3_root_wins=46 klv3_minus_klv2=+0.000672744 klv3_minus_klv2_sem=0.000352289 hybrid_minus_klv2=+0.000824288 hybrid_minus_klv2_sem=0.000316896 klv3_minus_hybrid=-0.000151544 klv3_minus_hybrid_sem=0.000243731 outer_candidate_rollouts=15300000 outer_nodes=152999451 static_agreements=152999451 nested_disagreements=0 nested_rate=0.000000 nested_ties=0 nested_policy_samples=0 nested_nodes=0 elapsed_seconds=1434.246661
KLV3_NESTED_POSITION disagreement=76 position=30842 game=8564 turn=7 bag=51 unique_roots=2 outer_samples=100000 klv2_root=0 hybrid_root=1 klv3_root=1 best_root=0 klv3_minus_klv2=-0.002379641 klv3_minus_klv2_sem=0.000769123 hybrid_minus_klv2=-0.002379641 hybrid_minus_klv2_sem=0.000769123 klv3_minus_hybrid=+0.000000000 klv3_minus_hybrid_sem=0.000000000 root0_utility=0.728735437 root0_utility_sem=0.000714961 root0_win=0.760764391 root0_spread=74.466600 root1_utility=0.726355796 root1_utility_sem=0.000733973 root1_win=0.757700049 root1_spread=74.209710
KLV3_NESTED_POSITION disagreement=77 position=30852 game=8565 turn=4 bag=72 unique_roots=2 outer_samples=100000 klv2_root=0 hybrid_root=1 klv3_root=1 best_root=1 klv3_minus_klv2=+0.002538827 klv3_minus_klv2_sem=0.000681463 hybrid_minus_klv2=+0.002538827 hybrid_minus_klv2_sem=0.000681463 klv3_minus_hybrid=+0.000000000 klv3_minus_hybrid_sem=0.000000000 root0_utility=0.708026182 root0_utility_sem=0.000722656 root0_win=0.729395391 root0_spread=76.079830 root1_utility=0.710565009 root1_utility_sem=0.000714274 root1_win=0.732592773 root1_spread=76.474560
KLV3_NESTED_POSITION disagreement=78 position=30863 game=8566 turn=1 bag=86 unique_roots=2 outer_samples=100000 klv2_root=0 hybrid_root=1 klv3_root=0 best_root=0 klv3_minus_klv2=+0.000000000 klv3_minus_klv2_sem=0.000000000 hybrid_minus_klv2=-0.000786719 hybrid_minus_klv2_sem=0.000293188 klv3_minus_hybrid=+0.000786719 klv3_minus_hybrid_sem=0.000293188 root0_utility=0.738731808 root0_utility_sem=0.000627323 root0_win=0.760984772 root0_spread=90.255690 root1_utility=0.737945088 root1_utility_sem=0.000629182 root1_win=0.760119638 root1_spread=89.933610
KLV3_NESTED_POSITION disagreement=79 position=30864 game=8566 turn=2 bag=79 unique_roots=2 outer_samples=100000 klv2_root=0 hybrid_root=0 klv3_root=1 best_root=1 klv3_minus_klv2=+0.000803294 klv3_minus_klv2_sem=0.000685210 hybrid_minus_klv2=+0.000000000 hybrid_minus_klv2_sem=0.000000000 klv3_minus_hybrid=+0.000803294 klv3_minus_hybrid_sem=0.000685210 root0_utility=0.355838595 root0_utility_sem=0.000714061 root0_win=0.310502258 root0_spread=-23.596300 root1_utility=0.356641889 root1_utility_sem=0.000725486 root1_win=0.311831820 root1_spread=-23.826070
KLV3_NESTED_POSITION disagreement=80 position=30879 game=8567 turn=5 bag=63 unique_roots=2 outer_samples=100000 klv2_root=0 hybrid_root=0 klv3_root=1 best_root=0 klv3_minus_klv2=-0.001319049 klv3_minus_klv2_sem=0.000744919 hybrid_minus_klv2=+0.000000000 hybrid_minus_klv2_sem=0.000000000 klv3_minus_hybrid=-0.001319049 klv3_minus_hybrid_sem=0.000744919 root0_utility=0.269342231 root0_utility_sem=0.000694049 root0_win=0.210335108 root0_spread=-50.996300 root1_utility=0.268023182 root1_utility_sem=0.000703720 root1_win=0.208978693 root1_spread=-51.782680
KLV3_NESTED_SUMMARY positions=80 klv2_root_wins=36 hybrid_root_wins=49 klv3_root_wins=49 klv3_minus_klv2=+0.000626240 klv3_minus_klv2_sem=0.000334195 hybrid_minus_klv2=+0.000764926 hybrid_minus_klv2_sem=0.000301427 klv3_minus_hybrid=-0.000138685 klv3_minus_hybrid_sem=0.000229503 outer_candidate_rollouts=16300000 outer_nodes=162999448 static_agreements=162999448 nested_disagreements=0 nested_rate=0.000000 nested_ties=0 nested_policy_samples=0 nested_nodes=0 elapsed_seconds=1529.057714
KLV3_NESTED_POSITION disagreement=81 position=30903 game=8569 turn=0 bag=86 unique_roots=2 outer_samples=100000 klv2_root=0 hybrid_root=1 klv3_root=1 best_root=1 klv3_minus_klv2=+0.007289494 klv3_minus_klv2_sem=0.000784303 hybrid_minus_klv2=+0.007289494 hybrid_minus_klv2_sem=0.000784303 klv3_minus_hybrid=+0.000000000 klv3_minus_hybrid_sem=0.000000000 root0_utility=0.587372910 root0_utility_sem=0.000695429 root0_win=0.583262143 root0_spread=42.236840 root1_utility=0.594662404 root1_utility_sem=0.000712389 root1_win=0.592452839 root1_spread=43.907520
KLV3_NESTED_POSITION disagreement=82 position=30905 game=8569 turn=2 bag=77 unique_roots=2 outer_samples=100000 klv2_root=0 hybrid_root=0 klv3_root=1 best_root=0 klv3_minus_klv2=-0.002107245 klv3_minus_klv2_sem=0.000823888 hybrid_minus_klv2=+0.000000000 hybrid_minus_klv2_sem=0.000000000 klv3_minus_hybrid=-0.002107245 klv3_minus_hybrid_sem=0.000823888 root0_utility=0.567451123 root0_utility_sem=0.000714084 root0_win=0.560707668 root0_spread=35.521270 root1_utility=0.565343878 root1_utility_sem=0.000759206 root1_win=0.558678556 root1_spread=34.810870
KLV3_NESTED_POSITION disagreement=83 position=30910 game=8569 turn=7 bag=53 unique_roots=2 outer_samples=100000 klv2_root=0 hybrid_root=1 klv3_root=1 best_root=1 klv3_minus_klv2=+0.001382177 klv3_minus_klv2_sem=0.000882632 hybrid_minus_klv2=+0.001382177 hybrid_minus_klv2_sem=0.000882632 klv3_minus_hybrid=+0.000000000 klv3_minus_hybrid_sem=0.000000000 root0_utility=0.640453892 root0_utility_sem=0.000801914 root0_win=0.654359701 root0_spread=49.959490 root1_utility=0.641836069 root1_utility_sem=0.000808637 root1_win=0.655106085 root1_spread=51.527980
KLV3_NESTED_POSITION disagreement=84 position=30928 game=8571 turn=1 bag=81 unique_roots=3 outer_samples=100000 klv2_root=0 hybrid_root=1 klv3_root=2 best_root=1 klv3_minus_klv2=-0.003647021 klv3_minus_klv2_sem=0.000734718 hybrid_minus_klv2=+0.000141526 hybrid_minus_klv2_sem=0.000738200 klv3_minus_hybrid=-0.003788547 klv3_minus_hybrid_sem=0.000722824 root0_utility=0.334596282 root0_utility_sem=0.000708170 root0_win=0.287583340 root0_spread=-31.915310 root1_utility=0.334737807 root1_utility_sem=0.000710801 root1_win=0.288337898 root1_spread=-32.520130 root2_utility=0.330949261 root2_utility_sem=0.000695827 root2_win=0.283995407 root2_spread=-33.582600
KLV3_NESTED_POSITION disagreement=85 position=30935 game=8571 turn=8 bag=52 unique_roots=2 outer_samples=100000 klv2_root=0 hybrid_root=0 klv3_root=1 best_root=0 klv3_minus_klv2=-0.002882161 klv3_minus_klv2_sem=0.000864804 hybrid_minus_klv2=+0.000000000 hybrid_minus_klv2_sem=0.000000000 klv3_minus_hybrid=-0.002882161 klv3_minus_hybrid_sem=0.000864804 root0_utility=0.391226661 root0_utility_sem=0.000842127 root0_win=0.349868638 root0_spread=-11.493480 root1_utility=0.388344501 root1_utility_sem=0.000835828 root1_win=0.346306138 root1_spread=-12.130070
KLV3_NESTED_SUMMARY positions=85 klv2_root_wins=38 hybrid_root_wins=54 klv3_root_wins=51 klv3_minus_klv2=+0.000589817 klv3_minus_klv2_sem=0.000332371 hybrid_minus_klv2=+0.000823615 hybrid_minus_klv2_sem=0.000294307 klv3_minus_hybrid=-0.000233797 klv3_minus_hybrid_sem=0.000223569 outer_candidate_rollouts=17400000 outer_nodes=173999443 static_agreements=173999443 nested_disagreements=0 nested_rate=0.000000 nested_ties=0 nested_policy_samples=0 nested_nodes=0 elapsed_seconds=1630.601789
KLV3_NESTED_POSITION disagreement=86 position=30945 game=8572 turn=5 bag=60 unique_roots=2 outer_samples=100000 klv2_root=0 hybrid_root=0 klv3_root=1 best_root=1 klv3_minus_klv2=+0.001600301 klv3_minus_klv2_sem=0.000894382 hybrid_minus_klv2=+0.000000000 hybrid_minus_klv2_sem=0.000000000 klv3_minus_hybrid=+0.001600301 klv3_minus_hybrid_sem=0.000894382 root0_utility=0.516346889 root0_utility_sem=0.000831588 root0_win=0.500899413 root0_spread=20.792670 root1_utility=0.517947190 root1_utility_sem=0.000806549 root1_win=0.502761229 root1_spread=21.215010
KLV3_NESTED_POSITION disagreement=87 position=30946 game=8572 turn=6 bag=58 unique_roots=2 outer_samples=100000 klv2_root=0 hybrid_root=1 klv3_root=1 best_root=1 klv3_minus_klv2=+0.001896016 klv3_minus_klv2_sem=0.000920997 hybrid_minus_klv2=+0.001896016 hybrid_minus_klv2_sem=0.000920997 klv3_minus_hybrid=+0.000000000 klv3_minus_hybrid_sem=0.000000000 root0_utility=0.491190031 root0_utility_sem=0.000891730 root0_win=0.471537626 root0_spread=13.579770 root1_utility=0.493086047 root1_utility_sem=0.000842282 root1_win=0.472696074 root1_spread=14.968040
KLV3_NESTED_POSITION disagreement=88 position=30954 game=8573 turn=0 bag=86 unique_roots=2 outer_samples=100000 klv2_root=0 hybrid_root=0 klv3_root=1 best_root=1 klv3_minus_klv2=+0.000196833 klv3_minus_klv2_sem=0.000742661 hybrid_minus_klv2=+0.000000000 hybrid_minus_klv2_sem=0.000000000 klv3_minus_hybrid=+0.000196833 klv3_minus_hybrid_sem=0.000742661 root0_utility=0.495631346 root0_utility_sem=0.000760033 root0_win=0.475283221 root0_spread=16.180220 root1_utility=0.495828179 root1_utility_sem=0.000748235 root1_win=0.475529836 root1_spread=16.189080
KLV3_NESTED_POSITION disagreement=89 position=30985 game=8575 turn=2 bag=76 unique_roots=2 outer_samples=100000 klv2_root=0 hybrid_root=0 klv3_root=1 best_root=0 klv3_minus_klv2=-0.001119263 klv3_minus_klv2_sem=0.000726249 hybrid_minus_klv2=+0.000000000 hybrid_minus_klv2_sem=0.000000000 klv3_minus_hybrid=-0.001119263 klv3_minus_hybrid_sem=0.000726249 root0_utility=0.309491678 root0_utility_sem=0.000710646 root0_win=0.258661036 root0_spread=-39.994790 root1_utility=0.308372415 root1_utility_sem=0.000664693 root1_win=0.256470324 root1_spread=-39.092730
KLV3_NESTED_POSITION disagreement=90 position=30988 game=8575 turn=5 bag=61 unique_roots=2 outer_samples=100000 klv2_root=0 hybrid_root=1 klv3_root=0 best_root=0 klv3_minus_klv2=+0.000000000 klv3_minus_klv2_sem=0.000000000 hybrid_minus_klv2=-0.001065102 hybrid_minus_klv2_sem=0.000610026 klv3_minus_hybrid=+0.001065102 klv3_minus_hybrid_sem=0.000610026 root0_utility=0.823834372 root0_utility_sem=0.000557829 root0_win=0.864970194 root0_spread=116.043210 root1_utility=0.822769270 root1_utility_sem=0.000566422 root1_win=0.864136425 root1_spread=115.425970
KLV3_NESTED_SUMMARY positions=90 klv2_root_wins=40 hybrid_root_wins=56 klv3_root_wins=55 klv3_minus_klv2=+0.000585648 klv3_minus_klv2_sem=0.000315023 hybrid_minus_klv2=+0.000787091 hybrid_minus_klv2_sem=0.000279350 klv3_minus_hybrid=-0.000201442 klv3_minus_hybrid_sem=0.000212840 outer_candidate_rollouts=18400000 outer_nodes=183999443 static_agreements=183999443 nested_disagreements=0 nested_rate=0.000000 nested_ties=0 nested_policy_samples=0 nested_nodes=0 elapsed_seconds=1728.097321
KLV3_NESTED_POSITION disagreement=91 position=30989 game=8575 turn=6 bag=57 unique_roots=2 outer_samples=100000 klv2_root=0 hybrid_root=0 klv3_root=1 best_root=0 klv3_minus_klv2=-0.000160899 klv3_minus_klv2_sem=0.000436300 hybrid_minus_klv2=+0.000000000 hybrid_minus_klv2_sem=0.000000000 klv3_minus_hybrid=-0.000160899 klv3_minus_hybrid_sem=0.000436300 root0_utility=0.132019019 root0_utility_sem=0.000410277 root0_win=0.062479500 root0_spread=-108.832520 root1_utility=0.131858120 root1_utility_sem=0.000416203 root1_win=0.063073788 root1_spread=-110.160390
KLV3_NESTED_SUMMARY positions=91 klv2_root_wins=41 hybrid_root_wins=57 klv3_root_wins=55 klv3_minus_klv2=+0.000577445 klv3_minus_klv2_sem=0.000311650 hybrid_minus_klv2=+0.000778441 hybrid_minus_klv2_sem=0.000276399 klv3_minus_hybrid=-0.000200997 klv3_minus_hybrid_sem=0.000210488 outer_candidate_rollouts=18600000 outer_nodes=185999443 static_agreements=185999443 nested_disagreements=0 nested_rate=0.000000 nested_ties=0 nested_policy_samples=0 nested_nodes=0 elapsed_seconds=1753.437483
KLV3_NESTED_DONE rows_read=91 rows_below_min_bag=0 all_same_roots=0 evaluated=91 last_disagreement=91 elapsed_seconds=1753.437489 wall_limit_reached=0
